Archive member included because of file (symbol)

c:/freescale/kds_v3/toolchain/bin/../lib/gcc/arm-none-eabi/4.8.4/../../../../arm-none-eabi/lib/armv7e-m/fpu\libg_s.a(lib_a-exit.o)
                              c:/freescale/kds_v3/toolchain/bin/../lib/gcc/arm-none-eabi/4.8.4/../../../../arm-none-eabi/lib/armv7e-m/fpu/crt0.o (exit)
c:/freescale/kds_v3/toolchain/bin/../lib/gcc/arm-none-eabi/4.8.4/../../../../arm-none-eabi/lib/armv7e-m/fpu\libg_s.a(lib_a-impure.o)
                              c:/freescale/kds_v3/toolchain/bin/../lib/gcc/arm-none-eabi/4.8.4/../../../../arm-none-eabi/lib/armv7e-m/fpu\libg_s.a(lib_a-exit.o) (_global_impure_ptr)
c:/freescale/kds_v3/toolchain/bin/../lib/gcc/arm-none-eabi/4.8.4/../../../../arm-none-eabi/lib/armv7e-m/fpu\libg_s.a(lib_a-init.o)
                              c:/freescale/kds_v3/toolchain/bin/../lib/gcc/arm-none-eabi/4.8.4/../../../../arm-none-eabi/lib/armv7e-m/fpu/crt0.o (__libc_init_array)
c:/freescale/kds_v3/toolchain/bin/../lib/gcc/arm-none-eabi/4.8.4/../../../../arm-none-eabi/lib/armv7e-m/fpu\libg_s.a(lib_a-memset.o)
                              c:/freescale/kds_v3/toolchain/bin/../lib/gcc/arm-none-eabi/4.8.4/../../../../arm-none-eabi/lib/armv7e-m/fpu/crt0.o (memset)
c:/freescale/kds_v3/toolchain/bin/../lib/gcc/arm-none-eabi/4.8.4/../../../../arm-none-eabi/lib/armv7e-m/fpu\libnosys.a(_exit.o)
                              c:/freescale/kds_v3/toolchain/bin/../lib/gcc/arm-none-eabi/4.8.4/../../../../arm-none-eabi/lib/armv7e-m/fpu\libg_s.a(lib_a-exit.o) (_exit)

Allocating common symbols
Common symbol       size              file

NvTowerMd           0x4               ./Sources/SCP.o
NvTowerNb           0x4               ./Sources/SCP.o
Packet              0x5               ./Sources/packet.o
SR_reg              0x1               ./Generated_Code/Cpu.o
towerMd             0x2               ./Sources/SCP.o
towerNb             0x2               ./Sources/SCP.o

Discarded input sections

 .text          0x00000000        0x0 c:/freescale/kds_v3/toolchain/bin/../lib/gcc/arm-none-eabi/4.8.4/armv7e-m/fpu/crti.o
 .data          0x00000000        0x0 c:/freescale/kds_v3/toolchain/bin/../lib/gcc/arm-none-eabi/4.8.4/armv7e-m/fpu/crti.o
 .bss           0x00000000        0x0 c:/freescale/kds_v3/toolchain/bin/../lib/gcc/arm-none-eabi/4.8.4/armv7e-m/fpu/crti.o
 .data          0x00000000        0x4 c:/freescale/kds_v3/toolchain/bin/../lib/gcc/arm-none-eabi/4.8.4/armv7e-m/fpu/crtbegin.o
 .data          0x00000000        0x0 c:/freescale/kds_v3/toolchain/bin/../lib/gcc/arm-none-eabi/4.8.4/../../../../arm-none-eabi/lib/armv7e-m/fpu/crt0.o
 .bss           0x00000000        0x0 c:/freescale/kds_v3/toolchain/bin/../lib/gcc/arm-none-eabi/4.8.4/../../../../arm-none-eabi/lib/armv7e-m/fpu/crt0.o
 .ARM.extab     0x00000000        0x0 c:/freescale/kds_v3/toolchain/bin/../lib/gcc/arm-none-eabi/4.8.4/../../../../arm-none-eabi/lib/armv7e-m/fpu/crt0.o
 .group         0x00000000        0x8 ./Sources/Events.o
 .group         0x00000000        0x8 ./Sources/Events.o
 .group         0x00000000        0x8 ./Sources/Events.o
 .group         0x00000000        0x8 ./Sources/Events.o
 .group         0x00000000        0x8 ./Sources/Events.o
 .group         0x00000000        0x8 ./Sources/Events.o
 .group         0x00000000        0x8 ./Sources/Events.o
 .group         0x00000000        0x8 ./Sources/Events.o
 .group         0x00000000        0x8 ./Sources/Events.o
 .text          0x00000000        0x0 ./Sources/Events.o
 .data          0x00000000        0x0 ./Sources/Events.o
 .bss           0x00000000        0x0 ./Sources/Events.o
 .group         0x00000000        0x8 ./Sources/FIFO.o
 .group         0x00000000        0x8 ./Sources/FIFO.o
 .group         0x00000000        0x8 ./Sources/FIFO.o
 .group         0x00000000        0x8 ./Sources/FIFO.o
 .group         0x00000000        0x8 ./Sources/FIFO.o
 .text          0x00000000        0x0 ./Sources/FIFO.o
 .data          0x00000000        0x0 ./Sources/FIFO.o
 .bss           0x00000000        0x0 ./Sources/FIFO.o
 .debug_macro   0x00000000      0x850 ./Sources/FIFO.o
 .debug_macro   0x00000000       0x16 ./Sources/FIFO.o
 .debug_macro   0x00000000       0x44 ./Sources/FIFO.o
 .debug_macro   0x00000000      0x209 ./Sources/FIFO.o
 .group         0x00000000        0x8 ./Sources/Flash.o
 .group         0x00000000        0x8 ./Sources/Flash.o
 .group         0x00000000        0x8 ./Sources/Flash.o
 .group         0x00000000        0x8 ./Sources/Flash.o
 .group         0x00000000        0x8 ./Sources/Flash.o
 .group         0x00000000        0x8 ./Sources/Flash.o
 .group         0x00000000        0x8 ./Sources/Flash.o
 .text          0x00000000        0x0 ./Sources/Flash.o
 .data          0x00000000        0x0 ./Sources/Flash.o
 .bss           0x00000000        0x0 ./Sources/Flash.o
 .debug_macro   0x00000000      0x850 ./Sources/Flash.o
 .debug_macro   0x00000000       0x16 ./Sources/Flash.o
 .debug_macro   0x00000000       0x44 ./Sources/Flash.o
 .debug_macro   0x00000000      0x209 ./Sources/Flash.o
 .debug_macro   0x00000000       0x22 ./Sources/Flash.o
 .debug_macro   0x00000000    0x174c1 ./Sources/Flash.o
 .group         0x00000000        0x8 ./Sources/LEDs.o
 .group         0x00000000        0x8 ./Sources/LEDs.o
 .group         0x00000000        0x8 ./Sources/LEDs.o
 .group         0x00000000        0x8 ./Sources/LEDs.o
 .group         0x00000000        0x8 ./Sources/LEDs.o
 .group         0x00000000        0x8 ./Sources/LEDs.o
 .group         0x00000000        0x8 ./Sources/LEDs.o
 .group         0x00000000        0x8 ./Sources/LEDs.o
 .group         0x00000000        0x8 ./Sources/LEDs.o
 .group         0x00000000        0x8 ./Sources/LEDs.o
 .text          0x00000000        0x0 ./Sources/LEDs.o
 .data          0x00000000        0x0 ./Sources/LEDs.o
 .bss           0x00000000        0x0 ./Sources/LEDs.o
 .text.LEDs_Off
                0x00000000       0x74 ./Sources/LEDs.o
 .text.LEDs_Toggle
                0x00000000       0x1c ./Sources/LEDs.o
 .debug_macro   0x00000000      0x850 ./Sources/LEDs.o
 .debug_macro   0x00000000       0x16 ./Sources/LEDs.o
 .debug_macro   0x00000000       0x44 ./Sources/LEDs.o
 .debug_macro   0x00000000      0x209 ./Sources/LEDs.o
 .debug_macro   0x00000000       0x22 ./Sources/LEDs.o
 .debug_macro   0x00000000      0x14e ./Sources/LEDs.o
 .debug_macro   0x00000000       0x64 ./Sources/LEDs.o
 .debug_macro   0x00000000    0x174c1 ./Sources/LEDs.o
 .debug_macro   0x00000000       0x9a ./Sources/LEDs.o
 .group         0x00000000        0x8 ./Sources/SCP.o
 .group         0x00000000        0x8 ./Sources/SCP.o
 .group         0x00000000        0x8 ./Sources/SCP.o
 .group         0x00000000        0x8 ./Sources/SCP.o
 .group         0x00000000        0x8 ./Sources/SCP.o
 .group         0x00000000        0x8 ./Sources/SCP.o
 .group         0x00000000        0x8 ./Sources/SCP.o
 .group         0x00000000        0x8 ./Sources/SCP.o
 .text          0x00000000        0x0 ./Sources/SCP.o
 .data          0x00000000        0x0 ./Sources/SCP.o
 .bss           0x00000000        0x0 ./Sources/SCP.o
 .debug_macro   0x00000000      0x850 ./Sources/SCP.o
 .debug_macro   0x00000000       0x16 ./Sources/SCP.o
 .debug_macro   0x00000000       0x44 ./Sources/SCP.o
 .debug_macro   0x00000000      0x209 ./Sources/SCP.o
 .debug_macro   0x00000000       0x22 ./Sources/SCP.o
 .debug_macro   0x00000000       0x2e ./Sources/SCP.o
 .group         0x00000000        0x8 ./Sources/UART.o
 .group         0x00000000        0x8 ./Sources/UART.o
 .group         0x00000000        0x8 ./Sources/UART.o
 .group         0x00000000        0x8 ./Sources/UART.o
 .group         0x00000000        0x8 ./Sources/UART.o
 .group         0x00000000        0x8 ./Sources/UART.o
 .group         0x00000000        0x8 ./Sources/UART.o
 .group         0x00000000        0x8 ./Sources/UART.o
 .group         0x00000000        0x8 ./Sources/UART.o
 .group         0x00000000        0x8 ./Sources/UART.o
 .group         0x00000000        0x8 ./Sources/UART.o
 .group         0x00000000        0x8 ./Sources/UART.o
 .text          0x00000000        0x0 ./Sources/UART.o
 .data          0x00000000        0x0 ./Sources/UART.o
 .bss           0x00000000        0x0 ./Sources/UART.o
 .debug_macro   0x00000000      0x850 ./Sources/UART.o
 .debug_macro   0x00000000       0x16 ./Sources/UART.o
 .debug_macro   0x00000000       0x44 ./Sources/UART.o
 .debug_macro   0x00000000      0x209 ./Sources/UART.o
 .debug_macro   0x00000000     0x17fa ./Sources/UART.o
 .debug_macro   0x00000000      0x14e ./Sources/UART.o
 .debug_macro   0x00000000       0x64 ./Sources/UART.o
 .debug_macro   0x00000000    0x174c1 ./Sources/UART.o
 .debug_macro   0x00000000       0x9a ./Sources/UART.o
 .debug_macro   0x00000000       0x22 ./Sources/UART.o
 .debug_macro   0x00000000       0x3a ./Sources/UART.o
 .group         0x00000000        0x8 ./Sources/main.o
 .group         0x00000000        0x8 ./Sources/main.o
 .group         0x00000000        0x8 ./Sources/main.o
 .group         0x00000000        0x8 ./Sources/main.o
 .group         0x00000000        0x8 ./Sources/main.o
 .group         0x00000000        0x8 ./Sources/main.o
 .group         0x00000000        0x8 ./Sources/main.o
 .group         0x00000000        0x8 ./Sources/main.o
 .group         0x00000000        0x8 ./Sources/main.o
 .group         0x00000000        0x8 ./Sources/main.o
 .group         0x00000000        0x8 ./Sources/main.o
 .group         0x00000000        0x8 ./Sources/main.o
 .group         0x00000000        0x8 ./Sources/main.o
 .group         0x00000000        0x8 ./Sources/main.o
 .text          0x00000000        0x0 ./Sources/main.o
 .data          0x00000000        0x0 ./Sources/main.o
 .bss           0x00000000        0x0 ./Sources/main.o
 .debug_macro   0x00000000      0x850 ./Sources/main.o
 .debug_macro   0x00000000       0x16 ./Sources/main.o
 .debug_macro   0x00000000       0x44 ./Sources/main.o
 .debug_macro   0x00000000      0x209 ./Sources/main.o
 .debug_macro   0x00000000     0x17fa ./Sources/main.o
 .debug_macro   0x00000000      0x14e ./Sources/main.o
 .debug_macro   0x00000000       0x64 ./Sources/main.o
 .debug_macro   0x00000000    0x174c1 ./Sources/main.o
 .debug_macro   0x00000000       0x9a ./Sources/main.o
 .debug_macro   0x00000000       0x22 ./Sources/main.o
 .debug_macro   0x00000000       0x3a ./Sources/main.o
 .debug_macro   0x00000000       0x10 ./Sources/main.o
 .debug_macro   0x00000000       0x2e ./Sources/main.o
 .debug_macro   0x00000000       0x2e ./Sources/main.o
 .group         0x00000000        0x8 ./Sources/packet.o
 .group         0x00000000        0x8 ./Sources/packet.o
 .group         0x00000000        0x8 ./Sources/packet.o
 .group         0x00000000        0x8 ./Sources/packet.o
 .group         0x00000000        0x8 ./Sources/packet.o
 .group         0x00000000        0x8 ./Sources/packet.o
 .text          0x00000000        0x0 ./Sources/packet.o
 .data          0x00000000        0x0 ./Sources/packet.o
 .bss           0x00000000        0x0 ./Sources/packet.o
 .debug_macro   0x00000000      0x850 ./Sources/packet.o
 .debug_macro   0x00000000       0x16 ./Sources/packet.o
 .debug_macro   0x00000000       0x44 ./Sources/packet.o
 .debug_macro   0x00000000      0x209 ./Sources/packet.o
 .debug_macro   0x00000000       0x22 ./Sources/packet.o
 .group         0x00000000        0x8 ./Project_Settings/Startup_Code/startup.o
 .group         0x00000000        0x8 ./Project_Settings/Startup_Code/startup.o
 .group         0x00000000        0x8 ./Project_Settings/Startup_Code/startup.o
 .group         0x00000000        0x8 ./Project_Settings/Startup_Code/startup.o
 .group         0x00000000        0x8 ./Project_Settings/Startup_Code/startup.o
 .group         0x00000000        0x8 ./Project_Settings/Startup_Code/startup.o
 .group         0x00000000        0x8 ./Project_Settings/Startup_Code/startup.o
 .group         0x00000000        0x8 ./Project_Settings/Startup_Code/startup.o
 .group         0x00000000        0x8 ./Project_Settings/Startup_Code/startup.o
 .group         0x00000000        0x8 ./Project_Settings/Startup_Code/startup.o
 .group         0x00000000        0x8 ./Project_Settings/Startup_Code/startup.o
 .group         0x00000000        0x8 ./Project_Settings/Startup_Code/startup.o
 .group         0x00000000        0x8 ./Project_Settings/Startup_Code/startup.o
 .group         0x00000000        0x8 ./Project_Settings/Startup_Code/startup.o
 .group         0x00000000        0x8 ./Project_Settings/Startup_Code/startup.o
 .group         0x00000000        0x8 ./Project_Settings/Startup_Code/startup.o
 .group         0x00000000        0x8 ./Project_Settings/Startup_Code/startup.o
 .group         0x00000000        0x8 ./Project_Settings/Startup_Code/startup.o
 .group         0x00000000        0x8 ./Project_Settings/Startup_Code/startup.o
 .text          0x00000000        0x0 ./Project_Settings/Startup_Code/startup.o
 .data          0x00000000        0x0 ./Project_Settings/Startup_Code/startup.o
 .bss           0x00000000        0x0 ./Project_Settings/Startup_Code/startup.o
 .text.__init_hardware
                0x00000000        0xc ./Project_Settings/Startup_Code/startup.o
 .text.__iar_program_start
                0x00000000        0xc ./Project_Settings/Startup_Code/startup.o
 .debug_macro   0x00000000      0x850 ./Project_Settings/Startup_Code/startup.o
 .debug_macro   0x00000000       0x16 ./Project_Settings/Startup_Code/startup.o
 .group         0x00000000        0x8 ./Generated_Code/Cpu.o
 .group         0x00000000        0x8 ./Generated_Code/Cpu.o
 .group         0x00000000        0x8 ./Generated_Code/Cpu.o
 .group         0x00000000        0x8 ./Generated_Code/Cpu.o
 .group         0x00000000        0x8 ./Generated_Code/Cpu.o
 .group         0x00000000        0x8 ./Generated_Code/Cpu.o
 .group         0x00000000        0x8 ./Generated_Code/Cpu.o
 .group         0x00000000        0x8 ./Generated_Code/Cpu.o
 .group         0x00000000        0x8 ./Generated_Code/Cpu.o
 .text          0x00000000        0x0 ./Generated_Code/Cpu.o
 .data          0x00000000        0x0 ./Generated_Code/Cpu.o
 .bss           0x00000000        0x0 ./Generated_Code/Cpu.o
 .bss.SR_lock   0x00000000        0x1 ./Generated_Code/Cpu.o
 .debug_macro   0x00000000      0x850 ./Generated_Code/Cpu.o
 .debug_macro   0x00000000       0x16 ./Generated_Code/Cpu.o
 .debug_macro   0x00000000       0x44 ./Generated_Code/Cpu.o
 .debug_macro   0x00000000      0x209 ./Generated_Code/Cpu.o
 .debug_macro   0x00000000     0x17fa ./Generated_Code/Cpu.o
 .debug_macro   0x00000000      0x14e ./Generated_Code/Cpu.o
 .debug_macro   0x00000000       0x64 ./Generated_Code/Cpu.o
 .debug_macro   0x00000000    0x174c1 ./Generated_Code/Cpu.o
 COMMON         0x00000000        0x1 ./Generated_Code/Cpu.o
 .group         0x00000000        0x8 ./Generated_Code/PE_LDD.o
 .group         0x00000000        0x8 ./Generated_Code/PE_LDD.o
 .group         0x00000000        0x8 ./Generated_Code/PE_LDD.o
 .group         0x00000000        0x8 ./Generated_Code/PE_LDD.o
 .group         0x00000000        0x8 ./Generated_Code/PE_LDD.o
 .group         0x00000000        0x8 ./Generated_Code/PE_LDD.o
 .group         0x00000000        0x8 ./Generated_Code/PE_LDD.o
 .group         0x00000000        0x8 ./Generated_Code/PE_LDD.o
 .group         0x00000000        0x8 ./Generated_Code/PE_LDD.o
 .text          0x00000000        0x0 ./Generated_Code/PE_LDD.o
 .data          0x00000000        0x0 ./Generated_Code/PE_LDD.o
 .bss           0x00000000        0x0 ./Generated_Code/PE_LDD.o
 .rodata.PE_CpuClockConfigurations
                0x00000000       0x28 ./Generated_Code/PE_LDD.o
 .text.PE_FillMemory
                0x00000000       0x24 ./Generated_Code/PE_LDD.o
 .text.PE_PeripheralUsed
                0x00000000       0x18 ./Generated_Code/PE_LDD.o
 .text.LDD_SetClockConfiguration
                0x00000000       0x14 ./Generated_Code/PE_LDD.o
 .debug_info    0x00000000      0x215 ./Generated_Code/PE_LDD.o
 .debug_abbrev  0x00000000       0xf3 ./Generated_Code/PE_LDD.o
 .debug_aranges
                0x00000000       0x30 ./Generated_Code/PE_LDD.o
 .debug_ranges  0x00000000       0x20 ./Generated_Code/PE_LDD.o
 .debug_macro   0x00000000       0x8f ./Generated_Code/PE_LDD.o
 .debug_macro   0x00000000      0x850 ./Generated_Code/PE_LDD.o
 .debug_macro   0x00000000       0x16 ./Generated_Code/PE_LDD.o
 .debug_macro   0x00000000       0x44 ./Generated_Code/PE_LDD.o
 .debug_macro   0x00000000      0x209 ./Generated_Code/PE_LDD.o
 .debug_macro   0x00000000     0x17fa ./Generated_Code/PE_LDD.o
 .debug_macro   0x00000000      0x14e ./Generated_Code/PE_LDD.o
 .debug_macro   0x00000000       0x64 ./Generated_Code/PE_LDD.o
 .debug_macro   0x00000000    0x174c1 ./Generated_Code/PE_LDD.o
 .debug_macro   0x00000000       0x9a ./Generated_Code/PE_LDD.o
 .debug_line    0x00000000      0x232 ./Generated_Code/PE_LDD.o
 .debug_str     0x00000000    0x8a791 ./Generated_Code/PE_LDD.o
 .comment       0x00000000       0x71 ./Generated_Code/PE_LDD.o
 .ARM.attributes
                0x00000000       0x39 ./Generated_Code/PE_LDD.o
 .debug_frame   0x00000000       0x64 ./Generated_Code/PE_LDD.o
 .group         0x00000000        0x8 ./Generated_Code/Vectors.o
 .group         0x00000000        0x8 ./Generated_Code/Vectors.o
 .group         0x00000000        0x8 ./Generated_Code/Vectors.o
 .group         0x00000000        0x8 ./Generated_Code/Vectors.o
 .group         0x00000000        0x8 ./Generated_Code/Vectors.o
 .group         0x00000000        0x8 ./Generated_Code/Vectors.o
 .group         0x00000000        0x8 ./Generated_Code/Vectors.o
 .group         0x00000000        0x8 ./Generated_Code/Vectors.o
 .group         0x00000000        0x8 ./Generated_Code/Vectors.o
 .text          0x00000000        0x0 ./Generated_Code/Vectors.o
 .data          0x00000000        0x0 ./Generated_Code/Vectors.o
 .bss           0x00000000        0x0 ./Generated_Code/Vectors.o
 .debug_macro   0x00000000      0x850 ./Generated_Code/Vectors.o
 .debug_macro   0x00000000       0x16 ./Generated_Code/Vectors.o
 .debug_macro   0x00000000       0x44 ./Generated_Code/Vectors.o
 .debug_macro   0x00000000      0x209 ./Generated_Code/Vectors.o
 .debug_macro   0x00000000     0x17fa ./Generated_Code/Vectors.o
 .debug_macro   0x00000000      0x14e ./Generated_Code/Vectors.o
 .debug_macro   0x00000000       0x64 ./Generated_Code/Vectors.o
 .debug_macro   0x00000000    0x174c1 ./Generated_Code/Vectors.o
 .debug_macro   0x00000000       0x9a ./Generated_Code/Vectors.o
 .text          0x00000000        0x0 c:/freescale/kds_v3/toolchain/bin/../lib/gcc/arm-none-eabi/4.8.4/../../../../arm-none-eabi/lib/armv7e-m/fpu\libg_s.a(lib_a-exit.o)
 .data          0x00000000        0x0 c:/freescale/kds_v3/toolchain/bin/../lib/gcc/arm-none-eabi/4.8.4/../../../../arm-none-eabi/lib/armv7e-m/fpu\libg_s.a(lib_a-exit.o)
 .bss           0x00000000        0x0 c:/freescale/kds_v3/toolchain/bin/../lib/gcc/arm-none-eabi/4.8.4/../../../../arm-none-eabi/lib/armv7e-m/fpu\libg_s.a(lib_a-exit.o)
 .text          0x00000000        0x0 c:/freescale/kds_v3/toolchain/bin/../lib/gcc/arm-none-eabi/4.8.4/../../../../arm-none-eabi/lib/armv7e-m/fpu\libg_s.a(lib_a-impure.o)
 .data          0x00000000        0x0 c:/freescale/kds_v3/toolchain/bin/../lib/gcc/arm-none-eabi/4.8.4/../../../../arm-none-eabi/lib/armv7e-m/fpu\libg_s.a(lib_a-impure.o)
 .bss           0x00000000        0x0 c:/freescale/kds_v3/toolchain/bin/../lib/gcc/arm-none-eabi/4.8.4/../../../../arm-none-eabi/lib/armv7e-m/fpu\libg_s.a(lib_a-impure.o)
 .data._impure_ptr
                0x00000000        0x4 c:/freescale/kds_v3/toolchain/bin/../lib/gcc/arm-none-eabi/4.8.4/../../../../arm-none-eabi/lib/armv7e-m/fpu\libg_s.a(lib_a-impure.o)
 .text          0x00000000        0x0 c:/freescale/kds_v3/toolchain/bin/../lib/gcc/arm-none-eabi/4.8.4/../../../../arm-none-eabi/lib/armv7e-m/fpu\libg_s.a(lib_a-init.o)
 .data          0x00000000        0x0 c:/freescale/kds_v3/toolchain/bin/../lib/gcc/arm-none-eabi/4.8.4/../../../../arm-none-eabi/lib/armv7e-m/fpu\libg_s.a(lib_a-init.o)
 .bss           0x00000000        0x0 c:/freescale/kds_v3/toolchain/bin/../lib/gcc/arm-none-eabi/4.8.4/../../../../arm-none-eabi/lib/armv7e-m/fpu\libg_s.a(lib_a-init.o)
 .text          0x00000000        0x0 c:/freescale/kds_v3/toolchain/bin/../lib/gcc/arm-none-eabi/4.8.4/../../../../arm-none-eabi/lib/armv7e-m/fpu\libg_s.a(lib_a-memset.o)
 .data          0x00000000        0x0 c:/freescale/kds_v3/toolchain/bin/../lib/gcc/arm-none-eabi/4.8.4/../../../../arm-none-eabi/lib/armv7e-m/fpu\libg_s.a(lib_a-memset.o)
 .bss           0x00000000        0x0 c:/freescale/kds_v3/toolchain/bin/../lib/gcc/arm-none-eabi/4.8.4/../../../../arm-none-eabi/lib/armv7e-m/fpu\libg_s.a(lib_a-memset.o)
 .text          0x00000000        0x0 c:/freescale/kds_v3/toolchain/bin/../lib/gcc/arm-none-eabi/4.8.4/../../../../arm-none-eabi/lib/armv7e-m/fpu\libnosys.a(_exit.o)
 .data          0x00000000        0x0 c:/freescale/kds_v3/toolchain/bin/../lib/gcc/arm-none-eabi/4.8.4/../../../../arm-none-eabi/lib/armv7e-m/fpu\libnosys.a(_exit.o)
 .bss           0x00000000        0x0 c:/freescale/kds_v3/toolchain/bin/../lib/gcc/arm-none-eabi/4.8.4/../../../../arm-none-eabi/lib/armv7e-m/fpu\libnosys.a(_exit.o)
 .text          0x00000000        0x0 c:/freescale/kds_v3/toolchain/bin/../lib/gcc/arm-none-eabi/4.8.4/armv7e-m/fpu/crtend.o
 .data          0x00000000        0x0 c:/freescale/kds_v3/toolchain/bin/../lib/gcc/arm-none-eabi/4.8.4/armv7e-m/fpu/crtend.o
 .bss           0x00000000        0x0 c:/freescale/kds_v3/toolchain/bin/../lib/gcc/arm-none-eabi/4.8.4/armv7e-m/fpu/crtend.o
 .eh_frame      0x00000000        0x4 c:/freescale/kds_v3/toolchain/bin/../lib/gcc/arm-none-eabi/4.8.4/armv7e-m/fpu/crtend.o
 .jcr           0x00000000        0x4 c:/freescale/kds_v3/toolchain/bin/../lib/gcc/arm-none-eabi/4.8.4/armv7e-m/fpu/crtend.o
 .ARM.attributes
                0x00000000       0x34 c:/freescale/kds_v3/toolchain/bin/../lib/gcc/arm-none-eabi/4.8.4/armv7e-m/fpu/crtend.o
 .text          0x00000000        0x0 c:/freescale/kds_v3/toolchain/bin/../lib/gcc/arm-none-eabi/4.8.4/armv7e-m/fpu/crtn.o
 .data          0x00000000        0x0 c:/freescale/kds_v3/toolchain/bin/../lib/gcc/arm-none-eabi/4.8.4/armv7e-m/fpu/crtn.o
 .bss           0x00000000        0x0 c:/freescale/kds_v3/toolchain/bin/../lib/gcc/arm-none-eabi/4.8.4/armv7e-m/fpu/crtn.o

Memory Configuration

Name             Origin             Length             Attributes
m_interrupts     0x1fff0000         0x000001e8         xr
m_text           0x20000000         0x00010000         xr
m_data           0x1fff01e8         0x0000fe18         rw
m_cfmprotrom     0x00000400         0x00000010         xr
*default*        0x00000000         0xffffffff

Linker script and memory map

LOAD c:/freescale/kds_v3/toolchain/bin/../lib/gcc/arm-none-eabi/4.8.4/armv7e-m/fpu/crti.o
LOAD c:/freescale/kds_v3/toolchain/bin/../lib/gcc/arm-none-eabi/4.8.4/armv7e-m/fpu/crtbegin.o
LOAD c:/freescale/kds_v3/toolchain/bin/../lib/gcc/arm-none-eabi/4.8.4/../../../../arm-none-eabi/lib/armv7e-m/fpu/crt0.o
LOAD ./Sources/Events.o
LOAD ./Sources/FIFO.o
LOAD ./Sources/Flash.o
LOAD ./Sources/LEDs.o
LOAD ./Sources/SCP.o
LOAD ./Sources/UART.o
LOAD ./Sources/main.o
LOAD ./Sources/packet.o
LOAD ./Project_Settings/Startup_Code/startup.o
LOAD ./Generated_Code/Cpu.o
LOAD ./Generated_Code/PE_LDD.o
LOAD ./Generated_Code/Vectors.o
LOAD c:/freescale/kds_v3/toolchain/bin/../lib/gcc/arm-none-eabi/4.8.4/../../../../arm-none-eabi/lib/armv7e-m/fpu\libstdc++_s.a
LOAD c:/freescale/kds_v3/toolchain/bin/../lib/gcc/arm-none-eabi/4.8.4/../../../../arm-none-eabi/lib/armv7e-m/fpu\libm.a
START GROUP
LOAD c:/freescale/kds_v3/toolchain/bin/../lib/gcc/arm-none-eabi/4.8.4/armv7e-m/fpu\libgcc.a
LOAD c:/freescale/kds_v3/toolchain/bin/../lib/gcc/arm-none-eabi/4.8.4/../../../../arm-none-eabi/lib/armv7e-m/fpu\libg_s.a
LOAD c:/freescale/kds_v3/toolchain/bin/../lib/gcc/arm-none-eabi/4.8.4/../../../../arm-none-eabi/lib/armv7e-m/fpu\libc_s.a
END GROUP
START GROUP
LOAD c:/freescale/kds_v3/toolchain/bin/../lib/gcc/arm-none-eabi/4.8.4/armv7e-m/fpu\libgcc.a
LOAD c:/freescale/kds_v3/toolchain/bin/../lib/gcc/arm-none-eabi/4.8.4/../../../../arm-none-eabi/lib/armv7e-m/fpu\libc_s.a
LOAD c:/freescale/kds_v3/toolchain/bin/../lib/gcc/arm-none-eabi/4.8.4/../../../../arm-none-eabi/lib/armv7e-m/fpu\libnosys.a
END GROUP
START GROUP
LOAD c:/freescale/kds_v3/toolchain/bin/../lib/gcc/arm-none-eabi/4.8.4/armv7e-m/fpu\libgcc.a
LOAD c:/freescale/kds_v3/toolchain/bin/../lib/gcc/arm-none-eabi/4.8.4/../../../../arm-none-eabi/lib/armv7e-m/fpu\libc_s.a
LOAD c:/freescale/kds_v3/toolchain/bin/../lib/gcc/arm-none-eabi/4.8.4/../../../../arm-none-eabi/lib/armv7e-m/fpu\libnosys.a
END GROUP
LOAD c:/freescale/kds_v3/toolchain/bin/../lib/gcc/arm-none-eabi/4.8.4/armv7e-m/fpu/crtend.o
LOAD c:/freescale/kds_v3/toolchain/bin/../lib/gcc/arm-none-eabi/4.8.4/armv7e-m/fpu/crtn.o
                0x20000000                _estack = 0x20000000
                0x20000000                __SP_INIT = _estack
                0x20000000                __stack = _estack
                0x00000000                __heap_size = 0x0
                0x00000400                __stack_size = 0x400

.interrupts     0x1fff0000      0x1e8
                0x1fff0000                __vector_table = .
                0x1fff0000                . = ALIGN (0x4)
 *(.vectortable)
 .vectortable   0x1fff0000      0x1e8 ./Generated_Code/Vectors.o
                0x1fff0000                __vect_table
                0x1fff01e8                . = ALIGN (0x4)

.cfmprotect     0x00000400        0x0
                0x00000400                . = ALIGN (0x4)
 *(.cfmconfig)
                0x00000400                . = ALIGN (0x4)

.text           0x20000000     0x12cc
                0x20000000                . = ALIGN (0x4)
 *(.text)
 .text          0x20000000       0x54 c:/freescale/kds_v3/toolchain/bin/../lib/gcc/arm-none-eabi/4.8.4/armv7e-m/fpu/crtbegin.o
 .text          0x20000054       0x74 c:/freescale/kds_v3/toolchain/bin/../lib/gcc/arm-none-eabi/4.8.4/../../../../arm-none-eabi/lib/armv7e-m/fpu/crt0.o
                0x20000054                _start
                0x20000054                _mainCRTStartup
 *(.text*)
 .text.Cpu_OnNMIINT
                0x200000c8        0xc ./Sources/Events.o
                0x200000c8                Cpu_OnNMIINT
 .text.FIFO_Init
                0x200000d4       0x24 ./Sources/FIFO.o
                0x200000d4                FIFO_Init
 .text.FIFO_Put
                0x200000f8       0x60 ./Sources/FIFO.o
                0x200000f8                FIFO_Put
 .text.FIFO_Get
                0x20000158       0x60 ./Sources/FIFO.o
                0x20000158                FIFO_Get
 .text.LaunchCommand
                0x200001b8       0xc0 ./Sources/Flash.o
 .text.WritePhrase
                0x20000278       0x44 ./Sources/Flash.o
 .text.EraseSector
                0x200002bc       0x38 ./Sources/Flash.o
 .text.ModifyPhrase
                0x200002f4       0x34 ./Sources/Flash.o
 .text.Flash_Init
                0x20000328       0x10 ./Sources/Flash.o
                0x20000328                Flash_Init
 .text.Flash_AllocateVar
                0x20000338       0x98 ./Sources/Flash.o
                0x20000338                Flash_AllocateVar
 .text.Flash_Write32
                0x200003d0       0x58 ./Sources/Flash.o
                0x200003d0                Flash_Write32
 .text.Flash_Write16
                0x20000428       0x60 ./Sources/Flash.o
                0x20000428                Flash_Write16
 .text.Flash_Write8
                0x20000488       0x6c ./Sources/Flash.o
                0x20000488                Flash_Write8
 .text.Flash_Erase
                0x200004f4       0x14 ./Sources/Flash.o
                0x200004f4                Flash_Erase
 .text.LEDs_Init
                0x20000508       0x70 ./Sources/LEDs.o
                0x20000508                LEDs_Init
 .text.LEDs_On  0x20000578       0x74 ./Sources/LEDs.o
                0x20000578                LEDs_On
 .text.SCP_SendStartUpValues
                0x200005ec       0x54 ./Sources/SCP.o
                0x200005ec                SCP_SendStartUpValues
 .text.SendVersion
                0x20000640       0x18 ./Sources/SCP.o
                0x20000640                SendVersion
 .text.HandleTowerNumber
                0x20000658       0x28 ./Sources/SCP.o
                0x20000658                HandleTowerNumber
 .text.SendTowerNumber
                0x20000680       0x28 ./Sources/SCP.o
                0x20000680                SendTowerNumber
 .text.SetTowerNumber
                0x200006a8       0x50 ./Sources/SCP.o
                0x200006a8                SetTowerNumber
 .text.HandleTowerMode
                0x200006f8       0x28 ./Sources/SCP.o
                0x200006f8                HandleTowerMode
 .text.SendTowerMode
                0x20000720       0x28 ./Sources/SCP.o
                0x20000720                SendTowerMode
 .text.SetTowerMode
                0x20000748       0x50 ./Sources/SCP.o
                0x20000748                SetTowerMode
 .text.ReadByte
                0x20000798       0x34 ./Sources/SCP.o
                0x20000798                ReadByte
 .text.ProgramByte
                0x200007cc       0x44 ./Sources/SCP.o
                0x200007cc                ProgramByte
 .text.ACK      0x20000810       0x24 ./Sources/SCP.o
                0x20000810                ACK
 .text.NAK      0x20000834       0x30 ./Sources/SCP.o
                0x20000834                NAK
 .text.SCP_Packet_Handle
                0x20000864       0x88 ./Sources/SCP.o
                0x20000864                SCP_Packet_Handle
 .text.SCP_Packet_Handle_Ack
                0x200008ec       0x34 ./Sources/SCP.o
                0x200008ec                SCP_Packet_Handle_Ack
 .text.UART_Init
                0x20000920       0xe8 ./Sources/UART.o
                0x20000920                UART_Init
 .text.UART_InChar
                0x20000a08       0x20 ./Sources/UART.o
                0x20000a08                UART_InChar
 .text.UART_OutChar
                0x20000a28       0x24 ./Sources/UART.o
                0x20000a28                UART_OutChar
 .text.UART_Poll
                0x20000a4c       0x4c ./Sources/UART.o
                0x20000a4c                UART_Poll
 .text.main     0x20000a98      0x134 ./Sources/main.o
                0x20000a98                main
 .text.CheckSum
                0x20000bcc       0x3c ./Sources/packet.o
                0x20000bcc                CheckSum
 .text.Packet_Acknowledgement_Required
                0x20000c08       0x28 ./Sources/packet.o
                0x20000c08                Packet_Acknowledgement_Required
 .text.Packet_Init
                0x20000c30       0x1c ./Sources/packet.o
                0x20000c30                Packet_Init
 .text.Packet_Get
                0x20000c4c       0xdc ./Sources/packet.o
                0x20000c4c                Packet_Get
 .text.Packet_Put
                0x20000d28       0x68 ./Sources/packet.o
                0x20000d28                Packet_Put
 .text.__copy_rom_section
                0x20000d90       0xe4 ./Project_Settings/Startup_Code/startup.o
                0x20000d90                __copy_rom_section
 .text.__copy_rom_sections_to_ram
                0x20000e74       0x9c ./Project_Settings/Startup_Code/startup.o
                0x20000e74                __copy_rom_sections_to_ram
 .text.__init_registers
                0x20000f10       0x20 ./Project_Settings/Startup_Code/startup.o
                0x20000f10                __init_registers
 .text.__init_user
                0x20000f30        0xc ./Project_Settings/Startup_Code/startup.o
                0x20000f30                __init_user
 .text.__thumb_startup
                0x20000f3c       0x34 ./Project_Settings/Startup_Code/startup.o
                0x20000f3c                __thumb_startup
 .text.Cpu_INT_NMIInterrupt
                0x20000f70       0x1c ./Generated_Code/Cpu.o
                0x20000f70                Cpu_INT_NMIInterrupt
 .text.Cpu_Interrupt
                0x20000f8c       0x18 ./Generated_Code/Cpu.o
                0x20000f8c                Cpu_Interrupt
 .text.__init_hardware
                0x20000fa4      0x17c ./Generated_Code/Cpu.o
                0x20000fa4                __init_hardware
 .text.Cpu_SetBASEPRI
                0x20001120       0x18 ./Generated_Code/Cpu.o
                0x20001120                Cpu_SetBASEPRI
 .text.PE_low_level_init
                0x20001138       0xec ./Generated_Code/Cpu.o
                0x20001138                PE_low_level_init
 .text.exit     0x20001224       0x28 c:/freescale/kds_v3/toolchain/bin/../lib/gcc/arm-none-eabi/4.8.4/../../../../arm-none-eabi/lib/armv7e-m/fpu\libg_s.a(lib_a-exit.o)
                0x20001224                exit
 .text.__libc_init_array
                0x2000124c       0x4c c:/freescale/kds_v3/toolchain/bin/../lib/gcc/arm-none-eabi/4.8.4/../../../../arm-none-eabi/lib/armv7e-m/fpu\libg_s.a(lib_a-init.o)
                0x2000124c                __libc_init_array
 .text.memset   0x20001298       0x10 c:/freescale/kds_v3/toolchain/bin/../lib/gcc/arm-none-eabi/4.8.4/../../../../arm-none-eabi/lib/armv7e-m/fpu\libg_s.a(lib_a-memset.o)
                0x20001298                memset
 .text._exit    0x200012a8        0x4 c:/freescale/kds_v3/toolchain/bin/../lib/gcc/arm-none-eabi/4.8.4/../../../../arm-none-eabi/lib/armv7e-m/fpu\libnosys.a(_exit.o)
                0x200012a8                _exit
 *(.rodata)
 *(.rodata*)
 .rodata.PACKET_ACK_MASK
                0x200012ac        0x1 ./Sources/packet.o
                0x200012ac                PACKET_ACK_MASK
 .rodata.str1.1
                0x200012ad        0x2 c:/freescale/kds_v3/toolchain/bin/../lib/gcc/arm-none-eabi/4.8.4/../../../../arm-none-eabi/lib/armv7e-m/fpu\libg_s.a(lib_a-impure.o)
 *fill*         0x200012af        0x1 
 .rodata._global_impure_ptr
                0x200012b0        0x4 c:/freescale/kds_v3/toolchain/bin/../lib/gcc/arm-none-eabi/4.8.4/../../../../arm-none-eabi/lib/armv7e-m/fpu\libg_s.a(lib_a-impure.o)
                0x200012b0                _global_impure_ptr
 *(.glue_7)
 .glue_7        0x00000000        0x0 linker stubs
 *(.glue_7t)
 .glue_7t       0x00000000        0x0 linker stubs
 *(.eh_frame)
 .eh_frame      0x200012b4        0x0 c:/freescale/kds_v3/toolchain/bin/../lib/gcc/arm-none-eabi/4.8.4/armv7e-m/fpu/crtbegin.o
 *(.init)
 .init          0x200012b4        0x4 c:/freescale/kds_v3/toolchain/bin/../lib/gcc/arm-none-eabi/4.8.4/armv7e-m/fpu/crti.o
                0x200012b4                _init
 .init          0x200012b8        0x8 c:/freescale/kds_v3/toolchain/bin/../lib/gcc/arm-none-eabi/4.8.4/armv7e-m/fpu/crtn.o
 *(.fini)
 .fini          0x200012c0        0x4 c:/freescale/kds_v3/toolchain/bin/../lib/gcc/arm-none-eabi/4.8.4/armv7e-m/fpu/crti.o
                0x200012c0                _fini
 .fini          0x200012c4        0x8 c:/freescale/kds_v3/toolchain/bin/../lib/gcc/arm-none-eabi/4.8.4/armv7e-m/fpu/crtn.o
                0x200012cc                . = ALIGN (0x4)
                0x200012cc                _etext = .

.vfp11_veneer   0x200012cc        0x0
 .vfp11_veneer  0x00000000        0x0 linker stubs

.v4_bx          0x200012cc        0x0
 .v4_bx         0x00000000        0x0 linker stubs

.iplt           0x200012cc        0x0
 .iplt          0x00000000        0x0 c:/freescale/kds_v3/toolchain/bin/../lib/gcc/arm-none-eabi/4.8.4/armv7e-m/fpu/crtbegin.o

.ARM.extab
 *(.ARM.extab* .gnu.linkonce.armextab.*)

.ARM            0x200012cc        0x8
                0x200012cc                __exidx_start = .
 *(.ARM.exidx*)
 .ARM.exidx     0x200012cc        0x8 c:/freescale/kds_v3/toolchain/bin/../lib/gcc/arm-none-eabi/4.8.4/../../../../arm-none-eabi/lib/armv7e-m/fpu/crt0.o
                0x200012d4                __exidx_end = .

.rel.dyn        0x200012d4        0x0
 .rel.iplt      0x00000000        0x0 c:/freescale/kds_v3/toolchain/bin/../lib/gcc/arm-none-eabi/4.8.4/armv7e-m/fpu/crtbegin.o

.ctors          0x200012d4        0x0
                0x200012d4                __CTOR_LIST__ = .
 *crtbegin.o(.ctors)
 *(EXCLUDE_FILE(*crtend.o) .ctors)
 *(SORT(.ctors.*))
 *(.ctors)
                0x200012d4                __CTOR_END__ = .

.dtors          0x200012d4        0x0
                0x200012d4                __DTOR_LIST__ = .
 *crtbegin.o(.dtors)
 *(EXCLUDE_FILE(*crtend.o) .dtors)
 *(SORT(.dtors.*))
 *(.dtors)
                0x200012d4                __DTOR_END__ = .

.preinit_array  0x200012d4        0x0
                0x200012d4                PROVIDE (__preinit_array_start, .)
 *(.preinit_array*)
                0x200012d4                PROVIDE (__preinit_array_end, .)

.init_array     0x200012d4        0x4
                0x200012d4                PROVIDE (__init_array_start, .)
 *(SORT(.init_array.*))
 *(.init_array*)
 .init_array    0x200012d4        0x4 c:/freescale/kds_v3/toolchain/bin/../lib/gcc/arm-none-eabi/4.8.4/armv7e-m/fpu/crtbegin.o
                0x200012d8                PROVIDE (__init_array_end, .)

.fini_array     0x200012d8        0x4
                0x200012d8                PROVIDE (__fini_array_start, .)
 *(SORT(.fini_array.*))
 *(.fini_array*)
 .fini_array    0x200012d8        0x4 c:/freescale/kds_v3/toolchain/bin/../lib/gcc/arm-none-eabi/4.8.4/armv7e-m/fpu/crtbegin.o
                0x200012dc                PROVIDE (__fini_array_end, .)
                0x200012dc                ___ROM_AT = .

.data           0x1fff01e8       0x60
                0x1fff01e8                . = ALIGN (0x4)
                0x1fff01e8                _sdata = .
 *(.data)
 *(.data*)
 .data.impure_data
                0x1fff01e8       0x60 c:/freescale/kds_v3/toolchain/bin/../lib/gcc/arm-none-eabi/4.8.4/../../../../arm-none-eabi/lib/armv7e-m/fpu\libg_s.a(lib_a-impure.o)
                0x1fff0248                . = ALIGN (0x4)
                0x1fff0248                _edata = .
                0x00000060                ___data_size = (_edata - _sdata)

.jcr            0x1fff0248        0x0
 .jcr           0x1fff0248        0x0 c:/freescale/kds_v3/toolchain/bin/../lib/gcc/arm-none-eabi/4.8.4/armv7e-m/fpu/crtbegin.o

.igot.plt       0x1fff0248        0x0
 .igot.plt      0x00000000        0x0 c:/freescale/kds_v3/toolchain/bin/../lib/gcc/arm-none-eabi/4.8.4/armv7e-m/fpu/crtbegin.o
                0x1fff0248                . = ALIGN (0x4)

.bss            0x1fff0248      0x24c
                0x1fff0248                __START_BSS = .
                0x1fff0248                PROVIDE (__bss_start__, __START_BSS)
 *(.bss)
 .bss           0x1fff0248       0x1c c:/freescale/kds_v3/toolchain/bin/../lib/gcc/arm-none-eabi/4.8.4/armv7e-m/fpu/crtbegin.o
 *(.bss*)
 .bss.flashMemoryMap.5652
                0x1fff0264        0x1 ./Sources/Flash.o
 *fill*         0x1fff0265        0x3 
 .bss.TxFIFO    0x1fff0268      0x108 ./Sources/UART.o
 .bss.RxFIFO    0x1fff0370      0x108 ./Sources/UART.o
 .bss.count.4091
                0x1fff0478        0x1 ./Sources/packet.o
 *(COMMON)
 *fill*         0x1fff0479        0x3 
 COMMON         0x1fff047c        0xe ./Sources/SCP.o
                0x1fff047c                NvTowerMd
                0x1fff0480                NvTowerNb
                0x1fff0484                towerMd
                0x1fff0488                towerNb
 *fill*         0x1fff048a        0x2 
 COMMON         0x1fff048c        0x5 ./Sources/packet.o
                0x1fff048c                Packet
                0x1fff0494                . = ALIGN (0x4)
 *fill*         0x1fff0491        0x3 
                0x1fff0494                __END_BSS = .
                0x1fff0494                PROVIDE (__bss_end__, __END_BSS)
                0x00000000                __S_romp = 0x0

._user_heap_stack
                0x1fff0494      0x400
                0x1fff0494                . = ALIGN (0x4)
                0x1fff0494                PROVIDE (end, .)
                0x1fff0494                PROVIDE (_end, .)
                0x1fff0494                __heap_addr = .
                0x1fff0494                __HeapBase = .
                0x1fff0494                . = (. + __heap_size)
                0x1fff0494                __HeapLimit = .
                0x1fff0894                . = (. + __stack_size)
 *fill*         0x1fff0494      0x400 
                0x1fff0894                . = ALIGN (0x4)

.ARM.attributes
                0x00000000       0x30
 *(.ARM.attributes)
 .ARM.attributes
                0x00000000       0x22 c:/freescale/kds_v3/toolchain/bin/../lib/gcc/arm-none-eabi/4.8.4/armv7e-m/fpu/crti.o
 .ARM.attributes
                0x00000022       0x34 c:/freescale/kds_v3/toolchain/bin/../lib/gcc/arm-none-eabi/4.8.4/armv7e-m/fpu/crtbegin.o
 .ARM.attributes
                0x00000056       0x20 c:/freescale/kds_v3/toolchain/bin/../lib/gcc/arm-none-eabi/4.8.4/../../../../arm-none-eabi/lib/armv7e-m/fpu/crt0.o
 .ARM.attributes
                0x00000076       0x39 ./Sources/Events.o
 .ARM.attributes
                0x000000af       0x39 ./Sources/FIFO.o
 .ARM.attributes
                0x000000e8       0x39 ./Sources/Flash.o
 .ARM.attributes
                0x00000121       0x39 ./Sources/LEDs.o
 .ARM.attributes
                0x0000015a       0x39 ./Sources/SCP.o
 .ARM.attributes
                0x00000193       0x39 ./Sources/UART.o
 .ARM.attributes
                0x000001cc       0x39 ./Sources/main.o
 .ARM.attributes
                0x00000205       0x39 ./Sources/packet.o
 .ARM.attributes
                0x0000023e       0x39 ./Project_Settings/Startup_Code/startup.o
 .ARM.attributes
                0x00000277       0x39 ./Generated_Code/Cpu.o
 .ARM.attributes
                0x000002b0       0x39 ./Generated_Code/Vectors.o
 .ARM.attributes
                0x000002e9       0x34 c:/freescale/kds_v3/toolchain/bin/../lib/gcc/arm-none-eabi/4.8.4/../../../../arm-none-eabi/lib/armv7e-m/fpu\libg_s.a(lib_a-exit.o)
 .ARM.attributes
                0x0000031d       0x34 c:/freescale/kds_v3/toolchain/bin/../lib/gcc/arm-none-eabi/4.8.4/../../../../arm-none-eabi/lib/armv7e-m/fpu\libg_s.a(lib_a-impure.o)
 .ARM.attributes
                0x00000351       0x34 c:/freescale/kds_v3/toolchain/bin/../lib/gcc/arm-none-eabi/4.8.4/../../../../arm-none-eabi/lib/armv7e-m/fpu\libg_s.a(lib_a-init.o)
 .ARM.attributes
                0x00000385       0x34 c:/freescale/kds_v3/toolchain/bin/../lib/gcc/arm-none-eabi/4.8.4/../../../../arm-none-eabi/lib/armv7e-m/fpu\libg_s.a(lib_a-memset.o)
 .ARM.attributes
                0x000003b9       0x34 c:/freescale/kds_v3/toolchain/bin/../lib/gcc/arm-none-eabi/4.8.4/../../../../arm-none-eabi/lib/armv7e-m/fpu\libnosys.a(_exit.o)
 .ARM.attributes
                0x000003ed       0x22 c:/freescale/kds_v3/toolchain/bin/../lib/gcc/arm-none-eabi/4.8.4/armv7e-m/fpu/crtn.o
OUTPUT(Lab2.elf elf32-littlearm)

.debug_info     0x00000000     0x2f77
 .debug_info    0x00000000       0x96 ./Sources/Events.o
 .debug_info    0x00000096      0x1b6 ./Sources/FIFO.o
 .debug_info    0x0000024c      0x6a9 ./Sources/Flash.o
 .debug_info    0x000008f5      0x497 ./Sources/LEDs.o
 .debug_info    0x00000d8c      0x3ba ./Sources/SCP.o
 .debug_info    0x00001146      0x7e8 ./Sources/UART.o
 .debug_info    0x0000192e      0x2da ./Sources/main.o
 .debug_info    0x00001c08      0x33c ./Sources/packet.o
 .debug_info    0x00001f44      0x3b0 ./Project_Settings/Startup_Code/startup.o
 .debug_info    0x000022f4      0xb74 ./Generated_Code/Cpu.o
 .debug_info    0x00002e68      0x10f ./Generated_Code/Vectors.o

.debug_abbrev   0x00000000      0xcbf
 .debug_abbrev  0x00000000       0x45 ./Sources/Events.o
 .debug_abbrev  0x00000045       0xd3 ./Sources/FIFO.o
 .debug_abbrev  0x00000118      0x1ca ./Sources/Flash.o
 .debug_abbrev  0x000002e2      0x144 ./Sources/LEDs.o
 .debug_abbrev  0x00000426      0x132 ./Sources/SCP.o
 .debug_abbrev  0x00000558      0x1ab ./Sources/UART.o
 .debug_abbrev  0x00000703      0x11a ./Sources/main.o
 .debug_abbrev  0x0000081d       0xf0 ./Sources/packet.o
 .debug_abbrev  0x0000090d      0x189 ./Project_Settings/Startup_Code/startup.o
 .debug_abbrev  0x00000a96      0x185 ./Generated_Code/Cpu.o
 .debug_abbrev  0x00000c1b       0xa4 ./Generated_Code/Vectors.o

.debug_aranges  0x00000000      0x2b8
 .debug_aranges
                0x00000000       0x20 ./Sources/Events.o
 .debug_aranges
                0x00000020       0x30 ./Sources/FIFO.o
 .debug_aranges
                0x00000050       0x68 ./Sources/Flash.o
 .debug_aranges
                0x000000b8       0x38 ./Sources/LEDs.o
 .debug_aranges
                0x000000f0       0x88 ./Sources/SCP.o
 .debug_aranges
                0x00000178       0x38 ./Sources/UART.o
 .debug_aranges
                0x000001b0       0x20 ./Sources/main.o
 .debug_aranges
                0x000001d0       0x40 ./Sources/packet.o
 .debug_aranges
                0x00000210       0x50 ./Project_Settings/Startup_Code/startup.o
 .debug_aranges
                0x00000260       0x40 ./Generated_Code/Cpu.o
 .debug_aranges
                0x000002a0       0x18 ./Generated_Code/Vectors.o

.debug_ranges   0x00000000      0x200
 .debug_ranges  0x00000000       0x10 ./Sources/Events.o
 .debug_ranges  0x00000010       0x20 ./Sources/FIFO.o
 .debug_ranges  0x00000030       0x58 ./Sources/Flash.o
 .debug_ranges  0x00000088       0x28 ./Sources/LEDs.o
 .debug_ranges  0x000000b0       0x78 ./Sources/SCP.o
 .debug_ranges  0x00000128       0x28 ./Sources/UART.o
 .debug_ranges  0x00000150       0x10 ./Sources/main.o
 .debug_ranges  0x00000160       0x30 ./Sources/packet.o
 .debug_ranges  0x00000190       0x40 ./Project_Settings/Startup_Code/startup.o
 .debug_ranges  0x000001d0       0x30 ./Generated_Code/Cpu.o

.debug_macro    0x00000000    0x3397a
 .debug_macro   0x00000000       0x9f ./Sources/Events.o
 .debug_macro   0x0000009f      0x850 ./Sources/Events.o
 .debug_macro   0x000008ef       0x16 ./Sources/Events.o
 .debug_macro   0x00000905       0x44 ./Sources/Events.o
 .debug_macro   0x00000949      0x209 ./Sources/Events.o
 .debug_macro   0x00000b52     0x17fa ./Sources/Events.o
 .debug_macro   0x0000234c      0x14e ./Sources/Events.o
 .debug_macro   0x0000249a       0x64 ./Sources/Events.o
 .debug_macro   0x000024fe    0x174c1 ./Sources/Events.o
 .debug_macro   0x000199bf       0x9a ./Sources/Events.o
 .debug_macro   0x00019a59       0x65 ./Sources/FIFO.o
 .debug_macro   0x00019abe       0x22 ./Sources/FIFO.o
 .debug_macro   0x00019ae0       0x97 ./Sources/Flash.o
 .debug_macro   0x00019b77       0x2e ./Sources/Flash.o
 .debug_macro   0x00019ba5       0x92 ./Sources/LEDs.o
 .debug_macro   0x00019c37     0x1800 ./Sources/LEDs.o
 .debug_macro   0x0001b437       0x70 ./Sources/SCP.o
 .debug_macro   0x0001b4a7       0x2e ./Sources/SCP.o
 .debug_macro   0x0001b4d5       0x3a ./Sources/SCP.o
 .debug_macro   0x0001b50f       0xce ./Sources/UART.o
 .debug_macro   0x0001b5dd       0x10 ./Sources/UART.o
 .debug_macro   0x0001b5ed       0xea ./Sources/main.o
 .debug_macro   0x0001b6d7       0x6e ./Sources/packet.o
 .debug_macro   0x0001b745       0x34 ./Sources/packet.o
 .debug_macro   0x0001b779      0x121 ./Project_Settings/Startup_Code/startup.o
 .debug_macro   0x0001b89a       0x58 ./Project_Settings/Startup_Code/startup.o
 .debug_macro   0x0001b8f2       0x35 ./Project_Settings/Startup_Code/startup.o
 .debug_macro   0x0001b927       0xa3 ./Project_Settings/Startup_Code/startup.o
 .debug_macro   0x0001b9ca      0x166 ./Project_Settings/Startup_Code/startup.o
 .debug_macro   0x0001bb30       0x4a ./Project_Settings/Startup_Code/startup.o
 .debug_macro   0x0001bb7a       0x52 ./Project_Settings/Startup_Code/startup.o
 .debug_macro   0x0001bbcc       0x16 ./Project_Settings/Startup_Code/startup.o
 .debug_macro   0x0001bbe2       0x43 ./Project_Settings/Startup_Code/startup.o
 .debug_macro   0x0001bc25      0x180 ./Project_Settings/Startup_Code/startup.o
 .debug_macro   0x0001bda5      0x2a6 ./Project_Settings/Startup_Code/startup.o
 .debug_macro   0x0001c04b       0x10 ./Project_Settings/Startup_Code/startup.o
 .debug_macro   0x0001c05b       0x35 ./Project_Settings/Startup_Code/startup.o
 .debug_macro   0x0001c090       0x16 ./Project_Settings/Startup_Code/startup.o
 .debug_macro   0x0001c0a6       0x22 ./Project_Settings/Startup_Code/startup.o
 .debug_macro   0x0001c0c8       0x16 ./Project_Settings/Startup_Code/startup.o
 .debug_macro   0x0001c0de      0x20f ./Project_Settings/Startup_Code/startup.o
 .debug_macro   0x0001c2ed    0x174af ./Project_Settings/Startup_Code/startup.o
 .debug_macro   0x0003379c       0x9f ./Generated_Code/Cpu.o
 .debug_macro   0x0003383b       0xa0 ./Generated_Code/Cpu.o
 .debug_macro   0x000338db       0x9f ./Generated_Code/Vectors.o

.debug_line     0x00000000     0x1d8a
 .debug_line    0x00000000      0x248 ./Sources/Events.o
 .debug_line    0x00000248      0x1bc ./Sources/FIFO.o
 .debug_line    0x00000404      0x2f4 ./Sources/Flash.o
 .debug_line    0x000006f8      0x290 ./Sources/LEDs.o
 .debug_line    0x00000988      0x2c4 ./Sources/SCP.o
 .debug_line    0x00000c4c      0x2bf ./Sources/UART.o
 .debug_line    0x00000f0b      0x2db ./Sources/main.o
 .debug_line    0x000011e6      0x205 ./Sources/packet.o
 .debug_line    0x000013eb      0x3da ./Project_Settings/Startup_Code/startup.o
 .debug_line    0x000017c5      0x32c ./Generated_Code/Cpu.o
 .debug_line    0x00001af1      0x299 ./Generated_Code/Vectors.o

.debug_str      0x00000000    0x8d96d
 .debug_str     0x00000000    0x8a4c1 ./Sources/Events.o
                              0x8a60b (size before relaxing)
 .debug_str     0x0008a4c1       0xf3 ./Sources/FIFO.o
                               0x2fec (size before relaxing)
 .debug_str     0x0008a5b4      0x3c1 ./Sources/Flash.o
                              0x83114 (size before relaxing)
 .debug_str     0x0008a975      0x1ae ./Sources/LEDs.o
                              0x8a810 (size before relaxing)
 .debug_str     0x0008ab23      0x3ae ./Sources/SCP.o
                               0x34b3 (size before relaxing)
 .debug_str     0x0008aed1      0x126 ./Sources/UART.o
                              0x8aad7 (size before relaxing)
 .debug_str     0x0008aff7       0x27 ./Sources/main.o
                              0x8ab47 (size before relaxing)
 .debug_str     0x0008b01e       0x6e ./Sources/packet.o
                               0x329e (size before relaxing)
 .debug_str     0x0008b08c     0x2663 ./Project_Settings/Startup_Code/startup.o
                              0x853f3 (size before relaxing)
 .debug_str     0x0008d6ef      0x262 ./Generated_Code/Cpu.o
                              0x8aa19 (size before relaxing)
 .debug_str     0x0008d951       0x1c ./Generated_Code/Vectors.o
                              0x8a651 (size before relaxing)

.comment        0x00000000       0x70
 .comment       0x00000000       0x70 ./Sources/Events.o
                                 0x71 (size before relaxing)
 .comment       0x00000000       0x71 ./Sources/FIFO.o
 .comment       0x00000000       0x71 ./Sources/Flash.o
 .comment       0x00000000       0x71 ./Sources/LEDs.o
 .comment       0x00000000       0x71 ./Sources/SCP.o
 .comment       0x00000000       0x71 ./Sources/UART.o
 .comment       0x00000000       0x71 ./Sources/main.o
 .comment       0x00000000       0x71 ./Sources/packet.o
 .comment       0x00000000       0x71 ./Project_Settings/Startup_Code/startup.o
 .comment       0x00000000       0x71 ./Generated_Code/Cpu.o
 .comment       0x00000000       0x71 ./Generated_Code/Vectors.o

.debug_frame    0x00000000      0x744
 .debug_frame   0x00000000       0x28 ./Sources/Events.o
 .debug_frame   0x00000028       0x64 ./Sources/FIFO.o
 .debug_frame   0x0000008c      0x13c ./Sources/Flash.o
 .debug_frame   0x000001c8       0x7c ./Sources/LEDs.o
 .debug_frame   0x00000244      0x1a0 ./Sources/SCP.o
 .debug_frame   0x000003e4       0x90 ./Sources/UART.o
 .debug_frame   0x00000474       0x30 ./Sources/main.o
 .debug_frame   0x000004a4       0xa8 ./Sources/packet.o
 .debug_frame   0x0000054c       0xc0 ./Project_Settings/Startup_Code/startup.o
 .debug_frame   0x0000060c       0xa4 ./Generated_Code/Cpu.o
 .debug_frame   0x000006b0       0x28 c:/freescale/kds_v3/toolchain/bin/../lib/gcc/arm-none-eabi/4.8.4/../../../../arm-none-eabi/lib/armv7e-m/fpu\libg_s.a(lib_a-exit.o)
 .debug_frame   0x000006d8       0x2c c:/freescale/kds_v3/toolchain/bin/../lib/gcc/arm-none-eabi/4.8.4/../../../../arm-none-eabi/lib/armv7e-m/fpu\libg_s.a(lib_a-init.o)
 .debug_frame   0x00000704       0x20 c:/freescale/kds_v3/toolchain/bin/../lib/gcc/arm-none-eabi/4.8.4/../../../../arm-none-eabi/lib/armv7e-m/fpu\libg_s.a(lib_a-memset.o)
 .debug_frame   0x00000724       0x20 c:/freescale/kds_v3/toolchain/bin/../lib/gcc/arm-none-eabi/4.8.4/../../../../arm-none-eabi/lib/armv7e-m/fpu\libnosys.a(_exit.o)
