Archive member included because of file (symbol)

C:\Users\12443166\Documents\git\es18aut35\Lab4withLab3Lib\Library\libLab3.a(FTM.o)
                              ./Sources/main.o (FTM_Init)
C:\Users\12443166\Documents\git\es18aut35\Lab4withLab3Lib\Library\libLab3.a(Flash.o)
                              ./Sources/main.o (Flash_Init)
C:\Users\12443166\Documents\git\es18aut35\Lab4withLab3Lib\Library\libLab3.a(LEDs.o)
                              ./Sources/main.o (LEDs_Init)
C:\Users\12443166\Documents\git\es18aut35\Lab4withLab3Lib\Library\libLab3.a(PIT.o)
                              ./Sources/main.o (PIT_Init)
C:\Users\12443166\Documents\git\es18aut35\Lab4withLab3Lib\Library\libLab3.a(RTC.o)
                              ./Sources/main.o (RTC_Init)
C:\Users\12443166\Documents\git\es18aut35\Lab4withLab3Lib\Library\libLab3.a(UART.o)
                              ./Generated_Code/Vectors.o (UART_ISR)
C:\Users\12443166\Documents\git\es18aut35\Lab4withLab3Lib\Library\libLab3.a(packet.o)
                              ./Sources/SCP.o (Packet)
C:\Users\12443166\Documents\git\es18aut35\Lab4withLab3Lib\Library\libLab3.a(FIFO.o)
                              C:\Users\12443166\Documents\git\es18aut35\Lab4withLab3Lib\Library\libLab3.a(UART.o) (FIFO_Init)
c:/freescale/kds_3.0.0/toolchain/bin/../lib/gcc/arm-none-eabi/4.8.4/../../../../arm-none-eabi/lib/armv7e-m/fpu\libg_s.a(lib_a-exit.o)
                              c:/freescale/kds_3.0.0/toolchain/bin/../lib/gcc/arm-none-eabi/4.8.4/../../../../arm-none-eabi/lib/armv7e-m/fpu/crt0.o (exit)
c:/freescale/kds_3.0.0/toolchain/bin/../lib/gcc/arm-none-eabi/4.8.4/../../../../arm-none-eabi/lib/armv7e-m/fpu\libg_s.a(lib_a-impure.o)
                              c:/freescale/kds_3.0.0/toolchain/bin/../lib/gcc/arm-none-eabi/4.8.4/../../../../arm-none-eabi/lib/armv7e-m/fpu\libg_s.a(lib_a-exit.o) (_global_impure_ptr)
c:/freescale/kds_3.0.0/toolchain/bin/../lib/gcc/arm-none-eabi/4.8.4/../../../../arm-none-eabi/lib/armv7e-m/fpu\libg_s.a(lib_a-init.o)
                              c:/freescale/kds_3.0.0/toolchain/bin/../lib/gcc/arm-none-eabi/4.8.4/../../../../arm-none-eabi/lib/armv7e-m/fpu/crt0.o (__libc_init_array)
c:/freescale/kds_3.0.0/toolchain/bin/../lib/gcc/arm-none-eabi/4.8.4/../../../../arm-none-eabi/lib/armv7e-m/fpu\libg_s.a(lib_a-memset.o)
                              c:/freescale/kds_3.0.0/toolchain/bin/../lib/gcc/arm-none-eabi/4.8.4/../../../../arm-none-eabi/lib/armv7e-m/fpu/crt0.o (memset)
c:/freescale/kds_3.0.0/toolchain/bin/../lib/gcc/arm-none-eabi/4.8.4/../../../../arm-none-eabi/lib/armv7e-m/fpu\libnosys.a(_exit.o)
                              c:/freescale/kds_3.0.0/toolchain/bin/../lib/gcc/arm-none-eabi/4.8.4/../../../../arm-none-eabi/lib/armv7e-m/fpu\libg_s.a(lib_a-exit.o) (_exit)

Allocating common symbols
Common symbol       size              file

Timer1Sec           0x10              ./Sources/main.o
NvTowerMd           0x4               ./Sources/SCP.o
NvTowerNb           0x4               ./Sources/SCP.o
Packet              0x5               C:\Users\12443166\Documents\git\es18aut35\Lab4withLab3Lib\Library\libLab3.a(packet.o)
Accelerometer       0x14              ./Sources/main.o
dataReadyCallbackFunction
                    0x4               ./Sources/accel.o
SR_reg              0x1               ./Generated_Code/Cpu.o
towerMd             0x2               ./Sources/SCP.o
dataReadyCallbackArguments
                    0x4               ./Sources/accel.o
accelValues         0x3               ./Sources/main.o
protocolMode        0x1               ./Sources/SCP.o
towerNb             0x2               ./Sources/SCP.o

Discarded input sections

 .text          0x00000000        0x0 c:/freescale/kds_3.0.0/toolchain/bin/../lib/gcc/arm-none-eabi/4.8.4/armv7e-m/fpu/crti.o
 .data          0x00000000        0x0 c:/freescale/kds_3.0.0/toolchain/bin/../lib/gcc/arm-none-eabi/4.8.4/armv7e-m/fpu/crti.o
 .bss           0x00000000        0x0 c:/freescale/kds_3.0.0/toolchain/bin/../lib/gcc/arm-none-eabi/4.8.4/armv7e-m/fpu/crti.o
 .data          0x00000000        0x4 c:/freescale/kds_3.0.0/toolchain/bin/../lib/gcc/arm-none-eabi/4.8.4/armv7e-m/fpu/crtbegin.o
 .data          0x00000000        0x0 c:/freescale/kds_3.0.0/toolchain/bin/../lib/gcc/arm-none-eabi/4.8.4/../../../../arm-none-eabi/lib/armv7e-m/fpu/crt0.o
 .bss           0x00000000        0x0 c:/freescale/kds_3.0.0/toolchain/bin/../lib/gcc/arm-none-eabi/4.8.4/../../../../arm-none-eabi/lib/armv7e-m/fpu/crt0.o
 .ARM.extab     0x00000000        0x0 c:/freescale/kds_3.0.0/toolchain/bin/../lib/gcc/arm-none-eabi/4.8.4/../../../../arm-none-eabi/lib/armv7e-m/fpu/crt0.o
 .group         0x00000000        0x8 ./Sources/I2C.o
 .group         0x00000000        0x8 ./Sources/I2C.o
 .group         0x00000000        0x8 ./Sources/I2C.o
 .group         0x00000000        0x8 ./Sources/I2C.o
 .group         0x00000000        0x8 ./Sources/I2C.o
 .group         0x00000000        0x8 ./Sources/I2C.o
 .group         0x00000000        0x8 ./Sources/I2C.o
 .group         0x00000000        0x8 ./Sources/I2C.o
 .group         0x00000000        0x8 ./Sources/I2C.o
 .group         0x00000000        0x8 ./Sources/I2C.o
 .group         0x00000000        0x8 ./Sources/I2C.o
 .group         0x00000000        0x8 ./Sources/I2C.o
 .group         0x00000000        0x8 ./Sources/I2C.o
 .group         0x00000000        0x8 ./Sources/I2C.o
 .group         0x00000000        0x8 ./Sources/I2C.o
 .group         0x00000000        0x8 ./Sources/I2C.o
 .group         0x00000000        0x8 ./Sources/I2C.o
 .group         0x00000000        0x8 ./Sources/I2C.o
 .group         0x00000000        0x8 ./Sources/I2C.o
 .group         0x00000000        0x8 ./Sources/I2C.o
 .group         0x00000000        0x8 ./Sources/I2C.o
 .group         0x00000000        0x8 ./Sources/I2C.o
 .text          0x00000000        0x0 ./Sources/I2C.o
 .data          0x00000000        0x0 ./Sources/I2C.o
 .bss           0x00000000        0x0 ./Sources/I2C.o
 .group         0x00000000        0x8 ./Sources/SCP.o
 .group         0x00000000        0x8 ./Sources/SCP.o
 .group         0x00000000        0x8 ./Sources/SCP.o
 .group         0x00000000        0x8 ./Sources/SCP.o
 .group         0x00000000        0x8 ./Sources/SCP.o
 .group         0x00000000        0x8 ./Sources/SCP.o
 .group         0x00000000        0x8 ./Sources/SCP.o
 .group         0x00000000        0x8 ./Sources/SCP.o
 .group         0x00000000        0x8 ./Sources/SCP.o
 .group         0x00000000        0x8 ./Sources/SCP.o
 .group         0x00000000        0x8 ./Sources/SCP.o
 .group         0x00000000        0x8 ./Sources/SCP.o
 .group         0x00000000        0x8 ./Sources/SCP.o
 .group         0x00000000        0x8 ./Sources/SCP.o
 .text          0x00000000        0x0 ./Sources/SCP.o
 .data          0x00000000        0x0 ./Sources/SCP.o
 .bss           0x00000000        0x0 ./Sources/SCP.o
 .debug_macro   0x00000000      0x850 ./Sources/SCP.o
 .debug_macro   0x00000000       0x16 ./Sources/SCP.o
 .debug_macro   0x00000000       0x44 ./Sources/SCP.o
 .debug_macro   0x00000000      0x209 ./Sources/SCP.o
 .debug_macro   0x00000000       0x22 ./Sources/SCP.o
 .debug_macro   0x00000000       0x28 ./Sources/SCP.o
 .debug_macro   0x00000000      0x14e ./Sources/SCP.o
 .debug_macro   0x00000000       0x64 ./Sources/SCP.o
 .debug_macro   0x00000000    0x174c1 ./Sources/SCP.o
 .debug_macro   0x00000000       0x9a ./Sources/SCP.o
 .debug_macro   0x00000000     0x17f8 ./Sources/SCP.o
 .group         0x00000000        0x8 ./Sources/accel.o
 .group         0x00000000        0x8 ./Sources/accel.o
 .group         0x00000000        0x8 ./Sources/accel.o
 .group         0x00000000        0x8 ./Sources/accel.o
 .group         0x00000000        0x8 ./Sources/accel.o
 .group         0x00000000        0x8 ./Sources/accel.o
 .group         0x00000000        0x8 ./Sources/accel.o
 .group         0x00000000        0x8 ./Sources/accel.o
 .group         0x00000000        0x8 ./Sources/accel.o
 .group         0x00000000        0x8 ./Sources/accel.o
 .group         0x00000000        0x8 ./Sources/accel.o
 .group         0x00000000        0x8 ./Sources/accel.o
 .text          0x00000000        0x0 ./Sources/accel.o
 .data          0x00000000        0x0 ./Sources/accel.o
 .bss           0x00000000        0x0 ./Sources/accel.o
 .bss.INT_SOURCE_Union
                0x00000000        0x4 ./Sources/accel.o
 .bss.CTRL_REG3_Union
                0x00000000        0x4 ./Sources/accel.o
 .debug_macro   0x00000000      0x850 ./Sources/accel.o
 .debug_macro   0x00000000       0x16 ./Sources/accel.o
 .debug_macro   0x00000000       0x44 ./Sources/accel.o
 .debug_macro   0x00000000      0x209 ./Sources/accel.o
 .debug_macro   0x00000000       0x22 ./Sources/accel.o
 .debug_macro   0x00000000       0x40 ./Sources/accel.o
 .debug_macro   0x00000000    0x174c1 ./Sources/accel.o
 .debug_macro   0x00000000       0x28 ./Sources/accel.o
 .debug_macro   0x00000000     0x17f8 ./Sources/accel.o
 .debug_macro   0x00000000      0x14e ./Sources/accel.o
 .debug_macro   0x00000000       0x64 ./Sources/accel.o
 .group         0x00000000        0x8 ./Sources/main.o
 .group         0x00000000        0x8 ./Sources/main.o
 .group         0x00000000        0x8 ./Sources/main.o
 .group         0x00000000        0x8 ./Sources/main.o
 .group         0x00000000        0x8 ./Sources/main.o
 .group         0x00000000        0x8 ./Sources/main.o
 .group         0x00000000        0x8 ./Sources/main.o
 .group         0x00000000        0x8 ./Sources/main.o
 .group         0x00000000        0x8 ./Sources/main.o
 .group         0x00000000        0x8 ./Sources/main.o
 .group         0x00000000        0x8 ./Sources/main.o
 .group         0x00000000        0x8 ./Sources/main.o
 .group         0x00000000        0x8 ./Sources/main.o
 .group         0x00000000        0x8 ./Sources/main.o
 .group         0x00000000        0x8 ./Sources/main.o
 .text          0x00000000        0x0 ./Sources/main.o
 .data          0x00000000        0x0 ./Sources/main.o
 .bss           0x00000000        0x0 ./Sources/main.o
 .bss.lastaccelerometervalues.6763
                0x00000000        0x4 ./Sources/main.o
 .debug_macro   0x00000000      0x850 ./Sources/main.o
 .debug_macro   0x00000000       0x16 ./Sources/main.o
 .debug_macro   0x00000000       0x44 ./Sources/main.o
 .debug_macro   0x00000000      0x209 ./Sources/main.o
 .debug_macro   0x00000000     0x17f8 ./Sources/main.o
 .debug_macro   0x00000000      0x14e ./Sources/main.o
 .debug_macro   0x00000000       0x64 ./Sources/main.o
 .debug_macro   0x00000000    0x174c1 ./Sources/main.o
 .debug_macro   0x00000000       0x9a ./Sources/main.o
 .debug_macro   0x00000000       0x22 ./Sources/main.o
 .debug_macro   0x00000000       0x3a ./Sources/main.o
 .debug_macro   0x00000000       0x40 ./Sources/main.o
 .group         0x00000000        0x8 ./Sources/median.o
 .group         0x00000000        0x8 ./Sources/median.o
 .group         0x00000000        0x8 ./Sources/median.o
 .group         0x00000000        0x8 ./Sources/median.o
 .group         0x00000000        0x8 ./Sources/median.o
 .text          0x00000000        0x0 ./Sources/median.o
 .data          0x00000000        0x0 ./Sources/median.o
 .bss           0x00000000        0x0 ./Sources/median.o
 .debug_macro   0x00000000      0x850 ./Sources/median.o
 .debug_macro   0x00000000       0x16 ./Sources/median.o
 .debug_macro   0x00000000       0x44 ./Sources/median.o
 .debug_macro   0x00000000      0x209 ./Sources/median.o
 .debug_macro   0x00000000       0x22 ./Sources/median.o
 .group         0x00000000        0x8 ./Project_Settings/Startup_Code/startup.o
 .group         0x00000000        0x8 ./Project_Settings/Startup_Code/startup.o
 .group         0x00000000        0x8 ./Project_Settings/Startup_Code/startup.o
 .group         0x00000000        0x8 ./Project_Settings/Startup_Code/startup.o
 .group         0x00000000        0x8 ./Project_Settings/Startup_Code/startup.o
 .group         0x00000000        0x8 ./Project_Settings/Startup_Code/startup.o
 .group         0x00000000        0x8 ./Project_Settings/Startup_Code/startup.o
 .group         0x00000000        0x8 ./Project_Settings/Startup_Code/startup.o
 .group         0x00000000        0x8 ./Project_Settings/Startup_Code/startup.o
 .group         0x00000000        0x8 ./Project_Settings/Startup_Code/startup.o
 .group         0x00000000        0x8 ./Project_Settings/Startup_Code/startup.o
 .group         0x00000000        0x8 ./Project_Settings/Startup_Code/startup.o
 .group         0x00000000        0x8 ./Project_Settings/Startup_Code/startup.o
 .group         0x00000000        0x8 ./Project_Settings/Startup_Code/startup.o
 .group         0x00000000        0x8 ./Project_Settings/Startup_Code/startup.o
 .group         0x00000000        0x8 ./Project_Settings/Startup_Code/startup.o
 .group         0x00000000        0x8 ./Project_Settings/Startup_Code/startup.o
 .group         0x00000000        0x8 ./Project_Settings/Startup_Code/startup.o
 .group         0x00000000        0x8 ./Project_Settings/Startup_Code/startup.o
 .text          0x00000000        0x0 ./Project_Settings/Startup_Code/startup.o
 .data          0x00000000        0x0 ./Project_Settings/Startup_Code/startup.o
 .bss           0x00000000        0x0 ./Project_Settings/Startup_Code/startup.o
 .text.__init_hardware
                0x00000000        0xc ./Project_Settings/Startup_Code/startup.o
 .text.__iar_program_start
                0x00000000        0xc ./Project_Settings/Startup_Code/startup.o
 .debug_macro   0x00000000      0x850 ./Project_Settings/Startup_Code/startup.o
 .debug_macro   0x00000000       0x58 ./Project_Settings/Startup_Code/startup.o
 .debug_macro   0x00000000       0x16 ./Project_Settings/Startup_Code/startup.o
 .debug_macro   0x00000000       0x35 ./Project_Settings/Startup_Code/startup.o
 .debug_macro   0x00000000       0xa3 ./Project_Settings/Startup_Code/startup.o
 .debug_macro   0x00000000       0x52 ./Project_Settings/Startup_Code/startup.o
 .debug_macro   0x00000000       0x16 ./Project_Settings/Startup_Code/startup.o
 .debug_macro   0x00000000       0x43 ./Project_Settings/Startup_Code/startup.o
 .debug_macro   0x00000000      0x180 ./Project_Settings/Startup_Code/startup.o
 .debug_macro   0x00000000       0x16 ./Project_Settings/Startup_Code/startup.o
 .debug_macro   0x00000000       0x22 ./Project_Settings/Startup_Code/startup.o
 .group         0x00000000        0x8 ./Generated_Code/Cpu.o
 .group         0x00000000        0x8 ./Generated_Code/Cpu.o
 .group         0x00000000        0x8 ./Generated_Code/Cpu.o
 .group         0x00000000        0x8 ./Generated_Code/Cpu.o
 .group         0x00000000        0x8 ./Generated_Code/Cpu.o
 .group         0x00000000        0x8 ./Generated_Code/Cpu.o
 .group         0x00000000        0x8 ./Generated_Code/Cpu.o
 .group         0x00000000        0x8 ./Generated_Code/Cpu.o
 .group         0x00000000        0x8 ./Generated_Code/Cpu.o
 .group         0x00000000        0x8 ./Generated_Code/Cpu.o
 .text          0x00000000        0x0 ./Generated_Code/Cpu.o
 .data          0x00000000        0x0 ./Generated_Code/Cpu.o
 .bss           0x00000000        0x0 ./Generated_Code/Cpu.o
 .debug_macro   0x00000000      0x850 ./Generated_Code/Cpu.o
 .debug_macro   0x00000000       0x16 ./Generated_Code/Cpu.o
 .debug_macro   0x00000000       0x44 ./Generated_Code/Cpu.o
 .debug_macro   0x00000000      0x209 ./Generated_Code/Cpu.o
 .debug_macro   0x00000000       0x22 ./Generated_Code/Cpu.o
 .debug_macro   0x00000000      0x14e ./Generated_Code/Cpu.o
 .debug_macro   0x00000000       0x64 ./Generated_Code/Cpu.o
 .debug_macro   0x00000000    0x174c1 ./Generated_Code/Cpu.o
 .debug_macro   0x00000000       0x9a ./Generated_Code/Cpu.o
 .debug_macro   0x00000000     0x17f8 ./Generated_Code/Cpu.o
 .group         0x00000000        0x8 ./Generated_Code/Vectors.o
 .group         0x00000000        0x8 ./Generated_Code/Vectors.o
 .group         0x00000000        0x8 ./Generated_Code/Vectors.o
 .group         0x00000000        0x8 ./Generated_Code/Vectors.o
 .group         0x00000000        0x8 ./Generated_Code/Vectors.o
 .group         0x00000000        0x8 ./Generated_Code/Vectors.o
 .group         0x00000000        0x8 ./Generated_Code/Vectors.o
 .group         0x00000000        0x8 ./Generated_Code/Vectors.o
 .group         0x00000000        0x8 ./Generated_Code/Vectors.o
 .group         0x00000000        0x8 ./Generated_Code/Vectors.o
 .group         0x00000000        0x8 ./Generated_Code/Vectors.o
 .text          0x00000000        0x0 ./Generated_Code/Vectors.o
 .data          0x00000000        0x0 ./Generated_Code/Vectors.o
 .bss           0x00000000        0x0 ./Generated_Code/Vectors.o
 .debug_macro   0x00000000      0x850 ./Generated_Code/Vectors.o
 .debug_macro   0x00000000       0x16 ./Generated_Code/Vectors.o
 .debug_macro   0x00000000       0x44 ./Generated_Code/Vectors.o
 .debug_macro   0x00000000      0x209 ./Generated_Code/Vectors.o
 .debug_macro   0x00000000       0x22 ./Generated_Code/Vectors.o
 .debug_macro   0x00000000     0x17f8 ./Generated_Code/Vectors.o
 .debug_macro   0x00000000      0x14e ./Generated_Code/Vectors.o
 .debug_macro   0x00000000       0x64 ./Generated_Code/Vectors.o
 .debug_macro   0x00000000    0x174c1 ./Generated_Code/Vectors.o
 .debug_macro   0x00000000       0x9a ./Generated_Code/Vectors.o
 .debug_macro   0x00000000       0x22 ./Generated_Code/Vectors.o
 .group         0x00000000        0x8 C:\Users\12443166\Documents\git\es18aut35\Lab4withLab3Lib\Library\libLab3.a(FTM.o)
 .group         0x00000000        0x8 C:\Users\12443166\Documents\git\es18aut35\Lab4withLab3Lib\Library\libLab3.a(FTM.o)
 .group         0x00000000        0x8 C:\Users\12443166\Documents\git\es18aut35\Lab4withLab3Lib\Library\libLab3.a(FTM.o)
 .group         0x00000000        0x8 C:\Users\12443166\Documents\git\es18aut35\Lab4withLab3Lib\Library\libLab3.a(FTM.o)
 .group         0x00000000        0x8 C:\Users\12443166\Documents\git\es18aut35\Lab4withLab3Lib\Library\libLab3.a(FTM.o)
 .group         0x00000000        0x8 C:\Users\12443166\Documents\git\es18aut35\Lab4withLab3Lib\Library\libLab3.a(FTM.o)
 .group         0x00000000        0x8 C:\Users\12443166\Documents\git\es18aut35\Lab4withLab3Lib\Library\libLab3.a(FTM.o)
 .text          0x00000000        0x0 C:\Users\12443166\Documents\git\es18aut35\Lab4withLab3Lib\Library\libLab3.a(FTM.o)
 .data          0x00000000        0x0 C:\Users\12443166\Documents\git\es18aut35\Lab4withLab3Lib\Library\libLab3.a(FTM.o)
 .bss           0x00000000        0x0 C:\Users\12443166\Documents\git\es18aut35\Lab4withLab3Lib\Library\libLab3.a(FTM.o)
 .debug_macro   0x00000000      0x850 C:\Users\12443166\Documents\git\es18aut35\Lab4withLab3Lib\Library\libLab3.a(FTM.o)
 .debug_macro   0x00000000       0x16 C:\Users\12443166\Documents\git\es18aut35\Lab4withLab3Lib\Library\libLab3.a(FTM.o)
 .debug_macro   0x00000000       0x44 C:\Users\12443166\Documents\git\es18aut35\Lab4withLab3Lib\Library\libLab3.a(FTM.o)
 .debug_macro   0x00000000      0x209 C:\Users\12443166\Documents\git\es18aut35\Lab4withLab3Lib\Library\libLab3.a(FTM.o)
 .debug_macro   0x00000000       0x22 C:\Users\12443166\Documents\git\es18aut35\Lab4withLab3Lib\Library\libLab3.a(FTM.o)
 .debug_macro   0x00000000    0x174c1 C:\Users\12443166\Documents\git\es18aut35\Lab4withLab3Lib\Library\libLab3.a(FTM.o)
 .group         0x00000000        0x8 C:\Users\12443166\Documents\git\es18aut35\Lab4withLab3Lib\Library\libLab3.a(Flash.o)
 .group         0x00000000        0x8 C:\Users\12443166\Documents\git\es18aut35\Lab4withLab3Lib\Library\libLab3.a(Flash.o)
 .group         0x00000000        0x8 C:\Users\12443166\Documents\git\es18aut35\Lab4withLab3Lib\Library\libLab3.a(Flash.o)
 .group         0x00000000        0x8 C:\Users\12443166\Documents\git\es18aut35\Lab4withLab3Lib\Library\libLab3.a(Flash.o)
 .group         0x00000000        0x8 C:\Users\12443166\Documents\git\es18aut35\Lab4withLab3Lib\Library\libLab3.a(Flash.o)
 .group         0x00000000        0x8 C:\Users\12443166\Documents\git\es18aut35\Lab4withLab3Lib\Library\libLab3.a(Flash.o)
 .group         0x00000000        0x8 C:\Users\12443166\Documents\git\es18aut35\Lab4withLab3Lib\Library\libLab3.a(Flash.o)
 .group         0x00000000        0x8 C:\Users\12443166\Documents\git\es18aut35\Lab4withLab3Lib\Library\libLab3.a(Flash.o)
 .text          0x00000000        0x0 C:\Users\12443166\Documents\git\es18aut35\Lab4withLab3Lib\Library\libLab3.a(Flash.o)
 .data          0x00000000        0x0 C:\Users\12443166\Documents\git\es18aut35\Lab4withLab3Lib\Library\libLab3.a(Flash.o)
 .bss           0x00000000        0x0 C:\Users\12443166\Documents\git\es18aut35\Lab4withLab3Lib\Library\libLab3.a(Flash.o)
 .rodata.FCMD_PROGRAM_PHRASE
                0x00000000        0x1 C:\Users\12443166\Documents\git\es18aut35\Lab4withLab3Lib\Library\libLab3.a(Flash.o)
 .rodata.FCMD_ERASE_BLOCK
                0x00000000        0x1 C:\Users\12443166\Documents\git\es18aut35\Lab4withLab3Lib\Library\libLab3.a(Flash.o)
 .rodata.FCMD_ERASE_SECTOR
                0x00000000        0x1 C:\Users\12443166\Documents\git\es18aut35\Lab4withLab3Lib\Library\libLab3.a(Flash.o)
 .debug_macro   0x00000000      0x850 C:\Users\12443166\Documents\git\es18aut35\Lab4withLab3Lib\Library\libLab3.a(Flash.o)
 .debug_macro   0x00000000       0x16 C:\Users\12443166\Documents\git\es18aut35\Lab4withLab3Lib\Library\libLab3.a(Flash.o)
 .debug_macro   0x00000000       0x44 C:\Users\12443166\Documents\git\es18aut35\Lab4withLab3Lib\Library\libLab3.a(Flash.o)
 .debug_macro   0x00000000      0x209 C:\Users\12443166\Documents\git\es18aut35\Lab4withLab3Lib\Library\libLab3.a(Flash.o)
 .debug_macro   0x00000000       0x22 C:\Users\12443166\Documents\git\es18aut35\Lab4withLab3Lib\Library\libLab3.a(Flash.o)
 .debug_macro   0x00000000       0x28 C:\Users\12443166\Documents\git\es18aut35\Lab4withLab3Lib\Library\libLab3.a(Flash.o)
 .debug_macro   0x00000000    0x174c1 C:\Users\12443166\Documents\git\es18aut35\Lab4withLab3Lib\Library\libLab3.a(Flash.o)
 .debug_macro   0x00000000      0x166 C:\Users\12443166\Documents\git\es18aut35\Lab4withLab3Lib\Library\libLab3.a(Flash.o)
 .group         0x00000000        0x8 C:\Users\12443166\Documents\git\es18aut35\Lab4withLab3Lib\Library\libLab3.a(LEDs.o)
 .group         0x00000000        0x8 C:\Users\12443166\Documents\git\es18aut35\Lab4withLab3Lib\Library\libLab3.a(LEDs.o)
 .group         0x00000000        0x8 C:\Users\12443166\Documents\git\es18aut35\Lab4withLab3Lib\Library\libLab3.a(LEDs.o)
 .group         0x00000000        0x8 C:\Users\12443166\Documents\git\es18aut35\Lab4withLab3Lib\Library\libLab3.a(LEDs.o)
 .group         0x00000000        0x8 C:\Users\12443166\Documents\git\es18aut35\Lab4withLab3Lib\Library\libLab3.a(LEDs.o)
 .group         0x00000000        0x8 C:\Users\12443166\Documents\git\es18aut35\Lab4withLab3Lib\Library\libLab3.a(LEDs.o)
 .text          0x00000000        0x0 C:\Users\12443166\Documents\git\es18aut35\Lab4withLab3Lib\Library\libLab3.a(LEDs.o)
 .data          0x00000000        0x0 C:\Users\12443166\Documents\git\es18aut35\Lab4withLab3Lib\Library\libLab3.a(LEDs.o)
 .bss           0x00000000        0x0 C:\Users\12443166\Documents\git\es18aut35\Lab4withLab3Lib\Library\libLab3.a(LEDs.o)
 .text.LEDs_Off
                0x00000000       0x1c C:\Users\12443166\Documents\git\es18aut35\Lab4withLab3Lib\Library\libLab3.a(LEDs.o)
 .debug_macro   0x00000000      0x850 C:\Users\12443166\Documents\git\es18aut35\Lab4withLab3Lib\Library\libLab3.a(LEDs.o)
 .debug_macro   0x00000000       0x16 C:\Users\12443166\Documents\git\es18aut35\Lab4withLab3Lib\Library\libLab3.a(LEDs.o)
 .debug_macro   0x00000000       0x44 C:\Users\12443166\Documents\git\es18aut35\Lab4withLab3Lib\Library\libLab3.a(LEDs.o)
 .debug_macro   0x00000000      0x209 C:\Users\12443166\Documents\git\es18aut35\Lab4withLab3Lib\Library\libLab3.a(LEDs.o)
 .debug_macro   0x00000000       0x22 C:\Users\12443166\Documents\git\es18aut35\Lab4withLab3Lib\Library\libLab3.a(LEDs.o)
 .debug_macro   0x00000000    0x174c1 C:\Users\12443166\Documents\git\es18aut35\Lab4withLab3Lib\Library\libLab3.a(LEDs.o)
 .group         0x00000000        0x8 C:\Users\12443166\Documents\git\es18aut35\Lab4withLab3Lib\Library\libLab3.a(PIT.o)
 .group         0x00000000        0x8 C:\Users\12443166\Documents\git\es18aut35\Lab4withLab3Lib\Library\libLab3.a(PIT.o)
 .group         0x00000000        0x8 C:\Users\12443166\Documents\git\es18aut35\Lab4withLab3Lib\Library\libLab3.a(PIT.o)
 .group         0x00000000        0x8 C:\Users\12443166\Documents\git\es18aut35\Lab4withLab3Lib\Library\libLab3.a(PIT.o)
 .group         0x00000000        0x8 C:\Users\12443166\Documents\git\es18aut35\Lab4withLab3Lib\Library\libLab3.a(PIT.o)
 .group         0x00000000        0x8 C:\Users\12443166\Documents\git\es18aut35\Lab4withLab3Lib\Library\libLab3.a(PIT.o)
 .text          0x00000000        0x0 C:\Users\12443166\Documents\git\es18aut35\Lab4withLab3Lib\Library\libLab3.a(PIT.o)
 .data          0x00000000        0x0 C:\Users\12443166\Documents\git\es18aut35\Lab4withLab3Lib\Library\libLab3.a(PIT.o)
 .bss           0x00000000        0x0 C:\Users\12443166\Documents\git\es18aut35\Lab4withLab3Lib\Library\libLab3.a(PIT.o)
 .debug_macro   0x00000000      0x850 C:\Users\12443166\Documents\git\es18aut35\Lab4withLab3Lib\Library\libLab3.a(PIT.o)
 .debug_macro   0x00000000       0x16 C:\Users\12443166\Documents\git\es18aut35\Lab4withLab3Lib\Library\libLab3.a(PIT.o)
 .debug_macro   0x00000000       0x44 C:\Users\12443166\Documents\git\es18aut35\Lab4withLab3Lib\Library\libLab3.a(PIT.o)
 .debug_macro   0x00000000      0x209 C:\Users\12443166\Documents\git\es18aut35\Lab4withLab3Lib\Library\libLab3.a(PIT.o)
 .debug_macro   0x00000000       0x22 C:\Users\12443166\Documents\git\es18aut35\Lab4withLab3Lib\Library\libLab3.a(PIT.o)
 .debug_macro   0x00000000    0x174c1 C:\Users\12443166\Documents\git\es18aut35\Lab4withLab3Lib\Library\libLab3.a(PIT.o)
 .group         0x00000000        0x8 C:\Users\12443166\Documents\git\es18aut35\Lab4withLab3Lib\Library\libLab3.a(RTC.o)
 .group         0x00000000        0x8 C:\Users\12443166\Documents\git\es18aut35\Lab4withLab3Lib\Library\libLab3.a(RTC.o)
 .group         0x00000000        0x8 C:\Users\12443166\Documents\git\es18aut35\Lab4withLab3Lib\Library\libLab3.a(RTC.o)
 .group         0x00000000        0x8 C:\Users\12443166\Documents\git\es18aut35\Lab4withLab3Lib\Library\libLab3.a(RTC.o)
 .group         0x00000000        0x8 C:\Users\12443166\Documents\git\es18aut35\Lab4withLab3Lib\Library\libLab3.a(RTC.o)
 .group         0x00000000        0x8 C:\Users\12443166\Documents\git\es18aut35\Lab4withLab3Lib\Library\libLab3.a(RTC.o)
 .group         0x00000000        0x8 C:\Users\12443166\Documents\git\es18aut35\Lab4withLab3Lib\Library\libLab3.a(RTC.o)
 .group         0x00000000        0x8 C:\Users\12443166\Documents\git\es18aut35\Lab4withLab3Lib\Library\libLab3.a(RTC.o)
 .group         0x00000000        0x8 C:\Users\12443166\Documents\git\es18aut35\Lab4withLab3Lib\Library\libLab3.a(RTC.o)
 .group         0x00000000        0x8 C:\Users\12443166\Documents\git\es18aut35\Lab4withLab3Lib\Library\libLab3.a(RTC.o)
 .text          0x00000000        0x0 C:\Users\12443166\Documents\git\es18aut35\Lab4withLab3Lib\Library\libLab3.a(RTC.o)
 .data          0x00000000        0x0 C:\Users\12443166\Documents\git\es18aut35\Lab4withLab3Lib\Library\libLab3.a(RTC.o)
 .bss           0x00000000        0x0 C:\Users\12443166\Documents\git\es18aut35\Lab4withLab3Lib\Library\libLab3.a(RTC.o)
 .debug_macro   0x00000000      0x850 C:\Users\12443166\Documents\git\es18aut35\Lab4withLab3Lib\Library\libLab3.a(RTC.o)
 .debug_macro   0x00000000       0x16 C:\Users\12443166\Documents\git\es18aut35\Lab4withLab3Lib\Library\libLab3.a(RTC.o)
 .debug_macro   0x00000000       0x44 C:\Users\12443166\Documents\git\es18aut35\Lab4withLab3Lib\Library\libLab3.a(RTC.o)
 .debug_macro   0x00000000      0x209 C:\Users\12443166\Documents\git\es18aut35\Lab4withLab3Lib\Library\libLab3.a(RTC.o)
 .debug_macro   0x00000000       0x22 C:\Users\12443166\Documents\git\es18aut35\Lab4withLab3Lib\Library\libLab3.a(RTC.o)
 .debug_macro   0x00000000    0x174c1 C:\Users\12443166\Documents\git\es18aut35\Lab4withLab3Lib\Library\libLab3.a(RTC.o)
 .debug_macro   0x00000000     0x1800 C:\Users\12443166\Documents\git\es18aut35\Lab4withLab3Lib\Library\libLab3.a(RTC.o)
 .debug_macro   0x00000000      0x14e C:\Users\12443166\Documents\git\es18aut35\Lab4withLab3Lib\Library\libLab3.a(RTC.o)
 .debug_macro   0x00000000       0x64 C:\Users\12443166\Documents\git\es18aut35\Lab4withLab3Lib\Library\libLab3.a(RTC.o)
 .group         0x00000000        0x8 C:\Users\12443166\Documents\git\es18aut35\Lab4withLab3Lib\Library\libLab3.a(UART.o)
 .group         0x00000000        0x8 C:\Users\12443166\Documents\git\es18aut35\Lab4withLab3Lib\Library\libLab3.a(UART.o)
 .group         0x00000000        0x8 C:\Users\12443166\Documents\git\es18aut35\Lab4withLab3Lib\Library\libLab3.a(UART.o)
 .group         0x00000000        0x8 C:\Users\12443166\Documents\git\es18aut35\Lab4withLab3Lib\Library\libLab3.a(UART.o)
 .group         0x00000000        0x8 C:\Users\12443166\Documents\git\es18aut35\Lab4withLab3Lib\Library\libLab3.a(UART.o)
 .group         0x00000000        0x8 C:\Users\12443166\Documents\git\es18aut35\Lab4withLab3Lib\Library\libLab3.a(UART.o)
 .group         0x00000000        0x8 C:\Users\12443166\Documents\git\es18aut35\Lab4withLab3Lib\Library\libLab3.a(UART.o)
 .group         0x00000000        0x8 C:\Users\12443166\Documents\git\es18aut35\Lab4withLab3Lib\Library\libLab3.a(UART.o)
 .group         0x00000000        0x8 C:\Users\12443166\Documents\git\es18aut35\Lab4withLab3Lib\Library\libLab3.a(UART.o)
 .group         0x00000000        0x8 C:\Users\12443166\Documents\git\es18aut35\Lab4withLab3Lib\Library\libLab3.a(UART.o)
 .group         0x00000000        0x8 C:\Users\12443166\Documents\git\es18aut35\Lab4withLab3Lib\Library\libLab3.a(UART.o)
 .text          0x00000000        0x0 C:\Users\12443166\Documents\git\es18aut35\Lab4withLab3Lib\Library\libLab3.a(UART.o)
 .data          0x00000000        0x0 C:\Users\12443166\Documents\git\es18aut35\Lab4withLab3Lib\Library\libLab3.a(UART.o)
 .bss           0x00000000        0x0 C:\Users\12443166\Documents\git\es18aut35\Lab4withLab3Lib\Library\libLab3.a(UART.o)
 .text.UART_Poll
                0x00000000       0x48 C:\Users\12443166\Documents\git\es18aut35\Lab4withLab3Lib\Library\libLab3.a(UART.o)
 .debug_macro   0x00000000      0x850 C:\Users\12443166\Documents\git\es18aut35\Lab4withLab3Lib\Library\libLab3.a(UART.o)
 .debug_macro   0x00000000       0x16 C:\Users\12443166\Documents\git\es18aut35\Lab4withLab3Lib\Library\libLab3.a(UART.o)
 .debug_macro   0x00000000       0x44 C:\Users\12443166\Documents\git\es18aut35\Lab4withLab3Lib\Library\libLab3.a(UART.o)
 .debug_macro   0x00000000      0x209 C:\Users\12443166\Documents\git\es18aut35\Lab4withLab3Lib\Library\libLab3.a(UART.o)
 .debug_macro   0x00000000       0x22 C:\Users\12443166\Documents\git\es18aut35\Lab4withLab3Lib\Library\libLab3.a(UART.o)
 .debug_macro   0x00000000       0x10 C:\Users\12443166\Documents\git\es18aut35\Lab4withLab3Lib\Library\libLab3.a(UART.o)
 .debug_macro   0x00000000    0x174c1 C:\Users\12443166\Documents\git\es18aut35\Lab4withLab3Lib\Library\libLab3.a(UART.o)
 .debug_macro   0x00000000     0x1800 C:\Users\12443166\Documents\git\es18aut35\Lab4withLab3Lib\Library\libLab3.a(UART.o)
 .debug_macro   0x00000000      0x14e C:\Users\12443166\Documents\git\es18aut35\Lab4withLab3Lib\Library\libLab3.a(UART.o)
 .debug_macro   0x00000000       0x64 C:\Users\12443166\Documents\git\es18aut35\Lab4withLab3Lib\Library\libLab3.a(UART.o)
 .debug_macro   0x00000000       0x94 C:\Users\12443166\Documents\git\es18aut35\Lab4withLab3Lib\Library\libLab3.a(UART.o)
 .group         0x00000000        0x8 C:\Users\12443166\Documents\git\es18aut35\Lab4withLab3Lib\Library\libLab3.a(packet.o)
 .group         0x00000000        0x8 C:\Users\12443166\Documents\git\es18aut35\Lab4withLab3Lib\Library\libLab3.a(packet.o)
 .group         0x00000000        0x8 C:\Users\12443166\Documents\git\es18aut35\Lab4withLab3Lib\Library\libLab3.a(packet.o)
 .group         0x00000000        0x8 C:\Users\12443166\Documents\git\es18aut35\Lab4withLab3Lib\Library\libLab3.a(packet.o)
 .group         0x00000000        0x8 C:\Users\12443166\Documents\git\es18aut35\Lab4withLab3Lib\Library\libLab3.a(packet.o)
 .group         0x00000000        0x8 C:\Users\12443166\Documents\git\es18aut35\Lab4withLab3Lib\Library\libLab3.a(packet.o)
 .text          0x00000000        0x0 C:\Users\12443166\Documents\git\es18aut35\Lab4withLab3Lib\Library\libLab3.a(packet.o)
 .data          0x00000000        0x0 C:\Users\12443166\Documents\git\es18aut35\Lab4withLab3Lib\Library\libLab3.a(packet.o)
 .bss           0x00000000        0x0 C:\Users\12443166\Documents\git\es18aut35\Lab4withLab3Lib\Library\libLab3.a(packet.o)
 .rodata.NB_BYTES_PER_PACKET
                0x00000000        0x1 C:\Users\12443166\Documents\git\es18aut35\Lab4withLab3Lib\Library\libLab3.a(packet.o)
 .debug_macro   0x00000000      0x850 C:\Users\12443166\Documents\git\es18aut35\Lab4withLab3Lib\Library\libLab3.a(packet.o)
 .debug_macro   0x00000000       0x16 C:\Users\12443166\Documents\git\es18aut35\Lab4withLab3Lib\Library\libLab3.a(packet.o)
 .debug_macro   0x00000000       0x44 C:\Users\12443166\Documents\git\es18aut35\Lab4withLab3Lib\Library\libLab3.a(packet.o)
 .debug_macro   0x00000000      0x209 C:\Users\12443166\Documents\git\es18aut35\Lab4withLab3Lib\Library\libLab3.a(packet.o)
 .debug_macro   0x00000000       0x22 C:\Users\12443166\Documents\git\es18aut35\Lab4withLab3Lib\Library\libLab3.a(packet.o)
 .group         0x00000000        0x8 C:\Users\12443166\Documents\git\es18aut35\Lab4withLab3Lib\Library\libLab3.a(FIFO.o)
 .group         0x00000000        0x8 C:\Users\12443166\Documents\git\es18aut35\Lab4withLab3Lib\Library\libLab3.a(FIFO.o)
 .group         0x00000000        0x8 C:\Users\12443166\Documents\git\es18aut35\Lab4withLab3Lib\Library\libLab3.a(FIFO.o)
 .group         0x00000000        0x8 C:\Users\12443166\Documents\git\es18aut35\Lab4withLab3Lib\Library\libLab3.a(FIFO.o)
 .group         0x00000000        0x8 C:\Users\12443166\Documents\git\es18aut35\Lab4withLab3Lib\Library\libLab3.a(FIFO.o)
 .group         0x00000000        0x8 C:\Users\12443166\Documents\git\es18aut35\Lab4withLab3Lib\Library\libLab3.a(FIFO.o)
 .group         0x00000000        0x8 C:\Users\12443166\Documents\git\es18aut35\Lab4withLab3Lib\Library\libLab3.a(FIFO.o)
 .group         0x00000000        0x8 C:\Users\12443166\Documents\git\es18aut35\Lab4withLab3Lib\Library\libLab3.a(FIFO.o)
 .group         0x00000000        0x8 C:\Users\12443166\Documents\git\es18aut35\Lab4withLab3Lib\Library\libLab3.a(FIFO.o)
 .group         0x00000000        0x8 C:\Users\12443166\Documents\git\es18aut35\Lab4withLab3Lib\Library\libLab3.a(FIFO.o)
 .text          0x00000000        0x0 C:\Users\12443166\Documents\git\es18aut35\Lab4withLab3Lib\Library\libLab3.a(FIFO.o)
 .data          0x00000000        0x0 C:\Users\12443166\Documents\git\es18aut35\Lab4withLab3Lib\Library\libLab3.a(FIFO.o)
 .bss           0x00000000        0x0 C:\Users\12443166\Documents\git\es18aut35\Lab4withLab3Lib\Library\libLab3.a(FIFO.o)
 .debug_macro   0x00000000      0x850 C:\Users\12443166\Documents\git\es18aut35\Lab4withLab3Lib\Library\libLab3.a(FIFO.o)
 .debug_macro   0x00000000       0x16 C:\Users\12443166\Documents\git\es18aut35\Lab4withLab3Lib\Library\libLab3.a(FIFO.o)
 .debug_macro   0x00000000       0x44 C:\Users\12443166\Documents\git\es18aut35\Lab4withLab3Lib\Library\libLab3.a(FIFO.o)
 .debug_macro   0x00000000      0x209 C:\Users\12443166\Documents\git\es18aut35\Lab4withLab3Lib\Library\libLab3.a(FIFO.o)
 .debug_macro   0x00000000       0x22 C:\Users\12443166\Documents\git\es18aut35\Lab4withLab3Lib\Library\libLab3.a(FIFO.o)
 .debug_macro   0x00000000     0x1800 C:\Users\12443166\Documents\git\es18aut35\Lab4withLab3Lib\Library\libLab3.a(FIFO.o)
 .debug_macro   0x00000000      0x14e C:\Users\12443166\Documents\git\es18aut35\Lab4withLab3Lib\Library\libLab3.a(FIFO.o)
 .debug_macro   0x00000000       0x64 C:\Users\12443166\Documents\git\es18aut35\Lab4withLab3Lib\Library\libLab3.a(FIFO.o)
 .debug_macro   0x00000000    0x174c1 C:\Users\12443166\Documents\git\es18aut35\Lab4withLab3Lib\Library\libLab3.a(FIFO.o)
 .debug_macro   0x00000000       0x94 C:\Users\12443166\Documents\git\es18aut35\Lab4withLab3Lib\Library\libLab3.a(FIFO.o)
 .text          0x00000000        0x0 c:/freescale/kds_3.0.0/toolchain/bin/../lib/gcc/arm-none-eabi/4.8.4/../../../../arm-none-eabi/lib/armv7e-m/fpu\libg_s.a(lib_a-exit.o)
 .data          0x00000000        0x0 c:/freescale/kds_3.0.0/toolchain/bin/../lib/gcc/arm-none-eabi/4.8.4/../../../../arm-none-eabi/lib/armv7e-m/fpu\libg_s.a(lib_a-exit.o)
 .bss           0x00000000        0x0 c:/freescale/kds_3.0.0/toolchain/bin/../lib/gcc/arm-none-eabi/4.8.4/../../../../arm-none-eabi/lib/armv7e-m/fpu\libg_s.a(lib_a-exit.o)
 .text          0x00000000        0x0 c:/freescale/kds_3.0.0/toolchain/bin/../lib/gcc/arm-none-eabi/4.8.4/../../../../arm-none-eabi/lib/armv7e-m/fpu\libg_s.a(lib_a-impure.o)
 .data          0x00000000        0x0 c:/freescale/kds_3.0.0/toolchain/bin/../lib/gcc/arm-none-eabi/4.8.4/../../../../arm-none-eabi/lib/armv7e-m/fpu\libg_s.a(lib_a-impure.o)
 .bss           0x00000000        0x0 c:/freescale/kds_3.0.0/toolchain/bin/../lib/gcc/arm-none-eabi/4.8.4/../../../../arm-none-eabi/lib/armv7e-m/fpu\libg_s.a(lib_a-impure.o)
 .data._impure_ptr
                0x00000000        0x4 c:/freescale/kds_3.0.0/toolchain/bin/../lib/gcc/arm-none-eabi/4.8.4/../../../../arm-none-eabi/lib/armv7e-m/fpu\libg_s.a(lib_a-impure.o)
 .text          0x00000000        0x0 c:/freescale/kds_3.0.0/toolchain/bin/../lib/gcc/arm-none-eabi/4.8.4/../../../../arm-none-eabi/lib/armv7e-m/fpu\libg_s.a(lib_a-init.o)
 .data          0x00000000        0x0 c:/freescale/kds_3.0.0/toolchain/bin/../lib/gcc/arm-none-eabi/4.8.4/../../../../arm-none-eabi/lib/armv7e-m/fpu\libg_s.a(lib_a-init.o)
 .bss           0x00000000        0x0 c:/freescale/kds_3.0.0/toolchain/bin/../lib/gcc/arm-none-eabi/4.8.4/../../../../arm-none-eabi/lib/armv7e-m/fpu\libg_s.a(lib_a-init.o)
 .text          0x00000000        0x0 c:/freescale/kds_3.0.0/toolchain/bin/../lib/gcc/arm-none-eabi/4.8.4/../../../../arm-none-eabi/lib/armv7e-m/fpu\libg_s.a(lib_a-memset.o)
 .data          0x00000000        0x0 c:/freescale/kds_3.0.0/toolchain/bin/../lib/gcc/arm-none-eabi/4.8.4/../../../../arm-none-eabi/lib/armv7e-m/fpu\libg_s.a(lib_a-memset.o)
 .bss           0x00000000        0x0 c:/freescale/kds_3.0.0/toolchain/bin/../lib/gcc/arm-none-eabi/4.8.4/../../../../arm-none-eabi/lib/armv7e-m/fpu\libg_s.a(lib_a-memset.o)
 .text          0x00000000        0x0 c:/freescale/kds_3.0.0/toolchain/bin/../lib/gcc/arm-none-eabi/4.8.4/../../../../arm-none-eabi/lib/armv7e-m/fpu\libnosys.a(_exit.o)
 .data          0x00000000        0x0 c:/freescale/kds_3.0.0/toolchain/bin/../lib/gcc/arm-none-eabi/4.8.4/../../../../arm-none-eabi/lib/armv7e-m/fpu\libnosys.a(_exit.o)
 .bss           0x00000000        0x0 c:/freescale/kds_3.0.0/toolchain/bin/../lib/gcc/arm-none-eabi/4.8.4/../../../../arm-none-eabi/lib/armv7e-m/fpu\libnosys.a(_exit.o)
 .text          0x00000000        0x0 c:/freescale/kds_3.0.0/toolchain/bin/../lib/gcc/arm-none-eabi/4.8.4/armv7e-m/fpu/crtend.o
 .data          0x00000000        0x0 c:/freescale/kds_3.0.0/toolchain/bin/../lib/gcc/arm-none-eabi/4.8.4/armv7e-m/fpu/crtend.o
 .bss           0x00000000        0x0 c:/freescale/kds_3.0.0/toolchain/bin/../lib/gcc/arm-none-eabi/4.8.4/armv7e-m/fpu/crtend.o
 .eh_frame      0x00000000        0x4 c:/freescale/kds_3.0.0/toolchain/bin/../lib/gcc/arm-none-eabi/4.8.4/armv7e-m/fpu/crtend.o
 .jcr           0x00000000        0x4 c:/freescale/kds_3.0.0/toolchain/bin/../lib/gcc/arm-none-eabi/4.8.4/armv7e-m/fpu/crtend.o
 .ARM.attributes
                0x00000000       0x34 c:/freescale/kds_3.0.0/toolchain/bin/../lib/gcc/arm-none-eabi/4.8.4/armv7e-m/fpu/crtend.o
 .text          0x00000000        0x0 c:/freescale/kds_3.0.0/toolchain/bin/../lib/gcc/arm-none-eabi/4.8.4/armv7e-m/fpu/crtn.o
 .data          0x00000000        0x0 c:/freescale/kds_3.0.0/toolchain/bin/../lib/gcc/arm-none-eabi/4.8.4/armv7e-m/fpu/crtn.o
 .bss           0x00000000        0x0 c:/freescale/kds_3.0.0/toolchain/bin/../lib/gcc/arm-none-eabi/4.8.4/armv7e-m/fpu/crtn.o

Memory Configuration

Name             Origin             Length             Attributes
m_interrupts     0x00000000         0x000001e8         xr
m_text           0x00000410         0x0007fbf0         xr
m_data           0x1fff0000         0x00010000         rw
m_data_20000000  0x20000000         0x00010000         rw
m_cfmprotrom     0x00000400         0x00000010         xr
*default*        0x00000000         0xffffffff

Linker script and memory map

LOAD c:/freescale/kds_3.0.0/toolchain/bin/../lib/gcc/arm-none-eabi/4.8.4/armv7e-m/fpu/crti.o
LOAD c:/freescale/kds_3.0.0/toolchain/bin/../lib/gcc/arm-none-eabi/4.8.4/armv7e-m/fpu/crtbegin.o
LOAD c:/freescale/kds_3.0.0/toolchain/bin/../lib/gcc/arm-none-eabi/4.8.4/../../../../arm-none-eabi/lib/armv7e-m/fpu/crt0.o
LOAD ./Sources/I2C.o
LOAD ./Sources/SCP.o
LOAD ./Sources/accel.o
LOAD ./Sources/main.o
LOAD ./Sources/median.o
LOAD ./Project_Settings/Startup_Code/startup.o
LOAD ./Generated_Code/Cpu.o
LOAD ./Generated_Code/Vectors.o
LOAD C:\Users\12443166\Documents\git\es18aut35\Lab4withLab3Lib\Library\libLab3.a
LOAD c:/freescale/kds_3.0.0/toolchain/bin/../lib/gcc/arm-none-eabi/4.8.4/../../../../arm-none-eabi/lib/armv7e-m/fpu\libstdc++_s.a
LOAD c:/freescale/kds_3.0.0/toolchain/bin/../lib/gcc/arm-none-eabi/4.8.4/../../../../arm-none-eabi/lib/armv7e-m/fpu\libm.a
START GROUP
LOAD c:/freescale/kds_3.0.0/toolchain/bin/../lib/gcc/arm-none-eabi/4.8.4/armv7e-m/fpu\libgcc.a
LOAD c:/freescale/kds_3.0.0/toolchain/bin/../lib/gcc/arm-none-eabi/4.8.4/../../../../arm-none-eabi/lib/armv7e-m/fpu\libg_s.a
LOAD c:/freescale/kds_3.0.0/toolchain/bin/../lib/gcc/arm-none-eabi/4.8.4/../../../../arm-none-eabi/lib/armv7e-m/fpu\libc_s.a
END GROUP
START GROUP
LOAD c:/freescale/kds_3.0.0/toolchain/bin/../lib/gcc/arm-none-eabi/4.8.4/armv7e-m/fpu\libgcc.a
LOAD c:/freescale/kds_3.0.0/toolchain/bin/../lib/gcc/arm-none-eabi/4.8.4/../../../../arm-none-eabi/lib/armv7e-m/fpu\libc_s.a
LOAD c:/freescale/kds_3.0.0/toolchain/bin/../lib/gcc/arm-none-eabi/4.8.4/../../../../arm-none-eabi/lib/armv7e-m/fpu\libnosys.a
END GROUP
START GROUP
LOAD c:/freescale/kds_3.0.0/toolchain/bin/../lib/gcc/arm-none-eabi/4.8.4/armv7e-m/fpu\libgcc.a
LOAD c:/freescale/kds_3.0.0/toolchain/bin/../lib/gcc/arm-none-eabi/4.8.4/../../../../arm-none-eabi/lib/armv7e-m/fpu\libc_s.a
LOAD c:/freescale/kds_3.0.0/toolchain/bin/../lib/gcc/arm-none-eabi/4.8.4/../../../../arm-none-eabi/lib/armv7e-m/fpu\libnosys.a
END GROUP
LOAD c:/freescale/kds_3.0.0/toolchain/bin/../lib/gcc/arm-none-eabi/4.8.4/armv7e-m/fpu/crtend.o
LOAD c:/freescale/kds_3.0.0/toolchain/bin/../lib/gcc/arm-none-eabi/4.8.4/armv7e-m/fpu/crtn.o
                0x20000000                _estack = 0x20000000
                0x20000000                __SP_INIT = _estack
                0x20000000                __stack = _estack
                0x00000000                __heap_size = 0x0
                0x00000400                __stack_size = 0x400

.interrupts     0x00000000      0x1e8
                0x00000000                __vector_table = .
                0x00000000                . = ALIGN (0x4)
 *(.vectortable)
 .vectortable   0x00000000      0x1e8 ./Generated_Code/Vectors.o
                0x00000000                __vect_table
                0x000001e8                . = ALIGN (0x4)

.cfmprotect     0x00000400       0x10
                0x00000400                . = ALIGN (0x4)
 *(.cfmconfig)
 .cfmconfig     0x00000400       0x10 ./Generated_Code/Cpu.o
                0x00000400                _cfm
                0x00000410                . = ALIGN (0x4)

.text           0x00000410     0x2960
                0x00000410                . = ALIGN (0x4)
 *(.text)
 .text          0x00000410       0x54 c:/freescale/kds_3.0.0/toolchain/bin/../lib/gcc/arm-none-eabi/4.8.4/armv7e-m/fpu/crtbegin.o
 .text          0x00000464       0x74 c:/freescale/kds_3.0.0/toolchain/bin/../lib/gcc/arm-none-eabi/4.8.4/../../../../arm-none-eabi/lib/armv7e-m/fpu/crt0.o
                0x00000464                _start
                0x00000464                _mainCRTStartup
 *(.text*)
 .text.I2C_Init
                0x000004d8      0x120 ./Sources/I2C.o
                0x000004d8                I2C_Init
 .text.I2C_SelectSlaveDevice
                0x000005f8       0x20 ./Sources/I2C.o
                0x000005f8                I2C_SelectSlaveDevice
 .text.Start    0x00000618       0x30 ./Sources/I2C.o
 .text.WaitforAck
                0x00000648       0x30 ./Sources/I2C.o
 .text.Stop     0x00000678       0x20 ./Sources/I2C.o
 .text.I2C_Write
                0x00000698       0x5c ./Sources/I2C.o
                0x00000698                I2C_Write
 .text.I2C_PollRead
                0x000006f4      0x10c ./Sources/I2C.o
                0x000006f4                I2C_PollRead
 .text.I2C_IntRead
                0x00000800       0xa8 ./Sources/I2C.o
                0x00000800                I2C_IntRead
 .text.I2C_ISR  0x000008a8      0x1b0 ./Sources/I2C.o
                0x000008a8                I2C_ISR
 .text.SCP_SendStartUpValues
                0x00000a58       0x60 ./Sources/SCP.o
                0x00000a58                SCP_SendStartUpValues
 .text.SendVersion
                0x00000ab8       0x18 ./Sources/SCP.o
                0x00000ab8                SendVersion
 .text.HandleTowerNumber
                0x00000ad0       0x28 ./Sources/SCP.o
                0x00000ad0                HandleTowerNumber
 .text.SendTowerNumber
                0x00000af8       0x28 ./Sources/SCP.o
                0x00000af8                SendTowerNumber
 .text.SetTowerNumber
                0x00000b20       0x9c ./Sources/SCP.o
                0x00000b20                SetTowerNumber
 .text.HandleTowerMode
                0x00000bbc       0x28 ./Sources/SCP.o
                0x00000bbc                HandleTowerMode
 .text.SendTowerMode
                0x00000be4       0x28 ./Sources/SCP.o
                0x00000be4                SendTowerMode
 .text.SetTowerMode
                0x00000c0c       0x9c ./Sources/SCP.o
                0x00000c0c                SetTowerMode
 .text.ReadByte
                0x00000ca8       0x30 ./Sources/SCP.o
                0x00000ca8                ReadByte
 .text.ProgramByte
                0x00000cd8       0x34 ./Sources/SCP.o
                0x00000cd8                ProgramByte
 .text.SendTime
                0x00000d0c       0x38 ./Sources/SCP.o
                0x00000d0c                SendTime
 .text.SetTime  0x00000d44       0x28 ./Sources/SCP.o
                0x00000d44                SetTime
 .text.SendProtocolMode
                0x00000d6c       0x20 ./Sources/SCP.o
                0x00000d6c                SendProtocolMode
 .text.SetProtocolMode
                0x00000d8c       0x28 ./Sources/SCP.o
                0x00000d8c                SetProtocolMode
 .text.HandleProtocolMode
                0x00000db4       0x28 ./Sources/SCP.o
                0x00000db4                HandleProtocolMode
 .text.SendAccelValues
                0x00000ddc       0x24 ./Sources/SCP.o
                0x00000ddc                SendAccelValues
 .text.SCP_Acknowledgement_Required
                0x00000e00       0x30 ./Sources/SCP.o
                0x00000e00                SCP_Acknowledgement_Required
 .text.ACK      0x00000e30       0x24 ./Sources/SCP.o
                0x00000e30                ACK
 .text.NAK      0x00000e54       0x30 ./Sources/SCP.o
                0x00000e54                NAK
 .text.SCP_Packet_Handle
                0x00000e84       0xac ./Sources/SCP.o
                0x00000e84                SCP_Packet_Handle
 .text.SCP_Packet_Handle_Ack
                0x00000f30       0x34 ./Sources/SCP.o
                0x00000f30                SCP_Packet_Handle_Ack
 .text.Accel_Init
                0x00000f64       0xa8 ./Sources/accel.o
                0x00000f64                Accel_Init
 .text.Accel_ReadXYZ
                0x0000100c      0x138 ./Sources/accel.o
                0x0000100c                Accel_ReadXYZ
 .text.Accel_SetMode
                0x00001144      0x10c ./Sources/accel.o
                0x00001144                Accel_SetMode
 .text.AccelDataReady_ISR
                0x00001250       0x5c ./Sources/accel.o
                0x00001250                AccelDataReady_ISR
 .text.PITCallback
                0x000012ac       0x14 ./Sources/main.o
                0x000012ac                PITCallback
 .text.RTCCallback
                0x000012c0       0x1c ./Sources/main.o
                0x000012c0                RTCCallback
 .text.FTMCallback
                0x000012dc       0x18 ./Sources/main.o
                0x000012dc                FTMCallback
 .text.dataReadyCallback
                0x000012f4       0x18 ./Sources/main.o
                0x000012f4                dataReadyCallback
 .text.readCompleteCallback
                0x0000130c       0x24 ./Sources/main.o
                0x0000130c                readCompleteCallback
 .text.main     0x00001330      0x20c ./Sources/main.o
                0x00001330                main
 .text.Median_Filter3
                0x0000153c       0xac ./Sources/median.o
                0x0000153c                Median_Filter3
 .text.__copy_rom_section
                0x000015e8       0xe4 ./Project_Settings/Startup_Code/startup.o
                0x000015e8                __copy_rom_section
 .text.__copy_rom_sections_to_ram
                0x000016cc       0x9c ./Project_Settings/Startup_Code/startup.o
                0x000016cc                __copy_rom_sections_to_ram
 .text.__init_registers
                0x00001768       0x20 ./Project_Settings/Startup_Code/startup.o
                0x00001768                __init_registers
 .text.__init_user
                0x00001788        0xc ./Project_Settings/Startup_Code/startup.o
                0x00001788                __init_user
 .text.__thumb_startup
                0x00001794       0x34 ./Project_Settings/Startup_Code/startup.o
                0x00001794                __thumb_startup
 .text.Cpu_Interrupt
                0x000017c8       0x18 ./Generated_Code/Cpu.o
                0x000017c8                Cpu_Interrupt
 .text.__init_hardware
                0x000017e0      0x1cc ./Generated_Code/Cpu.o
                0x000017e0                __init_hardware
 .text.Cpu_SetBASEPRI
                0x000019ac       0x18 ./Generated_Code/Cpu.o
                0x000019ac                Cpu_SetBASEPRI
 .text.PE_low_level_init
                0x000019c4       0xe4 ./Generated_Code/Cpu.o
                0x000019c4                PE_low_level_init
 .text.FTM_Init
                0x00001aa8       0x98 C:\Users\12443166\Documents\git\es18aut35\Lab4withLab3Lib\Library\libLab3.a(FTM.o)
                0x00001aa8                FTM_Init
 .text.FTM_Set  0x00001b40       0xf0 C:\Users\12443166\Documents\git\es18aut35\Lab4withLab3Lib\Library\libLab3.a(FTM.o)
                0x00001b40                FTM_Set
 .text.FTM_StartTimer
                0x00001c30       0x8c C:\Users\12443166\Documents\git\es18aut35\Lab4withLab3Lib\Library\libLab3.a(FTM.o)
                0x00001c30                FTM_StartTimer
 .text.FTM0_ISR
                0x00001cbc       0xb8 C:\Users\12443166\Documents\git\es18aut35\Lab4withLab3Lib\Library\libLab3.a(FTM.o)
                0x00001cbc                FTM0_ISR
 .text.LaunchCommand
                0x00001d74       0x60 C:\Users\12443166\Documents\git\es18aut35\Lab4withLab3Lib\Library\libLab3.a(Flash.o)
 .text.WritePhrase
                0x00001dd4       0x94 C:\Users\12443166\Documents\git\es18aut35\Lab4withLab3Lib\Library\libLab3.a(Flash.o)
 .text.EraseSector
                0x00001e68       0x74 C:\Users\12443166\Documents\git\es18aut35\Lab4withLab3Lib\Library\libLab3.a(Flash.o)
 .text.ModifyPhrase
                0x00001edc       0x34 C:\Users\12443166\Documents\git\es18aut35\Lab4withLab3Lib\Library\libLab3.a(Flash.o)
 .text.Flash_Init
                0x00001f10       0x28 C:\Users\12443166\Documents\git\es18aut35\Lab4withLab3Lib\Library\libLab3.a(Flash.o)
                0x00001f10                Flash_Init
 .text.Flash_AllocateVar
                0x00001f38       0x9c C:\Users\12443166\Documents\git\es18aut35\Lab4withLab3Lib\Library\libLab3.a(Flash.o)
                0x00001f38                Flash_AllocateVar
 .text.Flash_Write32
                0x00001fd4       0x64 C:\Users\12443166\Documents\git\es18aut35\Lab4withLab3Lib\Library\libLab3.a(Flash.o)
                0x00001fd4                Flash_Write32
 .text.Flash_Write16
                0x00002038       0x64 C:\Users\12443166\Documents\git\es18aut35\Lab4withLab3Lib\Library\libLab3.a(Flash.o)
                0x00002038                Flash_Write16
 .text.Flash_Write8
                0x0000209c       0x4c C:\Users\12443166\Documents\git\es18aut35\Lab4withLab3Lib\Library\libLab3.a(Flash.o)
                0x0000209c                Flash_Write8
 .text.Flash_Erase
                0x000020e8       0x1c C:\Users\12443166\Documents\git\es18aut35\Lab4withLab3Lib\Library\libLab3.a(Flash.o)
                0x000020e8                Flash_Erase
 .text.LEDs_Init
                0x00002104       0x70 C:\Users\12443166\Documents\git\es18aut35\Lab4withLab3Lib\Library\libLab3.a(LEDs.o)
                0x00002104                LEDs_Init
 .text.LEDs_On  0x00002174       0x1c C:\Users\12443166\Documents\git\es18aut35\Lab4withLab3Lib\Library\libLab3.a(LEDs.o)
                0x00002174                LEDs_On
 .text.LEDs_Toggle
                0x00002190       0x1c C:\Users\12443166\Documents\git\es18aut35\Lab4withLab3Lib\Library\libLab3.a(LEDs.o)
                0x00002190                LEDs_Toggle
 .text.PIT_Init
                0x000021ac       0x98 C:\Users\12443166\Documents\git\es18aut35\Lab4withLab3Lib\Library\libLab3.a(PIT.o)
                0x000021ac                PIT_Init
 .text.PIT_Set  0x00002244       0x68 C:\Users\12443166\Documents\git\es18aut35\Lab4withLab3Lib\Library\libLab3.a(PIT.o)
                0x00002244                PIT_Set
 .text.PIT_Enable
                0x000022ac       0x40 C:\Users\12443166\Documents\git\es18aut35\Lab4withLab3Lib\Library\libLab3.a(PIT.o)
                0x000022ac                PIT_Enable
 .text.PIT_ISR  0x000022ec       0x40 C:\Users\12443166\Documents\git\es18aut35\Lab4withLab3Lib\Library\libLab3.a(PIT.o)
                0x000022ec                PIT_ISR
 .text.RTC_Init
                0x0000232c       0xd0 C:\Users\12443166\Documents\git\es18aut35\Lab4withLab3Lib\Library\libLab3.a(RTC.o)
                0x0000232c                RTC_Init
 .text.RTC_Set  0x000023fc       0x5c C:\Users\12443166\Documents\git\es18aut35\Lab4withLab3Lib\Library\libLab3.a(RTC.o)
                0x000023fc                RTC_Set
 .text.RTC_Get  0x00002458       0xa0 C:\Users\12443166\Documents\git\es18aut35\Lab4withLab3Lib\Library\libLab3.a(RTC.o)
                0x00002458                RTC_Get
 .text.RTC_ISR  0x000024f8       0x34 C:\Users\12443166\Documents\git\es18aut35\Lab4withLab3Lib\Library\libLab3.a(RTC.o)
                0x000024f8                RTC_ISR
 .text.UART_Init
                0x0000252c      0x324 C:\Users\12443166\Documents\git\es18aut35\Lab4withLab3Lib\Library\libLab3.a(UART.o)
                0x0000252c                UART_Init
 .text.UART_InChar
                0x00002850       0x20 C:\Users\12443166\Documents\git\es18aut35\Lab4withLab3Lib\Library\libLab3.a(UART.o)
                0x00002850                UART_InChar
 .text.UART_OutChar
                0x00002870       0x88 C:\Users\12443166\Documents\git\es18aut35\Lab4withLab3Lib\Library\libLab3.a(UART.o)
                0x00002870                UART_OutChar
 .text.UART_ISR
                0x000028f8       0x90 C:\Users\12443166\Documents\git\es18aut35\Lab4withLab3Lib\Library\libLab3.a(UART.o)
                0x000028f8                UART_ISR
 .text.Packet_Init
                0x00002988       0x20 C:\Users\12443166\Documents\git\es18aut35\Lab4withLab3Lib\Library\libLab3.a(packet.o)
                0x00002988                Packet_Init
 .text.CalcChecksum
                0x000029a8       0x30 C:\Users\12443166\Documents\git\es18aut35\Lab4withLab3Lib\Library\libLab3.a(packet.o)
 .text.Packet_Get
                0x000029d8       0x90 C:\Users\12443166\Documents\git\es18aut35\Lab4withLab3Lib\Library\libLab3.a(packet.o)
                0x000029d8                Packet_Get
 .text.Packet_Put
                0x00002a68       0x90 C:\Users\12443166\Documents\git\es18aut35\Lab4withLab3Lib\Library\libLab3.a(packet.o)
                0x00002a68                Packet_Put
 .text.FIFO_Init
                0x00002af8       0x6c C:\Users\12443166\Documents\git\es18aut35\Lab4withLab3Lib\Library\libLab3.a(FIFO.o)
                0x00002af8                FIFO_Init
 .text.FIFO_Put
                0x00002b64       0xa8 C:\Users\12443166\Documents\git\es18aut35\Lab4withLab3Lib\Library\libLab3.a(FIFO.o)
                0x00002b64                FIFO_Put
 .text.FIFO_Get
                0x00002c0c       0xa8 C:\Users\12443166\Documents\git\es18aut35\Lab4withLab3Lib\Library\libLab3.a(FIFO.o)
                0x00002c0c                FIFO_Get
 .text.exit     0x00002cb4       0x28 c:/freescale/kds_3.0.0/toolchain/bin/../lib/gcc/arm-none-eabi/4.8.4/../../../../arm-none-eabi/lib/armv7e-m/fpu\libg_s.a(lib_a-exit.o)
                0x00002cb4                exit
 .text.__libc_init_array
                0x00002cdc       0x4c c:/freescale/kds_3.0.0/toolchain/bin/../lib/gcc/arm-none-eabi/4.8.4/../../../../arm-none-eabi/lib/armv7e-m/fpu\libg_s.a(lib_a-init.o)
                0x00002cdc                __libc_init_array
 .text.memset   0x00002d28       0x10 c:/freescale/kds_3.0.0/toolchain/bin/../lib/gcc/arm-none-eabi/4.8.4/../../../../arm-none-eabi/lib/armv7e-m/fpu\libg_s.a(lib_a-memset.o)
                0x00002d28                memset
 .text._exit    0x00002d38        0x4 c:/freescale/kds_3.0.0/toolchain/bin/../lib/gcc/arm-none-eabi/4.8.4/../../../../arm-none-eabi/lib/armv7e-m/fpu\libnosys.a(_exit.o)
                0x00002d38                _exit
 *(.rodata)
 .rodata        0x00002d3c       0x14 ./Sources/main.o
 *(.rodata*)
 .rodata.PACKET_ACK_MASK
                0x00002d50        0x1 C:\Users\12443166\Documents\git\es18aut35\Lab4withLab3Lib\Library\libLab3.a(packet.o)
                0x00002d50                PACKET_ACK_MASK
 .rodata.str1.1
                0x00002d51        0x2 c:/freescale/kds_3.0.0/toolchain/bin/../lib/gcc/arm-none-eabi/4.8.4/../../../../arm-none-eabi/lib/armv7e-m/fpu\libg_s.a(lib_a-impure.o)
 *fill*         0x00002d53        0x1 
 .rodata._global_impure_ptr
                0x00002d54        0x4 c:/freescale/kds_3.0.0/toolchain/bin/../lib/gcc/arm-none-eabi/4.8.4/../../../../arm-none-eabi/lib/armv7e-m/fpu\libg_s.a(lib_a-impure.o)
                0x00002d54                _global_impure_ptr
 *(.glue_7)
 .glue_7        0x00000000        0x0 linker stubs
 *(.glue_7t)
 .glue_7t       0x00000000        0x0 linker stubs
 *(.eh_frame)
 .eh_frame      0x00002d58        0x0 c:/freescale/kds_3.0.0/toolchain/bin/../lib/gcc/arm-none-eabi/4.8.4/armv7e-m/fpu/crtbegin.o
 *(.init)
 .init          0x00002d58        0x4 c:/freescale/kds_3.0.0/toolchain/bin/../lib/gcc/arm-none-eabi/4.8.4/armv7e-m/fpu/crti.o
                0x00002d58                _init
 .init          0x00002d5c        0x8 c:/freescale/kds_3.0.0/toolchain/bin/../lib/gcc/arm-none-eabi/4.8.4/armv7e-m/fpu/crtn.o
 *(.fini)
 .fini          0x00002d64        0x4 c:/freescale/kds_3.0.0/toolchain/bin/../lib/gcc/arm-none-eabi/4.8.4/armv7e-m/fpu/crti.o
                0x00002d64                _fini
 .fini          0x00002d68        0x8 c:/freescale/kds_3.0.0/toolchain/bin/../lib/gcc/arm-none-eabi/4.8.4/armv7e-m/fpu/crtn.o
                0x00002d70                . = ALIGN (0x4)
                0x00002d70                _etext = .

.vfp11_veneer   0x00002d70        0x0
 .vfp11_veneer  0x00000000        0x0 linker stubs

.v4_bx          0x00002d70        0x0
 .v4_bx         0x00000000        0x0 linker stubs

.iplt           0x00002d70        0x0
 .iplt          0x00000000        0x0 c:/freescale/kds_3.0.0/toolchain/bin/../lib/gcc/arm-none-eabi/4.8.4/armv7e-m/fpu/crtbegin.o

.ARM.extab
 *(.ARM.extab* .gnu.linkonce.armextab.*)

.ARM            0x00002d70        0x8
                0x00002d70                __exidx_start = .
 *(.ARM.exidx*)
 .ARM.exidx     0x00002d70        0x8 c:/freescale/kds_3.0.0/toolchain/bin/../lib/gcc/arm-none-eabi/4.8.4/../../../../arm-none-eabi/lib/armv7e-m/fpu/crt0.o
                0x00002d78                __exidx_end = .

.rel.dyn        0x00002d78        0x0
 .rel.iplt      0x00000000        0x0 c:/freescale/kds_3.0.0/toolchain/bin/../lib/gcc/arm-none-eabi/4.8.4/armv7e-m/fpu/crtbegin.o

.ctors          0x00002d78        0x0
                0x00002d78                __CTOR_LIST__ = .
 *crtbegin.o(.ctors)
 *(EXCLUDE_FILE(*crtend.o) .ctors)
 *(SORT(.ctors.*))
 *(.ctors)
                0x00002d78                __CTOR_END__ = .

.dtors          0x00002d78        0x0
                0x00002d78                __DTOR_LIST__ = .
 *crtbegin.o(.dtors)
 *(EXCLUDE_FILE(*crtend.o) .dtors)
 *(SORT(.dtors.*))
 *(.dtors)
                0x00002d78                __DTOR_END__ = .

.preinit_array  0x00002d78        0x0
                0x00002d78                PROVIDE (__preinit_array_start, .)
 *(.preinit_array*)
                0x00002d78                PROVIDE (__preinit_array_end, .)

.init_array     0x00002d78        0x4
                0x00002d78                PROVIDE (__init_array_start, .)
 *(SORT(.init_array.*))
 *(.init_array*)
 .init_array    0x00002d78        0x4 c:/freescale/kds_3.0.0/toolchain/bin/../lib/gcc/arm-none-eabi/4.8.4/armv7e-m/fpu/crtbegin.o
                0x00002d7c                PROVIDE (__init_array_end, .)

.fini_array     0x00002d7c        0x4
                0x00002d7c                PROVIDE (__fini_array_start, .)
 *(SORT(.fini_array.*))
 *(.fini_array*)
 .fini_array    0x00002d7c        0x4 c:/freescale/kds_3.0.0/toolchain/bin/../lib/gcc/arm-none-eabi/4.8.4/armv7e-m/fpu/crtbegin.o
                0x00002d80                PROVIDE (__fini_array_end, .)
                0x00002d80                ___ROM_AT = .

.data           0x1fff0000       0xe8 load address 0x00002d80
                0x1fff0000                . = ALIGN (0x4)
                0x1fff0000                _sdata = .
 *(.data)
 *(.data*)
 .data.Mult_fact.6924
                0x1fff0000        0x4 ./Sources/I2C.o
 .data.SCL_Div.6925
                0x1fff0004       0x80 ./Sources/I2C.o
 .data.freeList.5646
                0x1fff0084        0x1 C:\Users\12443166\Documents\git\es18aut35\Lab4withLab3Lib\Library\libLab3.a(Flash.o)
 *fill*         0x1fff0085        0x3 
 .data.impure_data
                0x1fff0088       0x60 c:/freescale/kds_3.0.0/toolchain/bin/../lib/gcc/arm-none-eabi/4.8.4/../../../../arm-none-eabi/lib/armv7e-m/fpu\libg_s.a(lib_a-impure.o)
                0x1fff00e8                . = ALIGN (0x4)
                0x1fff00e8                _edata = .
                0x000000e8                ___data_size = (_edata - _sdata)
                0x00002e68                ___m_data_20000000_ROMStart = (___ROM_AT + SIZEOF (.data))

.jcr            0x1fff00e8        0x0 load address 0x00002e68
 .jcr           0x1fff00e8        0x0 c:/freescale/kds_3.0.0/toolchain/bin/../lib/gcc/arm-none-eabi/4.8.4/armv7e-m/fpu/crtbegin.o

.igot.plt       0x1fff00e8        0x0 load address 0x00002e68
 .igot.plt      0x00000000        0x0 c:/freescale/kds_3.0.0/toolchain/bin/../lib/gcc/arm-none-eabi/4.8.4/armv7e-m/fpu/crtbegin.o

.m_data_20000000
                0x20000000        0x0 load address 0x00002e68
                0x20000000                . = ALIGN (0x4)
                0x20000000                ___m_data_20000000_RAMStart = .
 *(.m_data_20000000)
                0x20000000                ___m_data_20000000_RAMEnd = .
                0x20000000                . = ALIGN (0x4)
                0x00000000                ___m_data_20000000_ROMSize = (___m_data_20000000_RAMEnd - ___m_data_20000000_RAMStart)
                0x20000000                . = ALIGN (0x4)

.bss            0x1fff00e8      0x314 load address 0x00002e68
                0x1fff00e8                __START_BSS = .
                0x1fff00e8                PROVIDE (__bss_start__, __START_BSS)
 *(.bss)
 .bss           0x1fff00e8       0x1c c:/freescale/kds_3.0.0/toolchain/bin/../lib/gcc/arm-none-eabi/4.8.4/armv7e-m/fpu/crtbegin.o
 *(.bss*)
 .bss.SlaveAdress
                0x1fff0104        0x1 ./Sources/I2C.o
 *fill*         0x1fff0105        0x3 
 .bss.I2CReadOrder
                0x1fff0108        0x4 ./Sources/I2C.o
 .bss.SequencePosition
                0x1fff010c        0x1 ./Sources/I2C.o
 .bss.NumOfBytes
                0x1fff010d        0x1 ./Sources/I2C.o
 *fill*         0x1fff010e        0x2 
 .bss.DataPtr   0x1fff0110        0x4 ./Sources/I2C.o
 .bss.DataCounter
                0x1fff0114        0x1 ./Sources/I2C.o
 *fill*         0x1fff0115        0x3 
 .bss.ReadCompleteCallbackFunction
                0x1fff0118        0x4 ./Sources/I2C.o
 .bss.ReadCompleteCallbackArguments
                0x1fff011c        0x4 ./Sources/I2C.o
 .bss.CTRL_REG1_Union
                0x1fff0120        0x4 ./Sources/accel.o
 .bss.CTRL_REG4_Union
                0x1fff0124        0x4 ./Sources/accel.o
 .bss.CTRL_REG5_Union
                0x1fff0128        0x4 ./Sources/accel.o
 .bss.index.6721
                0x1fff012c        0x1 ./Sources/accel.o
 *fill*         0x1fff012d        0x3 
 .bss.XData.6718
                0x1fff0130        0x4 ./Sources/accel.o
 .bss.YData.6719
                0x1fff0134        0x4 ./Sources/accel.o
 .bss.ZData.6720
                0x1fff0138        0x4 ./Sources/accel.o
 .bss.SR_lock   0x1fff013c        0x1 ./Generated_Code/Cpu.o
                0x1fff013c                SR_lock
 *fill*         0x1fff013d        0x3 
 .bss.UserFunction
                0x1fff0140       0x20 C:\Users\12443166\Documents\git\es18aut35\Lab4withLab3Lib\Library\libLab3.a(FTM.o)
 .bss.UserArguments
                0x1fff0160       0x20 C:\Users\12443166\Documents\git\es18aut35\Lab4withLab3Lib\Library\libLab3.a(FTM.o)
 .bss.FlashCommonCommandObject
                0x1fff0180        0xc C:\Users\12443166\Documents\git\es18aut35\Lab4withLab3Lib\Library\libLab3.a(Flash.o)
 .bss.NanoSecondsPerTick
                0x1fff018c        0x4 C:\Users\12443166\Documents\git\es18aut35\Lab4withLab3Lib\Library\libLab3.a(PIT.o)
 .bss.UserFunction
                0x1fff0190        0x4 C:\Users\12443166\Documents\git\es18aut35\Lab4withLab3Lib\Library\libLab3.a(PIT.o)
 .bss.UserArguments
                0x1fff0194        0x4 C:\Users\12443166\Documents\git\es18aut35\Lab4withLab3Lib\Library\libLab3.a(PIT.o)
 .bss.UserFunction
                0x1fff0198        0x4 C:\Users\12443166\Documents\git\es18aut35\Lab4withLab3Lib\Library\libLab3.a(RTC.o)
 .bss.UserArguments
                0x1fff019c        0x4 C:\Users\12443166\Documents\git\es18aut35\Lab4withLab3Lib\Library\libLab3.a(RTC.o)
 .bss.TxFIFO    0x1fff01a0      0x108 C:\Users\12443166\Documents\git\es18aut35\Lab4withLab3Lib\Library\libLab3.a(UART.o)
 .bss.RxFIFO    0x1fff02a8      0x108 C:\Users\12443166\Documents\git\es18aut35\Lab4withLab3Lib\Library\libLab3.a(UART.o)
 .bss.nbBytesInPacket.4074
                0x1fff03b0        0x1 C:\Users\12443166\Documents\git\es18aut35\Lab4withLab3Lib\Library\libLab3.a(packet.o)
 *(COMMON)
 *fill*         0x1fff03b1        0x3 
 COMMON         0x1fff03b4        0xe ./Sources/SCP.o
                0x1fff03b4                NvTowerMd
                0x1fff03b8                NvTowerNb
                0x1fff03bc                towerMd
                0x1fff03be                protocolMode
                0x1fff03c0                towerNb
 *fill*         0x1fff03c2        0x2 
 COMMON         0x1fff03c4        0x8 ./Sources/accel.o
                0x1fff03c4                dataReadyCallbackFunction
                0x1fff03c8                dataReadyCallbackArguments
 COMMON         0x1fff03cc       0x27 ./Sources/main.o
                0x1fff03cc                Timer1Sec
                0x1fff03dc                Accelerometer
                0x1fff03f0                accelValues
 COMMON         0x1fff03f3        0x1 ./Generated_Code/Cpu.o
                0x1fff03f3                SR_reg
 COMMON         0x1fff03f4        0x5 C:\Users\12443166\Documents\git\es18aut35\Lab4withLab3Lib\Library\libLab3.a(packet.o)
                0x1fff03f4                Packet
                0x1fff03fc                . = ALIGN (0x4)
 *fill*         0x1fff03f9        0x3 
                0x1fff03fc                __END_BSS = .
                0x1fff03fc                PROVIDE (__bss_end__, __END_BSS)
                0x00002e68                _romp_at = ((___ROM_AT + SIZEOF (.data)) + SIZEOF (.m_data_20000000))

.romp           0x1fff03fc       0x24 load address 0x00002e68
                0x00002e68                __S_romp = _romp_at
                0x1fff03fc        0x4 LONG 0x2d80 ___ROM_AT
                0x1fff0400        0x4 LONG 0x1fff0000 _sdata
                0x1fff0404        0x4 LONG 0xe8 ___data_size
                0x1fff0408        0x4 LONG 0x2e68 ___m_data_20000000_ROMStart
                0x1fff040c        0x4 LONG 0x20000000 ___m_data_20000000_RAMStart
                0x1fff0410        0x4 LONG 0x0 ___m_data_20000000_ROMSize
                0x1fff0414        0x4 LONG 0x0
                0x1fff0418        0x4 LONG 0x0
                0x1fff041c        0x4 LONG 0x0

._user_heap_stack
                0x1fff0420      0x400 load address 0x00002e8c
                0x1fff0420                . = ALIGN (0x4)
                0x1fff0420                PROVIDE (end, .)
                0x1fff0420                PROVIDE (_end, .)
                0x1fff0420                __heap_addr = .
                0x1fff0420                __HeapBase = .
                0x1fff0420                . = (. + __heap_size)
                0x1fff0420                __HeapLimit = .
                0x1fff0820                . = (. + __stack_size)
 *fill*         0x1fff0420      0x400 
                0x1fff0820                . = ALIGN (0x4)

.ARM.attributes
                0x00000000       0x30
 *(.ARM.attributes)
 .ARM.attributes
                0x00000000       0x22 c:/freescale/kds_3.0.0/toolchain/bin/../lib/gcc/arm-none-eabi/4.8.4/armv7e-m/fpu/crti.o
 .ARM.attributes
                0x00000022       0x34 c:/freescale/kds_3.0.0/toolchain/bin/../lib/gcc/arm-none-eabi/4.8.4/armv7e-m/fpu/crtbegin.o
 .ARM.attributes
                0x00000056       0x20 c:/freescale/kds_3.0.0/toolchain/bin/../lib/gcc/arm-none-eabi/4.8.4/../../../../arm-none-eabi/lib/armv7e-m/fpu/crt0.o
 .ARM.attributes
                0x00000076       0x39 ./Sources/I2C.o
 .ARM.attributes
                0x000000af       0x39 ./Sources/SCP.o
 .ARM.attributes
                0x000000e8       0x39 ./Sources/accel.o
 .ARM.attributes
                0x00000121       0x39 ./Sources/main.o
 .ARM.attributes
                0x0000015a       0x39 ./Sources/median.o
 .ARM.attributes
                0x00000193       0x39 ./Project_Settings/Startup_Code/startup.o
 .ARM.attributes
                0x000001cc       0x39 ./Generated_Code/Cpu.o
 .ARM.attributes
                0x00000205       0x39 ./Generated_Code/Vectors.o
 .ARM.attributes
                0x0000023e       0x39 C:\Users\12443166\Documents\git\es18aut35\Lab4withLab3Lib\Library\libLab3.a(FTM.o)
 .ARM.attributes
                0x00000277       0x39 C:\Users\12443166\Documents\git\es18aut35\Lab4withLab3Lib\Library\libLab3.a(Flash.o)
 .ARM.attributes
                0x000002b0       0x39 C:\Users\12443166\Documents\git\es18aut35\Lab4withLab3Lib\Library\libLab3.a(LEDs.o)
 .ARM.attributes
                0x000002e9       0x39 C:\Users\12443166\Documents\git\es18aut35\Lab4withLab3Lib\Library\libLab3.a(PIT.o)
 .ARM.attributes
                0x00000322       0x39 C:\Users\12443166\Documents\git\es18aut35\Lab4withLab3Lib\Library\libLab3.a(RTC.o)
 .ARM.attributes
                0x0000035b       0x39 C:\Users\12443166\Documents\git\es18aut35\Lab4withLab3Lib\Library\libLab3.a(UART.o)
 .ARM.attributes
                0x00000394       0x39 C:\Users\12443166\Documents\git\es18aut35\Lab4withLab3Lib\Library\libLab3.a(packet.o)
 .ARM.attributes
                0x000003cd       0x39 C:\Users\12443166\Documents\git\es18aut35\Lab4withLab3Lib\Library\libLab3.a(FIFO.o)
 .ARM.attributes
                0x00000406       0x34 c:/freescale/kds_3.0.0/toolchain/bin/../lib/gcc/arm-none-eabi/4.8.4/../../../../arm-none-eabi/lib/armv7e-m/fpu\libg_s.a(lib_a-exit.o)
 .ARM.attributes
                0x0000043a       0x34 c:/freescale/kds_3.0.0/toolchain/bin/../lib/gcc/arm-none-eabi/4.8.4/../../../../arm-none-eabi/lib/armv7e-m/fpu\libg_s.a(lib_a-impure.o)
 .ARM.attributes
                0x0000046e       0x34 c:/freescale/kds_3.0.0/toolchain/bin/../lib/gcc/arm-none-eabi/4.8.4/../../../../arm-none-eabi/lib/armv7e-m/fpu\libg_s.a(lib_a-init.o)
 .ARM.attributes
                0x000004a2       0x34 c:/freescale/kds_3.0.0/toolchain/bin/../lib/gcc/arm-none-eabi/4.8.4/../../../../arm-none-eabi/lib/armv7e-m/fpu\libg_s.a(lib_a-memset.o)
 .ARM.attributes
                0x000004d6       0x34 c:/freescale/kds_3.0.0/toolchain/bin/../lib/gcc/arm-none-eabi/4.8.4/../../../../arm-none-eabi/lib/armv7e-m/fpu\libnosys.a(_exit.o)
 .ARM.attributes
                0x0000050a       0x22 c:/freescale/kds_3.0.0/toolchain/bin/../lib/gcc/arm-none-eabi/4.8.4/armv7e-m/fpu/crtn.o
OUTPUT(Lab4.elf elf32-littlearm)

.debug_info     0x00000000     0x5fde
 .debug_info    0x00000000      0x88b ./Sources/I2C.o
 .debug_info    0x0000088b      0x4f0 ./Sources/SCP.o
 .debug_info    0x00000d7b      0xb37 ./Sources/accel.o
 .debug_info    0x000018b2      0x5b7 ./Sources/main.o
 .debug_info    0x00001e69       0xd3 ./Sources/median.o
 .debug_info    0x00001f3c      0x3b0 ./Project_Settings/Startup_Code/startup.o
 .debug_info    0x000022ec      0xc82 ./Generated_Code/Cpu.o
 .debug_info    0x00002f6e      0x10f ./Generated_Code/Vectors.o
 .debug_info    0x0000307d      0x761 C:\Users\12443166\Documents\git\es18aut35\Lab4withLab3Lib\Library\libLab3.a(FTM.o)
 .debug_info    0x000037de      0x8d3 C:\Users\12443166\Documents\git\es18aut35\Lab4withLab3Lib\Library\libLab3.a(Flash.o)
 .debug_info    0x000040b1      0x4a3 C:\Users\12443166\Documents\git\es18aut35\Lab4withLab3Lib\Library\libLab3.a(LEDs.o)
 .debug_info    0x00004554      0x57a C:\Users\12443166\Documents\git\es18aut35\Lab4withLab3Lib\Library\libLab3.a(PIT.o)
 .debug_info    0x00004ace      0x608 C:\Users\12443166\Documents\git\es18aut35\Lab4withLab3Lib\Library\libLab3.a(RTC.o)
 .debug_info    0x000050d6      0x999 C:\Users\12443166\Documents\git\es18aut35\Lab4withLab3Lib\Library\libLab3.a(UART.o)
 .debug_info    0x00005a6f      0x333 C:\Users\12443166\Documents\git\es18aut35\Lab4withLab3Lib\Library\libLab3.a(packet.o)
 .debug_info    0x00005da2      0x23c C:\Users\12443166\Documents\git\es18aut35\Lab4withLab3Lib\Library\libLab3.a(FIFO.o)

.debug_abbrev   0x00000000     0x1692
 .debug_abbrev  0x00000000      0x1e3 ./Sources/I2C.o
 .debug_abbrev  0x000001e3      0x180 ./Sources/SCP.o
 .debug_abbrev  0x00000363      0x24b ./Sources/accel.o
 .debug_abbrev  0x000005ae      0x174 ./Sources/main.o
 .debug_abbrev  0x00000722       0x6c ./Sources/median.o
 .debug_abbrev  0x0000078e      0x189 ./Project_Settings/Startup_Code/startup.o
 .debug_abbrev  0x00000917      0x185 ./Generated_Code/Cpu.o
 .debug_abbrev  0x00000a9c       0xa4 ./Generated_Code/Vectors.o
 .debug_abbrev  0x00000b40      0x1b1 C:\Users\12443166\Documents\git\es18aut35\Lab4withLab3Lib\Library\libLab3.a(FTM.o)
 .debug_abbrev  0x00000cf1      0x1fb C:\Users\12443166\Documents\git\es18aut35\Lab4withLab3Lib\Library\libLab3.a(Flash.o)
 .debug_abbrev  0x00000eec      0x155 C:\Users\12443166\Documents\git\es18aut35\Lab4withLab3Lib\Library\libLab3.a(LEDs.o)
 .debug_abbrev  0x00001041      0x154 C:\Users\12443166\Documents\git\es18aut35\Lab4withLab3Lib\Library\libLab3.a(PIT.o)
 .debug_abbrev  0x00001195      0x15f C:\Users\12443166\Documents\git\es18aut35\Lab4withLab3Lib\Library\libLab3.a(RTC.o)
 .debug_abbrev  0x000012f4      0x1b4 C:\Users\12443166\Documents\git\es18aut35\Lab4withLab3Lib\Library\libLab3.a(UART.o)
 .debug_abbrev  0x000014a8       0xee C:\Users\12443166\Documents\git\es18aut35\Lab4withLab3Lib\Library\libLab3.a(packet.o)
 .debug_abbrev  0x00001596       0xfc C:\Users\12443166\Documents\git\es18aut35\Lab4withLab3Lib\Library\libLab3.a(FIFO.o)

.debug_aranges  0x00000000      0x450
 .debug_aranges
                0x00000000       0x60 ./Sources/I2C.o
 .debug_aranges
                0x00000060       0xc0 ./Sources/SCP.o
 .debug_aranges
                0x00000120       0x38 ./Sources/accel.o
 .debug_aranges
                0x00000158       0x48 ./Sources/main.o
 .debug_aranges
                0x000001a0       0x20 ./Sources/median.o
 .debug_aranges
                0x000001c0       0x50 ./Project_Settings/Startup_Code/startup.o
 .debug_aranges
                0x00000210       0x38 ./Generated_Code/Cpu.o
 .debug_aranges
                0x00000248       0x18 ./Generated_Code/Vectors.o
 .debug_aranges
                0x00000260       0x38 C:\Users\12443166\Documents\git\es18aut35\Lab4withLab3Lib\Library\libLab3.a(FTM.o)
 .debug_aranges
                0x00000298       0x68 C:\Users\12443166\Documents\git\es18aut35\Lab4withLab3Lib\Library\libLab3.a(Flash.o)
 .debug_aranges
                0x00000300       0x38 C:\Users\12443166\Documents\git\es18aut35\Lab4withLab3Lib\Library\libLab3.a(LEDs.o)
 .debug_aranges
                0x00000338       0x38 C:\Users\12443166\Documents\git\es18aut35\Lab4withLab3Lib\Library\libLab3.a(PIT.o)
 .debug_aranges
                0x00000370       0x38 C:\Users\12443166\Documents\git\es18aut35\Lab4withLab3Lib\Library\libLab3.a(RTC.o)
 .debug_aranges
                0x000003a8       0x40 C:\Users\12443166\Documents\git\es18aut35\Lab4withLab3Lib\Library\libLab3.a(UART.o)
 .debug_aranges
                0x000003e8       0x38 C:\Users\12443166\Documents\git\es18aut35\Lab4withLab3Lib\Library\libLab3.a(packet.o)
 .debug_aranges
                0x00000420       0x30 C:\Users\12443166\Documents\git\es18aut35\Lab4withLab3Lib\Library\libLab3.a(FIFO.o)

.debug_ranges   0x00000000      0x348
 .debug_ranges  0x00000000       0x50 ./Sources/I2C.o
 .debug_ranges  0x00000050       0xb0 ./Sources/SCP.o
 .debug_ranges  0x00000100       0x28 ./Sources/accel.o
 .debug_ranges  0x00000128       0x38 ./Sources/main.o
 .debug_ranges  0x00000160       0x10 ./Sources/median.o
 .debug_ranges  0x00000170       0x40 ./Project_Settings/Startup_Code/startup.o
 .debug_ranges  0x000001b0       0x28 ./Generated_Code/Cpu.o
 .debug_ranges  0x000001d8       0x28 C:\Users\12443166\Documents\git\es18aut35\Lab4withLab3Lib\Library\libLab3.a(FTM.o)
 .debug_ranges  0x00000200       0x58 C:\Users\12443166\Documents\git\es18aut35\Lab4withLab3Lib\Library\libLab3.a(Flash.o)
 .debug_ranges  0x00000258       0x28 C:\Users\12443166\Documents\git\es18aut35\Lab4withLab3Lib\Library\libLab3.a(LEDs.o)
 .debug_ranges  0x00000280       0x28 C:\Users\12443166\Documents\git\es18aut35\Lab4withLab3Lib\Library\libLab3.a(PIT.o)
 .debug_ranges  0x000002a8       0x28 C:\Users\12443166\Documents\git\es18aut35\Lab4withLab3Lib\Library\libLab3.a(RTC.o)
 .debug_ranges  0x000002d0       0x30 C:\Users\12443166\Documents\git\es18aut35\Lab4withLab3Lib\Library\libLab3.a(UART.o)
 .debug_ranges  0x00000300       0x28 C:\Users\12443166\Documents\git\es18aut35\Lab4withLab3Lib\Library\libLab3.a(packet.o)
 .debug_ranges  0x00000328       0x20 C:\Users\12443166\Documents\git\es18aut35\Lab4withLab3Lib\Library\libLab3.a(FIFO.o)

.debug_macro    0x00000000    0x34215
 .debug_macro   0x00000000      0x170 ./Sources/I2C.o
 .debug_macro   0x00000170      0x850 ./Sources/I2C.o
 .debug_macro   0x000009c0       0x16 ./Sources/I2C.o
 .debug_macro   0x000009d6       0x44 ./Sources/I2C.o
 .debug_macro   0x00000a1a      0x209 ./Sources/I2C.o
 .debug_macro   0x00000c23       0x22 ./Sources/I2C.o
 .debug_macro   0x00000c45       0x28 ./Sources/I2C.o
 .debug_macro   0x00000c6d     0x17f8 ./Sources/I2C.o
 .debug_macro   0x00002465      0x14e ./Sources/I2C.o
 .debug_macro   0x000025b3       0x64 ./Sources/I2C.o
 .debug_macro   0x00002617    0x174c1 ./Sources/I2C.o
 .debug_macro   0x00019ad8       0x9a ./Sources/I2C.o
 .debug_macro   0x00019b72       0x58 ./Sources/I2C.o
 .debug_macro   0x00019bca       0x35 ./Sources/I2C.o
 .debug_macro   0x00019bff       0xa3 ./Sources/I2C.o
 .debug_macro   0x00019ca2       0x16 ./Sources/I2C.o
 .debug_macro   0x00019cb8      0x10e ./Sources/I2C.o
 .debug_macro   0x00019dc6       0x7f ./Sources/I2C.o
 .debug_macro   0x00019e45       0x52 ./Sources/I2C.o
 .debug_macro   0x00019e97       0x16 ./Sources/I2C.o
 .debug_macro   0x00019ead       0x43 ./Sources/I2C.o
 .debug_macro   0x00019ef0      0x180 ./Sources/I2C.o
 .debug_macro   0x0001a070       0x22 ./Sources/I2C.o
 .debug_macro   0x0001a092       0xd4 ./Sources/SCP.o
 .debug_macro   0x0001a166       0x40 ./Sources/SCP.o
 .debug_macro   0x0001a1a6       0x28 ./Sources/SCP.o
 .debug_macro   0x0001a1ce       0x3a ./Sources/SCP.o
 .debug_macro   0x0001a208      0x225 ./Sources/accel.o
 .debug_macro   0x0001a42d       0x9a ./Sources/accel.o
 .debug_macro   0x0001a4c7      0x11f ./Sources/main.o
 .debug_macro   0x0001a5e6       0x22 ./Sources/main.o
 .debug_macro   0x0001a608       0x10 ./Sources/main.o
 .debug_macro   0x0001a618       0x2e ./Sources/main.o
 .debug_macro   0x0001a646       0x5f ./Sources/median.o
 .debug_macro   0x0001a6a5      0x121 ./Project_Settings/Startup_Code/startup.o
 .debug_macro   0x0001a7c6      0x166 ./Project_Settings/Startup_Code/startup.o
 .debug_macro   0x0001a92c       0x4a ./Project_Settings/Startup_Code/startup.o
 .debug_macro   0x0001a976      0x2a6 ./Project_Settings/Startup_Code/startup.o
 .debug_macro   0x0001ac1c       0x10 ./Project_Settings/Startup_Code/startup.o
 .debug_macro   0x0001ac2c       0x35 ./Project_Settings/Startup_Code/startup.o
 .debug_macro   0x0001ac61       0x16 ./Project_Settings/Startup_Code/startup.o
 .debug_macro   0x0001ac77      0x20f ./Project_Settings/Startup_Code/startup.o
 .debug_macro   0x0001ae86    0x174af ./Project_Settings/Startup_Code/startup.o
 .debug_macro   0x00032335       0x8f ./Generated_Code/Cpu.o
 .debug_macro   0x000323c4       0xe1 ./Generated_Code/Vectors.o
 .debug_macro   0x000324a5       0xbf C:\Users\12443166\Documents\git\es18aut35\Lab4withLab3Lib\Library\libLab3.a(FTM.o)
 .debug_macro   0x00032564     0x1800 C:\Users\12443166\Documents\git\es18aut35\Lab4withLab3Lib\Library\libLab3.a(FTM.o)
 .debug_macro   0x00033d64       0xaa C:\Users\12443166\Documents\git\es18aut35\Lab4withLab3Lib\Library\libLab3.a(Flash.o)
 .debug_macro   0x00033e0e       0x68 C:\Users\12443166\Documents\git\es18aut35\Lab4withLab3Lib\Library\libLab3.a(LEDs.o)
 .debug_macro   0x00033e76       0x72 C:\Users\12443166\Documents\git\es18aut35\Lab4withLab3Lib\Library\libLab3.a(PIT.o)
 .debug_macro   0x00033ee8       0xa4 C:\Users\12443166\Documents\git\es18aut35\Lab4withLab3Lib\Library\libLab3.a(RTC.o)
 .debug_macro   0x00033f8c       0x94 C:\Users\12443166\Documents\git\es18aut35\Lab4withLab3Lib\Library\libLab3.a(RTC.o)
 .debug_macro   0x00034020       0xad C:\Users\12443166\Documents\git\es18aut35\Lab4withLab3Lib\Library\libLab3.a(UART.o)
 .debug_macro   0x000340cd       0x6e C:\Users\12443166\Documents\git\es18aut35\Lab4withLab3Lib\Library\libLab3.a(packet.o)
 .debug_macro   0x0003413b       0x34 C:\Users\12443166\Documents\git\es18aut35\Lab4withLab3Lib\Library\libLab3.a(packet.o)
 .debug_macro   0x0003416f       0xa6 C:\Users\12443166\Documents\git\es18aut35\Lab4withLab3Lib\Library\libLab3.a(FIFO.o)

.debug_line     0x00000000     0x2dde
 .debug_line    0x00000000      0x475 ./Sources/I2C.o
 .debug_line    0x00000475      0x4aa ./Sources/SCP.o
 .debug_line    0x0000091f      0x372 ./Sources/accel.o
 .debug_line    0x00000c91      0x3e2 ./Sources/main.o
 .debug_line    0x00001073      0x1f9 ./Sources/median.o
 .debug_line    0x0000126c      0x3f4 ./Project_Settings/Startup_Code/startup.o
 .debug_line    0x00001660      0x28b ./Generated_Code/Cpu.o
 .debug_line    0x000018eb      0x2da ./Generated_Code/Vectors.o
 .debug_line    0x00001bc5      0x222 C:\Users\12443166\Documents\git\es18aut35\Lab4withLab3Lib\Library\libLab3.a(FTM.o)
 .debug_line    0x00001de7      0x2c7 C:\Users\12443166\Documents\git\es18aut35\Lab4withLab3Lib\Library\libLab3.a(Flash.o)
 .debug_line    0x000020ae      0x1e7 C:\Users\12443166\Documents\git\es18aut35\Lab4withLab3Lib\Library\libLab3.a(LEDs.o)
 .debug_line    0x00002295      0x1fd C:\Users\12443166\Documents\git\es18aut35\Lab4withLab3Lib\Library\libLab3.a(PIT.o)
 .debug_line    0x00002492      0x25d C:\Users\12443166\Documents\git\es18aut35\Lab4withLab3Lib\Library\libLab3.a(RTC.o)
 .debug_line    0x000026ef      0x299 C:\Users\12443166\Documents\git\es18aut35\Lab4withLab3Lib\Library\libLab3.a(UART.o)
 .debug_line    0x00002988      0x1f6 C:\Users\12443166\Documents\git\es18aut35\Lab4withLab3Lib\Library\libLab3.a(packet.o)
 .debug_line    0x00002b7e      0x260 C:\Users\12443166\Documents\git\es18aut35\Lab4withLab3Lib\Library\libLab3.a(FIFO.o)

.debug_str      0x00000000    0x8ed81
 .debug_str     0x00000000    0x8beef ./Sources/I2C.o
                              0x8c0e8 (size before relaxing)
 .debug_str     0x0008beef      0x5bb ./Sources/SCP.o
                              0x8acef (size before relaxing)
 .debug_str     0x0008c4aa      0xab0 ./Sources/accel.o
                              0x8b608 (size before relaxing)
 .debug_str     0x0008cf5a      0x257 ./Sources/main.o
                              0x8aebf (size before relaxing)
 .debug_str     0x0008d1b1       0x23 ./Sources/median.o
                               0x2f94 (size before relaxing)
 .debug_str     0x0008d1d4     0x1099 ./Project_Settings/Startup_Code/startup.o
                              0x85400 (size before relaxing)
 .debug_str     0x0008e26d      0x211 ./Generated_Code/Cpu.o
                              0x8aaac (size before relaxing)
 .debug_str     0x0008e47e       0x1c ./Generated_Code/Vectors.o
                              0x8a748 (size before relaxing)
 .debug_str     0x0008e49a      0x245 C:\Users\12443166\Documents\git\es18aut35\Lab4withLab3Lib\Library\libLab3.a(FTM.o)
                              0x8a2a8 (size before relaxing)
 .debug_str     0x0008e6df      0x34f C:\Users\12443166\Documents\git\es18aut35\Lab4withLab3Lib\Library\libLab3.a(Flash.o)
                              0x835e7 (size before relaxing)
 .debug_str     0x0008ea2e       0x49 C:\Users\12443166\Documents\git\es18aut35\Lab4withLab3Lib\Library\libLab3.a(LEDs.o)
                              0x82f0f (size before relaxing)
 .debug_str     0x0008ea77       0x8f C:\Users\12443166\Documents\git\es18aut35\Lab4withLab3Lib\Library\libLab3.a(PIT.o)
                              0x82f5f (size before relaxing)
 .debug_str     0x0008eb06       0x7f C:\Users\12443166\Documents\git\es18aut35\Lab4withLab3Lib\Library\libLab3.a(RTC.o)
                              0x8a848 (size before relaxing)
 .debug_str     0x0008eb85      0x167 C:\Users\12443166\Documents\git\es18aut35\Lab4withLab3Lib\Library\libLab3.a(UART.o)
                              0x8a9c4 (size before relaxing)
 .debug_str     0x0008ecec       0x67 C:\Users\12443166\Documents\git\es18aut35\Lab4withLab3Lib\Library\libLab3.a(packet.o)
                               0x32bc (size before relaxing)
 .debug_str     0x0008ed53       0x2e C:\Users\12443166\Documents\git\es18aut35\Lab4withLab3Lib\Library\libLab3.a(FIFO.o)
                              0x8a6ef (size before relaxing)

.comment        0x00000000       0x70
 .comment       0x00000000       0x70 ./Sources/I2C.o
                                 0x71 (size before relaxing)
 .comment       0x00000000       0x71 ./Sources/SCP.o
 .comment       0x00000000       0x71 ./Sources/accel.o
 .comment       0x00000000       0x71 ./Sources/main.o
 .comment       0x00000000       0x71 ./Sources/median.o
 .comment       0x00000000       0x71 ./Project_Settings/Startup_Code/startup.o
 .comment       0x00000000       0x71 ./Generated_Code/Cpu.o
 .comment       0x00000000       0x71 ./Generated_Code/Vectors.o
 .comment       0x00000000       0x71 C:\Users\12443166\Documents\git\es18aut35\Lab4withLab3Lib\Library\libLab3.a(FTM.o)
 .comment       0x00000000       0x71 C:\Users\12443166\Documents\git\es18aut35\Lab4withLab3Lib\Library\libLab3.a(Flash.o)
 .comment       0x00000000       0x71 C:\Users\12443166\Documents\git\es18aut35\Lab4withLab3Lib\Library\libLab3.a(LEDs.o)
 .comment       0x00000000       0x71 C:\Users\12443166\Documents\git\es18aut35\Lab4withLab3Lib\Library\libLab3.a(PIT.o)
 .comment       0x00000000       0x71 C:\Users\12443166\Documents\git\es18aut35\Lab4withLab3Lib\Library\libLab3.a(RTC.o)
 .comment       0x00000000       0x71 C:\Users\12443166\Documents\git\es18aut35\Lab4withLab3Lib\Library\libLab3.a(UART.o)
 .comment       0x00000000       0x71 C:\Users\12443166\Documents\git\es18aut35\Lab4withLab3Lib\Library\libLab3.a(packet.o)
 .comment       0x00000000       0x71 C:\Users\12443166\Documents\git\es18aut35\Lab4withLab3Lib\Library\libLab3.a(FIFO.o)

.debug_frame    0x00000000      0xbdc
 .debug_frame   0x00000000      0x114 ./Sources/I2C.o
 .debug_frame   0x00000114      0x270 ./Sources/SCP.o
 .debug_frame   0x00000384       0x94 ./Sources/accel.o
 .debug_frame   0x00000418       0xd0 ./Sources/main.o
 .debug_frame   0x000004e8       0x2c ./Sources/median.o
 .debug_frame   0x00000514       0xc0 ./Project_Settings/Startup_Code/startup.o
 .debug_frame   0x000005d4       0x80 ./Generated_Code/Cpu.o
 .debug_frame   0x00000654       0x84 C:\Users\12443166\Documents\git\es18aut35\Lab4withLab3Lib\Library\libLab3.a(FTM.o)
 .debug_frame   0x000006d8      0x140 C:\Users\12443166\Documents\git\es18aut35\Lab4withLab3Lib\Library\libLab3.a(Flash.o)
 .debug_frame   0x00000818       0x80 C:\Users\12443166\Documents\git\es18aut35\Lab4withLab3Lib\Library\libLab3.a(LEDs.o)
 .debug_frame   0x00000898       0x88 C:\Users\12443166\Documents\git\es18aut35\Lab4withLab3Lib\Library\libLab3.a(PIT.o)
 .debug_frame   0x00000920       0x88 C:\Users\12443166\Documents\git\es18aut35\Lab4withLab3Lib\Library\libLab3.a(RTC.o)
 .debug_frame   0x000009a8       0xb0 C:\Users\12443166\Documents\git\es18aut35\Lab4withLab3Lib\Library\libLab3.a(UART.o)
 .debug_frame   0x00000a58       0x8c C:\Users\12443166\Documents\git\es18aut35\Lab4withLab3Lib\Library\libLab3.a(packet.o)
 .debug_frame   0x00000ae4       0x64 C:\Users\12443166\Documents\git\es18aut35\Lab4withLab3Lib\Library\libLab3.a(FIFO.o)
 .debug_frame   0x00000b48       0x28 c:/freescale/kds_3.0.0/toolchain/bin/../lib/gcc/arm-none-eabi/4.8.4/../../../../arm-none-eabi/lib/armv7e-m/fpu\libg_s.a(lib_a-exit.o)
 .debug_frame   0x00000b70       0x2c c:/freescale/kds_3.0.0/toolchain/bin/../lib/gcc/arm-none-eabi/4.8.4/../../../../arm-none-eabi/lib/armv7e-m/fpu\libg_s.a(lib_a-init.o)
 .debug_frame   0x00000b9c       0x20 c:/freescale/kds_3.0.0/toolchain/bin/../lib/gcc/arm-none-eabi/4.8.4/../../../../arm-none-eabi/lib/armv7e-m/fpu\libg_s.a(lib_a-memset.o)
 .debug_frame   0x00000bbc       0x20 c:/freescale/kds_3.0.0/toolchain/bin/../lib/gcc/arm-none-eabi/4.8.4/../../../../arm-none-eabi/lib/armv7e-m/fpu\libnosys.a(_exit.o)
