Archive member included because of file (symbol)

C:\Users\13115605\Documents\es18aut35\OSExample\Library\libOS.a(OS.o)
                              ./Sources/main.o (OS_Init)
c:/freescale/kds_3.0.0/toolchain/bin/../lib/gcc/arm-none-eabi/4.8.4/../../../../arm-none-eabi/lib/armv7e-m/fpu\libg_s.a(lib_a-exit.o)
                              c:/freescale/kds_3.0.0/toolchain/bin/../lib/gcc/arm-none-eabi/4.8.4/../../../../arm-none-eabi/lib/armv7e-m/fpu/crt0.o (exit)
c:/freescale/kds_3.0.0/toolchain/bin/../lib/gcc/arm-none-eabi/4.8.4/../../../../arm-none-eabi/lib/armv7e-m/fpu\libg_s.a(lib_a-impure.o)
                              c:/freescale/kds_3.0.0/toolchain/bin/../lib/gcc/arm-none-eabi/4.8.4/../../../../arm-none-eabi/lib/armv7e-m/fpu\libg_s.a(lib_a-exit.o) (_global_impure_ptr)
c:/freescale/kds_3.0.0/toolchain/bin/../lib/gcc/arm-none-eabi/4.8.4/../../../../arm-none-eabi/lib/armv7e-m/fpu\libg_s.a(lib_a-init.o)
                              c:/freescale/kds_3.0.0/toolchain/bin/../lib/gcc/arm-none-eabi/4.8.4/../../../../arm-none-eabi/lib/armv7e-m/fpu/crt0.o (__libc_init_array)
c:/freescale/kds_3.0.0/toolchain/bin/../lib/gcc/arm-none-eabi/4.8.4/../../../../arm-none-eabi/lib/armv7e-m/fpu\libg_s.a(lib_a-memset.o)
                              c:/freescale/kds_3.0.0/toolchain/bin/../lib/gcc/arm-none-eabi/4.8.4/../../../../arm-none-eabi/lib/armv7e-m/fpu/crt0.o (memset)
c:/freescale/kds_3.0.0/toolchain/bin/../lib/gcc/arm-none-eabi/4.8.4/../../../../arm-none-eabi/lib/armv7e-m/fpu\libnosys.a(_exit.o)
                              c:/freescale/kds_3.0.0/toolchain/bin/../lib/gcc/arm-none-eabi/4.8.4/../../../../arm-none-eabi/lib/armv7e-m/fpu\libg_s.a(lib_a-exit.o) (_exit)

Allocating common symbols
Common symbol       size              file

SCP_TowerMd         0x2               ./Sources/SCP.o
NvTowerMd           0x4               ./Sources/SCP.o
NvTowerNb           0x4               ./Sources/SCP.o
SCP_ProtocolMode    0x1               ./Sources/SCP.o
Packet              0x5               ./Sources/packet.o
SCP_TowerNb         0x2               ./Sources/SCP.o
TxAccess            0x4               ./Sources/UART.o
RxAccess            0x4               ./Sources/UART.o
PacketAccess        0x4               ./Sources/packet.o
SR_reg              0x1               ./Generated_Code/Cpu.o
PacketReady         0x4               ./Sources/UART.o

Discarded input sections

 .text          0x00000000        0x0 c:/freescale/kds_3.0.0/toolchain/bin/../lib/gcc/arm-none-eabi/4.8.4/armv7e-m/fpu/crti.o
 .data          0x00000000        0x0 c:/freescale/kds_3.0.0/toolchain/bin/../lib/gcc/arm-none-eabi/4.8.4/armv7e-m/fpu/crti.o
 .bss           0x00000000        0x0 c:/freescale/kds_3.0.0/toolchain/bin/../lib/gcc/arm-none-eabi/4.8.4/armv7e-m/fpu/crti.o
 .data          0x00000000        0x4 c:/freescale/kds_3.0.0/toolchain/bin/../lib/gcc/arm-none-eabi/4.8.4/armv7e-m/fpu/crtbegin.o
 .data          0x00000000        0x0 c:/freescale/kds_3.0.0/toolchain/bin/../lib/gcc/arm-none-eabi/4.8.4/../../../../arm-none-eabi/lib/armv7e-m/fpu/crt0.o
 .bss           0x00000000        0x0 c:/freescale/kds_3.0.0/toolchain/bin/../lib/gcc/arm-none-eabi/4.8.4/../../../../arm-none-eabi/lib/armv7e-m/fpu/crt0.o
 .ARM.extab     0x00000000        0x0 c:/freescale/kds_3.0.0/toolchain/bin/../lib/gcc/arm-none-eabi/4.8.4/../../../../arm-none-eabi/lib/armv7e-m/fpu/crt0.o
 .group         0x00000000        0x8 ./Sources/FIFO.o
 .group         0x00000000        0x8 ./Sources/FIFO.o
 .group         0x00000000        0x8 ./Sources/FIFO.o
 .group         0x00000000        0x8 ./Sources/FIFO.o
 .group         0x00000000        0x8 ./Sources/FIFO.o
 .group         0x00000000        0x8 ./Sources/FIFO.o
 .group         0x00000000        0x8 ./Sources/FIFO.o
 .group         0x00000000        0x8 ./Sources/FIFO.o
 .group         0x00000000        0x8 ./Sources/FIFO.o
 .text          0x00000000        0x0 ./Sources/FIFO.o
 .data          0x00000000        0x0 ./Sources/FIFO.o
 .bss           0x00000000        0x0 ./Sources/FIFO.o
 .group         0x00000000        0x8 ./Sources/LEDs.o
 .group         0x00000000        0x8 ./Sources/LEDs.o
 .group         0x00000000        0x8 ./Sources/LEDs.o
 .group         0x00000000        0x8 ./Sources/LEDs.o
 .group         0x00000000        0x8 ./Sources/LEDs.o
 .group         0x00000000        0x8 ./Sources/LEDs.o
 .group         0x00000000        0x8 ./Sources/LEDs.o
 .group         0x00000000        0x8 ./Sources/LEDs.o
 .text          0x00000000        0x0 ./Sources/LEDs.o
 .data          0x00000000        0x0 ./Sources/LEDs.o
 .bss           0x00000000        0x0 ./Sources/LEDs.o
 .text.LEDs_Off
                0x00000000       0x1c ./Sources/LEDs.o
 .text.LEDs_Toggle
                0x00000000       0x1c ./Sources/LEDs.o
 .debug_macro   0x00000000      0x850 ./Sources/LEDs.o
 .debug_macro   0x00000000       0x16 ./Sources/LEDs.o
 .debug_macro   0x00000000       0x44 ./Sources/LEDs.o
 .debug_macro   0x00000000      0x209 ./Sources/LEDs.o
 .debug_macro   0x00000000       0x22 ./Sources/LEDs.o
 .debug_macro   0x00000000     0x1800 ./Sources/LEDs.o
 .debug_macro   0x00000000    0x174c1 ./Sources/LEDs.o
 .debug_macro   0x00000000       0x94 ./Sources/LEDs.o
 .group         0x00000000        0x8 ./Sources/SCP.o
 .group         0x00000000        0x8 ./Sources/SCP.o
 .group         0x00000000        0x8 ./Sources/SCP.o
 .group         0x00000000        0x8 ./Sources/SCP.o
 .group         0x00000000        0x8 ./Sources/SCP.o
 .group         0x00000000        0x8 ./Sources/SCP.o
 .group         0x00000000        0x8 ./Sources/SCP.o
 .group         0x00000000        0x8 ./Sources/SCP.o
 .text          0x00000000        0x0 ./Sources/SCP.o
 .data          0x00000000        0x0 ./Sources/SCP.o
 .bss           0x00000000        0x0 ./Sources/SCP.o
 .debug_macro   0x00000000      0x850 ./Sources/SCP.o
 .debug_macro   0x00000000       0x16 ./Sources/SCP.o
 .debug_macro   0x00000000       0x44 ./Sources/SCP.o
 .debug_macro   0x00000000      0x209 ./Sources/SCP.o
 .debug_macro   0x00000000       0x22 ./Sources/SCP.o
 .debug_macro   0x00000000     0x1800 ./Sources/SCP.o
 .group         0x00000000        0x8 ./Sources/UART.o
 .group         0x00000000        0x8 ./Sources/UART.o
 .group         0x00000000        0x8 ./Sources/UART.o
 .group         0x00000000        0x8 ./Sources/UART.o
 .group         0x00000000        0x8 ./Sources/UART.o
 .group         0x00000000        0x8 ./Sources/UART.o
 .group         0x00000000        0x8 ./Sources/UART.o
 .group         0x00000000        0x8 ./Sources/UART.o
 .group         0x00000000        0x8 ./Sources/UART.o
 .group         0x00000000        0x8 ./Sources/UART.o
 .group         0x00000000        0x8 ./Sources/UART.o
 .text          0x00000000        0x0 ./Sources/UART.o
 .data          0x00000000        0x0 ./Sources/UART.o
 .bss           0x00000000        0x0 ./Sources/UART.o
 .text.UART_Poll
                0x00000000       0x4c ./Sources/UART.o
 .debug_macro   0x00000000      0x850 ./Sources/UART.o
 .debug_macro   0x00000000       0x16 ./Sources/UART.o
 .debug_macro   0x00000000       0x44 ./Sources/UART.o
 .debug_macro   0x00000000      0x209 ./Sources/UART.o
 .debug_macro   0x00000000    0x174c1 ./Sources/UART.o
 .debug_macro   0x00000000       0x94 ./Sources/UART.o
 .debug_macro   0x00000000       0x22 ./Sources/UART.o
 .debug_macro   0x00000000       0x36 ./Sources/UART.o
 .debug_macro   0x00000000       0x3a ./Sources/UART.o
 .group         0x00000000        0x8 ./Sources/main.o
 .group         0x00000000        0x8 ./Sources/main.o
 .group         0x00000000        0x8 ./Sources/main.o
 .group         0x00000000        0x8 ./Sources/main.o
 .group         0x00000000        0x8 ./Sources/main.o
 .group         0x00000000        0x8 ./Sources/main.o
 .group         0x00000000        0x8 ./Sources/main.o
 .group         0x00000000        0x8 ./Sources/main.o
 .group         0x00000000        0x8 ./Sources/main.o
 .group         0x00000000        0x8 ./Sources/main.o
 .group         0x00000000        0x8 ./Sources/main.o
 .group         0x00000000        0x8 ./Sources/main.o
 .text          0x00000000        0x0 ./Sources/main.o
 .data          0x00000000        0x0 ./Sources/main.o
 .bss           0x00000000        0x0 ./Sources/main.o
 .bss.MyLEDThreadStacks
                0x00000000     0x4000 ./Sources/main.o
 .rodata.LED_THREAD_PRIORITIES
                0x00000000        0x4 ./Sources/main.o
 .text.LPTMRInit
                0x00000000       0xa8 ./Sources/main.o
 .text.LEDInit  0x00000000       0x6c ./Sources/main.o
 .text.LEDThread
                0x00000000       0x4c ./Sources/main.o
 .debug_macro   0x00000000      0x850 ./Sources/main.o
 .debug_macro   0x00000000       0x16 ./Sources/main.o
 .debug_macro   0x00000000       0x44 ./Sources/main.o
 .debug_macro   0x00000000      0x209 ./Sources/main.o
 .debug_macro   0x00000000     0x17fa ./Sources/main.o
 .debug_macro   0x00000000    0x174c1 ./Sources/main.o
 .debug_macro   0x00000000       0x94 ./Sources/main.o
 .debug_macro   0x00000000       0x22 ./Sources/main.o
 .debug_macro   0x00000000       0x3a ./Sources/main.o
 .debug_macro   0x00000000       0x10 ./Sources/main.o
 .debug_macro   0x00000000       0x40 ./Sources/main.o
 .group         0x00000000        0x8 ./Sources/packet.o
 .group         0x00000000        0x8 ./Sources/packet.o
 .group         0x00000000        0x8 ./Sources/packet.o
 .group         0x00000000        0x8 ./Sources/packet.o
 .group         0x00000000        0x8 ./Sources/packet.o
 .group         0x00000000        0x8 ./Sources/packet.o
 .group         0x00000000        0x8 ./Sources/packet.o
 .text          0x00000000        0x0 ./Sources/packet.o
 .data          0x00000000        0x0 ./Sources/packet.o
 .bss           0x00000000        0x0 ./Sources/packet.o
 .text.Packet_Acknowledgement_Required
                0x00000000       0x28 ./Sources/packet.o
 .debug_macro   0x00000000      0x850 ./Sources/packet.o
 .debug_macro   0x00000000       0x16 ./Sources/packet.o
 .debug_macro   0x00000000       0x44 ./Sources/packet.o
 .debug_macro   0x00000000      0x209 ./Sources/packet.o
 .debug_macro   0x00000000       0x22 ./Sources/packet.o
 .debug_macro   0x00000000       0x36 ./Sources/packet.o
 .group         0x00000000        0x8 ./Project_Settings/Startup_Code/startup.o
 .group         0x00000000        0x8 ./Project_Settings/Startup_Code/startup.o
 .group         0x00000000        0x8 ./Project_Settings/Startup_Code/startup.o
 .group         0x00000000        0x8 ./Project_Settings/Startup_Code/startup.o
 .group         0x00000000        0x8 ./Project_Settings/Startup_Code/startup.o
 .group         0x00000000        0x8 ./Project_Settings/Startup_Code/startup.o
 .group         0x00000000        0x8 ./Project_Settings/Startup_Code/startup.o
 .group         0x00000000        0x8 ./Project_Settings/Startup_Code/startup.o
 .group         0x00000000        0x8 ./Project_Settings/Startup_Code/startup.o
 .group         0x00000000        0x8 ./Project_Settings/Startup_Code/startup.o
 .group         0x00000000        0x8 ./Project_Settings/Startup_Code/startup.o
 .group         0x00000000        0x8 ./Project_Settings/Startup_Code/startup.o
 .group         0x00000000        0x8 ./Project_Settings/Startup_Code/startup.o
 .group         0x00000000        0x8 ./Project_Settings/Startup_Code/startup.o
 .group         0x00000000        0x8 ./Project_Settings/Startup_Code/startup.o
 .group         0x00000000        0x8 ./Project_Settings/Startup_Code/startup.o
 .group         0x00000000        0x8 ./Project_Settings/Startup_Code/startup.o
 .group         0x00000000        0x8 ./Project_Settings/Startup_Code/startup.o
 .group         0x00000000        0x8 ./Project_Settings/Startup_Code/startup.o
 .text          0x00000000        0x0 ./Project_Settings/Startup_Code/startup.o
 .data          0x00000000        0x0 ./Project_Settings/Startup_Code/startup.o
 .bss           0x00000000        0x0 ./Project_Settings/Startup_Code/startup.o
 .text.__init_hardware
                0x00000000        0xc ./Project_Settings/Startup_Code/startup.o
 .text.__iar_program_start
                0x00000000        0xc ./Project_Settings/Startup_Code/startup.o
 .debug_macro   0x00000000      0x850 ./Project_Settings/Startup_Code/startup.o
 .debug_macro   0x00000000       0x16 ./Project_Settings/Startup_Code/startup.o
 .group         0x00000000        0x8 ./Generated_Code/Cpu.o
 .group         0x00000000        0x8 ./Generated_Code/Cpu.o
 .group         0x00000000        0x8 ./Generated_Code/Cpu.o
 .group         0x00000000        0x8 ./Generated_Code/Cpu.o
 .group         0x00000000        0x8 ./Generated_Code/Cpu.o
 .group         0x00000000        0x8 ./Generated_Code/Cpu.o
 .group         0x00000000        0x8 ./Generated_Code/Cpu.o
 .text          0x00000000        0x0 ./Generated_Code/Cpu.o
 .data          0x00000000        0x0 ./Generated_Code/Cpu.o
 .bss           0x00000000        0x0 ./Generated_Code/Cpu.o
 .debug_macro   0x00000000      0x850 ./Generated_Code/Cpu.o
 .debug_macro   0x00000000       0x16 ./Generated_Code/Cpu.o
 .debug_macro   0x00000000       0x44 ./Generated_Code/Cpu.o
 .debug_macro   0x00000000      0x209 ./Generated_Code/Cpu.o
 .debug_macro   0x00000000     0x17fa ./Generated_Code/Cpu.o
 .debug_macro   0x00000000    0x174c1 ./Generated_Code/Cpu.o
 .group         0x00000000        0x8 ./Generated_Code/Vectors.o
 .group         0x00000000        0x8 ./Generated_Code/Vectors.o
 .group         0x00000000        0x8 ./Generated_Code/Vectors.o
 .group         0x00000000        0x8 ./Generated_Code/Vectors.o
 .group         0x00000000        0x8 ./Generated_Code/Vectors.o
 .group         0x00000000        0x8 ./Generated_Code/Vectors.o
 .group         0x00000000        0x8 ./Generated_Code/Vectors.o
 .group         0x00000000        0x8 ./Generated_Code/Vectors.o
 .group         0x00000000        0x8 ./Generated_Code/Vectors.o
 .text          0x00000000        0x0 ./Generated_Code/Vectors.o
 .data          0x00000000        0x0 ./Generated_Code/Vectors.o
 .bss           0x00000000        0x0 ./Generated_Code/Vectors.o
 .debug_macro   0x00000000      0x850 ./Generated_Code/Vectors.o
 .debug_macro   0x00000000       0x16 ./Generated_Code/Vectors.o
 .debug_macro   0x00000000       0x44 ./Generated_Code/Vectors.o
 .debug_macro   0x00000000      0x209 ./Generated_Code/Vectors.o
 .debug_macro   0x00000000     0x17fa ./Generated_Code/Vectors.o
 .debug_macro   0x00000000    0x174c1 ./Generated_Code/Vectors.o
 .debug_macro   0x00000000       0x94 ./Generated_Code/Vectors.o
 .debug_macro   0x00000000       0x22 ./Generated_Code/Vectors.o
 .debug_macro   0x00000000       0x30 ./Generated_Code/Vectors.o
 .group         0x00000000        0x8 C:\Users\13115605\Documents\es18aut35\OSExample\Library\libOS.a(OS.o)
 .group         0x00000000        0x8 C:\Users\13115605\Documents\es18aut35\OSExample\Library\libOS.a(OS.o)
 .group         0x00000000        0x8 C:\Users\13115605\Documents\es18aut35\OSExample\Library\libOS.a(OS.o)
 .group         0x00000000        0x8 C:\Users\13115605\Documents\es18aut35\OSExample\Library\libOS.a(OS.o)
 .group         0x00000000        0x8 C:\Users\13115605\Documents\es18aut35\OSExample\Library\libOS.a(OS.o)
 .group         0x00000000        0x8 C:\Users\13115605\Documents\es18aut35\OSExample\Library\libOS.a(OS.o)
 .group         0x00000000        0x8 C:\Users\13115605\Documents\es18aut35\OSExample\Library\libOS.a(OS.o)
 .group         0x00000000        0x8 C:\Users\13115605\Documents\es18aut35\OSExample\Library\libOS.a(OS.o)
 .group         0x00000000        0x8 C:\Users\13115605\Documents\es18aut35\OSExample\Library\libOS.a(OS.o)
 .group         0x00000000        0x8 C:\Users\13115605\Documents\es18aut35\OSExample\Library\libOS.a(OS.o)
 .group         0x00000000        0x8 C:\Users\13115605\Documents\es18aut35\OSExample\Library\libOS.a(OS.o)
 .text          0x00000000        0x0 C:\Users\13115605\Documents\es18aut35\OSExample\Library\libOS.a(OS.o)
 .data          0x00000000        0x0 C:\Users\13115605\Documents\es18aut35\OSExample\Library\libOS.a(OS.o)
 .bss           0x00000000        0x0 C:\Users\13115605\Documents\es18aut35\OSExample\Library\libOS.a(OS.o)
 .rodata.OS_TICK_FREQUENCY
                0x00000000        0x4 C:\Users\13115605\Documents\es18aut35\OSExample\Library\libOS.a(OS.o)
 .text.OS_TimeDelay
                0x00000000       0x48 C:\Users\13115605\Documents\es18aut35\OSExample\Library\libOS.a(OS.o)
 .text.OS_TimeGet
                0x00000000       0x24 C:\Users\13115605\Documents\es18aut35\OSExample\Library\libOS.a(OS.o)
 .text.OS_TimeSet
                0x00000000       0x20 C:\Users\13115605\Documents\es18aut35\OSExample\Library\libOS.a(OS.o)
 .debug_macro   0x00000000      0x850 C:\Users\13115605\Documents\es18aut35\OSExample\Library\libOS.a(OS.o)
 .debug_macro   0x00000000       0x16 C:\Users\13115605\Documents\es18aut35\OSExample\Library\libOS.a(OS.o)
 .debug_macro   0x00000000       0x44 C:\Users\13115605\Documents\es18aut35\OSExample\Library\libOS.a(OS.o)
 .debug_macro   0x00000000      0x209 C:\Users\13115605\Documents\es18aut35\OSExample\Library\libOS.a(OS.o)
 .debug_macro   0x00000000     0x17fa C:\Users\13115605\Documents\es18aut35\OSExample\Library\libOS.a(OS.o)
 .debug_macro   0x00000000    0x174c1 C:\Users\13115605\Documents\es18aut35\OSExample\Library\libOS.a(OS.o)
 .debug_macro   0x00000000       0x22 C:\Users\13115605\Documents\es18aut35\OSExample\Library\libOS.a(OS.o)
 .debug_macro   0x00000000       0x30 C:\Users\13115605\Documents\es18aut35\OSExample\Library\libOS.a(OS.o)
 .text          0x00000000        0x0 c:/freescale/kds_3.0.0/toolchain/bin/../lib/gcc/arm-none-eabi/4.8.4/../../../../arm-none-eabi/lib/armv7e-m/fpu\libg_s.a(lib_a-exit.o)
 .data          0x00000000        0x0 c:/freescale/kds_3.0.0/toolchain/bin/../lib/gcc/arm-none-eabi/4.8.4/../../../../arm-none-eabi/lib/armv7e-m/fpu\libg_s.a(lib_a-exit.o)
 .bss           0x00000000        0x0 c:/freescale/kds_3.0.0/toolchain/bin/../lib/gcc/arm-none-eabi/4.8.4/../../../../arm-none-eabi/lib/armv7e-m/fpu\libg_s.a(lib_a-exit.o)
 .text          0x00000000        0x0 c:/freescale/kds_3.0.0/toolchain/bin/../lib/gcc/arm-none-eabi/4.8.4/../../../../arm-none-eabi/lib/armv7e-m/fpu\libg_s.a(lib_a-impure.o)
 .data          0x00000000        0x0 c:/freescale/kds_3.0.0/toolchain/bin/../lib/gcc/arm-none-eabi/4.8.4/../../../../arm-none-eabi/lib/armv7e-m/fpu\libg_s.a(lib_a-impure.o)
 .bss           0x00000000        0x0 c:/freescale/kds_3.0.0/toolchain/bin/../lib/gcc/arm-none-eabi/4.8.4/../../../../arm-none-eabi/lib/armv7e-m/fpu\libg_s.a(lib_a-impure.o)
 .data._impure_ptr
                0x00000000        0x4 c:/freescale/kds_3.0.0/toolchain/bin/../lib/gcc/arm-none-eabi/4.8.4/../../../../arm-none-eabi/lib/armv7e-m/fpu\libg_s.a(lib_a-impure.o)
 .text          0x00000000        0x0 c:/freescale/kds_3.0.0/toolchain/bin/../lib/gcc/arm-none-eabi/4.8.4/../../../../arm-none-eabi/lib/armv7e-m/fpu\libg_s.a(lib_a-init.o)
 .data          0x00000000        0x0 c:/freescale/kds_3.0.0/toolchain/bin/../lib/gcc/arm-none-eabi/4.8.4/../../../../arm-none-eabi/lib/armv7e-m/fpu\libg_s.a(lib_a-init.o)
 .bss           0x00000000        0x0 c:/freescale/kds_3.0.0/toolchain/bin/../lib/gcc/arm-none-eabi/4.8.4/../../../../arm-none-eabi/lib/armv7e-m/fpu\libg_s.a(lib_a-init.o)
 .text          0x00000000        0x0 c:/freescale/kds_3.0.0/toolchain/bin/../lib/gcc/arm-none-eabi/4.8.4/../../../../arm-none-eabi/lib/armv7e-m/fpu\libg_s.a(lib_a-memset.o)
 .data          0x00000000        0x0 c:/freescale/kds_3.0.0/toolchain/bin/../lib/gcc/arm-none-eabi/4.8.4/../../../../arm-none-eabi/lib/armv7e-m/fpu\libg_s.a(lib_a-memset.o)
 .bss           0x00000000        0x0 c:/freescale/kds_3.0.0/toolchain/bin/../lib/gcc/arm-none-eabi/4.8.4/../../../../arm-none-eabi/lib/armv7e-m/fpu\libg_s.a(lib_a-memset.o)
 .text          0x00000000        0x0 c:/freescale/kds_3.0.0/toolchain/bin/../lib/gcc/arm-none-eabi/4.8.4/../../../../arm-none-eabi/lib/armv7e-m/fpu\libnosys.a(_exit.o)
 .data          0x00000000        0x0 c:/freescale/kds_3.0.0/toolchain/bin/../lib/gcc/arm-none-eabi/4.8.4/../../../../arm-none-eabi/lib/armv7e-m/fpu\libnosys.a(_exit.o)
 .bss           0x00000000        0x0 c:/freescale/kds_3.0.0/toolchain/bin/../lib/gcc/arm-none-eabi/4.8.4/../../../../arm-none-eabi/lib/armv7e-m/fpu\libnosys.a(_exit.o)
 .text          0x00000000        0x0 c:/freescale/kds_3.0.0/toolchain/bin/../lib/gcc/arm-none-eabi/4.8.4/armv7e-m/fpu/crtend.o
 .data          0x00000000        0x0 c:/freescale/kds_3.0.0/toolchain/bin/../lib/gcc/arm-none-eabi/4.8.4/armv7e-m/fpu/crtend.o
 .bss           0x00000000        0x0 c:/freescale/kds_3.0.0/toolchain/bin/../lib/gcc/arm-none-eabi/4.8.4/armv7e-m/fpu/crtend.o
 .eh_frame      0x00000000        0x4 c:/freescale/kds_3.0.0/toolchain/bin/../lib/gcc/arm-none-eabi/4.8.4/armv7e-m/fpu/crtend.o
 .jcr           0x00000000        0x4 c:/freescale/kds_3.0.0/toolchain/bin/../lib/gcc/arm-none-eabi/4.8.4/armv7e-m/fpu/crtend.o
 .ARM.attributes
                0x00000000       0x34 c:/freescale/kds_3.0.0/toolchain/bin/../lib/gcc/arm-none-eabi/4.8.4/armv7e-m/fpu/crtend.o
 .text          0x00000000        0x0 c:/freescale/kds_3.0.0/toolchain/bin/../lib/gcc/arm-none-eabi/4.8.4/armv7e-m/fpu/crtn.o
 .data          0x00000000        0x0 c:/freescale/kds_3.0.0/toolchain/bin/../lib/gcc/arm-none-eabi/4.8.4/armv7e-m/fpu/crtn.o
 .bss           0x00000000        0x0 c:/freescale/kds_3.0.0/toolchain/bin/../lib/gcc/arm-none-eabi/4.8.4/armv7e-m/fpu/crtn.o

Memory Configuration

Name             Origin             Length             Attributes
m_interrupts     0x00000000         0x000001e8         xr
m_text           0x00000410         0x0007fbf0         xr
m_data           0x1fff0000         0x00010000         rw
m_data_20000000  0x20000000         0x00010000         rw
m_cfmprotrom     0x00000400         0x00000010         xr
*default*        0x00000000         0xffffffff

Linker script and memory map

LOAD c:/freescale/kds_3.0.0/toolchain/bin/../lib/gcc/arm-none-eabi/4.8.4/armv7e-m/fpu/crti.o
LOAD c:/freescale/kds_3.0.0/toolchain/bin/../lib/gcc/arm-none-eabi/4.8.4/armv7e-m/fpu/crtbegin.o
LOAD c:/freescale/kds_3.0.0/toolchain/bin/../lib/gcc/arm-none-eabi/4.8.4/../../../../arm-none-eabi/lib/armv7e-m/fpu/crt0.o
LOAD ./Sources/FIFO.o
LOAD ./Sources/LEDs.o
LOAD ./Sources/SCP.o
LOAD ./Sources/UART.o
LOAD ./Sources/main.o
LOAD ./Sources/packet.o
LOAD ./Project_Settings/Startup_Code/startup.o
LOAD ./Generated_Code/Cpu.o
LOAD ./Generated_Code/Vectors.o
LOAD C:\Users\13115605\Documents\es18aut35\OSExample\Library\libOS.a
LOAD c:/freescale/kds_3.0.0/toolchain/bin/../lib/gcc/arm-none-eabi/4.8.4/../../../../arm-none-eabi/lib/armv7e-m/fpu\libstdc++_s.a
LOAD c:/freescale/kds_3.0.0/toolchain/bin/../lib/gcc/arm-none-eabi/4.8.4/../../../../arm-none-eabi/lib/armv7e-m/fpu\libm.a
START GROUP
LOAD c:/freescale/kds_3.0.0/toolchain/bin/../lib/gcc/arm-none-eabi/4.8.4/armv7e-m/fpu\libgcc.a
LOAD c:/freescale/kds_3.0.0/toolchain/bin/../lib/gcc/arm-none-eabi/4.8.4/../../../../arm-none-eabi/lib/armv7e-m/fpu\libg_s.a
LOAD c:/freescale/kds_3.0.0/toolchain/bin/../lib/gcc/arm-none-eabi/4.8.4/../../../../arm-none-eabi/lib/armv7e-m/fpu\libc_s.a
END GROUP
START GROUP
LOAD c:/freescale/kds_3.0.0/toolchain/bin/../lib/gcc/arm-none-eabi/4.8.4/armv7e-m/fpu\libgcc.a
LOAD c:/freescale/kds_3.0.0/toolchain/bin/../lib/gcc/arm-none-eabi/4.8.4/../../../../arm-none-eabi/lib/armv7e-m/fpu\libc_s.a
LOAD c:/freescale/kds_3.0.0/toolchain/bin/../lib/gcc/arm-none-eabi/4.8.4/../../../../arm-none-eabi/lib/armv7e-m/fpu\libnosys.a
END GROUP
START GROUP
LOAD c:/freescale/kds_3.0.0/toolchain/bin/../lib/gcc/arm-none-eabi/4.8.4/armv7e-m/fpu\libgcc.a
LOAD c:/freescale/kds_3.0.0/toolchain/bin/../lib/gcc/arm-none-eabi/4.8.4/../../../../arm-none-eabi/lib/armv7e-m/fpu\libc_s.a
LOAD c:/freescale/kds_3.0.0/toolchain/bin/../lib/gcc/arm-none-eabi/4.8.4/../../../../arm-none-eabi/lib/armv7e-m/fpu\libnosys.a
END GROUP
LOAD c:/freescale/kds_3.0.0/toolchain/bin/../lib/gcc/arm-none-eabi/4.8.4/armv7e-m/fpu/crtend.o
LOAD c:/freescale/kds_3.0.0/toolchain/bin/../lib/gcc/arm-none-eabi/4.8.4/armv7e-m/fpu/crtn.o
                0x20000000                _estack = 0x20000000
                0x20000000                __SP_INIT = _estack
                0x20000000                __stack = _estack
                0x00000000                __heap_size = 0x0
                0x00000400                __stack_size = 0x400

.interrupts     0x00000000      0x1e8
                0x00000000                __vector_table = .
                0x00000000                . = ALIGN (0x4)
 *(.vectortable)
 .vectortable   0x00000000      0x1e8 ./Generated_Code/Vectors.o
                0x00000000                __vect_table
                0x000001e8                . = ALIGN (0x4)

.cfmprotect     0x00000400       0x10
                0x00000400                . = ALIGN (0x4)
 *(.cfmconfig)
 .cfmconfig     0x00000400       0x10 ./Generated_Code/Cpu.o
                0x00000400                _cfm
                0x00000410                . = ALIGN (0x4)

.text           0x00000410     0x1a24
                0x00000410                . = ALIGN (0x4)
 *(.text)
 .text          0x00000410       0x54 c:/freescale/kds_3.0.0/toolchain/bin/../lib/gcc/arm-none-eabi/4.8.4/armv7e-m/fpu/crtbegin.o
 .text          0x00000464       0x74 c:/freescale/kds_3.0.0/toolchain/bin/../lib/gcc/arm-none-eabi/4.8.4/../../../../arm-none-eabi/lib/armv7e-m/fpu/crt0.o
                0x00000464                _start
                0x00000464                _mainCRTStartup
 *(.text*)
 .text.FIFO_Init
                0x000004d8       0x48 ./Sources/FIFO.o
                0x000004d8                FIFO_Init
 .text.FIFO_Put
                0x00000520       0x74 ./Sources/FIFO.o
                0x00000520                FIFO_Put
 .text.FIFO_Get
                0x00000594       0x74 ./Sources/FIFO.o
                0x00000594                FIFO_Get
 .text.LEDs_Init
                0x00000608       0x74 ./Sources/LEDs.o
                0x00000608                LEDs_Init
 .text.LEDs_On  0x0000067c       0x1c ./Sources/LEDs.o
                0x0000067c                LEDs_On
 .text.SCP_SendStartUpValues
                0x00000698       0x44 ./Sources/SCP.o
                0x00000698                SCP_SendStartUpValues
 .text.SendVersion
                0x000006dc       0x18 ./Sources/SCP.o
                0x000006dc                SendVersion
 .text.HandleTowerNumber
                0x000006f4       0x28 ./Sources/SCP.o
                0x000006f4                HandleTowerNumber
 .text.SendTowerNumber
                0x0000071c       0x20 ./Sources/SCP.o
                0x0000071c                SendTowerNumber
 .text.SetTowerNumber
                0x0000073c       0x10 ./Sources/SCP.o
                0x0000073c                SetTowerNumber
 .text.HandleTowerMode
                0x0000074c       0x28 ./Sources/SCP.o
                0x0000074c                HandleTowerMode
 .text.SendTowerMode
                0x00000774       0x20 ./Sources/SCP.o
                0x00000774                SendTowerMode
 .text.SetTowerMode
                0x00000794       0x10 ./Sources/SCP.o
                0x00000794                SetTowerMode
 .text.ReadByte
                0x000007a4       0x20 ./Sources/SCP.o
                0x000007a4                ReadByte
 .text.ProgramByte
                0x000007c4       0x1c ./Sources/SCP.o
                0x000007c4                ProgramByte
 .text.SendTime
                0x000007e0       0x20 ./Sources/SCP.o
                0x000007e0                SendTime
 .text.SetTime  0x00000800       0x10 ./Sources/SCP.o
                0x00000800                SetTime
 .text.SendProtocolMode
                0x00000810       0x20 ./Sources/SCP.o
                0x00000810                SendProtocolMode
 .text.SetProtocolMode
                0x00000830       0x20 ./Sources/SCP.o
                0x00000830                SetProtocolMode
 .text.HandleProtocolMode
                0x00000850       0x28 ./Sources/SCP.o
                0x00000850                HandleProtocolMode
 .text.SendAccelValues
                0x00000878       0x1c ./Sources/SCP.o
                0x00000878                SendAccelValues
 .text.SCP_Acknowledgement_Required
                0x00000894       0x30 ./Sources/SCP.o
                0x00000894                SCP_Acknowledgement_Required
 .text.ACK      0x000008c4       0x24 ./Sources/SCP.o
                0x000008c4                ACK
 .text.NAK      0x000008e8       0x30 ./Sources/SCP.o
                0x000008e8                NAK
 .text.SCP_Packet_Handle
                0x00000918       0xac ./Sources/SCP.o
                0x00000918                SCP_Packet_Handle
 .text.SCP_Packet_Handle_Ack
                0x000009c4       0x34 ./Sources/SCP.o
                0x000009c4                SCP_Packet_Handle_Ack
 .text.UART_Init
                0x000009f8      0x138 ./Sources/UART.o
                0x000009f8                UART_Init
 .text.UART_InChar
                0x00000b30       0x20 ./Sources/UART.o
                0x00000b30                UART_InChar
 .text.UART_OutChar
                0x00000b50       0x38 ./Sources/UART.o
                0x00000b50                UART_OutChar
 .text.TxThread
                0x00000b88       0x4c ./Sources/UART.o
                0x00000b88                TxThread
 .text.RxThread
                0x00000bd4       0x40 ./Sources/UART.o
                0x00000bd4                RxThread
 .text.UART_ISR
                0x00000c14       0x98 ./Sources/UART.o
                0x00000c14                UART_ISR
 .text.HandlePacketThread
                0x00000cac       0x3c ./Sources/main.o
 .text.InitModulesThread
                0x00000ce8       0x60 ./Sources/main.o
 .text.LPTimer_ISR
                0x00000d48       0x34 ./Sources/main.o
                0x00000d48                LPTimer_ISR
 .text.main     0x00000d7c       0x84 ./Sources/main.o
                0x00000d7c                main
 .text.CheckSum
                0x00000e00       0x30 ./Sources/packet.o
                0x00000e00                CheckSum
 .text.Packet_Init
                0x00000e30       0x2c ./Sources/packet.o
                0x00000e30                Packet_Init
 .text.Packet_Get
                0x00000e5c       0xdc ./Sources/packet.o
                0x00000e5c                Packet_Get
 .text.Packet_Put
                0x00000f38       0x94 ./Sources/packet.o
                0x00000f38                Packet_Put
 .text.__copy_rom_section
                0x00000fcc       0xe4 ./Project_Settings/Startup_Code/startup.o
                0x00000fcc                __copy_rom_section
 .text.__copy_rom_sections_to_ram
                0x000010b0       0x9c ./Project_Settings/Startup_Code/startup.o
                0x000010b0                __copy_rom_sections_to_ram
 .text.__init_registers
                0x0000114c       0x20 ./Project_Settings/Startup_Code/startup.o
                0x0000114c                __init_registers
 .text.__init_user
                0x0000116c        0xc ./Project_Settings/Startup_Code/startup.o
                0x0000116c                __init_user
 .text.__thumb_startup
                0x00001178       0x34 ./Project_Settings/Startup_Code/startup.o
                0x00001178                __thumb_startup
 .text.Cpu_Interrupt
                0x000011ac       0x18 ./Generated_Code/Cpu.o
                0x000011ac                Cpu_Interrupt
 .text.__init_hardware
                0x000011c4      0x17c ./Generated_Code/Cpu.o
                0x000011c4                __init_hardware
 .text.Cpu_SetBASEPRI
                0x00001340       0x18 ./Generated_Code/Cpu.o
                0x00001340                Cpu_SetBASEPRI
 .text.PE_low_level_init
                0x00001358       0xe4 ./Generated_Code/Cpu.o
                0x00001358                PE_low_level_init
 .text.OS_Init  0x0000143c      0x110 C:\Users\13115605\Documents\es18aut35\OSExample\Library\libOS.a(OS.o)
                0x0000143c                OS_Init
 .text.OS_ISREnter
                0x0000154c       0x20 C:\Users\13115605\Documents\es18aut35\OSExample\Library\libOS.a(OS.o)
                0x0000154c                OS_ISREnter
 .text.OS_ISRExit
                0x0000156c       0x1c C:\Users\13115605\Documents\es18aut35\OSExample\Library\libOS.a(OS.o)
                0x0000156c                OS_ISRExit
 .text.OS_SemaphoreCreate
                0x00001588       0x90 C:\Users\13115605\Documents\es18aut35\OSExample\Library\libOS.a(OS.o)
                0x00001588                OS_SemaphoreCreate
 .text.OS_SemaphoreSignal
                0x00001618       0x44 C:\Users\13115605\Documents\es18aut35\OSExample\Library\libOS.a(OS.o)
                0x00001618                OS_SemaphoreSignal
 .text.OS_SemaphoreWait
                0x0000165c       0x58 C:\Users\13115605\Documents\es18aut35\OSExample\Library\libOS.a(OS.o)
                0x0000165c                OS_SemaphoreWait
 .text.OS_Start
                0x000016b4       0x10 C:\Users\13115605\Documents\es18aut35\OSExample\Library\libOS.a(OS.o)
                0x000016b4                OS_Start
 .text.OS_ThreadCreate
                0x000016c4      0x160 C:\Users\13115605\Documents\es18aut35\OSExample\Library\libOS.a(OS.o)
                0x000016c4                OS_ThreadCreate
 .text.OS_ThreadDelete
                0x00001824      0x18c C:\Users\13115605\Documents\es18aut35\OSExample\Library\libOS.a(OS.o)
                0x00001824                OS_ThreadDelete
 .text.EventThreadReady
                0x000019b0       0x68 C:\Users\13115605\Documents\es18aut35\OSExample\Library\libOS.a(OS.o)
 .text.EventThreadWait
                0x00001a18       0x64 C:\Users\13115605\Documents\es18aut35\OSExample\Library\libOS.a(OS.o)
 .text.EventTimeout
                0x00001a7c       0x40 C:\Users\13115605\Documents\es18aut35\OSExample\Library\libOS.a(OS.o)
 .text.Idle     0x00001abc       0x18 C:\Users\13115605\Documents\es18aut35\OSExample\Library\libOS.a(OS.o)
 .text.FindFirstSet
                0x00001ad4       0x44 C:\Users\13115605\Documents\es18aut35\OSExample\Library\libOS.a(OS.o)
 .text.Schedule
                0x00001b18       0x64 C:\Users\13115605\Documents\es18aut35\OSExample\Library\libOS.a(OS.o)
 .text.TCBInit  0x00001b7c       0xcc C:\Users\13115605\Documents\es18aut35\OSExample\Library\libOS.a(OS.o)
 .text.TimeTick
                0x00001c48       0x74 C:\Users\13115605\Documents\es18aut35\OSExample\Library\libOS.a(OS.o)
 *fill*         0x00001cbc        0x4 
 .text.OS_ContextSwitchISR
                0x00001cc0       0x70 C:\Users\13115605\Documents\es18aut35\OSExample\Library\libOS.a(OS.o)
                0x00001cc0                OS_ContextSwitchISR
 .text.OS_SysTickISR
                0x00001d30       0x5c C:\Users\13115605\Documents\es18aut35\OSExample\Library\libOS.a(OS.o)
                0x00001d30                OS_SysTickISR
 .text.exit     0x00001d8c       0x28 c:/freescale/kds_3.0.0/toolchain/bin/../lib/gcc/arm-none-eabi/4.8.4/../../../../arm-none-eabi/lib/armv7e-m/fpu\libg_s.a(lib_a-exit.o)
                0x00001d8c                exit
 .text.__libc_init_array
                0x00001db4       0x4c c:/freescale/kds_3.0.0/toolchain/bin/../lib/gcc/arm-none-eabi/4.8.4/../../../../arm-none-eabi/lib/armv7e-m/fpu\libg_s.a(lib_a-init.o)
                0x00001db4                __libc_init_array
 .text.memset   0x00001e00       0x10 c:/freescale/kds_3.0.0/toolchain/bin/../lib/gcc/arm-none-eabi/4.8.4/../../../../arm-none-eabi/lib/armv7e-m/fpu\libg_s.a(lib_a-memset.o)
                0x00001e00                memset
 .text._exit    0x00001e10        0x4 c:/freescale/kds_3.0.0/toolchain/bin/../lib/gcc/arm-none-eabi/4.8.4/../../../../arm-none-eabi/lib/armv7e-m/fpu\libnosys.a(_exit.o)
                0x00001e10                _exit
 *(.rodata)
 *(.rodata*)
 .rodata.PACKET_ACK_MASK
                0x00001e14        0x1 ./Sources/packet.o
                0x00001e14                PACKET_ACK_MASK
 .rodata.str1.1
                0x00001e15        0x2 c:/freescale/kds_3.0.0/toolchain/bin/../lib/gcc/arm-none-eabi/4.8.4/../../../../arm-none-eabi/lib/armv7e-m/fpu\libg_s.a(lib_a-impure.o)
 *fill*         0x00001e17        0x1 
 .rodata._global_impure_ptr
                0x00001e18        0x4 c:/freescale/kds_3.0.0/toolchain/bin/../lib/gcc/arm-none-eabi/4.8.4/../../../../arm-none-eabi/lib/armv7e-m/fpu\libg_s.a(lib_a-impure.o)
                0x00001e18                _global_impure_ptr
 *(.glue_7)
 .glue_7        0x00000000        0x0 linker stubs
 *(.glue_7t)
 .glue_7t       0x00000000        0x0 linker stubs
 *(.eh_frame)
 .eh_frame      0x00001e1c        0x0 c:/freescale/kds_3.0.0/toolchain/bin/../lib/gcc/arm-none-eabi/4.8.4/armv7e-m/fpu/crtbegin.o
 *(.init)
 .init          0x00001e1c        0x4 c:/freescale/kds_3.0.0/toolchain/bin/../lib/gcc/arm-none-eabi/4.8.4/armv7e-m/fpu/crti.o
                0x00001e1c                _init
 .init          0x00001e20        0x8 c:/freescale/kds_3.0.0/toolchain/bin/../lib/gcc/arm-none-eabi/4.8.4/armv7e-m/fpu/crtn.o
 *(.fini)
 .fini          0x00001e28        0x4 c:/freescale/kds_3.0.0/toolchain/bin/../lib/gcc/arm-none-eabi/4.8.4/armv7e-m/fpu/crti.o
                0x00001e28                _fini
 .fini          0x00001e2c        0x8 c:/freescale/kds_3.0.0/toolchain/bin/../lib/gcc/arm-none-eabi/4.8.4/armv7e-m/fpu/crtn.o
                0x00001e34                . = ALIGN (0x4)
                0x00001e34                _etext = .

.vfp11_veneer   0x00001e34        0x0
 .vfp11_veneer  0x00000000        0x0 linker stubs

.v4_bx          0x00001e34        0x0
 .v4_bx         0x00000000        0x0 linker stubs

.iplt           0x00001e34        0x0
 .iplt          0x00000000        0x0 c:/freescale/kds_3.0.0/toolchain/bin/../lib/gcc/arm-none-eabi/4.8.4/armv7e-m/fpu/crtbegin.o

.ARM.extab
 *(.ARM.extab* .gnu.linkonce.armextab.*)

.ARM            0x00001e34        0x8
                0x00001e34                __exidx_start = .
 *(.ARM.exidx*)
 .ARM.exidx     0x00001e34        0x8 c:/freescale/kds_3.0.0/toolchain/bin/../lib/gcc/arm-none-eabi/4.8.4/../../../../arm-none-eabi/lib/armv7e-m/fpu/crt0.o
                0x00001e3c                __exidx_end = .

.rel.dyn        0x00001e3c        0x0
 .rel.iplt      0x00000000        0x0 c:/freescale/kds_3.0.0/toolchain/bin/../lib/gcc/arm-none-eabi/4.8.4/armv7e-m/fpu/crtbegin.o

.ctors          0x00001e3c        0x0
                0x00001e3c                __CTOR_LIST__ = .
 *crtbegin.o(.ctors)
 *(EXCLUDE_FILE(*crtend.o) .ctors)
 *(SORT(.ctors.*))
 *(.ctors)
                0x00001e3c                __CTOR_END__ = .

.dtors          0x00001e3c        0x0
                0x00001e3c                __DTOR_LIST__ = .
 *crtbegin.o(.dtors)
 *(EXCLUDE_FILE(*crtend.o) .dtors)
 *(SORT(.dtors.*))
 *(.dtors)
                0x00001e3c                __DTOR_END__ = .

.preinit_array  0x00001e3c        0x0
                0x00001e3c                PROVIDE (__preinit_array_start, .)
 *(.preinit_array*)
                0x00001e3c                PROVIDE (__preinit_array_end, .)

.init_array     0x00001e3c        0x4
                0x00001e3c                PROVIDE (__init_array_start, .)
 *(SORT(.init_array.*))
 *(.init_array*)
 .init_array    0x00001e3c        0x4 c:/freescale/kds_3.0.0/toolchain/bin/../lib/gcc/arm-none-eabi/4.8.4/armv7e-m/fpu/crtbegin.o
                0x00001e40                PROVIDE (__init_array_end, .)

.fini_array     0x00001e40        0x4
                0x00001e40                PROVIDE (__fini_array_start, .)
 *(SORT(.fini_array.*))
 *(.fini_array*)
 .fini_array    0x00001e40        0x4 c:/freescale/kds_3.0.0/toolchain/bin/../lib/gcc/arm-none-eabi/4.8.4/armv7e-m/fpu/crtbegin.o
                0x00001e44                PROVIDE (__fini_array_end, .)
                0x00001e44                ___ROM_AT = .

.data           0x1fff0000       0xa0 load address 0x00001e44
                0x1fff0000                . = ALIGN (0x4)
                0x1fff0000                _sdata = .
 *(.data)
 *(.data*)
 .data.MyLEDThreadData
                0x1fff0000       0x40 ./Sources/main.o
 .data.impure_data
                0x1fff0040       0x60 c:/freescale/kds_3.0.0/toolchain/bin/../lib/gcc/arm-none-eabi/4.8.4/../../../../arm-none-eabi/lib/armv7e-m/fpu\libg_s.a(lib_a-impure.o)
                0x1fff00a0                . = ALIGN (0x4)
                0x1fff00a0                _edata = .
                0x000000a0                ___data_size = (_edata - _sdata)
                0x00001ee4                ___m_data_20000000_ROMStart = (___ROM_AT + SIZEOF (.data))

.jcr            0x1fff00a0        0x0 load address 0x00001ee4
 .jcr           0x1fff00a0        0x0 c:/freescale/kds_3.0.0/toolchain/bin/../lib/gcc/arm-none-eabi/4.8.4/armv7e-m/fpu/crtbegin.o

.igot.plt       0x1fff00a0        0x0 load address 0x00001ee4
 .igot.plt      0x00000000        0x0 c:/freescale/kds_3.0.0/toolchain/bin/../lib/gcc/arm-none-eabi/4.8.4/armv7e-m/fpu/crtbegin.o

.m_data_20000000
                0x20000000        0x0 load address 0x00001ee4
                0x20000000                . = ALIGN (0x4)
                0x20000000                ___m_data_20000000_RAMStart = .
 *(.m_data_20000000)
                0x20000000                ___m_data_20000000_RAMEnd = .
                0x20000000                . = ALIGN (0x4)
                0x00000000                ___m_data_20000000_ROMSize = (___m_data_20000000_RAMEnd - ___m_data_20000000_RAMStart)
                0x20000000                . = ALIGN (0x4)

.bss            0x1fff00a0     0x4b34 load address 0x00001ee8
                0x1fff00a0                __START_BSS = .
                0x1fff00a0                PROVIDE (__bss_start__, __START_BSS)
 *(.bss)
 .bss           0x1fff00a0       0x1c c:/freescale/kds_3.0.0/toolchain/bin/../lib/gcc/arm-none-eabi/4.8.4/armv7e-m/fpu/crtbegin.o
 *(.bss*)
 .bss.TxFIFO    0x1fff00bc      0x110 ./Sources/UART.o
 .bss.RxFIFO    0x1fff01cc      0x110 ./Sources/UART.o
 *fill*         0x1fff02dc        0x4 
 .bss.InitModulesThreadStack
                0x1fff02e0     0x1000 ./Sources/main.o
 .bss.HandlePacketThreadStack
                0x1fff12e0     0x1000 ./Sources/main.o
 .bss.TxThreadStack
                0x1fff22e0     0x1000 ./Sources/main.o
 .bss.RxThreadStack
                0x1fff32e0     0x1000 ./Sources/main.o
 .bss.count.4154
                0x1fff42e0        0x1 ./Sources/packet.o
 .bss.SR_lock   0x1fff42e1        0x1 ./Generated_Code/Cpu.o
                0x1fff42e1                SR_lock
 *fill*         0x1fff42e2        0x2 
 .bss.TCBUnusedMain
                0x1fff42e4       0x18 C:\Users\13115605\Documents\es18aut35\OSExample\Library\libOS.a(OS.o)
 .bss.TCBTable  0x1fff42fc      0x300 C:\Users\13115605\Documents\es18aut35\OSExample\Library\libOS.a(OS.o)
 .bss.pTCBFreeList
                0x1fff45fc        0x4 C:\Users\13115605\Documents\es18aut35\OSExample\Library\libOS.a(OS.o)
 .bss.pTCBAllocatedList
                0x1fff4600        0x4 C:\Users\13115605\Documents\es18aut35\OSExample\Library\libOS.a(OS.o)
 .bss.pTCBPriorityTable
                0x1fff4604       0x80 C:\Users\13115605\Documents\es18aut35\OSExample\Library\libOS.a(OS.o)
 .bss.pTCBRunning
                0x1fff4684        0x4 C:\Users\13115605\Documents\es18aut35\OSExample\Library\libOS.a(OS.o)
 .bss.pTCBHighestReady
                0x1fff4688        0x4 C:\Users\13115605\Documents\es18aut35\OSExample\Library\libOS.a(OS.o)
 .bss.ReadyList
                0x1fff468c        0x4 C:\Users\13115605\Documents\es18aut35\OSExample\Library\libOS.a(OS.o)
 .bss.ECBTable  0x1fff4690      0x100 C:\Users\13115605\Documents\es18aut35\OSExample\Library\libOS.a(OS.o)
 .bss.NextECBFree
                0x1fff4790        0x1 C:\Users\13115605\Documents\es18aut35\OSExample\Library\libOS.a(OS.o)
 *fill*         0x1fff4791        0x3 
 .bss.IdleCounter
                0x1fff4794        0x4 C:\Users\13115605\Documents\es18aut35\OSExample\Library\libOS.a(OS.o)
 .bss.IdleStack
                0x1fff4798      0x400 C:\Users\13115605\Documents\es18aut35\OSExample\Library\libOS.a(OS.o)
 .bss.Ticks     0x1fff4b98        0x4 C:\Users\13115605\Documents\es18aut35\OSExample\Library\libOS.a(OS.o)
 .bss.ToggleCntr
                0x1fff4b9c        0x4 C:\Users\13115605\Documents\es18aut35\OSExample\Library\libOS.a(OS.o)
 .bss.ToggleLED
                0x1fff4ba0        0x1 C:\Users\13115605\Documents\es18aut35\OSExample\Library\libOS.a(OS.o)
 .bss.ISRNestLevel
                0x1fff4ba1        0x1 C:\Users\13115605\Documents\es18aut35\OSExample\Library\libOS.a(OS.o)
 *(COMMON)
 *fill*         0x1fff4ba2        0x2 
 COMMON         0x1fff4ba4       0x12 ./Sources/SCP.o
                0x1fff4ba4                SCP_TowerMd
                0x1fff4ba8                NvTowerMd
                0x1fff4bac                NvTowerNb
                0x1fff4bb0                SCP_ProtocolMode
                0x1fff4bb4                SCP_TowerNb
 *fill*         0x1fff4bb6        0x2 
 COMMON         0x1fff4bb8        0xc ./Sources/UART.o
                0x1fff4bb8                TxAccess
                0x1fff4bbc                RxAccess
                0x1fff4bc0                PacketReady
 COMMON         0x1fff4bc4        0xc ./Sources/packet.o
                0x1fff4bc4                Packet
                0x1fff4bcc                PacketAccess
 COMMON         0x1fff4bd0        0x1 ./Generated_Code/Cpu.o
                0x1fff4bd0                SR_reg
                0x1fff4bd4                . = ALIGN (0x4)
 *fill*         0x1fff4bd1        0x3 
                0x1fff4bd4                __END_BSS = .
                0x1fff4bd4                PROVIDE (__bss_end__, __END_BSS)
                0x00001ee4                _romp_at = ((___ROM_AT + SIZEOF (.data)) + SIZEOF (.m_data_20000000))

.romp           0x1fff4bd4       0x24 load address 0x00001ee4
                0x00001ee4                __S_romp = _romp_at
                0x1fff4bd4        0x4 LONG 0x1e44 ___ROM_AT
                0x1fff4bd8        0x4 LONG 0x1fff0000 _sdata
                0x1fff4bdc        0x4 LONG 0xa0 ___data_size
                0x1fff4be0        0x4 LONG 0x1ee4 ___m_data_20000000_ROMStart
                0x1fff4be4        0x4 LONG 0x20000000 ___m_data_20000000_RAMStart
                0x1fff4be8        0x4 LONG 0x0 ___m_data_20000000_ROMSize
                0x1fff4bec        0x4 LONG 0x0
                0x1fff4bf0        0x4 LONG 0x0
                0x1fff4bf4        0x4 LONG 0x0

._user_heap_stack
                0x1fff4bf8      0x400 load address 0x00001f08
                0x1fff4bf8                . = ALIGN (0x4)
                0x1fff4bf8                PROVIDE (end, .)
                0x1fff4bf8                PROVIDE (_end, .)
                0x1fff4bf8                __heap_addr = .
                0x1fff4bf8                __HeapBase = .
                0x1fff4bf8                . = (. + __heap_size)
                0x1fff4bf8                __HeapLimit = .
                0x1fff4ff8                . = (. + __stack_size)
 *fill*         0x1fff4bf8      0x400 
                0x1fff4ff8                . = ALIGN (0x4)

.ARM.attributes
                0x00000000       0x30
 *(.ARM.attributes)
 .ARM.attributes
                0x00000000       0x22 c:/freescale/kds_3.0.0/toolchain/bin/../lib/gcc/arm-none-eabi/4.8.4/armv7e-m/fpu/crti.o
 .ARM.attributes
                0x00000022       0x34 c:/freescale/kds_3.0.0/toolchain/bin/../lib/gcc/arm-none-eabi/4.8.4/armv7e-m/fpu/crtbegin.o
 .ARM.attributes
                0x00000056       0x20 c:/freescale/kds_3.0.0/toolchain/bin/../lib/gcc/arm-none-eabi/4.8.4/../../../../arm-none-eabi/lib/armv7e-m/fpu/crt0.o
 .ARM.attributes
                0x00000076       0x39 ./Sources/FIFO.o
 .ARM.attributes
                0x000000af       0x39 ./Sources/LEDs.o
 .ARM.attributes
                0x000000e8       0x39 ./Sources/SCP.o
 .ARM.attributes
                0x00000121       0x39 ./Sources/UART.o
 .ARM.attributes
                0x0000015a       0x39 ./Sources/main.o
 .ARM.attributes
                0x00000193       0x39 ./Sources/packet.o
 .ARM.attributes
                0x000001cc       0x39 ./Project_Settings/Startup_Code/startup.o
 .ARM.attributes
                0x00000205       0x39 ./Generated_Code/Cpu.o
 .ARM.attributes
                0x0000023e       0x39 ./Generated_Code/Vectors.o
 .ARM.attributes
                0x00000277       0x39 C:\Users\13115605\Documents\es18aut35\OSExample\Library\libOS.a(OS.o)
 .ARM.attributes
                0x000002b0       0x34 c:/freescale/kds_3.0.0/toolchain/bin/../lib/gcc/arm-none-eabi/4.8.4/../../../../arm-none-eabi/lib/armv7e-m/fpu\libg_s.a(lib_a-exit.o)
 .ARM.attributes
                0x000002e4       0x34 c:/freescale/kds_3.0.0/toolchain/bin/../lib/gcc/arm-none-eabi/4.8.4/../../../../arm-none-eabi/lib/armv7e-m/fpu\libg_s.a(lib_a-impure.o)
 .ARM.attributes
                0x00000318       0x34 c:/freescale/kds_3.0.0/toolchain/bin/../lib/gcc/arm-none-eabi/4.8.4/../../../../arm-none-eabi/lib/armv7e-m/fpu\libg_s.a(lib_a-init.o)
 .ARM.attributes
                0x0000034c       0x34 c:/freescale/kds_3.0.0/toolchain/bin/../lib/gcc/arm-none-eabi/4.8.4/../../../../arm-none-eabi/lib/armv7e-m/fpu\libg_s.a(lib_a-memset.o)
 .ARM.attributes
                0x00000380       0x34 c:/freescale/kds_3.0.0/toolchain/bin/../lib/gcc/arm-none-eabi/4.8.4/../../../../arm-none-eabi/lib/armv7e-m/fpu\libnosys.a(_exit.o)
 .ARM.attributes
                0x000003b4       0x22 c:/freescale/kds_3.0.0/toolchain/bin/../lib/gcc/arm-none-eabi/4.8.4/armv7e-m/fpu/crtn.o
OUTPUT(OSExample.elf elf32-littlearm)

.debug_info     0x00000000     0x3ff7
 .debug_info    0x00000000      0x217 ./Sources/FIFO.o
 .debug_info    0x00000217      0x497 ./Sources/LEDs.o
 .debug_info    0x000006ae      0x49b ./Sources/SCP.o
 .debug_info    0x00000b49      0x9fa ./Sources/UART.o
 .debug_info    0x00001543      0x9e7 ./Sources/main.o
 .debug_info    0x00001f2a      0x383 ./Sources/packet.o
 .debug_info    0x000022ad      0x3b0 ./Project_Settings/Startup_Code/startup.o
 .debug_info    0x0000265d      0xb89 ./Generated_Code/Cpu.o
 .debug_info    0x000031e6      0x10f ./Generated_Code/Vectors.o
 .debug_info    0x000032f5      0xd02 C:\Users\13115605\Documents\es18aut35\OSExample\Library\libOS.a(OS.o)

.debug_abbrev   0x00000000      0xf5d
 .debug_abbrev  0x00000000       0xce ./Sources/FIFO.o
 .debug_abbrev  0x000000ce      0x144 ./Sources/LEDs.o
 .debug_abbrev  0x00000212      0x173 ./Sources/SCP.o
 .debug_abbrev  0x00000385      0x1f9 ./Sources/UART.o
 .debug_abbrev  0x0000057e      0x22d ./Sources/main.o
 .debug_abbrev  0x000007ab      0x108 ./Sources/packet.o
 .debug_abbrev  0x000008b3      0x189 ./Project_Settings/Startup_Code/startup.o
 .debug_abbrev  0x00000a3c      0x185 ./Generated_Code/Cpu.o
 .debug_abbrev  0x00000bc1       0xa4 ./Generated_Code/Vectors.o
 .debug_abbrev  0x00000c65      0x2f8 C:\Users\13115605\Documents\es18aut35\OSExample\Library\libOS.a(OS.o)

.debug_aranges  0x00000000      0x370
 .debug_aranges
                0x00000000       0x30 ./Sources/FIFO.o
 .debug_aranges
                0x00000030       0x38 ./Sources/LEDs.o
 .debug_aranges
                0x00000068       0xc0 ./Sources/SCP.o
 .debug_aranges
                0x00000128       0x50 ./Sources/UART.o
 .debug_aranges
                0x00000178       0x50 ./Sources/main.o
 .debug_aranges
                0x000001c8       0x40 ./Sources/packet.o
 .debug_aranges
                0x00000208       0x50 ./Project_Settings/Startup_Code/startup.o
 .debug_aranges
                0x00000258       0x38 ./Generated_Code/Cpu.o
 .debug_aranges
                0x00000290       0x18 ./Generated_Code/Vectors.o
 .debug_aranges
                0x000002a8       0xc8 C:\Users\13115605\Documents\es18aut35\OSExample\Library\libOS.a(OS.o)

.debug_ranges   0x00000000      0x2c8
 .debug_ranges  0x00000000       0x20 ./Sources/FIFO.o
 .debug_ranges  0x00000020       0x28 ./Sources/LEDs.o
 .debug_ranges  0x00000048       0xb0 ./Sources/SCP.o
 .debug_ranges  0x000000f8       0x40 ./Sources/UART.o
 .debug_ranges  0x00000138       0x40 ./Sources/main.o
 .debug_ranges  0x00000178       0x30 ./Sources/packet.o
 .debug_ranges  0x000001a8       0x40 ./Project_Settings/Startup_Code/startup.o
 .debug_ranges  0x000001e8       0x28 ./Generated_Code/Cpu.o
 .debug_ranges  0x00000210       0xb8 C:\Users\13115605\Documents\es18aut35\OSExample\Library\libOS.a(OS.o)

.debug_macro    0x00000000    0x33983
 .debug_macro   0x00000000       0x99 ./Sources/FIFO.o
 .debug_macro   0x00000099      0x850 ./Sources/FIFO.o
 .debug_macro   0x000008e9       0x16 ./Sources/FIFO.o
 .debug_macro   0x000008ff       0x44 ./Sources/FIFO.o
 .debug_macro   0x00000943      0x209 ./Sources/FIFO.o
 .debug_macro   0x00000b4c       0x22 ./Sources/FIFO.o
 .debug_macro   0x00000b6e       0x36 ./Sources/FIFO.o
 .debug_macro   0x00000ba4     0x1800 ./Sources/FIFO.o
 .debug_macro   0x000023a4    0x174c1 ./Sources/FIFO.o
 .debug_macro   0x00019865       0x94 ./Sources/FIFO.o
 .debug_macro   0x000198f9       0x84 ./Sources/LEDs.o
 .debug_macro   0x0001997d       0x70 ./Sources/SCP.o
 .debug_macro   0x000199ed       0x40 ./Sources/SCP.o
 .debug_macro   0x00019a2d       0x3a ./Sources/SCP.o
 .debug_macro   0x00019a67       0xab ./Sources/UART.o
 .debug_macro   0x00019b12     0x17fa ./Sources/UART.o
 .debug_macro   0x0001b30c       0x10 ./Sources/UART.o
 .debug_macro   0x0001b31c       0xd7 ./Sources/main.o
 .debug_macro   0x0001b3f3       0x30 ./Sources/main.o
 .debug_macro   0x0001b423       0x77 ./Sources/packet.o
 .debug_macro   0x0001b49a       0x34 ./Sources/packet.o
 .debug_macro   0x0001b4ce      0x121 ./Project_Settings/Startup_Code/startup.o
 .debug_macro   0x0001b5ef       0x58 ./Project_Settings/Startup_Code/startup.o
 .debug_macro   0x0001b647       0x35 ./Project_Settings/Startup_Code/startup.o
 .debug_macro   0x0001b67c       0xa3 ./Project_Settings/Startup_Code/startup.o
 .debug_macro   0x0001b71f      0x166 ./Project_Settings/Startup_Code/startup.o
 .debug_macro   0x0001b885       0x4a ./Project_Settings/Startup_Code/startup.o
 .debug_macro   0x0001b8cf       0x52 ./Project_Settings/Startup_Code/startup.o
 .debug_macro   0x0001b921       0x16 ./Project_Settings/Startup_Code/startup.o
 .debug_macro   0x0001b937       0x43 ./Project_Settings/Startup_Code/startup.o
 .debug_macro   0x0001b97a      0x180 ./Project_Settings/Startup_Code/startup.o
 .debug_macro   0x0001bafa      0x2a6 ./Project_Settings/Startup_Code/startup.o
 .debug_macro   0x0001bda0       0x10 ./Project_Settings/Startup_Code/startup.o
 .debug_macro   0x0001bdb0       0x35 ./Project_Settings/Startup_Code/startup.o
 .debug_macro   0x0001bde5       0x16 ./Project_Settings/Startup_Code/startup.o
 .debug_macro   0x0001bdfb       0x22 ./Project_Settings/Startup_Code/startup.o
 .debug_macro   0x0001be1d       0x16 ./Project_Settings/Startup_Code/startup.o
 .debug_macro   0x0001be33      0x20f ./Project_Settings/Startup_Code/startup.o
 .debug_macro   0x0001c042    0x174af ./Project_Settings/Startup_Code/startup.o
 .debug_macro   0x000334f1       0x70 ./Generated_Code/Cpu.o
 .debug_macro   0x00033561       0x9a ./Generated_Code/Cpu.o
 .debug_macro   0x000335fb       0x9f ./Generated_Code/Vectors.o
 .debug_macro   0x0003369a       0xa3 C:\Users\13115605\Documents\es18aut35\OSExample\Library\libOS.a(OS.o)
 .debug_macro   0x0003373d      0x14e C:\Users\13115605\Documents\es18aut35\OSExample\Library\libOS.a(OS.o)
 .debug_macro   0x0003388b       0x64 C:\Users\13115605\Documents\es18aut35\OSExample\Library\libOS.a(OS.o)
 .debug_macro   0x000338ef       0x94 C:\Users\13115605\Documents\es18aut35\OSExample\Library\libOS.a(OS.o)

.debug_line     0x00000000     0x1ef7
 .debug_line    0x00000000      0x2c0 ./Sources/FIFO.o
 .debug_line    0x000002c0      0x27e ./Sources/LEDs.o
 .debug_line    0x0000053e      0x384 ./Sources/SCP.o
 .debug_line    0x000008c2      0x349 ./Sources/UART.o
 .debug_line    0x00000c0b      0x346 ./Sources/main.o
 .debug_line    0x00000f51      0x257 ./Sources/packet.o
 .debug_line    0x000011a8      0x3e0 ./Project_Settings/Startup_Code/startup.o
 .debug_line    0x00001588      0x260 ./Generated_Code/Cpu.o
 .debug_line    0x000017e8      0x279 ./Generated_Code/Vectors.o
 .debug_line    0x00001a61      0x496 C:\Users\13115605\Documents\es18aut35\OSExample\Library\libOS.a(OS.o)

.debug_str      0x00000000    0x8dcff
 .debug_str     0x00000000    0x8a0f4 ./Sources/FIFO.o
                              0x8a272 (size before relaxing)
 .debug_str     0x0008a0f4      0x1b9 ./Sources/LEDs.o
                              0x8a27b (size before relaxing)
 .debug_str     0x0008a2ad      0x47d ./Sources/SCP.o
                               0xa4f4 (size before relaxing)
 .debug_str     0x0008a72a      0x1b9 ./Sources/UART.o
                              0x8a6fa (size before relaxing)
 .debug_str     0x0008a8e3      0x22c ./Sources/main.o
                              0x8a997 (size before relaxing)
 .debug_str     0x0008ab0f       0x75 ./Sources/packet.o
                               0x33b3 (size before relaxing)
 .debug_str     0x0008ab84     0x2668 ./Project_Settings/Startup_Code/startup.o
                              0x853f6 (size before relaxing)
 .debug_str     0x0008d1ec      0x1f2 ./Generated_Code/Cpu.o
                              0x8a468 (size before relaxing)
 .debug_str     0x0008d3de       0x1c ./Generated_Code/Vectors.o
                              0x8a1fa (size before relaxing)
 .debug_str     0x0008d3fa      0x905 C:\Users\13115605\Documents\es18aut35\OSExample\Library\libOS.a(OS.o)
                              0x8ad2a (size before relaxing)

.comment        0x00000000       0x70
 .comment       0x00000000       0x70 ./Sources/FIFO.o
                                 0x71 (size before relaxing)
 .comment       0x00000000       0x71 ./Sources/LEDs.o
 .comment       0x00000000       0x71 ./Sources/SCP.o
 .comment       0x00000000       0x71 ./Sources/UART.o
 .comment       0x00000000       0x71 ./Sources/main.o
 .comment       0x00000000       0x71 ./Sources/packet.o
 .comment       0x00000000       0x71 ./Project_Settings/Startup_Code/startup.o
 .comment       0x00000000       0x71 ./Generated_Code/Cpu.o
 .comment       0x00000000       0x71 ./Generated_Code/Vectors.o
 .comment       0x00000000       0x71 C:\Users\13115605\Documents\es18aut35\OSExample\Library\libOS.a(OS.o)

.debug_frame    0x00000000      0xa40
 .debug_frame   0x00000000       0x70 ./Sources/FIFO.o
 .debug_frame   0x00000070       0x7c ./Sources/LEDs.o
 .debug_frame   0x000000ec      0x258 ./Sources/SCP.o
 .debug_frame   0x00000344       0xf4 ./Sources/UART.o
 .debug_frame   0x00000438       0xec ./Sources/main.o
 .debug_frame   0x00000524       0xa8 ./Sources/packet.o
 .debug_frame   0x000005cc       0xc0 ./Project_Settings/Startup_Code/startup.o
 .debug_frame   0x0000068c       0x80 ./Generated_Code/Cpu.o
 .debug_frame   0x0000070c      0x2a0 C:\Users\13115605\Documents\es18aut35\OSExample\Library\libOS.a(OS.o)
 .debug_frame   0x000009ac       0x28 c:/freescale/kds_3.0.0/toolchain/bin/../lib/gcc/arm-none-eabi/4.8.4/../../../../arm-none-eabi/lib/armv7e-m/fpu\libg_s.a(lib_a-exit.o)
 .debug_frame   0x000009d4       0x2c c:/freescale/kds_3.0.0/toolchain/bin/../lib/gcc/arm-none-eabi/4.8.4/../../../../arm-none-eabi/lib/armv7e-m/fpu\libg_s.a(lib_a-init.o)
 .debug_frame   0x00000a00       0x20 c:/freescale/kds_3.0.0/toolchain/bin/../lib/gcc/arm-none-eabi/4.8.4/../../../../arm-none-eabi/lib/armv7e-m/fpu\libg_s.a(lib_a-memset.o)
 .debug_frame   0x00000a20       0x20 c:/freescale/kds_3.0.0/toolchain/bin/../lib/gcc/arm-none-eabi/4.8.4/../../../../arm-none-eabi/lib/armv7e-m/fpu\libnosys.a(_exit.o)
