Archive member included because of file (symbol)

C:\Users\13115605\Documents\es18aut35\OSExample\Library\libOS.a(OS.o)
                              ./Sources/main.o (OS_Init)
c:/freescale/kds_3.0.0/toolchain/bin/../lib/gcc/arm-none-eabi/4.8.4/armv7e-m/fpu\libgcc.a(_arm_addsubdf3.o)
                              ./Sources/PIT.o (__aeabi_ui2d)
c:/freescale/kds_3.0.0/toolchain/bin/../lib/gcc/arm-none-eabi/4.8.4/armv7e-m/fpu\libgcc.a(_arm_muldivdf3.o)
                              ./Sources/PIT.o (__aeabi_ddiv)
c:/freescale/kds_3.0.0/toolchain/bin/../lib/gcc/arm-none-eabi/4.8.4/armv7e-m/fpu\libgcc.a(_arm_fixunsdfsi.o)
                              ./Sources/PIT.o (__aeabi_d2uiz)
c:/freescale/kds_3.0.0/toolchain/bin/../lib/gcc/arm-none-eabi/4.8.4/../../../../arm-none-eabi/lib/armv7e-m/fpu\libg_s.a(lib_a-exit.o)
                              c:/freescale/kds_3.0.0/toolchain/bin/../lib/gcc/arm-none-eabi/4.8.4/../../../../arm-none-eabi/lib/armv7e-m/fpu/crt0.o (exit)
c:/freescale/kds_3.0.0/toolchain/bin/../lib/gcc/arm-none-eabi/4.8.4/../../../../arm-none-eabi/lib/armv7e-m/fpu\libg_s.a(lib_a-impure.o)
                              c:/freescale/kds_3.0.0/toolchain/bin/../lib/gcc/arm-none-eabi/4.8.4/../../../../arm-none-eabi/lib/armv7e-m/fpu\libg_s.a(lib_a-exit.o) (_global_impure_ptr)
c:/freescale/kds_3.0.0/toolchain/bin/../lib/gcc/arm-none-eabi/4.8.4/../../../../arm-none-eabi/lib/armv7e-m/fpu\libg_s.a(lib_a-init.o)
                              c:/freescale/kds_3.0.0/toolchain/bin/../lib/gcc/arm-none-eabi/4.8.4/../../../../arm-none-eabi/lib/armv7e-m/fpu/crt0.o (__libc_init_array)
c:/freescale/kds_3.0.0/toolchain/bin/../lib/gcc/arm-none-eabi/4.8.4/../../../../arm-none-eabi/lib/armv7e-m/fpu\libg_s.a(lib_a-memset.o)
                              c:/freescale/kds_3.0.0/toolchain/bin/../lib/gcc/arm-none-eabi/4.8.4/../../../../arm-none-eabi/lib/armv7e-m/fpu/crt0.o (memset)
c:/freescale/kds_3.0.0/toolchain/bin/../lib/gcc/arm-none-eabi/4.8.4/../../../../arm-none-eabi/lib/armv7e-m/fpu\libnosys.a(_exit.o)
                              c:/freescale/kds_3.0.0/toolchain/bin/../lib/gcc/arm-none-eabi/4.8.4/../../../../arm-none-eabi/lib/armv7e-m/fpu\libg_s.a(lib_a-exit.o) (_exit)

Allocating common symbols
Common symbol       size              file

SCP_TowerMd         0x2               ./Sources/SCP.o
Timer1Sec           0x10              ./Sources/main.o
NvTowerMd           0x4               ./Sources/SCP.o
NvTowerNb           0x4               ./Sources/SCP.o
SCP_ProtocolMode    0x1               ./Sources/SCP.o
Packet              0x5               ./Sources/packet.o
SCP_TowerNb         0x2               ./Sources/SCP.o
TxAccess            0x4               ./Sources/UART.o
RxAccess            0x4               ./Sources/UART.o
PacketAccess        0x4               ./Sources/packet.o
SR_reg              0x1               ./Generated_Code/Cpu.o
PacketReady         0x4               ./Sources/UART.o

Discarded input sections

 .text          0x00000000        0x0 c:/freescale/kds_3.0.0/toolchain/bin/../lib/gcc/arm-none-eabi/4.8.4/armv7e-m/fpu/crti.o
 .data          0x00000000        0x0 c:/freescale/kds_3.0.0/toolchain/bin/../lib/gcc/arm-none-eabi/4.8.4/armv7e-m/fpu/crti.o
 .bss           0x00000000        0x0 c:/freescale/kds_3.0.0/toolchain/bin/../lib/gcc/arm-none-eabi/4.8.4/armv7e-m/fpu/crti.o
 .data          0x00000000        0x4 c:/freescale/kds_3.0.0/toolchain/bin/../lib/gcc/arm-none-eabi/4.8.4/armv7e-m/fpu/crtbegin.o
 .data          0x00000000        0x0 c:/freescale/kds_3.0.0/toolchain/bin/../lib/gcc/arm-none-eabi/4.8.4/../../../../arm-none-eabi/lib/armv7e-m/fpu/crt0.o
 .bss           0x00000000        0x0 c:/freescale/kds_3.0.0/toolchain/bin/../lib/gcc/arm-none-eabi/4.8.4/../../../../arm-none-eabi/lib/armv7e-m/fpu/crt0.o
 .ARM.extab     0x00000000        0x0 c:/freescale/kds_3.0.0/toolchain/bin/../lib/gcc/arm-none-eabi/4.8.4/../../../../arm-none-eabi/lib/armv7e-m/fpu/crt0.o
 .group         0x00000000        0x8 ./Sources/FIFO.o
 .group         0x00000000        0x8 ./Sources/FIFO.o
 .group         0x00000000        0x8 ./Sources/FIFO.o
 .group         0x00000000        0x8 ./Sources/FIFO.o
 .group         0x00000000        0x8 ./Sources/FIFO.o
 .group         0x00000000        0x8 ./Sources/FIFO.o
 .group         0x00000000        0x8 ./Sources/FIFO.o
 .group         0x00000000        0x8 ./Sources/FIFO.o
 .group         0x00000000        0x8 ./Sources/FIFO.o
 .text          0x00000000        0x0 ./Sources/FIFO.o
 .data          0x00000000        0x0 ./Sources/FIFO.o
 .bss           0x00000000        0x0 ./Sources/FIFO.o
 .group         0x00000000        0x8 ./Sources/FTM.o
 .group         0x00000000        0x8 ./Sources/FTM.o
 .group         0x00000000        0x8 ./Sources/FTM.o
 .group         0x00000000        0x8 ./Sources/FTM.o
 .group         0x00000000        0x8 ./Sources/FTM.o
 .group         0x00000000        0x8 ./Sources/FTM.o
 .group         0x00000000        0x8 ./Sources/FTM.o
 .group         0x00000000        0x8 ./Sources/FTM.o
 .text          0x00000000        0x0 ./Sources/FTM.o
 .data          0x00000000        0x0 ./Sources/FTM.o
 .bss           0x00000000        0x0 ./Sources/FTM.o
 .text.FTM_StartTimer
                0x00000000       0x8c ./Sources/FTM.o
 .debug_macro   0x00000000      0x850 ./Sources/FTM.o
 .debug_macro   0x00000000       0x16 ./Sources/FTM.o
 .debug_macro   0x00000000       0x44 ./Sources/FTM.o
 .debug_macro   0x00000000      0x209 ./Sources/FTM.o
 .debug_macro   0x00000000       0x22 ./Sources/FTM.o
 .debug_macro   0x00000000     0x1800 ./Sources/FTM.o
 .debug_macro   0x00000000    0x174c1 ./Sources/FTM.o
 .debug_macro   0x00000000       0x94 ./Sources/FTM.o
 .group         0x00000000        0x8 ./Sources/LEDs.o
 .group         0x00000000        0x8 ./Sources/LEDs.o
 .group         0x00000000        0x8 ./Sources/LEDs.o
 .group         0x00000000        0x8 ./Sources/LEDs.o
 .group         0x00000000        0x8 ./Sources/LEDs.o
 .group         0x00000000        0x8 ./Sources/LEDs.o
 .group         0x00000000        0x8 ./Sources/LEDs.o
 .group         0x00000000        0x8 ./Sources/LEDs.o
 .text          0x00000000        0x0 ./Sources/LEDs.o
 .data          0x00000000        0x0 ./Sources/LEDs.o
 .bss           0x00000000        0x0 ./Sources/LEDs.o
 .text.LEDs_Off
                0x00000000       0x1c ./Sources/LEDs.o
 .text.LEDs_Toggle
                0x00000000       0x1c ./Sources/LEDs.o
 .debug_macro   0x00000000      0x850 ./Sources/LEDs.o
 .debug_macro   0x00000000       0x16 ./Sources/LEDs.o
 .debug_macro   0x00000000       0x44 ./Sources/LEDs.o
 .debug_macro   0x00000000      0x209 ./Sources/LEDs.o
 .debug_macro   0x00000000       0x22 ./Sources/LEDs.o
 .debug_macro   0x00000000     0x1800 ./Sources/LEDs.o
 .debug_macro   0x00000000    0x174c1 ./Sources/LEDs.o
 .debug_macro   0x00000000       0x94 ./Sources/LEDs.o
 .group         0x00000000        0x8 ./Sources/PIT.o
 .group         0x00000000        0x8 ./Sources/PIT.o
 .group         0x00000000        0x8 ./Sources/PIT.o
 .group         0x00000000        0x8 ./Sources/PIT.o
 .group         0x00000000        0x8 ./Sources/PIT.o
 .group         0x00000000        0x8 ./Sources/PIT.o
 .group         0x00000000        0x8 ./Sources/PIT.o
 .text          0x00000000        0x0 ./Sources/PIT.o
 .data          0x00000000        0x0 ./Sources/PIT.o
 .bss           0x00000000        0x0 ./Sources/PIT.o
 .rodata.PITPeriod
                0x00000000        0x4 ./Sources/PIT.o
 .debug_macro   0x00000000      0x850 ./Sources/PIT.o
 .debug_macro   0x00000000       0x16 ./Sources/PIT.o
 .debug_macro   0x00000000       0x44 ./Sources/PIT.o
 .debug_macro   0x00000000      0x209 ./Sources/PIT.o
 .debug_macro   0x00000000       0x22 ./Sources/PIT.o
 .debug_macro   0x00000000    0x174c1 ./Sources/PIT.o
 .debug_macro   0x00000000     0x1800 ./Sources/PIT.o
 .group         0x00000000        0x8 ./Sources/RTC.o
 .group         0x00000000        0x8 ./Sources/RTC.o
 .group         0x00000000        0x8 ./Sources/RTC.o
 .group         0x00000000        0x8 ./Sources/RTC.o
 .group         0x00000000        0x8 ./Sources/RTC.o
 .group         0x00000000        0x8 ./Sources/RTC.o
 .group         0x00000000        0x8 ./Sources/RTC.o
 .text          0x00000000        0x0 ./Sources/RTC.o
 .data          0x00000000        0x0 ./Sources/RTC.o
 .bss           0x00000000        0x0 ./Sources/RTC.o
 .text.RTC_Set  0x00000000       0x68 ./Sources/RTC.o
 .text.RTC_Get  0x00000000       0xbc ./Sources/RTC.o
 .debug_macro   0x00000000      0x850 ./Sources/RTC.o
 .debug_macro   0x00000000       0x16 ./Sources/RTC.o
 .debug_macro   0x00000000       0x44 ./Sources/RTC.o
 .debug_macro   0x00000000      0x209 ./Sources/RTC.o
 .debug_macro   0x00000000       0x22 ./Sources/RTC.o
 .debug_macro   0x00000000    0x174c1 ./Sources/RTC.o
 .debug_macro   0x00000000     0x1800 ./Sources/RTC.o
 .group         0x00000000        0x8 ./Sources/SCP.o
 .group         0x00000000        0x8 ./Sources/SCP.o
 .group         0x00000000        0x8 ./Sources/SCP.o
 .group         0x00000000        0x8 ./Sources/SCP.o
 .group         0x00000000        0x8 ./Sources/SCP.o
 .group         0x00000000        0x8 ./Sources/SCP.o
 .group         0x00000000        0x8 ./Sources/SCP.o
 .group         0x00000000        0x8 ./Sources/SCP.o
 .text          0x00000000        0x0 ./Sources/SCP.o
 .data          0x00000000        0x0 ./Sources/SCP.o
 .bss           0x00000000        0x0 ./Sources/SCP.o
 .debug_macro   0x00000000      0x850 ./Sources/SCP.o
 .debug_macro   0x00000000       0x16 ./Sources/SCP.o
 .debug_macro   0x00000000       0x44 ./Sources/SCP.o
 .debug_macro   0x00000000      0x209 ./Sources/SCP.o
 .debug_macro   0x00000000       0x22 ./Sources/SCP.o
 .debug_macro   0x00000000     0x1800 ./Sources/SCP.o
 .group         0x00000000        0x8 ./Sources/UART.o
 .group         0x00000000        0x8 ./Sources/UART.o
 .group         0x00000000        0x8 ./Sources/UART.o
 .group         0x00000000        0x8 ./Sources/UART.o
 .group         0x00000000        0x8 ./Sources/UART.o
 .group         0x00000000        0x8 ./Sources/UART.o
 .group         0x00000000        0x8 ./Sources/UART.o
 .group         0x00000000        0x8 ./Sources/UART.o
 .group         0x00000000        0x8 ./Sources/UART.o
 .group         0x00000000        0x8 ./Sources/UART.o
 .group         0x00000000        0x8 ./Sources/UART.o
 .text          0x00000000        0x0 ./Sources/UART.o
 .data          0x00000000        0x0 ./Sources/UART.o
 .bss           0x00000000        0x0 ./Sources/UART.o
 .text.UART_Poll
                0x00000000       0x4c ./Sources/UART.o
 .debug_macro   0x00000000      0x850 ./Sources/UART.o
 .debug_macro   0x00000000       0x16 ./Sources/UART.o
 .debug_macro   0x00000000       0x44 ./Sources/UART.o
 .debug_macro   0x00000000      0x209 ./Sources/UART.o
 .debug_macro   0x00000000    0x174c1 ./Sources/UART.o
 .debug_macro   0x00000000       0x94 ./Sources/UART.o
 .debug_macro   0x00000000       0x22 ./Sources/UART.o
 .debug_macro   0x00000000       0x36 ./Sources/UART.o
 .debug_macro   0x00000000       0x3a ./Sources/UART.o
 .group         0x00000000        0x8 ./Sources/main.o
 .group         0x00000000        0x8 ./Sources/main.o
 .group         0x00000000        0x8 ./Sources/main.o
 .group         0x00000000        0x8 ./Sources/main.o
 .group         0x00000000        0x8 ./Sources/main.o
 .group         0x00000000        0x8 ./Sources/main.o
 .group         0x00000000        0x8 ./Sources/main.o
 .group         0x00000000        0x8 ./Sources/main.o
 .group         0x00000000        0x8 ./Sources/main.o
 .group         0x00000000        0x8 ./Sources/main.o
 .group         0x00000000        0x8 ./Sources/main.o
 .group         0x00000000        0x8 ./Sources/main.o
 .text          0x00000000        0x0 ./Sources/main.o
 .data          0x00000000        0x0 ./Sources/main.o
 .bss           0x00000000        0x0 ./Sources/main.o
 .text.LPTMRInit
                0x00000000       0xa8 ./Sources/main.o
 .debug_macro   0x00000000      0x850 ./Sources/main.o
 .debug_macro   0x00000000       0x16 ./Sources/main.o
 .debug_macro   0x00000000       0x44 ./Sources/main.o
 .debug_macro   0x00000000      0x209 ./Sources/main.o
 .debug_macro   0x00000000     0x17fa ./Sources/main.o
 .debug_macro   0x00000000    0x174c1 ./Sources/main.o
 .debug_macro   0x00000000       0x94 ./Sources/main.o
 .debug_macro   0x00000000       0x22 ./Sources/main.o
 .debug_macro   0x00000000       0x3a ./Sources/main.o
 .debug_macro   0x00000000       0x10 ./Sources/main.o
 .debug_macro   0x00000000       0x40 ./Sources/main.o
 .group         0x00000000        0x8 ./Sources/packet.o
 .group         0x00000000        0x8 ./Sources/packet.o
 .group         0x00000000        0x8 ./Sources/packet.o
 .group         0x00000000        0x8 ./Sources/packet.o
 .group         0x00000000        0x8 ./Sources/packet.o
 .group         0x00000000        0x8 ./Sources/packet.o
 .group         0x00000000        0x8 ./Sources/packet.o
 .text          0x00000000        0x0 ./Sources/packet.o
 .data          0x00000000        0x0 ./Sources/packet.o
 .bss           0x00000000        0x0 ./Sources/packet.o
 .text.Packet_Acknowledgement_Required
                0x00000000       0x28 ./Sources/packet.o
 .debug_macro   0x00000000      0x850 ./Sources/packet.o
 .debug_macro   0x00000000       0x16 ./Sources/packet.o
 .debug_macro   0x00000000       0x44 ./Sources/packet.o
 .debug_macro   0x00000000      0x209 ./Sources/packet.o
 .debug_macro   0x00000000       0x22 ./Sources/packet.o
 .debug_macro   0x00000000       0x36 ./Sources/packet.o
 .group         0x00000000        0x8 ./Project_Settings/Startup_Code/startup.o
 .group         0x00000000        0x8 ./Project_Settings/Startup_Code/startup.o
 .group         0x00000000        0x8 ./Project_Settings/Startup_Code/startup.o
 .group         0x00000000        0x8 ./Project_Settings/Startup_Code/startup.o
 .group         0x00000000        0x8 ./Project_Settings/Startup_Code/startup.o
 .group         0x00000000        0x8 ./Project_Settings/Startup_Code/startup.o
 .group         0x00000000        0x8 ./Project_Settings/Startup_Code/startup.o
 .group         0x00000000        0x8 ./Project_Settings/Startup_Code/startup.o
 .group         0x00000000        0x8 ./Project_Settings/Startup_Code/startup.o
 .group         0x00000000        0x8 ./Project_Settings/Startup_Code/startup.o
 .group         0x00000000        0x8 ./Project_Settings/Startup_Code/startup.o
 .group         0x00000000        0x8 ./Project_Settings/Startup_Code/startup.o
 .group         0x00000000        0x8 ./Project_Settings/Startup_Code/startup.o
 .group         0x00000000        0x8 ./Project_Settings/Startup_Code/startup.o
 .group         0x00000000        0x8 ./Project_Settings/Startup_Code/startup.o
 .group         0x00000000        0x8 ./Project_Settings/Startup_Code/startup.o
 .group         0x00000000        0x8 ./Project_Settings/Startup_Code/startup.o
 .group         0x00000000        0x8 ./Project_Settings/Startup_Code/startup.o
 .group         0x00000000        0x8 ./Project_Settings/Startup_Code/startup.o
 .text          0x00000000        0x0 ./Project_Settings/Startup_Code/startup.o
 .data          0x00000000        0x0 ./Project_Settings/Startup_Code/startup.o
 .bss           0x00000000        0x0 ./Project_Settings/Startup_Code/startup.o
 .text.__init_hardware
                0x00000000        0xc ./Project_Settings/Startup_Code/startup.o
 .text.__iar_program_start
                0x00000000        0xc ./Project_Settings/Startup_Code/startup.o
 .debug_macro   0x00000000      0x850 ./Project_Settings/Startup_Code/startup.o
 .debug_macro   0x00000000       0x16 ./Project_Settings/Startup_Code/startup.o
 .group         0x00000000        0x8 ./Generated_Code/Cpu.o
 .group         0x00000000        0x8 ./Generated_Code/Cpu.o
 .group         0x00000000        0x8 ./Generated_Code/Cpu.o
 .group         0x00000000        0x8 ./Generated_Code/Cpu.o
 .group         0x00000000        0x8 ./Generated_Code/Cpu.o
 .group         0x00000000        0x8 ./Generated_Code/Cpu.o
 .group         0x00000000        0x8 ./Generated_Code/Cpu.o
 .text          0x00000000        0x0 ./Generated_Code/Cpu.o
 .data          0x00000000        0x0 ./Generated_Code/Cpu.o
 .bss           0x00000000        0x0 ./Generated_Code/Cpu.o
 .debug_macro   0x00000000      0x850 ./Generated_Code/Cpu.o
 .debug_macro   0x00000000       0x16 ./Generated_Code/Cpu.o
 .debug_macro   0x00000000       0x44 ./Generated_Code/Cpu.o
 .debug_macro   0x00000000      0x209 ./Generated_Code/Cpu.o
 .debug_macro   0x00000000     0x17fa ./Generated_Code/Cpu.o
 .debug_macro   0x00000000    0x174c1 ./Generated_Code/Cpu.o
 .group         0x00000000        0x8 ./Generated_Code/Vectors.o
 .group         0x00000000        0x8 ./Generated_Code/Vectors.o
 .group         0x00000000        0x8 ./Generated_Code/Vectors.o
 .group         0x00000000        0x8 ./Generated_Code/Vectors.o
 .group         0x00000000        0x8 ./Generated_Code/Vectors.o
 .group         0x00000000        0x8 ./Generated_Code/Vectors.o
 .group         0x00000000        0x8 ./Generated_Code/Vectors.o
 .group         0x00000000        0x8 ./Generated_Code/Vectors.o
 .group         0x00000000        0x8 ./Generated_Code/Vectors.o
 .text          0x00000000        0x0 ./Generated_Code/Vectors.o
 .data          0x00000000        0x0 ./Generated_Code/Vectors.o
 .bss           0x00000000        0x0 ./Generated_Code/Vectors.o
 .debug_macro   0x00000000      0x850 ./Generated_Code/Vectors.o
 .debug_macro   0x00000000       0x16 ./Generated_Code/Vectors.o
 .debug_macro   0x00000000       0x44 ./Generated_Code/Vectors.o
 .debug_macro   0x00000000      0x209 ./Generated_Code/Vectors.o
 .debug_macro   0x00000000     0x17fa ./Generated_Code/Vectors.o
 .debug_macro   0x00000000    0x174c1 ./Generated_Code/Vectors.o
 .debug_macro   0x00000000       0x94 ./Generated_Code/Vectors.o
 .debug_macro   0x00000000       0x22 ./Generated_Code/Vectors.o
 .debug_macro   0x00000000       0x30 ./Generated_Code/Vectors.o
 .group         0x00000000        0x8 C:\Users\13115605\Documents\es18aut35\OSExample\Library\libOS.a(OS.o)
 .group         0x00000000        0x8 C:\Users\13115605\Documents\es18aut35\OSExample\Library\libOS.a(OS.o)
 .group         0x00000000        0x8 C:\Users\13115605\Documents\es18aut35\OSExample\Library\libOS.a(OS.o)
 .group         0x00000000        0x8 C:\Users\13115605\Documents\es18aut35\OSExample\Library\libOS.a(OS.o)
 .group         0x00000000        0x8 C:\Users\13115605\Documents\es18aut35\OSExample\Library\libOS.a(OS.o)
 .group         0x00000000        0x8 C:\Users\13115605\Documents\es18aut35\OSExample\Library\libOS.a(OS.o)
 .group         0x00000000        0x8 C:\Users\13115605\Documents\es18aut35\OSExample\Library\libOS.a(OS.o)
 .group         0x00000000        0x8 C:\Users\13115605\Documents\es18aut35\OSExample\Library\libOS.a(OS.o)
 .group         0x00000000        0x8 C:\Users\13115605\Documents\es18aut35\OSExample\Library\libOS.a(OS.o)
 .group         0x00000000        0x8 C:\Users\13115605\Documents\es18aut35\OSExample\Library\libOS.a(OS.o)
 .group         0x00000000        0x8 C:\Users\13115605\Documents\es18aut35\OSExample\Library\libOS.a(OS.o)
 .text          0x00000000        0x0 C:\Users\13115605\Documents\es18aut35\OSExample\Library\libOS.a(OS.o)
 .data          0x00000000        0x0 C:\Users\13115605\Documents\es18aut35\OSExample\Library\libOS.a(OS.o)
 .bss           0x00000000        0x0 C:\Users\13115605\Documents\es18aut35\OSExample\Library\libOS.a(OS.o)
 .rodata.OS_TICK_FREQUENCY
                0x00000000        0x4 C:\Users\13115605\Documents\es18aut35\OSExample\Library\libOS.a(OS.o)
 .text.OS_TimeDelay
                0x00000000       0x48 C:\Users\13115605\Documents\es18aut35\OSExample\Library\libOS.a(OS.o)
 .text.OS_TimeGet
                0x00000000       0x24 C:\Users\13115605\Documents\es18aut35\OSExample\Library\libOS.a(OS.o)
 .text.OS_TimeSet
                0x00000000       0x20 C:\Users\13115605\Documents\es18aut35\OSExample\Library\libOS.a(OS.o)
 .debug_macro   0x00000000      0x850 C:\Users\13115605\Documents\es18aut35\OSExample\Library\libOS.a(OS.o)
 .debug_macro   0x00000000       0x16 C:\Users\13115605\Documents\es18aut35\OSExample\Library\libOS.a(OS.o)
 .debug_macro   0x00000000       0x44 C:\Users\13115605\Documents\es18aut35\OSExample\Library\libOS.a(OS.o)
 .debug_macro   0x00000000      0x209 C:\Users\13115605\Documents\es18aut35\OSExample\Library\libOS.a(OS.o)
 .debug_macro   0x00000000     0x17fa C:\Users\13115605\Documents\es18aut35\OSExample\Library\libOS.a(OS.o)
 .debug_macro   0x00000000    0x174c1 C:\Users\13115605\Documents\es18aut35\OSExample\Library\libOS.a(OS.o)
 .debug_macro   0x00000000       0x22 C:\Users\13115605\Documents\es18aut35\OSExample\Library\libOS.a(OS.o)
 .debug_macro   0x00000000       0x30 C:\Users\13115605\Documents\es18aut35\OSExample\Library\libOS.a(OS.o)
 .data          0x00000000        0x0 c:/freescale/kds_3.0.0/toolchain/bin/../lib/gcc/arm-none-eabi/4.8.4/armv7e-m/fpu\libgcc.a(_arm_addsubdf3.o)
 .bss           0x00000000        0x0 c:/freescale/kds_3.0.0/toolchain/bin/../lib/gcc/arm-none-eabi/4.8.4/armv7e-m/fpu\libgcc.a(_arm_addsubdf3.o)
 .data          0x00000000        0x0 c:/freescale/kds_3.0.0/toolchain/bin/../lib/gcc/arm-none-eabi/4.8.4/armv7e-m/fpu\libgcc.a(_arm_muldivdf3.o)
 .bss           0x00000000        0x0 c:/freescale/kds_3.0.0/toolchain/bin/../lib/gcc/arm-none-eabi/4.8.4/armv7e-m/fpu\libgcc.a(_arm_muldivdf3.o)
 .data          0x00000000        0x0 c:/freescale/kds_3.0.0/toolchain/bin/../lib/gcc/arm-none-eabi/4.8.4/armv7e-m/fpu\libgcc.a(_arm_fixunsdfsi.o)
 .bss           0x00000000        0x0 c:/freescale/kds_3.0.0/toolchain/bin/../lib/gcc/arm-none-eabi/4.8.4/armv7e-m/fpu\libgcc.a(_arm_fixunsdfsi.o)
 .text          0x00000000        0x0 c:/freescale/kds_3.0.0/toolchain/bin/../lib/gcc/arm-none-eabi/4.8.4/../../../../arm-none-eabi/lib/armv7e-m/fpu\libg_s.a(lib_a-exit.o)
 .data          0x00000000        0x0 c:/freescale/kds_3.0.0/toolchain/bin/../lib/gcc/arm-none-eabi/4.8.4/../../../../arm-none-eabi/lib/armv7e-m/fpu\libg_s.a(lib_a-exit.o)
 .bss           0x00000000        0x0 c:/freescale/kds_3.0.0/toolchain/bin/../lib/gcc/arm-none-eabi/4.8.4/../../../../arm-none-eabi/lib/armv7e-m/fpu\libg_s.a(lib_a-exit.o)
 .text          0x00000000        0x0 c:/freescale/kds_3.0.0/toolchain/bin/../lib/gcc/arm-none-eabi/4.8.4/../../../../arm-none-eabi/lib/armv7e-m/fpu\libg_s.a(lib_a-impure.o)
 .data          0x00000000        0x0 c:/freescale/kds_3.0.0/toolchain/bin/../lib/gcc/arm-none-eabi/4.8.4/../../../../arm-none-eabi/lib/armv7e-m/fpu\libg_s.a(lib_a-impure.o)
 .bss           0x00000000        0x0 c:/freescale/kds_3.0.0/toolchain/bin/../lib/gcc/arm-none-eabi/4.8.4/../../../../arm-none-eabi/lib/armv7e-m/fpu\libg_s.a(lib_a-impure.o)
 .data._impure_ptr
                0x00000000        0x4 c:/freescale/kds_3.0.0/toolchain/bin/../lib/gcc/arm-none-eabi/4.8.4/../../../../arm-none-eabi/lib/armv7e-m/fpu\libg_s.a(lib_a-impure.o)
 .text          0x00000000        0x0 c:/freescale/kds_3.0.0/toolchain/bin/../lib/gcc/arm-none-eabi/4.8.4/../../../../arm-none-eabi/lib/armv7e-m/fpu\libg_s.a(lib_a-init.o)
 .data          0x00000000        0x0 c:/freescale/kds_3.0.0/toolchain/bin/../lib/gcc/arm-none-eabi/4.8.4/../../../../arm-none-eabi/lib/armv7e-m/fpu\libg_s.a(lib_a-init.o)
 .bss           0x00000000        0x0 c:/freescale/kds_3.0.0/toolchain/bin/../lib/gcc/arm-none-eabi/4.8.4/../../../../arm-none-eabi/lib/armv7e-m/fpu\libg_s.a(lib_a-init.o)
 .text          0x00000000        0x0 c:/freescale/kds_3.0.0/toolchain/bin/../lib/gcc/arm-none-eabi/4.8.4/../../../../arm-none-eabi/lib/armv7e-m/fpu\libg_s.a(lib_a-memset.o)
 .data          0x00000000        0x0 c:/freescale/kds_3.0.0/toolchain/bin/../lib/gcc/arm-none-eabi/4.8.4/../../../../arm-none-eabi/lib/armv7e-m/fpu\libg_s.a(lib_a-memset.o)
 .bss           0x00000000        0x0 c:/freescale/kds_3.0.0/toolchain/bin/../lib/gcc/arm-none-eabi/4.8.4/../../../../arm-none-eabi/lib/armv7e-m/fpu\libg_s.a(lib_a-memset.o)
 .text          0x00000000        0x0 c:/freescale/kds_3.0.0/toolchain/bin/../lib/gcc/arm-none-eabi/4.8.4/../../../../arm-none-eabi/lib/armv7e-m/fpu\libnosys.a(_exit.o)
 .data          0x00000000        0x0 c:/freescale/kds_3.0.0/toolchain/bin/../lib/gcc/arm-none-eabi/4.8.4/../../../../arm-none-eabi/lib/armv7e-m/fpu\libnosys.a(_exit.o)
 .bss           0x00000000        0x0 c:/freescale/kds_3.0.0/toolchain/bin/../lib/gcc/arm-none-eabi/4.8.4/../../../../arm-none-eabi/lib/armv7e-m/fpu\libnosys.a(_exit.o)
 .text          0x00000000        0x0 c:/freescale/kds_3.0.0/toolchain/bin/../lib/gcc/arm-none-eabi/4.8.4/armv7e-m/fpu/crtend.o
 .data          0x00000000        0x0 c:/freescale/kds_3.0.0/toolchain/bin/../lib/gcc/arm-none-eabi/4.8.4/armv7e-m/fpu/crtend.o
 .bss           0x00000000        0x0 c:/freescale/kds_3.0.0/toolchain/bin/../lib/gcc/arm-none-eabi/4.8.4/armv7e-m/fpu/crtend.o
 .eh_frame      0x00000000        0x4 c:/freescale/kds_3.0.0/toolchain/bin/../lib/gcc/arm-none-eabi/4.8.4/armv7e-m/fpu/crtend.o
 .jcr           0x00000000        0x4 c:/freescale/kds_3.0.0/toolchain/bin/../lib/gcc/arm-none-eabi/4.8.4/armv7e-m/fpu/crtend.o
 .ARM.attributes
                0x00000000       0x34 c:/freescale/kds_3.0.0/toolchain/bin/../lib/gcc/arm-none-eabi/4.8.4/armv7e-m/fpu/crtend.o
 .text          0x00000000        0x0 c:/freescale/kds_3.0.0/toolchain/bin/../lib/gcc/arm-none-eabi/4.8.4/armv7e-m/fpu/crtn.o
 .data          0x00000000        0x0 c:/freescale/kds_3.0.0/toolchain/bin/../lib/gcc/arm-none-eabi/4.8.4/armv7e-m/fpu/crtn.o
 .bss           0x00000000        0x0 c:/freescale/kds_3.0.0/toolchain/bin/../lib/gcc/arm-none-eabi/4.8.4/armv7e-m/fpu/crtn.o

Memory Configuration

Name             Origin             Length             Attributes
m_interrupts     0x00000000         0x000001e8         xr
m_text           0x00000410         0x0007fbf0         xr
m_data           0x1fff0000         0x00010000         rw
m_data_20000000  0x20000000         0x00010000         rw
m_cfmprotrom     0x00000400         0x00000010         xr
*default*        0x00000000         0xffffffff

Linker script and memory map

LOAD c:/freescale/kds_3.0.0/toolchain/bin/../lib/gcc/arm-none-eabi/4.8.4/armv7e-m/fpu/crti.o
LOAD c:/freescale/kds_3.0.0/toolchain/bin/../lib/gcc/arm-none-eabi/4.8.4/armv7e-m/fpu/crtbegin.o
LOAD c:/freescale/kds_3.0.0/toolchain/bin/../lib/gcc/arm-none-eabi/4.8.4/../../../../arm-none-eabi/lib/armv7e-m/fpu/crt0.o
LOAD ./Sources/FIFO.o
LOAD ./Sources/FTM.o
LOAD ./Sources/LEDs.o
LOAD ./Sources/PIT.o
LOAD ./Sources/RTC.o
LOAD ./Sources/SCP.o
LOAD ./Sources/UART.o
LOAD ./Sources/main.o
LOAD ./Sources/packet.o
LOAD ./Project_Settings/Startup_Code/startup.o
LOAD ./Generated_Code/Cpu.o
LOAD ./Generated_Code/Vectors.o
LOAD C:\Users\13115605\Documents\es18aut35\OSExample\Library\libOS.a
LOAD c:/freescale/kds_3.0.0/toolchain/bin/../lib/gcc/arm-none-eabi/4.8.4/../../../../arm-none-eabi/lib/armv7e-m/fpu\libstdc++_s.a
LOAD c:/freescale/kds_3.0.0/toolchain/bin/../lib/gcc/arm-none-eabi/4.8.4/../../../../arm-none-eabi/lib/armv7e-m/fpu\libm.a
START GROUP
LOAD c:/freescale/kds_3.0.0/toolchain/bin/../lib/gcc/arm-none-eabi/4.8.4/armv7e-m/fpu\libgcc.a
LOAD c:/freescale/kds_3.0.0/toolchain/bin/../lib/gcc/arm-none-eabi/4.8.4/../../../../arm-none-eabi/lib/armv7e-m/fpu\libg_s.a
LOAD c:/freescale/kds_3.0.0/toolchain/bin/../lib/gcc/arm-none-eabi/4.8.4/../../../../arm-none-eabi/lib/armv7e-m/fpu\libc_s.a
END GROUP
START GROUP
LOAD c:/freescale/kds_3.0.0/toolchain/bin/../lib/gcc/arm-none-eabi/4.8.4/armv7e-m/fpu\libgcc.a
LOAD c:/freescale/kds_3.0.0/toolchain/bin/../lib/gcc/arm-none-eabi/4.8.4/../../../../arm-none-eabi/lib/armv7e-m/fpu\libc_s.a
LOAD c:/freescale/kds_3.0.0/toolchain/bin/../lib/gcc/arm-none-eabi/4.8.4/../../../../arm-none-eabi/lib/armv7e-m/fpu\libnosys.a
END GROUP
START GROUP
LOAD c:/freescale/kds_3.0.0/toolchain/bin/../lib/gcc/arm-none-eabi/4.8.4/armv7e-m/fpu\libgcc.a
LOAD c:/freescale/kds_3.0.0/toolchain/bin/../lib/gcc/arm-none-eabi/4.8.4/../../../../arm-none-eabi/lib/armv7e-m/fpu\libc_s.a
LOAD c:/freescale/kds_3.0.0/toolchain/bin/../lib/gcc/arm-none-eabi/4.8.4/../../../../arm-none-eabi/lib/armv7e-m/fpu\libnosys.a
END GROUP
LOAD c:/freescale/kds_3.0.0/toolchain/bin/../lib/gcc/arm-none-eabi/4.8.4/armv7e-m/fpu/crtend.o
LOAD c:/freescale/kds_3.0.0/toolchain/bin/../lib/gcc/arm-none-eabi/4.8.4/armv7e-m/fpu/crtn.o
                0x20000000                _estack = 0x20000000
                0x20000000                __SP_INIT = _estack
                0x20000000                __stack = _estack
                0x00000000                __heap_size = 0x0
                0x00000400                __stack_size = 0x400

.interrupts     0x00000000      0x1e8
                0x00000000                __vector_table = .
                0x00000000                . = ALIGN (0x4)
 *(.vectortable)
 .vectortable   0x00000000      0x1e8 ./Generated_Code/Vectors.o
                0x00000000                __vect_table
                0x000001e8                . = ALIGN (0x4)

.cfmprotect     0x00000400       0x10
                0x00000400                . = ALIGN (0x4)
 *(.cfmconfig)
 .cfmconfig     0x00000400       0x10 ./Generated_Code/Cpu.o
                0x00000400                _cfm
                0x00000410                . = ALIGN (0x4)

.text           0x00000410     0x2764
                0x00000410                . = ALIGN (0x4)
 *(.text)
 .text          0x00000410       0x54 c:/freescale/kds_3.0.0/toolchain/bin/../lib/gcc/arm-none-eabi/4.8.4/armv7e-m/fpu/crtbegin.o
 .text          0x00000464       0x74 c:/freescale/kds_3.0.0/toolchain/bin/../lib/gcc/arm-none-eabi/4.8.4/../../../../arm-none-eabi/lib/armv7e-m/fpu/crt0.o
                0x00000464                _start
                0x00000464                _mainCRTStartup
 .text          0x000004d8      0x370 c:/freescale/kds_3.0.0/toolchain/bin/../lib/gcc/arm-none-eabi/4.8.4/armv7e-m/fpu\libgcc.a(_arm_addsubdf3.o)
                0x000004d8                __aeabi_drsub
                0x000004e0                __aeabi_dsub
                0x000004e0                __subdf3
                0x000004e4                __aeabi_dadd
                0x000004e4                __adddf3
                0x0000075c                __floatunsidf
                0x0000075c                __aeabi_ui2d
                0x0000077c                __floatsidf
                0x0000077c                __aeabi_i2d
                0x000007a0                __aeabi_f2d
                0x000007a0                __extendsfdf2
                0x000007dc                __floatundidf
                0x000007dc                __aeabi_ul2d
                0x000007ec                __floatdidf
                0x000007ec                __aeabi_l2d
 .text          0x00000848      0x424 c:/freescale/kds_3.0.0/toolchain/bin/../lib/gcc/arm-none-eabi/4.8.4/armv7e-m/fpu\libgcc.a(_arm_muldivdf3.o)
                0x00000848                __aeabi_dmul
                0x00000848                __muldf3
                0x00000a9c                __divdf3
                0x00000a9c                __aeabi_ddiv
 .text          0x00000c6c       0x40 c:/freescale/kds_3.0.0/toolchain/bin/../lib/gcc/arm-none-eabi/4.8.4/armv7e-m/fpu\libgcc.a(_arm_fixunsdfsi.o)
                0x00000c6c                __aeabi_d2uiz
                0x00000c6c                __fixunsdfsi
 *(.text*)
 .text.FIFO_Init
                0x00000cac       0x48 ./Sources/FIFO.o
                0x00000cac                FIFO_Init
 .text.FIFO_Put
                0x00000cf4       0x74 ./Sources/FIFO.o
                0x00000cf4                FIFO_Put
 .text.FIFO_Get
                0x00000d68       0x74 ./Sources/FIFO.o
                0x00000d68                FIFO_Get
 .text.FTM_Init
                0x00000ddc       0xe8 ./Sources/FTM.o
                0x00000ddc                FTM_Init
 .text.FTM_Set  0x00000ec4       0xa4 ./Sources/FTM.o
                0x00000ec4                FTM_Set
 .text.FTM0_ISR
                0x00000f68       0xb8 ./Sources/FTM.o
                0x00000f68                FTM0_ISR
 .text.LEDs_Init
                0x00001020       0x74 ./Sources/LEDs.o
                0x00001020                LEDs_Init
 .text.LEDs_On  0x00001094       0x1c ./Sources/LEDs.o
                0x00001094                LEDs_On
 .text.PIT_Init
                0x000010b0       0xd0 ./Sources/PIT.o
                0x000010b0                PIT_Init
 .text.PIT_Set  0x00001180       0x50 ./Sources/PIT.o
                0x00001180                PIT_Set
 .text.PIT_Enable
                0x000011d0       0x40 ./Sources/PIT.o
                0x000011d0                PIT_Enable
 .text.PIT_ISR  0x00001210       0x48 ./Sources/PIT.o
                0x00001210                PIT_ISR
 .text.RTC_Init
                0x00001258      0x104 ./Sources/RTC.o
                0x00001258                RTC_Init
 .text.RTC_ISR  0x0000135c       0x34 ./Sources/RTC.o
                0x0000135c                RTC_ISR
 .text.SCP_SendStartUpValues
                0x00001390       0x44 ./Sources/SCP.o
                0x00001390                SCP_SendStartUpValues
 .text.SendVersion
                0x000013d4       0x18 ./Sources/SCP.o
                0x000013d4                SendVersion
 .text.HandleTowerNumber
                0x000013ec       0x28 ./Sources/SCP.o
                0x000013ec                HandleTowerNumber
 .text.SendTowerNumber
                0x00001414       0x20 ./Sources/SCP.o
                0x00001414                SendTowerNumber
 .text.SetTowerNumber
                0x00001434       0x10 ./Sources/SCP.o
                0x00001434                SetTowerNumber
 .text.HandleTowerMode
                0x00001444       0x28 ./Sources/SCP.o
                0x00001444                HandleTowerMode
 .text.SendTowerMode
                0x0000146c       0x20 ./Sources/SCP.o
                0x0000146c                SendTowerMode
 .text.SetTowerMode
                0x0000148c       0x10 ./Sources/SCP.o
                0x0000148c                SetTowerMode
 .text.ReadByte
                0x0000149c       0x20 ./Sources/SCP.o
                0x0000149c                ReadByte
 .text.ProgramByte
                0x000014bc       0x1c ./Sources/SCP.o
                0x000014bc                ProgramByte
 .text.SendTime
                0x000014d8       0x20 ./Sources/SCP.o
                0x000014d8                SendTime
 .text.SetTime  0x000014f8       0x10 ./Sources/SCP.o
                0x000014f8                SetTime
 .text.SendProtocolMode
                0x00001508       0x20 ./Sources/SCP.o
                0x00001508                SendProtocolMode
 .text.SetProtocolMode
                0x00001528       0x20 ./Sources/SCP.o
                0x00001528                SetProtocolMode
 .text.HandleProtocolMode
                0x00001548       0x28 ./Sources/SCP.o
                0x00001548                HandleProtocolMode
 .text.SendAccelValues
                0x00001570       0x1c ./Sources/SCP.o
                0x00001570                SendAccelValues
 .text.SCP_Acknowledgement_Required
                0x0000158c       0x30 ./Sources/SCP.o
                0x0000158c                SCP_Acknowledgement_Required
 .text.ACK      0x000015bc       0x24 ./Sources/SCP.o
                0x000015bc                ACK
 .text.NAK      0x000015e0       0x30 ./Sources/SCP.o
                0x000015e0                NAK
 .text.SCP_Packet_Handle
                0x00001610       0xac ./Sources/SCP.o
                0x00001610                SCP_Packet_Handle
 .text.SCP_Packet_Handle_Ack
                0x000016bc       0x34 ./Sources/SCP.o
                0x000016bc                SCP_Packet_Handle_Ack
 .text.UART_Init
                0x000016f0      0x138 ./Sources/UART.o
                0x000016f0                UART_Init
 .text.UART_InChar
                0x00001828       0x20 ./Sources/UART.o
                0x00001828                UART_InChar
 .text.UART_OutChar
                0x00001848       0x38 ./Sources/UART.o
                0x00001848                UART_OutChar
 .text.TxThread
                0x00001880       0x4c ./Sources/UART.o
                0x00001880                TxThread
 .text.RxThread
                0x000018cc       0x40 ./Sources/UART.o
                0x000018cc                RxThread
 .text.UART_ISR
                0x0000190c       0x98 ./Sources/UART.o
                0x0000190c                UART_ISR
 .text.HandlePacketThread
                0x000019a4       0x3c ./Sources/main.o
 .text.InitModulesThread
                0x000019e0       0xb4 ./Sources/main.o
 .text.LPTimer_ISR
                0x00001a94       0x24 ./Sources/main.o
                0x00001a94                LPTimer_ISR
 .text.main     0x00001ab8       0x84 ./Sources/main.o
                0x00001ab8                main
 .text.CheckSum
                0x00001b3c       0x30 ./Sources/packet.o
                0x00001b3c                CheckSum
 .text.Packet_Init
                0x00001b6c       0x2c ./Sources/packet.o
                0x00001b6c                Packet_Init
 .text.Packet_Get
                0x00001b98       0xdc ./Sources/packet.o
                0x00001b98                Packet_Get
 .text.Packet_Put
                0x00001c74       0x94 ./Sources/packet.o
                0x00001c74                Packet_Put
 .text.__copy_rom_section
                0x00001d08       0xe4 ./Project_Settings/Startup_Code/startup.o
                0x00001d08                __copy_rom_section
 .text.__copy_rom_sections_to_ram
                0x00001dec       0x9c ./Project_Settings/Startup_Code/startup.o
                0x00001dec                __copy_rom_sections_to_ram
 .text.__init_registers
                0x00001e88       0x20 ./Project_Settings/Startup_Code/startup.o
                0x00001e88                __init_registers
 .text.__init_user
                0x00001ea8        0xc ./Project_Settings/Startup_Code/startup.o
                0x00001ea8                __init_user
 .text.__thumb_startup
                0x00001eb4       0x34 ./Project_Settings/Startup_Code/startup.o
                0x00001eb4                __thumb_startup
 .text.Cpu_Interrupt
                0x00001ee8       0x18 ./Generated_Code/Cpu.o
                0x00001ee8                Cpu_Interrupt
 .text.__init_hardware
                0x00001f00      0x17c ./Generated_Code/Cpu.o
                0x00001f00                __init_hardware
 .text.Cpu_SetBASEPRI
                0x0000207c       0x18 ./Generated_Code/Cpu.o
                0x0000207c                Cpu_SetBASEPRI
 .text.PE_low_level_init
                0x00002094       0xe4 ./Generated_Code/Cpu.o
                0x00002094                PE_low_level_init
 .text.OS_Init  0x00002178      0x110 C:\Users\13115605\Documents\es18aut35\OSExample\Library\libOS.a(OS.o)
                0x00002178                OS_Init
 .text.OS_ISREnter
                0x00002288       0x20 C:\Users\13115605\Documents\es18aut35\OSExample\Library\libOS.a(OS.o)
                0x00002288                OS_ISREnter
 .text.OS_ISRExit
                0x000022a8       0x1c C:\Users\13115605\Documents\es18aut35\OSExample\Library\libOS.a(OS.o)
                0x000022a8                OS_ISRExit
 .text.OS_SemaphoreCreate
                0x000022c4       0x90 C:\Users\13115605\Documents\es18aut35\OSExample\Library\libOS.a(OS.o)
                0x000022c4                OS_SemaphoreCreate
 .text.OS_SemaphoreSignal
                0x00002354       0x44 C:\Users\13115605\Documents\es18aut35\OSExample\Library\libOS.a(OS.o)
                0x00002354                OS_SemaphoreSignal
 .text.OS_SemaphoreWait
                0x00002398       0x58 C:\Users\13115605\Documents\es18aut35\OSExample\Library\libOS.a(OS.o)
                0x00002398                OS_SemaphoreWait
 .text.OS_Start
                0x000023f0       0x10 C:\Users\13115605\Documents\es18aut35\OSExample\Library\libOS.a(OS.o)
                0x000023f0                OS_Start
 .text.OS_ThreadCreate
                0x00002400      0x160 C:\Users\13115605\Documents\es18aut35\OSExample\Library\libOS.a(OS.o)
                0x00002400                OS_ThreadCreate
 .text.OS_ThreadDelete
                0x00002560      0x18c C:\Users\13115605\Documents\es18aut35\OSExample\Library\libOS.a(OS.o)
                0x00002560                OS_ThreadDelete
 .text.EventThreadReady
                0x000026ec       0x68 C:\Users\13115605\Documents\es18aut35\OSExample\Library\libOS.a(OS.o)
 .text.EventThreadWait
                0x00002754       0x64 C:\Users\13115605\Documents\es18aut35\OSExample\Library\libOS.a(OS.o)
 .text.EventTimeout
                0x000027b8       0x40 C:\Users\13115605\Documents\es18aut35\OSExample\Library\libOS.a(OS.o)
 .text.Idle     0x000027f8       0x18 C:\Users\13115605\Documents\es18aut35\OSExample\Library\libOS.a(OS.o)
 .text.FindFirstSet
                0x00002810       0x44 C:\Users\13115605\Documents\es18aut35\OSExample\Library\libOS.a(OS.o)
 .text.Schedule
                0x00002854       0x64 C:\Users\13115605\Documents\es18aut35\OSExample\Library\libOS.a(OS.o)
 .text.TCBInit  0x000028b8       0xcc C:\Users\13115605\Documents\es18aut35\OSExample\Library\libOS.a(OS.o)
 .text.TimeTick
                0x00002984       0x74 C:\Users\13115605\Documents\es18aut35\OSExample\Library\libOS.a(OS.o)
 *fill*         0x000029f8        0x8 
 .text.OS_ContextSwitchISR
                0x00002a00       0x70 C:\Users\13115605\Documents\es18aut35\OSExample\Library\libOS.a(OS.o)
                0x00002a00                OS_ContextSwitchISR
 .text.OS_SysTickISR
                0x00002a70       0x5c C:\Users\13115605\Documents\es18aut35\OSExample\Library\libOS.a(OS.o)
                0x00002a70                OS_SysTickISR
 .text.exit     0x00002acc       0x28 c:/freescale/kds_3.0.0/toolchain/bin/../lib/gcc/arm-none-eabi/4.8.4/../../../../arm-none-eabi/lib/armv7e-m/fpu\libg_s.a(lib_a-exit.o)
                0x00002acc                exit
 .text.__libc_init_array
                0x00002af4       0x4c c:/freescale/kds_3.0.0/toolchain/bin/../lib/gcc/arm-none-eabi/4.8.4/../../../../arm-none-eabi/lib/armv7e-m/fpu\libg_s.a(lib_a-init.o)
                0x00002af4                __libc_init_array
 .text.memset   0x00002b40       0x10 c:/freescale/kds_3.0.0/toolchain/bin/../lib/gcc/arm-none-eabi/4.8.4/../../../../arm-none-eabi/lib/armv7e-m/fpu\libg_s.a(lib_a-memset.o)
                0x00002b40                memset
 .text._exit    0x00002b50        0x4 c:/freescale/kds_3.0.0/toolchain/bin/../lib/gcc/arm-none-eabi/4.8.4/../../../../arm-none-eabi/lib/armv7e-m/fpu\libnosys.a(_exit.o)
                0x00002b50                _exit
 *(.rodata)
 *(.rodata*)
 .rodata.PACKET_ACK_MASK
                0x00002b54        0x1 ./Sources/packet.o
                0x00002b54                PACKET_ACK_MASK
 .rodata.str1.1
                0x00002b55        0x2 c:/freescale/kds_3.0.0/toolchain/bin/../lib/gcc/arm-none-eabi/4.8.4/../../../../arm-none-eabi/lib/armv7e-m/fpu\libg_s.a(lib_a-impure.o)
 *fill*         0x00002b57        0x1 
 .rodata._global_impure_ptr
                0x00002b58        0x4 c:/freescale/kds_3.0.0/toolchain/bin/../lib/gcc/arm-none-eabi/4.8.4/../../../../arm-none-eabi/lib/armv7e-m/fpu\libg_s.a(lib_a-impure.o)
                0x00002b58                _global_impure_ptr
 *(.glue_7)
 .glue_7        0x00000000        0x0 linker stubs
 *(.glue_7t)
 .glue_7t       0x00000000        0x0 linker stubs
 *(.eh_frame)
 .eh_frame      0x00002b5c        0x0 c:/freescale/kds_3.0.0/toolchain/bin/../lib/gcc/arm-none-eabi/4.8.4/armv7e-m/fpu/crtbegin.o
 *(.init)
 .init          0x00002b5c        0x4 c:/freescale/kds_3.0.0/toolchain/bin/../lib/gcc/arm-none-eabi/4.8.4/armv7e-m/fpu/crti.o
                0x00002b5c                _init
 .init          0x00002b60        0x8 c:/freescale/kds_3.0.0/toolchain/bin/../lib/gcc/arm-none-eabi/4.8.4/armv7e-m/fpu/crtn.o
 *(.fini)
 .fini          0x00002b68        0x4 c:/freescale/kds_3.0.0/toolchain/bin/../lib/gcc/arm-none-eabi/4.8.4/armv7e-m/fpu/crti.o
                0x00002b68                _fini
 .fini          0x00002b6c        0x8 c:/freescale/kds_3.0.0/toolchain/bin/../lib/gcc/arm-none-eabi/4.8.4/armv7e-m/fpu/crtn.o
                0x00002b74                . = ALIGN (0x4)
                0x00002b74                _etext = .

.vfp11_veneer   0x00002b74        0x0
 .vfp11_veneer  0x00000000        0x0 linker stubs

.v4_bx          0x00002b74        0x0
 .v4_bx         0x00000000        0x0 linker stubs

.iplt           0x00002b74        0x0
 .iplt          0x00000000        0x0 c:/freescale/kds_3.0.0/toolchain/bin/../lib/gcc/arm-none-eabi/4.8.4/armv7e-m/fpu/crtbegin.o

.ARM.extab
 *(.ARM.extab* .gnu.linkonce.armextab.*)

.ARM            0x00002b74        0x8
                0x00002b74                __exidx_start = .
 *(.ARM.exidx*)
 .ARM.exidx     0x00002b74        0x8 c:/freescale/kds_3.0.0/toolchain/bin/../lib/gcc/arm-none-eabi/4.8.4/../../../../arm-none-eabi/lib/armv7e-m/fpu/crt0.o
                0x00002b7c                __exidx_end = .

.rel.dyn        0x00002b7c        0x0
 .rel.iplt      0x00000000        0x0 c:/freescale/kds_3.0.0/toolchain/bin/../lib/gcc/arm-none-eabi/4.8.4/armv7e-m/fpu/crtbegin.o

.ctors          0x00002b7c        0x0
                0x00002b7c                __CTOR_LIST__ = .
 *crtbegin.o(.ctors)
 *(EXCLUDE_FILE(*crtend.o) .ctors)
 *(SORT(.ctors.*))
 *(.ctors)
                0x00002b7c                __CTOR_END__ = .

.dtors          0x00002b7c        0x0
                0x00002b7c                __DTOR_LIST__ = .
 *crtbegin.o(.dtors)
 *(EXCLUDE_FILE(*crtend.o) .dtors)
 *(SORT(.dtors.*))
 *(.dtors)
                0x00002b7c                __DTOR_END__ = .

.preinit_array  0x00002b7c        0x0
                0x00002b7c                PROVIDE (__preinit_array_start, .)
 *(.preinit_array*)
                0x00002b7c                PROVIDE (__preinit_array_end, .)

.init_array     0x00002b7c        0x4
                0x00002b7c                PROVIDE (__init_array_start, .)
 *(SORT(.init_array.*))
 *(.init_array*)
 .init_array    0x00002b7c        0x4 c:/freescale/kds_3.0.0/toolchain/bin/../lib/gcc/arm-none-eabi/4.8.4/armv7e-m/fpu/crtbegin.o
                0x00002b80                PROVIDE (__init_array_end, .)

.fini_array     0x00002b80        0x4
                0x00002b80                PROVIDE (__fini_array_start, .)
 *(SORT(.fini_array.*))
 *(.fini_array*)
 .fini_array    0x00002b80        0x4 c:/freescale/kds_3.0.0/toolchain/bin/../lib/gcc/arm-none-eabi/4.8.4/armv7e-m/fpu/crtbegin.o
                0x00002b84                PROVIDE (__fini_array_end, .)
                0x00002b84                ___ROM_AT = .

.data           0x1fff0000       0x60 load address 0x00002b84
                0x1fff0000                . = ALIGN (0x4)
                0x1fff0000                _sdata = .
 *(.data)
 *(.data*)
 .data.impure_data
                0x1fff0000       0x60 c:/freescale/kds_3.0.0/toolchain/bin/../lib/gcc/arm-none-eabi/4.8.4/../../../../arm-none-eabi/lib/armv7e-m/fpu\libg_s.a(lib_a-impure.o)
                0x1fff0060                . = ALIGN (0x4)
                0x1fff0060                _edata = .
                0x00000060                ___data_size = (_edata - _sdata)
                0x00002be4                ___m_data_20000000_ROMStart = (___ROM_AT + SIZEOF (.data))

.jcr            0x1fff0060        0x0 load address 0x00002be4
 .jcr           0x1fff0060        0x0 c:/freescale/kds_3.0.0/toolchain/bin/../lib/gcc/arm-none-eabi/4.8.4/armv7e-m/fpu/crtbegin.o

.igot.plt       0x1fff0060        0x0 load address 0x00002be4
 .igot.plt      0x00000000        0x0 c:/freescale/kds_3.0.0/toolchain/bin/../lib/gcc/arm-none-eabi/4.8.4/armv7e-m/fpu/crtbegin.o

.m_data_20000000
                0x20000000        0x0 load address 0x00002be4
                0x20000000                . = ALIGN (0x4)
                0x20000000                ___m_data_20000000_RAMStart = .
 *(.m_data_20000000)
                0x20000000                ___m_data_20000000_RAMEnd = .
                0x20000000                . = ALIGN (0x4)
                0x00000000                ___m_data_20000000_ROMSize = (___m_data_20000000_RAMEnd - ___m_data_20000000_RAMStart)
                0x20000000                . = ALIGN (0x4)

.bss            0x1fff0060     0x4b94 load address 0x00002be8
                0x1fff0060                __START_BSS = .
                0x1fff0060                PROVIDE (__bss_start__, __START_BSS)
 *(.bss)
 .bss           0x1fff0060       0x1c c:/freescale/kds_3.0.0/toolchain/bin/../lib/gcc/arm-none-eabi/4.8.4/armv7e-m/fpu/crtbegin.o
 *(.bss*)
 .bss.UserFunctions
                0x1fff007c       0x20 ./Sources/FTM.o
 .bss.UserArguments
                0x1fff009c       0x20 ./Sources/FTM.o
 .bss.Clkperiod
                0x1fff00bc        0x4 ./Sources/PIT.o
 .bss.UserFunction
                0x1fff00c0        0x4 ./Sources/PIT.o
 .bss.UserArguments
                0x1fff00c4        0x4 ./Sources/PIT.o
 .bss.UserFunction
                0x1fff00c8        0x4 ./Sources/RTC.o
 .bss.UserArguments
                0x1fff00cc        0x4 ./Sources/RTC.o
 .bss.TxFIFO    0x1fff00d0      0x110 ./Sources/UART.o
 .bss.RxFIFO    0x1fff01e0      0x110 ./Sources/UART.o
 .bss.InitModulesThreadStack
                0x1fff02f0     0x1000 ./Sources/main.o
 .bss.HandlePacketThreadStack
                0x1fff12f0     0x1000 ./Sources/main.o
 .bss.TxThreadStack
                0x1fff22f0     0x1000 ./Sources/main.o
 .bss.RxThreadStack
                0x1fff32f0     0x1000 ./Sources/main.o
 .bss.count.4154
                0x1fff42f0        0x1 ./Sources/packet.o
 .bss.SR_lock   0x1fff42f1        0x1 ./Generated_Code/Cpu.o
                0x1fff42f1                SR_lock
 *fill*         0x1fff42f2        0x2 
 .bss.TCBUnusedMain
                0x1fff42f4       0x18 C:\Users\13115605\Documents\es18aut35\OSExample\Library\libOS.a(OS.o)
 .bss.TCBTable  0x1fff430c      0x300 C:\Users\13115605\Documents\es18aut35\OSExample\Library\libOS.a(OS.o)
 .bss.pTCBFreeList
                0x1fff460c        0x4 C:\Users\13115605\Documents\es18aut35\OSExample\Library\libOS.a(OS.o)
 .bss.pTCBAllocatedList
                0x1fff4610        0x4 C:\Users\13115605\Documents\es18aut35\OSExample\Library\libOS.a(OS.o)
 .bss.pTCBPriorityTable
                0x1fff4614       0x80 C:\Users\13115605\Documents\es18aut35\OSExample\Library\libOS.a(OS.o)
 .bss.pTCBRunning
                0x1fff4694        0x4 C:\Users\13115605\Documents\es18aut35\OSExample\Library\libOS.a(OS.o)
 .bss.pTCBHighestReady
                0x1fff4698        0x4 C:\Users\13115605\Documents\es18aut35\OSExample\Library\libOS.a(OS.o)
 .bss.ReadyList
                0x1fff469c        0x4 C:\Users\13115605\Documents\es18aut35\OSExample\Library\libOS.a(OS.o)
 .bss.ECBTable  0x1fff46a0      0x100 C:\Users\13115605\Documents\es18aut35\OSExample\Library\libOS.a(OS.o)
 .bss.NextECBFree
                0x1fff47a0        0x1 C:\Users\13115605\Documents\es18aut35\OSExample\Library\libOS.a(OS.o)
 *fill*         0x1fff47a1        0x3 
 .bss.IdleCounter
                0x1fff47a4        0x4 C:\Users\13115605\Documents\es18aut35\OSExample\Library\libOS.a(OS.o)
 .bss.IdleStack
                0x1fff47a8      0x400 C:\Users\13115605\Documents\es18aut35\OSExample\Library\libOS.a(OS.o)
 .bss.Ticks     0x1fff4ba8        0x4 C:\Users\13115605\Documents\es18aut35\OSExample\Library\libOS.a(OS.o)
 .bss.ToggleCntr
                0x1fff4bac        0x4 C:\Users\13115605\Documents\es18aut35\OSExample\Library\libOS.a(OS.o)
 .bss.ToggleLED
                0x1fff4bb0        0x1 C:\Users\13115605\Documents\es18aut35\OSExample\Library\libOS.a(OS.o)
 .bss.ISRNestLevel
                0x1fff4bb1        0x1 C:\Users\13115605\Documents\es18aut35\OSExample\Library\libOS.a(OS.o)
 *(COMMON)
 *fill*         0x1fff4bb2        0x2 
 COMMON         0x1fff4bb4       0x12 ./Sources/SCP.o
                0x1fff4bb4                SCP_TowerMd
                0x1fff4bb8                NvTowerMd
                0x1fff4bbc                NvTowerNb
                0x1fff4bc0                SCP_ProtocolMode
                0x1fff4bc4                SCP_TowerNb
 *fill*         0x1fff4bc6        0x2 
 COMMON         0x1fff4bc8        0xc ./Sources/UART.o
                0x1fff4bc8                TxAccess
                0x1fff4bcc                RxAccess
                0x1fff4bd0                PacketReady
 COMMON         0x1fff4bd4       0x10 ./Sources/main.o
                0x1fff4bd4                Timer1Sec
 COMMON         0x1fff4be4        0xc ./Sources/packet.o
                0x1fff4be4                Packet
                0x1fff4bec                PacketAccess
 COMMON         0x1fff4bf0        0x1 ./Generated_Code/Cpu.o
                0x1fff4bf0                SR_reg
                0x1fff4bf4                . = ALIGN (0x4)
 *fill*         0x1fff4bf1        0x3 
                0x1fff4bf4                __END_BSS = .
                0x1fff4bf4                PROVIDE (__bss_end__, __END_BSS)
                0x00002be4                _romp_at = ((___ROM_AT + SIZEOF (.data)) + SIZEOF (.m_data_20000000))

.romp           0x1fff4bf4       0x24 load address 0x00002be4
                0x00002be4                __S_romp = _romp_at
                0x1fff4bf4        0x4 LONG 0x2b84 ___ROM_AT
                0x1fff4bf8        0x4 LONG 0x1fff0000 _sdata
                0x1fff4bfc        0x4 LONG 0x60 ___data_size
                0x1fff4c00        0x4 LONG 0x2be4 ___m_data_20000000_ROMStart
                0x1fff4c04        0x4 LONG 0x20000000 ___m_data_20000000_RAMStart
                0x1fff4c08        0x4 LONG 0x0 ___m_data_20000000_ROMSize
                0x1fff4c0c        0x4 LONG 0x0
                0x1fff4c10        0x4 LONG 0x0
                0x1fff4c14        0x4 LONG 0x0

._user_heap_stack
                0x1fff4c18      0x400 load address 0x00002c08
                0x1fff4c18                . = ALIGN (0x4)
                0x1fff4c18                PROVIDE (end, .)
                0x1fff4c18                PROVIDE (_end, .)
                0x1fff4c18                __heap_addr = .
                0x1fff4c18                __HeapBase = .
                0x1fff4c18                . = (. + __heap_size)
                0x1fff4c18                __HeapLimit = .
                0x1fff5018                . = (. + __stack_size)
 *fill*         0x1fff4c18      0x400 
                0x1fff5018                . = ALIGN (0x4)

.ARM.attributes
                0x00000000       0x30
 *(.ARM.attributes)
 .ARM.attributes
                0x00000000       0x22 c:/freescale/kds_3.0.0/toolchain/bin/../lib/gcc/arm-none-eabi/4.8.4/armv7e-m/fpu/crti.o
 .ARM.attributes
                0x00000022       0x34 c:/freescale/kds_3.0.0/toolchain/bin/../lib/gcc/arm-none-eabi/4.8.4/armv7e-m/fpu/crtbegin.o
 .ARM.attributes
                0x00000056       0x20 c:/freescale/kds_3.0.0/toolchain/bin/../lib/gcc/arm-none-eabi/4.8.4/../../../../arm-none-eabi/lib/armv7e-m/fpu/crt0.o
 .ARM.attributes
                0x00000076       0x39 ./Sources/FIFO.o
 .ARM.attributes
                0x000000af       0x39 ./Sources/FTM.o
 .ARM.attributes
                0x000000e8       0x39 ./Sources/LEDs.o
 .ARM.attributes
                0x00000121       0x39 ./Sources/PIT.o
 .ARM.attributes
                0x0000015a       0x39 ./Sources/RTC.o
 .ARM.attributes
                0x00000193       0x39 ./Sources/SCP.o
 .ARM.attributes
                0x000001cc       0x39 ./Sources/UART.o
 .ARM.attributes
                0x00000205       0x39 ./Sources/main.o
 .ARM.attributes
                0x0000023e       0x39 ./Sources/packet.o
 .ARM.attributes
                0x00000277       0x39 ./Project_Settings/Startup_Code/startup.o
 .ARM.attributes
                0x000002b0       0x39 ./Generated_Code/Cpu.o
 .ARM.attributes
                0x000002e9       0x39 ./Generated_Code/Vectors.o
 .ARM.attributes
                0x00000322       0x39 C:\Users\13115605\Documents\es18aut35\OSExample\Library\libOS.a(OS.o)
 .ARM.attributes
                0x0000035b       0x22 c:/freescale/kds_3.0.0/toolchain/bin/../lib/gcc/arm-none-eabi/4.8.4/armv7e-m/fpu\libgcc.a(_arm_addsubdf3.o)
 .ARM.attributes
                0x0000037d       0x22 c:/freescale/kds_3.0.0/toolchain/bin/../lib/gcc/arm-none-eabi/4.8.4/armv7e-m/fpu\libgcc.a(_arm_muldivdf3.o)
 .ARM.attributes
                0x0000039f       0x22 c:/freescale/kds_3.0.0/toolchain/bin/../lib/gcc/arm-none-eabi/4.8.4/armv7e-m/fpu\libgcc.a(_arm_fixunsdfsi.o)
 .ARM.attributes
                0x000003c1       0x34 c:/freescale/kds_3.0.0/toolchain/bin/../lib/gcc/arm-none-eabi/4.8.4/../../../../arm-none-eabi/lib/armv7e-m/fpu\libg_s.a(lib_a-exit.o)
 .ARM.attributes
                0x000003f5       0x34 c:/freescale/kds_3.0.0/toolchain/bin/../lib/gcc/arm-none-eabi/4.8.4/../../../../arm-none-eabi/lib/armv7e-m/fpu\libg_s.a(lib_a-impure.o)
 .ARM.attributes
                0x00000429       0x34 c:/freescale/kds_3.0.0/toolchain/bin/../lib/gcc/arm-none-eabi/4.8.4/../../../../arm-none-eabi/lib/armv7e-m/fpu\libg_s.a(lib_a-init.o)
 .ARM.attributes
                0x0000045d       0x34 c:/freescale/kds_3.0.0/toolchain/bin/../lib/gcc/arm-none-eabi/4.8.4/../../../../arm-none-eabi/lib/armv7e-m/fpu\libg_s.a(lib_a-memset.o)
 .ARM.attributes
                0x00000491       0x34 c:/freescale/kds_3.0.0/toolchain/bin/../lib/gcc/arm-none-eabi/4.8.4/../../../../arm-none-eabi/lib/armv7e-m/fpu\libnosys.a(_exit.o)
 .ARM.attributes
                0x000004c5       0x22 c:/freescale/kds_3.0.0/toolchain/bin/../lib/gcc/arm-none-eabi/4.8.4/armv7e-m/fpu/crtn.o
OUTPUT(OSExample.elf elf32-littlearm)

.debug_info     0x00000000     0x524c
 .debug_info    0x00000000      0x217 ./Sources/FIFO.o
 .debug_info    0x00000217      0x7ae ./Sources/FTM.o
 .debug_info    0x000009c5      0x497 ./Sources/LEDs.o
 .debug_info    0x00000e5c      0x592 ./Sources/PIT.o
 .debug_info    0x000013ee      0x680 ./Sources/RTC.o
 .debug_info    0x00001a6e      0x49b ./Sources/SCP.o
 .debug_info    0x00001f09      0x9fa ./Sources/UART.o
 .debug_info    0x00002903      0x87c ./Sources/main.o
 .debug_info    0x0000317f      0x383 ./Sources/packet.o
 .debug_info    0x00003502      0x3b0 ./Project_Settings/Startup_Code/startup.o
 .debug_info    0x000038b2      0xb89 ./Generated_Code/Cpu.o
 .debug_info    0x0000443b      0x10f ./Generated_Code/Vectors.o
 .debug_info    0x0000454a      0xd02 C:\Users\13115605\Documents\es18aut35\OSExample\Library\libOS.a(OS.o)

.debug_abbrev   0x00000000     0x13cd
 .debug_abbrev  0x00000000       0xce ./Sources/FIFO.o
 .debug_abbrev  0x000000ce      0x1d8 ./Sources/FTM.o
 .debug_abbrev  0x000002a6      0x144 ./Sources/LEDs.o
 .debug_abbrev  0x000003ea      0x16e ./Sources/PIT.o
 .debug_abbrev  0x00000558      0x15f ./Sources/RTC.o
 .debug_abbrev  0x000006b7      0x173 ./Sources/SCP.o
 .debug_abbrev  0x0000082a      0x1f9 ./Sources/UART.o
 .debug_abbrev  0x00000a23      0x1f8 ./Sources/main.o
 .debug_abbrev  0x00000c1b      0x108 ./Sources/packet.o
 .debug_abbrev  0x00000d23      0x189 ./Project_Settings/Startup_Code/startup.o
 .debug_abbrev  0x00000eac      0x185 ./Generated_Code/Cpu.o
 .debug_abbrev  0x00001031       0xa4 ./Generated_Code/Vectors.o
 .debug_abbrev  0x000010d5      0x2f8 C:\Users\13115605\Documents\es18aut35\OSExample\Library\libOS.a(OS.o)

.debug_aranges  0x00000000      0x408
 .debug_aranges
                0x00000000       0x30 ./Sources/FIFO.o
 .debug_aranges
                0x00000030       0x38 ./Sources/FTM.o
 .debug_aranges
                0x00000068       0x38 ./Sources/LEDs.o
 .debug_aranges
                0x000000a0       0x38 ./Sources/PIT.o
 .debug_aranges
                0x000000d8       0x38 ./Sources/RTC.o
 .debug_aranges
                0x00000110       0xc0 ./Sources/SCP.o
 .debug_aranges
                0x000001d0       0x50 ./Sources/UART.o
 .debug_aranges
                0x00000220       0x40 ./Sources/main.o
 .debug_aranges
                0x00000260       0x40 ./Sources/packet.o
 .debug_aranges
                0x000002a0       0x50 ./Project_Settings/Startup_Code/startup.o
 .debug_aranges
                0x000002f0       0x38 ./Generated_Code/Cpu.o
 .debug_aranges
                0x00000328       0x18 ./Generated_Code/Vectors.o
 .debug_aranges
                0x00000340       0xc8 C:\Users\13115605\Documents\es18aut35\OSExample\Library\libOS.a(OS.o)

.debug_ranges   0x00000000      0x330
 .debug_ranges  0x00000000       0x20 ./Sources/FIFO.o
 .debug_ranges  0x00000020       0x28 ./Sources/FTM.o
 .debug_ranges  0x00000048       0x28 ./Sources/LEDs.o
 .debug_ranges  0x00000070       0x28 ./Sources/PIT.o
 .debug_ranges  0x00000098       0x28 ./Sources/RTC.o
 .debug_ranges  0x000000c0       0xb0 ./Sources/SCP.o
 .debug_ranges  0x00000170       0x40 ./Sources/UART.o
 .debug_ranges  0x000001b0       0x30 ./Sources/main.o
 .debug_ranges  0x000001e0       0x30 ./Sources/packet.o
 .debug_ranges  0x00000210       0x40 ./Project_Settings/Startup_Code/startup.o
 .debug_ranges  0x00000250       0x28 ./Generated_Code/Cpu.o
 .debug_ranges  0x00000278       0xb8 C:\Users\13115605\Documents\es18aut35\OSExample\Library\libOS.a(OS.o)

.debug_macro    0x00000000    0x33b2e
 .debug_macro   0x00000000       0x99 ./Sources/FIFO.o
 .debug_macro   0x00000099      0x850 ./Sources/FIFO.o
 .debug_macro   0x000008e9       0x16 ./Sources/FIFO.o
 .debug_macro   0x000008ff       0x44 ./Sources/FIFO.o
 .debug_macro   0x00000943      0x209 ./Sources/FIFO.o
 .debug_macro   0x00000b4c       0x22 ./Sources/FIFO.o
 .debug_macro   0x00000b6e       0x36 ./Sources/FIFO.o
 .debug_macro   0x00000ba4     0x1800 ./Sources/FIFO.o
 .debug_macro   0x000023a4    0x174c1 ./Sources/FIFO.o
 .debug_macro   0x00019865       0x94 ./Sources/FIFO.o
 .debug_macro   0x000198f9       0x8e ./Sources/FTM.o
 .debug_macro   0x00019987       0x84 ./Sources/LEDs.o
 .debug_macro   0x00019a0b       0x75 ./Sources/PIT.o
 .debug_macro   0x00019a80       0x71 ./Sources/RTC.o
 .debug_macro   0x00019af1       0x70 ./Sources/SCP.o
 .debug_macro   0x00019b61       0x40 ./Sources/SCP.o
 .debug_macro   0x00019ba1       0x3a ./Sources/SCP.o
 .debug_macro   0x00019bdb       0xab ./Sources/UART.o
 .debug_macro   0x00019c86     0x17fa ./Sources/UART.o
 .debug_macro   0x0001b480       0x10 ./Sources/UART.o
 .debug_macro   0x0001b490       0xec ./Sources/main.o
 .debug_macro   0x0001b57c       0x30 ./Sources/main.o
 .debug_macro   0x0001b5ac       0x77 ./Sources/packet.o
 .debug_macro   0x0001b623       0x34 ./Sources/packet.o
 .debug_macro   0x0001b657      0x121 ./Project_Settings/Startup_Code/startup.o
 .debug_macro   0x0001b778       0x58 ./Project_Settings/Startup_Code/startup.o
 .debug_macro   0x0001b7d0       0x35 ./Project_Settings/Startup_Code/startup.o
 .debug_macro   0x0001b805       0xa3 ./Project_Settings/Startup_Code/startup.o
 .debug_macro   0x0001b8a8      0x166 ./Project_Settings/Startup_Code/startup.o
 .debug_macro   0x0001ba0e       0x4a ./Project_Settings/Startup_Code/startup.o
 .debug_macro   0x0001ba58       0x52 ./Project_Settings/Startup_Code/startup.o
 .debug_macro   0x0001baaa       0x16 ./Project_Settings/Startup_Code/startup.o
 .debug_macro   0x0001bac0       0x43 ./Project_Settings/Startup_Code/startup.o
 .debug_macro   0x0001bb03      0x180 ./Project_Settings/Startup_Code/startup.o
 .debug_macro   0x0001bc83      0x2a6 ./Project_Settings/Startup_Code/startup.o
 .debug_macro   0x0001bf29       0x10 ./Project_Settings/Startup_Code/startup.o
 .debug_macro   0x0001bf39       0x35 ./Project_Settings/Startup_Code/startup.o
 .debug_macro   0x0001bf6e       0x16 ./Project_Settings/Startup_Code/startup.o
 .debug_macro   0x0001bf84       0x22 ./Project_Settings/Startup_Code/startup.o
 .debug_macro   0x0001bfa6       0x16 ./Project_Settings/Startup_Code/startup.o
 .debug_macro   0x0001bfbc      0x20f ./Project_Settings/Startup_Code/startup.o
 .debug_macro   0x0001c1cb    0x174af ./Project_Settings/Startup_Code/startup.o
 .debug_macro   0x0003367a       0x70 ./Generated_Code/Cpu.o
 .debug_macro   0x000336ea       0x9a ./Generated_Code/Cpu.o
 .debug_macro   0x00033784       0xc1 ./Generated_Code/Vectors.o
 .debug_macro   0x00033845       0xa3 C:\Users\13115605\Documents\es18aut35\OSExample\Library\libOS.a(OS.o)
 .debug_macro   0x000338e8      0x14e C:\Users\13115605\Documents\es18aut35\OSExample\Library\libOS.a(OS.o)
 .debug_macro   0x00033a36       0x64 C:\Users\13115605\Documents\es18aut35\OSExample\Library\libOS.a(OS.o)
 .debug_macro   0x00033a9a       0x94 C:\Users\13115605\Documents\es18aut35\OSExample\Library\libOS.a(OS.o)

.debug_line     0x00000000     0x26f1
 .debug_line    0x00000000      0x2c0 ./Sources/FIFO.o
 .debug_line    0x000002c0      0x2cd ./Sources/FTM.o
 .debug_line    0x0000058d      0x27e ./Sources/LEDs.o
 .debug_line    0x0000080b      0x27a ./Sources/PIT.o
 .debug_line    0x00000a85      0x2a0 ./Sources/RTC.o
 .debug_line    0x00000d25      0x384 ./Sources/SCP.o
 .debug_line    0x000010a9      0x347 ./Sources/UART.o
 .debug_line    0x000013f0      0x340 ./Sources/main.o
 .debug_line    0x00001730      0x257 ./Sources/packet.o
 .debug_line    0x00001987      0x3e0 ./Project_Settings/Startup_Code/startup.o
 .debug_line    0x00001d67      0x260 ./Generated_Code/Cpu.o
 .debug_line    0x00001fc7      0x294 ./Generated_Code/Vectors.o
 .debug_line    0x0000225b      0x496 C:\Users\13115605\Documents\es18aut35\OSExample\Library\libOS.a(OS.o)

.debug_str      0x00000000    0x8e056
 .debug_str     0x00000000    0x8a0f4 ./Sources/FIFO.o
                              0x8a272 (size before relaxing)
 .debug_str     0x0008a0f4      0x3dd ./Sources/FTM.o
                              0x8a4b8 (size before relaxing)
 .debug_str     0x0008a4d1       0xe1 ./Sources/LEDs.o
                              0x8a27b (size before relaxing)
 .debug_str     0x0008a5b2       0xa7 ./Sources/PIT.o
                              0x89fe1 (size before relaxing)
 .debug_str     0x0008a659       0xb4 ./Sources/RTC.o
                              0x8a002 (size before relaxing)
 .debug_str     0x0008a70d      0x47d ./Sources/SCP.o
                               0xa4f4 (size before relaxing)
 .debug_str     0x0008ab8a      0x155 ./Sources/UART.o
                              0x8a6fa (size before relaxing)
 .debug_str     0x0008acdf      0x198 ./Sources/main.o
                              0x8a9e4 (size before relaxing)
 .debug_str     0x0008ae77       0x75 ./Sources/packet.o
                               0x33b3 (size before relaxing)
 .debug_str     0x0008aeec     0x2668 ./Project_Settings/Startup_Code/startup.o
                              0x853f6 (size before relaxing)
 .debug_str     0x0008d554      0x1e3 ./Generated_Code/Cpu.o
                              0x8a468 (size before relaxing)
 .debug_str     0x0008d737       0x1c ./Generated_Code/Vectors.o
                              0x8a20f (size before relaxing)
 .debug_str     0x0008d753      0x903 C:\Users\13115605\Documents\es18aut35\OSExample\Library\libOS.a(OS.o)
                              0x8ad2a (size before relaxing)

.comment        0x00000000       0x70
 .comment       0x00000000       0x70 ./Sources/FIFO.o
                                 0x71 (size before relaxing)
 .comment       0x00000000       0x71 ./Sources/FTM.o
 .comment       0x00000000       0x71 ./Sources/LEDs.o
 .comment       0x00000000       0x71 ./Sources/PIT.o
 .comment       0x00000000       0x71 ./Sources/RTC.o
 .comment       0x00000000       0x71 ./Sources/SCP.o
 .comment       0x00000000       0x71 ./Sources/UART.o
 .comment       0x00000000       0x71 ./Sources/main.o
 .comment       0x00000000       0x71 ./Sources/packet.o
 .comment       0x00000000       0x71 ./Project_Settings/Startup_Code/startup.o
 .comment       0x00000000       0x71 ./Generated_Code/Cpu.o
 .comment       0x00000000       0x71 ./Generated_Code/Vectors.o
 .comment       0x00000000       0x71 C:\Users\13115605\Documents\es18aut35\OSExample\Library\libOS.a(OS.o)

.debug_frame    0x00000000      0xba0
 .debug_frame   0x00000000       0x70 ./Sources/FIFO.o
 .debug_frame   0x00000070       0x88 ./Sources/FTM.o
 .debug_frame   0x000000f8       0x7c ./Sources/LEDs.o
 .debug_frame   0x00000174       0x90 ./Sources/PIT.o
 .debug_frame   0x00000204       0x88 ./Sources/RTC.o
 .debug_frame   0x0000028c      0x258 ./Sources/SCP.o
 .debug_frame   0x000004e4       0xf4 ./Sources/UART.o
 .debug_frame   0x000005d8       0xac ./Sources/main.o
 .debug_frame   0x00000684       0xa8 ./Sources/packet.o
 .debug_frame   0x0000072c       0xc0 ./Project_Settings/Startup_Code/startup.o
 .debug_frame   0x000007ec       0x80 ./Generated_Code/Cpu.o
 .debug_frame   0x0000086c      0x2a0 C:\Users\13115605\Documents\es18aut35\OSExample\Library\libOS.a(OS.o)
 .debug_frame   0x00000b0c       0x28 c:/freescale/kds_3.0.0/toolchain/bin/../lib/gcc/arm-none-eabi/4.8.4/../../../../arm-none-eabi/lib/armv7e-m/fpu\libg_s.a(lib_a-exit.o)
 .debug_frame   0x00000b34       0x2c c:/freescale/kds_3.0.0/toolchain/bin/../lib/gcc/arm-none-eabi/4.8.4/../../../../arm-none-eabi/lib/armv7e-m/fpu\libg_s.a(lib_a-init.o)
 .debug_frame   0x00000b60       0x20 c:/freescale/kds_3.0.0/toolchain/bin/../lib/gcc/arm-none-eabi/4.8.4/../../../../arm-none-eabi/lib/armv7e-m/fpu\libg_s.a(lib_a-memset.o)
 .debug_frame   0x00000b80       0x20 c:/freescale/kds_3.0.0/toolchain/bin/../lib/gcc/arm-none-eabi/4.8.4/../../../../arm-none-eabi/lib/armv7e-m/fpu\libnosys.a(_exit.o)
