Archive member included because of file (symbol)

C:\Users\13115605\Documents\workspace\es18aut35\OSExample\Library\libOS.a(OS.o)
                              ./Sources/main.o (OS_Init)
c:/freescale/kds_3.0.0/toolchain/bin/../lib/gcc/arm-none-eabi/4.8.4/../../../../arm-none-eabi/lib/armv7e-m/fpu\libg_s.a(lib_a-exit.o)
                              c:/freescale/kds_3.0.0/toolchain/bin/../lib/gcc/arm-none-eabi/4.8.4/../../../../arm-none-eabi/lib/armv7e-m/fpu/crt0.o (exit)
c:/freescale/kds_3.0.0/toolchain/bin/../lib/gcc/arm-none-eabi/4.8.4/../../../../arm-none-eabi/lib/armv7e-m/fpu\libg_s.a(lib_a-impure.o)
                              c:/freescale/kds_3.0.0/toolchain/bin/../lib/gcc/arm-none-eabi/4.8.4/../../../../arm-none-eabi/lib/armv7e-m/fpu\libg_s.a(lib_a-exit.o) (_global_impure_ptr)
c:/freescale/kds_3.0.0/toolchain/bin/../lib/gcc/arm-none-eabi/4.8.4/../../../../arm-none-eabi/lib/armv7e-m/fpu\libg_s.a(lib_a-init.o)
                              c:/freescale/kds_3.0.0/toolchain/bin/../lib/gcc/arm-none-eabi/4.8.4/../../../../arm-none-eabi/lib/armv7e-m/fpu/crt0.o (__libc_init_array)
c:/freescale/kds_3.0.0/toolchain/bin/../lib/gcc/arm-none-eabi/4.8.4/../../../../arm-none-eabi/lib/armv7e-m/fpu\libg_s.a(lib_a-memset.o)
                              c:/freescale/kds_3.0.0/toolchain/bin/../lib/gcc/arm-none-eabi/4.8.4/../../../../arm-none-eabi/lib/armv7e-m/fpu/crt0.o (memset)
c:/freescale/kds_3.0.0/toolchain/bin/../lib/gcc/arm-none-eabi/4.8.4/../../../../arm-none-eabi/lib/armv7e-m/fpu\libnosys.a(_exit.o)
                              c:/freescale/kds_3.0.0/toolchain/bin/../lib/gcc/arm-none-eabi/4.8.4/../../../../arm-none-eabi/lib/armv7e-m/fpu\libg_s.a(lib_a-exit.o) (_exit)

Allocating common symbols
Common symbol       size              file

SCP_TowerMd         0x2               ./Sources/SCP.o
NvTowerMd           0x4               ./Sources/SCP.o
NvTowerNb           0x4               ./Sources/SCP.o
SCP_ProtocolMode    0x1               ./Sources/SCP.o
Packet              0x5               ./Sources/packet.o
SCP_TowerNb         0x2               ./Sources/SCP.o
TxAccess            0x4               ./Sources/UART.o
RxAccess            0x4               ./Sources/UART.o
SR_reg              0x1               ./Generated_Code/Cpu.o
PacketReady         0x4               ./Sources/UART.o

Discarded input sections

 .text          0x00000000        0x0 c:/freescale/kds_3.0.0/toolchain/bin/../lib/gcc/arm-none-eabi/4.8.4/armv7e-m/fpu/crti.o
 .data          0x00000000        0x0 c:/freescale/kds_3.0.0/toolchain/bin/../lib/gcc/arm-none-eabi/4.8.4/armv7e-m/fpu/crti.o
 .bss           0x00000000        0x0 c:/freescale/kds_3.0.0/toolchain/bin/../lib/gcc/arm-none-eabi/4.8.4/armv7e-m/fpu/crti.o
 .data          0x00000000        0x4 c:/freescale/kds_3.0.0/toolchain/bin/../lib/gcc/arm-none-eabi/4.8.4/armv7e-m/fpu/crtbegin.o
 .data          0x00000000        0x0 c:/freescale/kds_3.0.0/toolchain/bin/../lib/gcc/arm-none-eabi/4.8.4/../../../../arm-none-eabi/lib/armv7e-m/fpu/crt0.o
 .bss           0x00000000        0x0 c:/freescale/kds_3.0.0/toolchain/bin/../lib/gcc/arm-none-eabi/4.8.4/../../../../arm-none-eabi/lib/armv7e-m/fpu/crt0.o
 .ARM.extab     0x00000000        0x0 c:/freescale/kds_3.0.0/toolchain/bin/../lib/gcc/arm-none-eabi/4.8.4/../../../../arm-none-eabi/lib/armv7e-m/fpu/crt0.o
 .group         0x00000000        0x8 ./Sources/FIFO.o
 .group         0x00000000        0x8 ./Sources/FIFO.o
 .group         0x00000000        0x8 ./Sources/FIFO.o
 .group         0x00000000        0x8 ./Sources/FIFO.o
 .group         0x00000000        0x8 ./Sources/FIFO.o
 .group         0x00000000        0x8 ./Sources/FIFO.o
 .text          0x00000000        0x0 ./Sources/FIFO.o
 .data          0x00000000        0x0 ./Sources/FIFO.o
 .bss           0x00000000        0x0 ./Sources/FIFO.o
 .group         0x00000000        0x8 ./Sources/LEDs.o
 .group         0x00000000        0x8 ./Sources/LEDs.o
 .group         0x00000000        0x8 ./Sources/LEDs.o
 .group         0x00000000        0x8 ./Sources/LEDs.o
 .group         0x00000000        0x8 ./Sources/LEDs.o
 .group         0x00000000        0x8 ./Sources/LEDs.o
 .group         0x00000000        0x8 ./Sources/LEDs.o
 .group         0x00000000        0x8 ./Sources/LEDs.o
 .text          0x00000000        0x0 ./Sources/LEDs.o
 .data          0x00000000        0x0 ./Sources/LEDs.o
 .bss           0x00000000        0x0 ./Sources/LEDs.o
 .text.LEDs_Off
                0x00000000       0x1c ./Sources/LEDs.o
 .text.LEDs_Toggle
                0x00000000       0x1c ./Sources/LEDs.o
 .debug_macro   0x00000000      0x850 ./Sources/LEDs.o
 .debug_macro   0x00000000       0x16 ./Sources/LEDs.o
 .debug_macro   0x00000000       0x44 ./Sources/LEDs.o
 .debug_macro   0x00000000      0x209 ./Sources/LEDs.o
 .debug_macro   0x00000000       0x22 ./Sources/LEDs.o
 .group         0x00000000        0x8 ./Sources/SCP.o
 .group         0x00000000        0x8 ./Sources/SCP.o
 .group         0x00000000        0x8 ./Sources/SCP.o
 .group         0x00000000        0x8 ./Sources/SCP.o
 .group         0x00000000        0x8 ./Sources/SCP.o
 .group         0x00000000        0x8 ./Sources/SCP.o
 .group         0x00000000        0x8 ./Sources/SCP.o
 .group         0x00000000        0x8 ./Sources/SCP.o
 .text          0x00000000        0x0 ./Sources/SCP.o
 .data          0x00000000        0x0 ./Sources/SCP.o
 .bss           0x00000000        0x0 ./Sources/SCP.o
 .debug_macro   0x00000000      0x850 ./Sources/SCP.o
 .debug_macro   0x00000000       0x16 ./Sources/SCP.o
 .debug_macro   0x00000000       0x44 ./Sources/SCP.o
 .debug_macro   0x00000000      0x209 ./Sources/SCP.o
 .debug_macro   0x00000000       0x22 ./Sources/SCP.o
 .debug_macro   0x00000000     0x1800 ./Sources/SCP.o
 .group         0x00000000        0x8 ./Sources/UART.o
 .group         0x00000000        0x8 ./Sources/UART.o
 .group         0x00000000        0x8 ./Sources/UART.o
 .group         0x00000000        0x8 ./Sources/UART.o
 .group         0x00000000        0x8 ./Sources/UART.o
 .group         0x00000000        0x8 ./Sources/UART.o
 .group         0x00000000        0x8 ./Sources/UART.o
 .group         0x00000000        0x8 ./Sources/UART.o
 .group         0x00000000        0x8 ./Sources/UART.o
 .group         0x00000000        0x8 ./Sources/UART.o
 .group         0x00000000        0x8 ./Sources/UART.o
 .text          0x00000000        0x0 ./Sources/UART.o
 .data          0x00000000        0x0 ./Sources/UART.o
 .bss           0x00000000        0x0 ./Sources/UART.o
 .text.UART_Poll
                0x00000000       0x4c ./Sources/UART.o
 .text.UART_ISR
                0x00000000       0x78 ./Sources/UART.o
 .debug_macro   0x00000000      0x850 ./Sources/UART.o
 .debug_macro   0x00000000       0x16 ./Sources/UART.o
 .debug_macro   0x00000000       0x44 ./Sources/UART.o
 .debug_macro   0x00000000      0x209 ./Sources/UART.o
 .debug_macro   0x00000000    0x174c1 ./Sources/UART.o
 .debug_macro   0x00000000       0x94 ./Sources/UART.o
 .debug_macro   0x00000000       0x22 ./Sources/UART.o
 .debug_macro   0x00000000       0x36 ./Sources/UART.o
 .debug_macro   0x00000000       0x3a ./Sources/UART.o
 .group         0x00000000        0x8 ./Sources/main.o
 .group         0x00000000        0x8 ./Sources/main.o
 .group         0x00000000        0x8 ./Sources/main.o
 .group         0x00000000        0x8 ./Sources/main.o
 .group         0x00000000        0x8 ./Sources/main.o
 .group         0x00000000        0x8 ./Sources/main.o
 .group         0x00000000        0x8 ./Sources/main.o
 .group         0x00000000        0x8 ./Sources/main.o
 .group         0x00000000        0x8 ./Sources/main.o
 .group         0x00000000        0x8 ./Sources/main.o
 .group         0x00000000        0x8 ./Sources/main.o
 .group         0x00000000        0x8 ./Sources/main.o
 .text          0x00000000        0x0 ./Sources/main.o
 .data          0x00000000        0x0 ./Sources/main.o
 .bss           0x00000000        0x0 ./Sources/main.o
 .bss.MyLEDThreadStacks
                0x00000000     0x4000 ./Sources/main.o
 .rodata.LED_THREAD_PRIORITIES
                0x00000000        0x4 ./Sources/main.o
 .text.LPTMRInit
                0x00000000       0xa8 ./Sources/main.o
 .text.LEDInit  0x00000000       0x6c ./Sources/main.o
 .text.LEDThread
                0x00000000       0x4c ./Sources/main.o
 .debug_macro   0x00000000      0x850 ./Sources/main.o
 .debug_macro   0x00000000       0x16 ./Sources/main.o
 .debug_macro   0x00000000       0x44 ./Sources/main.o
 .debug_macro   0x00000000      0x209 ./Sources/main.o
 .debug_macro   0x00000000     0x17fa ./Sources/main.o
 .debug_macro   0x00000000    0x174c1 ./Sources/main.o
 .debug_macro   0x00000000       0x94 ./Sources/main.o
 .debug_macro   0x00000000       0x22 ./Sources/main.o
 .debug_macro   0x00000000       0x3a ./Sources/main.o
 .debug_macro   0x00000000       0x10 ./Sources/main.o
 .debug_macro   0x00000000       0x40 ./Sources/main.o
 .group         0x00000000        0x8 ./Sources/packet.o
 .group         0x00000000        0x8 ./Sources/packet.o
 .group         0x00000000        0x8 ./Sources/packet.o
 .group         0x00000000        0x8 ./Sources/packet.o
 .group         0x00000000        0x8 ./Sources/packet.o
 .group         0x00000000        0x8 ./Sources/packet.o
 .group         0x00000000        0x8 ./Sources/packet.o
 .text          0x00000000        0x0 ./Sources/packet.o
 .data          0x00000000        0x0 ./Sources/packet.o
 .bss           0x00000000        0x0 ./Sources/packet.o
 .text.Packet_Acknowledgement_Required
                0x00000000       0x28 ./Sources/packet.o
 .debug_macro   0x00000000      0x850 ./Sources/packet.o
 .debug_macro   0x00000000       0x16 ./Sources/packet.o
 .debug_macro   0x00000000       0x44 ./Sources/packet.o
 .debug_macro   0x00000000      0x209 ./Sources/packet.o
 .debug_macro   0x00000000       0x22 ./Sources/packet.o
 .debug_macro   0x00000000       0x36 ./Sources/packet.o
 .group         0x00000000        0x8 ./Project_Settings/Startup_Code/startup.o
 .group         0x00000000        0x8 ./Project_Settings/Startup_Code/startup.o
 .group         0x00000000        0x8 ./Project_Settings/Startup_Code/startup.o
 .group         0x00000000        0x8 ./Project_Settings/Startup_Code/startup.o
 .group         0x00000000        0x8 ./Project_Settings/Startup_Code/startup.o
 .group         0x00000000        0x8 ./Project_Settings/Startup_Code/startup.o
 .group         0x00000000        0x8 ./Project_Settings/Startup_Code/startup.o
 .group         0x00000000        0x8 ./Project_Settings/Startup_Code/startup.o
 .group         0x00000000        0x8 ./Project_Settings/Startup_Code/startup.o
 .group         0x00000000        0x8 ./Project_Settings/Startup_Code/startup.o
 .group         0x00000000        0x8 ./Project_Settings/Startup_Code/startup.o
 .group         0x00000000        0x8 ./Project_Settings/Startup_Code/startup.o
 .group         0x00000000        0x8 ./Project_Settings/Startup_Code/startup.o
 .group         0x00000000        0x8 ./Project_Settings/Startup_Code/startup.o
 .group         0x00000000        0x8 ./Project_Settings/Startup_Code/startup.o
 .group         0x00000000        0x8 ./Project_Settings/Startup_Code/startup.o
 .group         0x00000000        0x8 ./Project_Settings/Startup_Code/startup.o
 .group         0x00000000        0x8 ./Project_Settings/Startup_Code/startup.o
 .group         0x00000000        0x8 ./Project_Settings/Startup_Code/startup.o
 .text          0x00000000        0x0 ./Project_Settings/Startup_Code/startup.o
 .data          0x00000000        0x0 ./Project_Settings/Startup_Code/startup.o
 .bss           0x00000000        0x0 ./Project_Settings/Startup_Code/startup.o
 .text.__init_hardware
                0x00000000        0xc ./Project_Settings/Startup_Code/startup.o
 .text.__iar_program_start
                0x00000000        0xc ./Project_Settings/Startup_Code/startup.o
 .debug_macro   0x00000000      0x850 ./Project_Settings/Startup_Code/startup.o
 .debug_macro   0x00000000       0x16 ./Project_Settings/Startup_Code/startup.o
 .group         0x00000000        0x8 ./Generated_Code/Cpu.o
 .group         0x00000000        0x8 ./Generated_Code/Cpu.o
 .group         0x00000000        0x8 ./Generated_Code/Cpu.o
 .group         0x00000000        0x8 ./Generated_Code/Cpu.o
 .group         0x00000000        0x8 ./Generated_Code/Cpu.o
 .group         0x00000000        0x8 ./Generated_Code/Cpu.o
 .group         0x00000000        0x8 ./Generated_Code/Cpu.o
 .text          0x00000000        0x0 ./Generated_Code/Cpu.o
 .data          0x00000000        0x0 ./Generated_Code/Cpu.o
 .bss           0x00000000        0x0 ./Generated_Code/Cpu.o
 .debug_macro   0x00000000      0x850 ./Generated_Code/Cpu.o
 .debug_macro   0x00000000       0x16 ./Generated_Code/Cpu.o
 .debug_macro   0x00000000       0x44 ./Generated_Code/Cpu.o
 .debug_macro   0x00000000      0x209 ./Generated_Code/Cpu.o
 .debug_macro   0x00000000     0x17fa ./Generated_Code/Cpu.o
 .debug_macro   0x00000000    0x174c1 ./Generated_Code/Cpu.o
 .group         0x00000000        0x8 ./Generated_Code/Vectors.o
 .group         0x00000000        0x8 ./Generated_Code/Vectors.o
 .group         0x00000000        0x8 ./Generated_Code/Vectors.o
 .group         0x00000000        0x8 ./Generated_Code/Vectors.o
 .group         0x00000000        0x8 ./Generated_Code/Vectors.o
 .group         0x00000000        0x8 ./Generated_Code/Vectors.o
 .group         0x00000000        0x8 ./Generated_Code/Vectors.o
 .group         0x00000000        0x8 ./Generated_Code/Vectors.o
 .group         0x00000000        0x8 ./Generated_Code/Vectors.o
 .text          0x00000000        0x0 ./Generated_Code/Vectors.o
 .data          0x00000000        0x0 ./Generated_Code/Vectors.o
 .bss           0x00000000        0x0 ./Generated_Code/Vectors.o
 .debug_macro   0x00000000      0x850 ./Generated_Code/Vectors.o
 .debug_macro   0x00000000       0x16 ./Generated_Code/Vectors.o
 .debug_macro   0x00000000       0x44 ./Generated_Code/Vectors.o
 .debug_macro   0x00000000      0x209 ./Generated_Code/Vectors.o
 .debug_macro   0x00000000     0x17fa ./Generated_Code/Vectors.o
 .debug_macro   0x00000000    0x174c1 ./Generated_Code/Vectors.o
 .debug_macro   0x00000000       0x94 ./Generated_Code/Vectors.o
 .debug_macro   0x00000000       0x22 ./Generated_Code/Vectors.o
 .debug_macro   0x00000000       0x30 ./Generated_Code/Vectors.o
 .group         0x00000000        0x8 C:\Users\13115605\Documents\workspace\es18aut35\OSExample\Library\libOS.a(OS.o)
 .group         0x00000000        0x8 C:\Users\13115605\Documents\workspace\es18aut35\OSExample\Library\libOS.a(OS.o)
 .group         0x00000000        0x8 C:\Users\13115605\Documents\workspace\es18aut35\OSExample\Library\libOS.a(OS.o)
 .group         0x00000000        0x8 C:\Users\13115605\Documents\workspace\es18aut35\OSExample\Library\libOS.a(OS.o)
 .group         0x00000000        0x8 C:\Users\13115605\Documents\workspace\es18aut35\OSExample\Library\libOS.a(OS.o)
 .group         0x00000000        0x8 C:\Users\13115605\Documents\workspace\es18aut35\OSExample\Library\libOS.a(OS.o)
 .group         0x00000000        0x8 C:\Users\13115605\Documents\workspace\es18aut35\OSExample\Library\libOS.a(OS.o)
 .group         0x00000000        0x8 C:\Users\13115605\Documents\workspace\es18aut35\OSExample\Library\libOS.a(OS.o)
 .group         0x00000000        0x8 C:\Users\13115605\Documents\workspace\es18aut35\OSExample\Library\libOS.a(OS.o)
 .group         0x00000000        0x8 C:\Users\13115605\Documents\workspace\es18aut35\OSExample\Library\libOS.a(OS.o)
 .group         0x00000000        0x8 C:\Users\13115605\Documents\workspace\es18aut35\OSExample\Library\libOS.a(OS.o)
 .text          0x00000000        0x0 C:\Users\13115605\Documents\workspace\es18aut35\OSExample\Library\libOS.a(OS.o)
 .data          0x00000000        0x0 C:\Users\13115605\Documents\workspace\es18aut35\OSExample\Library\libOS.a(OS.o)
 .bss           0x00000000        0x0 C:\Users\13115605\Documents\workspace\es18aut35\OSExample\Library\libOS.a(OS.o)
 .rodata.OS_TICK_FREQUENCY
                0x00000000        0x4 C:\Users\13115605\Documents\workspace\es18aut35\OSExample\Library\libOS.a(OS.o)
 .text.OS_TimeDelay
                0x00000000       0x48 C:\Users\13115605\Documents\workspace\es18aut35\OSExample\Library\libOS.a(OS.o)
 .text.OS_TimeGet
                0x00000000       0x24 C:\Users\13115605\Documents\workspace\es18aut35\OSExample\Library\libOS.a(OS.o)
 .text.OS_TimeSet
                0x00000000       0x20 C:\Users\13115605\Documents\workspace\es18aut35\OSExample\Library\libOS.a(OS.o)
 .debug_macro   0x00000000      0x850 C:\Users\13115605\Documents\workspace\es18aut35\OSExample\Library\libOS.a(OS.o)
 .debug_macro   0x00000000       0x16 C:\Users\13115605\Documents\workspace\es18aut35\OSExample\Library\libOS.a(OS.o)
 .debug_macro   0x00000000       0x44 C:\Users\13115605\Documents\workspace\es18aut35\OSExample\Library\libOS.a(OS.o)
 .debug_macro   0x00000000      0x209 C:\Users\13115605\Documents\workspace\es18aut35\OSExample\Library\libOS.a(OS.o)
 .debug_macro   0x00000000     0x17fa C:\Users\13115605\Documents\workspace\es18aut35\OSExample\Library\libOS.a(OS.o)
 .debug_macro   0x00000000    0x174c1 C:\Users\13115605\Documents\workspace\es18aut35\OSExample\Library\libOS.a(OS.o)
 .debug_macro   0x00000000       0x22 C:\Users\13115605\Documents\workspace\es18aut35\OSExample\Library\libOS.a(OS.o)
 .debug_macro   0x00000000       0x30 C:\Users\13115605\Documents\workspace\es18aut35\OSExample\Library\libOS.a(OS.o)
 .text          0x00000000        0x0 c:/freescale/kds_3.0.0/toolchain/bin/../lib/gcc/arm-none-eabi/4.8.4/../../../../arm-none-eabi/lib/armv7e-m/fpu\libg_s.a(lib_a-exit.o)
 .data          0x00000000        0x0 c:/freescale/kds_3.0.0/toolchain/bin/../lib/gcc/arm-none-eabi/4.8.4/../../../../arm-none-eabi/lib/armv7e-m/fpu\libg_s.a(lib_a-exit.o)
 .bss           0x00000000        0x0 c:/freescale/kds_3.0.0/toolchain/bin/../lib/gcc/arm-none-eabi/4.8.4/../../../../arm-none-eabi/lib/armv7e-m/fpu\libg_s.a(lib_a-exit.o)
 .text          0x00000000        0x0 c:/freescale/kds_3.0.0/toolchain/bin/../lib/gcc/arm-none-eabi/4.8.4/../../../../arm-none-eabi/lib/armv7e-m/fpu\libg_s.a(lib_a-impure.o)
 .data          0x00000000        0x0 c:/freescale/kds_3.0.0/toolchain/bin/../lib/gcc/arm-none-eabi/4.8.4/../../../../arm-none-eabi/lib/armv7e-m/fpu\libg_s.a(lib_a-impure.o)
 .bss           0x00000000        0x0 c:/freescale/kds_3.0.0/toolchain/bin/../lib/gcc/arm-none-eabi/4.8.4/../../../../arm-none-eabi/lib/armv7e-m/fpu\libg_s.a(lib_a-impure.o)
 .data._impure_ptr
                0x00000000        0x4 c:/freescale/kds_3.0.0/toolchain/bin/../lib/gcc/arm-none-eabi/4.8.4/../../../../arm-none-eabi/lib/armv7e-m/fpu\libg_s.a(lib_a-impure.o)
 .text          0x00000000        0x0 c:/freescale/kds_3.0.0/toolchain/bin/../lib/gcc/arm-none-eabi/4.8.4/../../../../arm-none-eabi/lib/armv7e-m/fpu\libg_s.a(lib_a-init.o)
 .data          0x00000000        0x0 c:/freescale/kds_3.0.0/toolchain/bin/../lib/gcc/arm-none-eabi/4.8.4/../../../../arm-none-eabi/lib/armv7e-m/fpu\libg_s.a(lib_a-init.o)
 .bss           0x00000000        0x0 c:/freescale/kds_3.0.0/toolchain/bin/../lib/gcc/arm-none-eabi/4.8.4/../../../../arm-none-eabi/lib/armv7e-m/fpu\libg_s.a(lib_a-init.o)
 .text          0x00000000        0x0 c:/freescale/kds_3.0.0/toolchain/bin/../lib/gcc/arm-none-eabi/4.8.4/../../../../arm-none-eabi/lib/armv7e-m/fpu\libg_s.a(lib_a-memset.o)
 .data          0x00000000        0x0 c:/freescale/kds_3.0.0/toolchain/bin/../lib/gcc/arm-none-eabi/4.8.4/../../../../arm-none-eabi/lib/armv7e-m/fpu\libg_s.a(lib_a-memset.o)
 .bss           0x00000000        0x0 c:/freescale/kds_3.0.0/toolchain/bin/../lib/gcc/arm-none-eabi/4.8.4/../../../../arm-none-eabi/lib/armv7e-m/fpu\libg_s.a(lib_a-memset.o)
 .text          0x00000000        0x0 c:/freescale/kds_3.0.0/toolchain/bin/../lib/gcc/arm-none-eabi/4.8.4/../../../../arm-none-eabi/lib/armv7e-m/fpu\libnosys.a(_exit.o)
 .data          0x00000000        0x0 c:/freescale/kds_3.0.0/toolchain/bin/../lib/gcc/arm-none-eabi/4.8.4/../../../../arm-none-eabi/lib/armv7e-m/fpu\libnosys.a(_exit.o)
 .bss           0x00000000        0x0 c:/freescale/kds_3.0.0/toolchain/bin/../lib/gcc/arm-none-eabi/4.8.4/../../../../arm-none-eabi/lib/armv7e-m/fpu\libnosys.a(_exit.o)
 .text          0x00000000        0x0 c:/freescale/kds_3.0.0/toolchain/bin/../lib/gcc/arm-none-eabi/4.8.4/armv7e-m/fpu/crtend.o
 .data          0x00000000        0x0 c:/freescale/kds_3.0.0/toolchain/bin/../lib/gcc/arm-none-eabi/4.8.4/armv7e-m/fpu/crtend.o
 .bss           0x00000000        0x0 c:/freescale/kds_3.0.0/toolchain/bin/../lib/gcc/arm-none-eabi/4.8.4/armv7e-m/fpu/crtend.o
 .eh_frame      0x00000000        0x4 c:/freescale/kds_3.0.0/toolchain/bin/../lib/gcc/arm-none-eabi/4.8.4/armv7e-m/fpu/crtend.o
 .jcr           0x00000000        0x4 c:/freescale/kds_3.0.0/toolchain/bin/../lib/gcc/arm-none-eabi/4.8.4/armv7e-m/fpu/crtend.o
 .ARM.attributes
                0x00000000       0x34 c:/freescale/kds_3.0.0/toolchain/bin/../lib/gcc/arm-none-eabi/4.8.4/armv7e-m/fpu/crtend.o
 .text          0x00000000        0x0 c:/freescale/kds_3.0.0/toolchain/bin/../lib/gcc/arm-none-eabi/4.8.4/armv7e-m/fpu/crtn.o
 .data          0x00000000        0x0 c:/freescale/kds_3.0.0/toolchain/bin/../lib/gcc/arm-none-eabi/4.8.4/armv7e-m/fpu/crtn.o
 .bss           0x00000000        0x0 c:/freescale/kds_3.0.0/toolchain/bin/../lib/gcc/arm-none-eabi/4.8.4/armv7e-m/fpu/crtn.o

Memory Configuration

Name             Origin             Length             Attributes
m_interrupts     0x00000000         0x000001e8         xr
m_text           0x00000410         0x0007fbf0         xr
m_data           0x1fff0000         0x00010000         rw
m_data_20000000  0x20000000         0x00010000         rw
m_cfmprotrom     0x00000400         0x00000010         xr
*default*        0x00000000         0xffffffff

Linker script and memory map

LOAD c:/freescale/kds_3.0.0/toolchain/bin/../lib/gcc/arm-none-eabi/4.8.4/armv7e-m/fpu/crti.o
LOAD c:/freescale/kds_3.0.0/toolchain/bin/../lib/gcc/arm-none-eabi/4.8.4/armv7e-m/fpu/crtbegin.o
LOAD c:/freescale/kds_3.0.0/toolchain/bin/../lib/gcc/arm-none-eabi/4.8.4/../../../../arm-none-eabi/lib/armv7e-m/fpu/crt0.o
LOAD ./Sources/FIFO.o
LOAD ./Sources/LEDs.o
LOAD ./Sources/SCP.o
LOAD ./Sources/UART.o
LOAD ./Sources/main.o
LOAD ./Sources/packet.o
LOAD ./Project_Settings/Startup_Code/startup.o
LOAD ./Generated_Code/Cpu.o
LOAD ./Generated_Code/Vectors.o
LOAD C:\Users\13115605\Documents\workspace\es18aut35\OSExample\Library\libOS.a
LOAD c:/freescale/kds_3.0.0/toolchain/bin/../lib/gcc/arm-none-eabi/4.8.4/../../../../arm-none-eabi/lib/armv7e-m/fpu\libstdc++_s.a
LOAD c:/freescale/kds_3.0.0/toolchain/bin/../lib/gcc/arm-none-eabi/4.8.4/../../../../arm-none-eabi/lib/armv7e-m/fpu\libm.a
START GROUP
LOAD c:/freescale/kds_3.0.0/toolchain/bin/../lib/gcc/arm-none-eabi/4.8.4/armv7e-m/fpu\libgcc.a
LOAD c:/freescale/kds_3.0.0/toolchain/bin/../lib/gcc/arm-none-eabi/4.8.4/../../../../arm-none-eabi/lib/armv7e-m/fpu\libg_s.a
LOAD c:/freescale/kds_3.0.0/toolchain/bin/../lib/gcc/arm-none-eabi/4.8.4/../../../../arm-none-eabi/lib/armv7e-m/fpu\libc_s.a
END GROUP
START GROUP
LOAD c:/freescale/kds_3.0.0/toolchain/bin/../lib/gcc/arm-none-eabi/4.8.4/armv7e-m/fpu\libgcc.a
LOAD c:/freescale/kds_3.0.0/toolchain/bin/../lib/gcc/arm-none-eabi/4.8.4/../../../../arm-none-eabi/lib/armv7e-m/fpu\libc_s.a
LOAD c:/freescale/kds_3.0.0/toolchain/bin/../lib/gcc/arm-none-eabi/4.8.4/../../../../arm-none-eabi/lib/armv7e-m/fpu\libnosys.a
END GROUP
START GROUP
LOAD c:/freescale/kds_3.0.0/toolchain/bin/../lib/gcc/arm-none-eabi/4.8.4/armv7e-m/fpu\libgcc.a
LOAD c:/freescale/kds_3.0.0/toolchain/bin/../lib/gcc/arm-none-eabi/4.8.4/../../../../arm-none-eabi/lib/armv7e-m/fpu\libc_s.a
LOAD c:/freescale/kds_3.0.0/toolchain/bin/../lib/gcc/arm-none-eabi/4.8.4/../../../../arm-none-eabi/lib/armv7e-m/fpu\libnosys.a
END GROUP
LOAD c:/freescale/kds_3.0.0/toolchain/bin/../lib/gcc/arm-none-eabi/4.8.4/armv7e-m/fpu/crtend.o
LOAD c:/freescale/kds_3.0.0/toolchain/bin/../lib/gcc/arm-none-eabi/4.8.4/armv7e-m/fpu/crtn.o
                0x20000000                _estack = 0x20000000
                0x20000000                __SP_INIT = _estack
                0x20000000                __stack = _estack
                0x00000000                __heap_size = 0x0
                0x00000400                __stack_size = 0x400

.interrupts     0x00000000      0x1e8
                0x00000000                __vector_table = .
                0x00000000                . = ALIGN (0x4)
 *(.vectortable)
 .vectortable   0x00000000      0x1e8 ./Generated_Code/Vectors.o
                0x00000000                __vect_table
                0x000001e8                . = ALIGN (0x4)

.cfmprotect     0x00000400       0x10
                0x00000400                . = ALIGN (0x4)
 *(.cfmconfig)
 .cfmconfig     0x00000400       0x10 ./Generated_Code/Cpu.o
                0x00000400                _cfm
                0x00000410                . = ALIGN (0x4)

.text           0x00000410     0x1974
                0x00000410                . = ALIGN (0x4)
 *(.text)
 .text          0x00000410       0x54 c:/freescale/kds_3.0.0/toolchain/bin/../lib/gcc/arm-none-eabi/4.8.4/armv7e-m/fpu/crtbegin.o
 .text          0x00000464       0x74 c:/freescale/kds_3.0.0/toolchain/bin/../lib/gcc/arm-none-eabi/4.8.4/../../../../arm-none-eabi/lib/armv7e-m/fpu/crt0.o
                0x00000464                _start
                0x00000464                _mainCRTStartup
 *(.text*)
 .text.FIFO_Init
                0x000004d8       0x48 ./Sources/FIFO.o
                0x000004d8                FIFO_Init
 .text.FIFO_Put
                0x00000520       0x70 ./Sources/FIFO.o
                0x00000520                FIFO_Put
 .text.FIFO_Get
                0x00000590       0x70 ./Sources/FIFO.o
                0x00000590                FIFO_Get
 .text.LEDs_Init
                0x00000600       0x74 ./Sources/LEDs.o
                0x00000600                LEDs_Init
 .text.LEDs_On  0x00000674       0x1c ./Sources/LEDs.o
                0x00000674                LEDs_On
 .text.SCP_SendStartUpValues
                0x00000690       0x44 ./Sources/SCP.o
                0x00000690                SCP_SendStartUpValues
 .text.SendVersion
                0x000006d4       0x18 ./Sources/SCP.o
                0x000006d4                SendVersion
 .text.HandleTowerNumber
                0x000006ec       0x28 ./Sources/SCP.o
                0x000006ec                HandleTowerNumber
 .text.SendTowerNumber
                0x00000714       0x28 ./Sources/SCP.o
                0x00000714                SendTowerNumber
 .text.SetTowerNumber
                0x0000073c       0x10 ./Sources/SCP.o
                0x0000073c                SetTowerNumber
 .text.HandleTowerMode
                0x0000074c       0x28 ./Sources/SCP.o
                0x0000074c                HandleTowerMode
 .text.SendTowerMode
                0x00000774       0x28 ./Sources/SCP.o
                0x00000774                SendTowerMode
 .text.SetTowerMode
                0x0000079c       0x10 ./Sources/SCP.o
                0x0000079c                SetTowerMode
 .text.ReadByte
                0x000007ac       0x20 ./Sources/SCP.o
                0x000007ac                ReadByte
 .text.ProgramByte
                0x000007cc       0x1c ./Sources/SCP.o
                0x000007cc                ProgramByte
 .text.SendTime
                0x000007e8       0x20 ./Sources/SCP.o
                0x000007e8                SendTime
 .text.SetTime  0x00000808       0x10 ./Sources/SCP.o
                0x00000808                SetTime
 .text.SendProtocolMode
                0x00000818       0x20 ./Sources/SCP.o
                0x00000818                SendProtocolMode
 .text.SetProtocolMode
                0x00000838       0x20 ./Sources/SCP.o
                0x00000838                SetProtocolMode
 .text.HandleProtocolMode
                0x00000858       0x28 ./Sources/SCP.o
                0x00000858                HandleProtocolMode
 .text.SendAccelValues
                0x00000880       0x1c ./Sources/SCP.o
                0x00000880                SendAccelValues
 .text.SCP_Acknowledgement_Required
                0x0000089c       0x30 ./Sources/SCP.o
                0x0000089c                SCP_Acknowledgement_Required
 .text.ACK      0x000008cc       0x24 ./Sources/SCP.o
                0x000008cc                ACK
 .text.NAK      0x000008f0       0x30 ./Sources/SCP.o
                0x000008f0                NAK
 .text.SCP_Packet_Handle
                0x00000920       0xac ./Sources/SCP.o
                0x00000920                SCP_Packet_Handle
 .text.SCP_Packet_Handle_Ack
                0x000009cc       0x34 ./Sources/SCP.o
                0x000009cc                SCP_Packet_Handle_Ack
 .text.UART_Init
                0x00000a00      0x138 ./Sources/UART.o
                0x00000a00                UART_Init
 .text.UART_InChar
                0x00000b38       0x20 ./Sources/UART.o
                0x00000b38                UART_InChar
 .text.UART_OutChar
                0x00000b58       0x38 ./Sources/UART.o
                0x00000b58                UART_OutChar
 .text.TxThread
                0x00000b90       0x40 ./Sources/UART.o
                0x00000b90                TxThread
 .text.RxThread
                0x00000bd0       0x4c ./Sources/UART.o
                0x00000bd0                RxThread
 .text.HandlePacketThread
                0x00000c1c       0x40 ./Sources/main.o
 .text.InitModulesThread
                0x00000c5c       0x74 ./Sources/main.o
 .text.LPTimer_ISR
                0x00000cd0       0x34 ./Sources/main.o
                0x00000cd0                LPTimer_ISR
 .text.main     0x00000d04       0x84 ./Sources/main.o
                0x00000d04                main
 .text.CheckSum
                0x00000d88       0x30 ./Sources/packet.o
                0x00000d88                CheckSum
 .text.Packet_Init
                0x00000db8       0x1c ./Sources/packet.o
                0x00000db8                Packet_Init
 .text.Packet_Get
                0x00000dd4       0xdc ./Sources/packet.o
                0x00000dd4                Packet_Get
 .text.Packet_Put
                0x00000eb0       0x68 ./Sources/packet.o
                0x00000eb0                Packet_Put
 .text.__copy_rom_section
                0x00000f18       0xe4 ./Project_Settings/Startup_Code/startup.o
                0x00000f18                __copy_rom_section
 .text.__copy_rom_sections_to_ram
                0x00000ffc       0x9c ./Project_Settings/Startup_Code/startup.o
                0x00000ffc                __copy_rom_sections_to_ram
 .text.__init_registers
                0x00001098       0x20 ./Project_Settings/Startup_Code/startup.o
                0x00001098                __init_registers
 .text.__init_user
                0x000010b8        0xc ./Project_Settings/Startup_Code/startup.o
                0x000010b8                __init_user
 .text.__thumb_startup
                0x000010c4       0x34 ./Project_Settings/Startup_Code/startup.o
                0x000010c4                __thumb_startup
 .text.Cpu_Interrupt
                0x000010f8       0x18 ./Generated_Code/Cpu.o
                0x000010f8                Cpu_Interrupt
 .text.__init_hardware
                0x00001110      0x17c ./Generated_Code/Cpu.o
                0x00001110                __init_hardware
 .text.Cpu_SetBASEPRI
                0x0000128c       0x18 ./Generated_Code/Cpu.o
                0x0000128c                Cpu_SetBASEPRI
 .text.PE_low_level_init
                0x000012a4       0xe4 ./Generated_Code/Cpu.o
                0x000012a4                PE_low_level_init
 .text.OS_Init  0x00001388      0x110 C:\Users\13115605\Documents\workspace\es18aut35\OSExample\Library\libOS.a(OS.o)
                0x00001388                OS_Init
 .text.OS_ISREnter
                0x00001498       0x20 C:\Users\13115605\Documents\workspace\es18aut35\OSExample\Library\libOS.a(OS.o)
                0x00001498                OS_ISREnter
 .text.OS_ISRExit
                0x000014b8       0x1c C:\Users\13115605\Documents\workspace\es18aut35\OSExample\Library\libOS.a(OS.o)
                0x000014b8                OS_ISRExit
 .text.OS_SemaphoreCreate
                0x000014d4       0x90 C:\Users\13115605\Documents\workspace\es18aut35\OSExample\Library\libOS.a(OS.o)
                0x000014d4                OS_SemaphoreCreate
 .text.OS_SemaphoreSignal
                0x00001564       0x44 C:\Users\13115605\Documents\workspace\es18aut35\OSExample\Library\libOS.a(OS.o)
                0x00001564                OS_SemaphoreSignal
 .text.OS_SemaphoreWait
                0x000015a8       0x58 C:\Users\13115605\Documents\workspace\es18aut35\OSExample\Library\libOS.a(OS.o)
                0x000015a8                OS_SemaphoreWait
 .text.OS_Start
                0x00001600       0x10 C:\Users\13115605\Documents\workspace\es18aut35\OSExample\Library\libOS.a(OS.o)
                0x00001600                OS_Start
 .text.OS_ThreadCreate
                0x00001610      0x160 C:\Users\13115605\Documents\workspace\es18aut35\OSExample\Library\libOS.a(OS.o)
                0x00001610                OS_ThreadCreate
 .text.OS_ThreadDelete
                0x00001770      0x18c C:\Users\13115605\Documents\workspace\es18aut35\OSExample\Library\libOS.a(OS.o)
                0x00001770                OS_ThreadDelete
 .text.EventThreadReady
                0x000018fc       0x68 C:\Users\13115605\Documents\workspace\es18aut35\OSExample\Library\libOS.a(OS.o)
 .text.EventThreadWait
                0x00001964       0x64 C:\Users\13115605\Documents\workspace\es18aut35\OSExample\Library\libOS.a(OS.o)
 .text.EventTimeout
                0x000019c8       0x40 C:\Users\13115605\Documents\workspace\es18aut35\OSExample\Library\libOS.a(OS.o)
 .text.Idle     0x00001a08       0x18 C:\Users\13115605\Documents\workspace\es18aut35\OSExample\Library\libOS.a(OS.o)
 .text.FindFirstSet
                0x00001a20       0x44 C:\Users\13115605\Documents\workspace\es18aut35\OSExample\Library\libOS.a(OS.o)
 .text.Schedule
                0x00001a64       0x64 C:\Users\13115605\Documents\workspace\es18aut35\OSExample\Library\libOS.a(OS.o)
 .text.TCBInit  0x00001ac8       0xcc C:\Users\13115605\Documents\workspace\es18aut35\OSExample\Library\libOS.a(OS.o)
 .text.TimeTick
                0x00001b94       0x74 C:\Users\13115605\Documents\workspace\es18aut35\OSExample\Library\libOS.a(OS.o)
 *fill*         0x00001c08        0x8 
 .text.OS_ContextSwitchISR
                0x00001c10       0x70 C:\Users\13115605\Documents\workspace\es18aut35\OSExample\Library\libOS.a(OS.o)
                0x00001c10                OS_ContextSwitchISR
 .text.OS_SysTickISR
                0x00001c80       0x5c C:\Users\13115605\Documents\workspace\es18aut35\OSExample\Library\libOS.a(OS.o)
                0x00001c80                OS_SysTickISR
 .text.exit     0x00001cdc       0x28 c:/freescale/kds_3.0.0/toolchain/bin/../lib/gcc/arm-none-eabi/4.8.4/../../../../arm-none-eabi/lib/armv7e-m/fpu\libg_s.a(lib_a-exit.o)
                0x00001cdc                exit
 .text.__libc_init_array
                0x00001d04       0x4c c:/freescale/kds_3.0.0/toolchain/bin/../lib/gcc/arm-none-eabi/4.8.4/../../../../arm-none-eabi/lib/armv7e-m/fpu\libg_s.a(lib_a-init.o)
                0x00001d04                __libc_init_array
 .text.memset   0x00001d50       0x10 c:/freescale/kds_3.0.0/toolchain/bin/../lib/gcc/arm-none-eabi/4.8.4/../../../../arm-none-eabi/lib/armv7e-m/fpu\libg_s.a(lib_a-memset.o)
                0x00001d50                memset
 .text._exit    0x00001d60        0x4 c:/freescale/kds_3.0.0/toolchain/bin/../lib/gcc/arm-none-eabi/4.8.4/../../../../arm-none-eabi/lib/armv7e-m/fpu\libnosys.a(_exit.o)
                0x00001d60                _exit
 *(.rodata)
 *(.rodata*)
 .rodata.PACKET_ACK_MASK
                0x00001d64        0x1 ./Sources/packet.o
                0x00001d64                PACKET_ACK_MASK
 .rodata.str1.1
                0x00001d65        0x2 c:/freescale/kds_3.0.0/toolchain/bin/../lib/gcc/arm-none-eabi/4.8.4/../../../../arm-none-eabi/lib/armv7e-m/fpu\libg_s.a(lib_a-impure.o)
 *fill*         0x00001d67        0x1 
 .rodata._global_impure_ptr
                0x00001d68        0x4 c:/freescale/kds_3.0.0/toolchain/bin/../lib/gcc/arm-none-eabi/4.8.4/../../../../arm-none-eabi/lib/armv7e-m/fpu\libg_s.a(lib_a-impure.o)
                0x00001d68                _global_impure_ptr
 *(.glue_7)
 .glue_7        0x00000000        0x0 linker stubs
 *(.glue_7t)
 .glue_7t       0x00000000        0x0 linker stubs
 *(.eh_frame)
 .eh_frame      0x00001d6c        0x0 c:/freescale/kds_3.0.0/toolchain/bin/../lib/gcc/arm-none-eabi/4.8.4/armv7e-m/fpu/crtbegin.o
 *(.init)
 .init          0x00001d6c        0x4 c:/freescale/kds_3.0.0/toolchain/bin/../lib/gcc/arm-none-eabi/4.8.4/armv7e-m/fpu/crti.o
                0x00001d6c                _init
 .init          0x00001d70        0x8 c:/freescale/kds_3.0.0/toolchain/bin/../lib/gcc/arm-none-eabi/4.8.4/armv7e-m/fpu/crtn.o
 *(.fini)
 .fini          0x00001d78        0x4 c:/freescale/kds_3.0.0/toolchain/bin/../lib/gcc/arm-none-eabi/4.8.4/armv7e-m/fpu/crti.o
                0x00001d78                _fini
 .fini          0x00001d7c        0x8 c:/freescale/kds_3.0.0/toolchain/bin/../lib/gcc/arm-none-eabi/4.8.4/armv7e-m/fpu/crtn.o
                0x00001d84                . = ALIGN (0x4)
                0x00001d84                _etext = .

.vfp11_veneer   0x00001d84        0x0
 .vfp11_veneer  0x00000000        0x0 linker stubs

.v4_bx          0x00001d84        0x0
 .v4_bx         0x00000000        0x0 linker stubs

.iplt           0x00001d84        0x0
 .iplt          0x00000000        0x0 c:/freescale/kds_3.0.0/toolchain/bin/../lib/gcc/arm-none-eabi/4.8.4/armv7e-m/fpu/crtbegin.o

.ARM.extab
 *(.ARM.extab* .gnu.linkonce.armextab.*)

.ARM            0x00001d84        0x8
                0x00001d84                __exidx_start = .
 *(.ARM.exidx*)
 .ARM.exidx     0x00001d84        0x8 c:/freescale/kds_3.0.0/toolchain/bin/../lib/gcc/arm-none-eabi/4.8.4/../../../../arm-none-eabi/lib/armv7e-m/fpu/crt0.o
                0x00001d8c                __exidx_end = .

.rel.dyn        0x00001d8c        0x0
 .rel.iplt      0x00000000        0x0 c:/freescale/kds_3.0.0/toolchain/bin/../lib/gcc/arm-none-eabi/4.8.4/armv7e-m/fpu/crtbegin.o

.ctors          0x00001d8c        0x0
                0x00001d8c                __CTOR_LIST__ = .
 *crtbegin.o(.ctors)
 *(EXCLUDE_FILE(*crtend.o) .ctors)
 *(SORT(.ctors.*))
 *(.ctors)
                0x00001d8c                __CTOR_END__ = .

.dtors          0x00001d8c        0x0
                0x00001d8c                __DTOR_LIST__ = .
 *crtbegin.o(.dtors)
 *(EXCLUDE_FILE(*crtend.o) .dtors)
 *(SORT(.dtors.*))
 *(.dtors)
                0x00001d8c                __DTOR_END__ = .

.preinit_array  0x00001d8c        0x0
                0x00001d8c                PROVIDE (__preinit_array_start, .)
 *(.preinit_array*)
                0x00001d8c                PROVIDE (__preinit_array_end, .)

.init_array     0x00001d8c        0x4
                0x00001d8c                PROVIDE (__init_array_start, .)
 *(SORT(.init_array.*))
 *(.init_array*)
 .init_array    0x00001d8c        0x4 c:/freescale/kds_3.0.0/toolchain/bin/../lib/gcc/arm-none-eabi/4.8.4/armv7e-m/fpu/crtbegin.o
                0x00001d90                PROVIDE (__init_array_end, .)

.fini_array     0x00001d90        0x4
                0x00001d90                PROVIDE (__fini_array_start, .)
 *(SORT(.fini_array.*))
 *(.fini_array*)
 .fini_array    0x00001d90        0x4 c:/freescale/kds_3.0.0/toolchain/bin/../lib/gcc/arm-none-eabi/4.8.4/armv7e-m/fpu/crtbegin.o
                0x00001d94                PROVIDE (__fini_array_end, .)
                0x00001d94                ___ROM_AT = .

.data           0x1fff0000       0xa0 load address 0x00001d94
                0x1fff0000                . = ALIGN (0x4)
                0x1fff0000                _sdata = .
 *(.data)
 *(.data*)
 .data.MyLEDThreadData
                0x1fff0000       0x40 ./Sources/main.o
 .data.impure_data
                0x1fff0040       0x60 c:/freescale/kds_3.0.0/toolchain/bin/../lib/gcc/arm-none-eabi/4.8.4/../../../../arm-none-eabi/lib/armv7e-m/fpu\libg_s.a(lib_a-impure.o)
                0x1fff00a0                . = ALIGN (0x4)
                0x1fff00a0                _edata = .
                0x000000a0                ___data_size = (_edata - _sdata)
                0x00001e34                ___m_data_20000000_ROMStart = (___ROM_AT + SIZEOF (.data))

.jcr            0x1fff00a0        0x0 load address 0x00001e34
 .jcr           0x1fff00a0        0x0 c:/freescale/kds_3.0.0/toolchain/bin/../lib/gcc/arm-none-eabi/4.8.4/armv7e-m/fpu/crtbegin.o

.igot.plt       0x1fff00a0        0x0 load address 0x00001e34
 .igot.plt      0x00000000        0x0 c:/freescale/kds_3.0.0/toolchain/bin/../lib/gcc/arm-none-eabi/4.8.4/armv7e-m/fpu/crtbegin.o

.m_data_20000000
                0x20000000        0x0 load address 0x00001e34
                0x20000000                . = ALIGN (0x4)
                0x20000000                ___m_data_20000000_RAMStart = .
 *(.m_data_20000000)
                0x20000000                ___m_data_20000000_RAMEnd = .
                0x20000000                . = ALIGN (0x4)
                0x00000000                ___m_data_20000000_ROMSize = (___m_data_20000000_RAMEnd - ___m_data_20000000_RAMStart)
                0x20000000                . = ALIGN (0x4)

.bss            0x1fff00a0     0x4b2c load address 0x00001e38
                0x1fff00a0                __START_BSS = .
                0x1fff00a0                PROVIDE (__bss_start__, __START_BSS)
 *(.bss)
 .bss           0x1fff00a0       0x1c c:/freescale/kds_3.0.0/toolchain/bin/../lib/gcc/arm-none-eabi/4.8.4/armv7e-m/fpu/crtbegin.o
 *(.bss*)
 .bss.TxFIFO    0x1fff00bc      0x110 ./Sources/UART.o
 .bss.RxFIFO    0x1fff01cc      0x110 ./Sources/UART.o
 *fill*         0x1fff02dc        0x4 
 .bss.InitModulesThreadStack
                0x1fff02e0     0x1000 ./Sources/main.o
 .bss.HandlePacketThreadStack
                0x1fff12e0     0x1000 ./Sources/main.o
 .bss.TxThreadStack
                0x1fff22e0     0x1000 ./Sources/main.o
 .bss.RxThreadStack
                0x1fff32e0     0x1000 ./Sources/main.o
 .bss.count.4155
                0x1fff42e0        0x1 ./Sources/packet.o
 .bss.SR_lock   0x1fff42e1        0x1 ./Generated_Code/Cpu.o
                0x1fff42e1                SR_lock
 *fill*         0x1fff42e2        0x2 
 .bss.TCBUnusedMain
                0x1fff42e4       0x18 C:\Users\13115605\Documents\workspace\es18aut35\OSExample\Library\libOS.a(OS.o)
 .bss.TCBTable  0x1fff42fc      0x300 C:\Users\13115605\Documents\workspace\es18aut35\OSExample\Library\libOS.a(OS.o)
 .bss.pTCBFreeList
                0x1fff45fc        0x4 C:\Users\13115605\Documents\workspace\es18aut35\OSExample\Library\libOS.a(OS.o)
 .bss.pTCBAllocatedList
                0x1fff4600        0x4 C:\Users\13115605\Documents\workspace\es18aut35\OSExample\Library\libOS.a(OS.o)
 .bss.pTCBPriorityTable
                0x1fff4604       0x80 C:\Users\13115605\Documents\workspace\es18aut35\OSExample\Library\libOS.a(OS.o)
 .bss.pTCBRunning
                0x1fff4684        0x4 C:\Users\13115605\Documents\workspace\es18aut35\OSExample\Library\libOS.a(OS.o)
 .bss.pTCBHighestReady
                0x1fff4688        0x4 C:\Users\13115605\Documents\workspace\es18aut35\OSExample\Library\libOS.a(OS.o)
 .bss.ReadyList
                0x1fff468c        0x4 C:\Users\13115605\Documents\workspace\es18aut35\OSExample\Library\libOS.a(OS.o)
 .bss.ECBTable  0x1fff4690      0x100 C:\Users\13115605\Documents\workspace\es18aut35\OSExample\Library\libOS.a(OS.o)
 .bss.NextECBFree
                0x1fff4790        0x1 C:\Users\13115605\Documents\workspace\es18aut35\OSExample\Library\libOS.a(OS.o)
 *fill*         0x1fff4791        0x3 
 .bss.IdleCounter
                0x1fff4794        0x4 C:\Users\13115605\Documents\workspace\es18aut35\OSExample\Library\libOS.a(OS.o)
 .bss.IdleStack
                0x1fff4798      0x400 C:\Users\13115605\Documents\workspace\es18aut35\OSExample\Library\libOS.a(OS.o)
 .bss.Ticks     0x1fff4b98        0x4 C:\Users\13115605\Documents\workspace\es18aut35\OSExample\Library\libOS.a(OS.o)
 .bss.ToggleCntr
                0x1fff4b9c        0x4 C:\Users\13115605\Documents\workspace\es18aut35\OSExample\Library\libOS.a(OS.o)
 .bss.ToggleLED
                0x1fff4ba0        0x1 C:\Users\13115605\Documents\workspace\es18aut35\OSExample\Library\libOS.a(OS.o)
 .bss.ISRNestLevel
                0x1fff4ba1        0x1 C:\Users\13115605\Documents\workspace\es18aut35\OSExample\Library\libOS.a(OS.o)
 *(COMMON)
 *fill*         0x1fff4ba2        0x2 
 COMMON         0x1fff4ba4       0x12 ./Sources/SCP.o
                0x1fff4ba4                SCP_TowerMd
                0x1fff4ba8                NvTowerMd
                0x1fff4bac                NvTowerNb
                0x1fff4bb0                SCP_ProtocolMode
                0x1fff4bb4                SCP_TowerNb
 *fill*         0x1fff4bb6        0x2 
 COMMON         0x1fff4bb8        0xc ./Sources/UART.o
                0x1fff4bb8                TxAccess
                0x1fff4bbc                RxAccess
                0x1fff4bc0                PacketReady
 COMMON         0x1fff4bc4        0x5 ./Sources/packet.o
                0x1fff4bc4                Packet
 COMMON         0x1fff4bc9        0x1 ./Generated_Code/Cpu.o
                0x1fff4bc9                SR_reg
                0x1fff4bcc                . = ALIGN (0x4)
 *fill*         0x1fff4bca        0x2 
                0x1fff4bcc                __END_BSS = .
                0x1fff4bcc                PROVIDE (__bss_end__, __END_BSS)
                0x00001e34                _romp_at = ((___ROM_AT + SIZEOF (.data)) + SIZEOF (.m_data_20000000))

.romp           0x1fff4bcc       0x24 load address 0x00001e34
                0x00001e34                __S_romp = _romp_at
                0x1fff4bcc        0x4 LONG 0x1d94 ___ROM_AT
                0x1fff4bd0        0x4 LONG 0x1fff0000 _sdata
                0x1fff4bd4        0x4 LONG 0xa0 ___data_size
                0x1fff4bd8        0x4 LONG 0x1e34 ___m_data_20000000_ROMStart
                0x1fff4bdc        0x4 LONG 0x20000000 ___m_data_20000000_RAMStart
                0x1fff4be0        0x4 LONG 0x0 ___m_data_20000000_ROMSize
                0x1fff4be4        0x4 LONG 0x0
                0x1fff4be8        0x4 LONG 0x0
                0x1fff4bec        0x4 LONG 0x0

._user_heap_stack
                0x1fff4bf0      0x400 load address 0x00001e58
                0x1fff4bf0                . = ALIGN (0x4)
                0x1fff4bf0                PROVIDE (end, .)
                0x1fff4bf0                PROVIDE (_end, .)
                0x1fff4bf0                __heap_addr = .
                0x1fff4bf0                __HeapBase = .
                0x1fff4bf0                . = (. + __heap_size)
                0x1fff4bf0                __HeapLimit = .
                0x1fff4ff0                . = (. + __stack_size)
 *fill*         0x1fff4bf0      0x400 
                0x1fff4ff0                . = ALIGN (0x4)

.ARM.attributes
                0x00000000       0x30
 *(.ARM.attributes)
 .ARM.attributes
                0x00000000       0x22 c:/freescale/kds_3.0.0/toolchain/bin/../lib/gcc/arm-none-eabi/4.8.4/armv7e-m/fpu/crti.o
 .ARM.attributes
                0x00000022       0x34 c:/freescale/kds_3.0.0/toolchain/bin/../lib/gcc/arm-none-eabi/4.8.4/armv7e-m/fpu/crtbegin.o
 .ARM.attributes
                0x00000056       0x20 c:/freescale/kds_3.0.0/toolchain/bin/../lib/gcc/arm-none-eabi/4.8.4/../../../../arm-none-eabi/lib/armv7e-m/fpu/crt0.o
 .ARM.attributes
                0x00000076       0x39 ./Sources/FIFO.o
 .ARM.attributes
                0x000000af       0x39 ./Sources/LEDs.o
 .ARM.attributes
                0x000000e8       0x39 ./Sources/SCP.o
 .ARM.attributes
                0x00000121       0x39 ./Sources/UART.o
 .ARM.attributes
                0x0000015a       0x39 ./Sources/main.o
 .ARM.attributes
                0x00000193       0x39 ./Sources/packet.o
 .ARM.attributes
                0x000001cc       0x39 ./Project_Settings/Startup_Code/startup.o
 .ARM.attributes
                0x00000205       0x39 ./Generated_Code/Cpu.o
 .ARM.attributes
                0x0000023e       0x39 ./Generated_Code/Vectors.o
 .ARM.attributes
                0x00000277       0x39 C:\Users\13115605\Documents\workspace\es18aut35\OSExample\Library\libOS.a(OS.o)
 .ARM.attributes
                0x000002b0       0x34 c:/freescale/kds_3.0.0/toolchain/bin/../lib/gcc/arm-none-eabi/4.8.4/../../../../arm-none-eabi/lib/armv7e-m/fpu\libg_s.a(lib_a-exit.o)
 .ARM.attributes
                0x000002e4       0x34 c:/freescale/kds_3.0.0/toolchain/bin/../lib/gcc/arm-none-eabi/4.8.4/../../../../arm-none-eabi/lib/armv7e-m/fpu\libg_s.a(lib_a-impure.o)
 .ARM.attributes
                0x00000318       0x34 c:/freescale/kds_3.0.0/toolchain/bin/../lib/gcc/arm-none-eabi/4.8.4/../../../../arm-none-eabi/lib/armv7e-m/fpu\libg_s.a(lib_a-init.o)
 .ARM.attributes
                0x0000034c       0x34 c:/freescale/kds_3.0.0/toolchain/bin/../lib/gcc/arm-none-eabi/4.8.4/../../../../arm-none-eabi/lib/armv7e-m/fpu\libg_s.a(lib_a-memset.o)
 .ARM.attributes
                0x00000380       0x34 c:/freescale/kds_3.0.0/toolchain/bin/../lib/gcc/arm-none-eabi/4.8.4/../../../../arm-none-eabi/lib/armv7e-m/fpu\libnosys.a(_exit.o)
 .ARM.attributes
                0x000003b4       0x22 c:/freescale/kds_3.0.0/toolchain/bin/../lib/gcc/arm-none-eabi/4.8.4/armv7e-m/fpu/crtn.o
OUTPUT(OSExample.elf elf32-littlearm)

.debug_info     0x00000000     0x3fad
 .debug_info    0x00000000      0x209 ./Sources/FIFO.o
 .debug_info    0x00000209      0x497 ./Sources/LEDs.o
 .debug_info    0x000006a0      0x49b ./Sources/SCP.o
 .debug_info    0x00000b3b      0x9fa ./Sources/UART.o
 .debug_info    0x00001535      0x9f2 ./Sources/main.o
 .debug_info    0x00001f27      0x33c ./Sources/packet.o
 .debug_info    0x00002263      0x3b0 ./Project_Settings/Startup_Code/startup.o
 .debug_info    0x00002613      0xb89 ./Generated_Code/Cpu.o
 .debug_info    0x0000319c      0x10f ./Generated_Code/Vectors.o
 .debug_info    0x000032ab      0xd02 C:\Users\13115605\Documents\workspace\es18aut35\OSExample\Library\libOS.a(OS.o)

.debug_abbrev   0x00000000      0xf45
 .debug_abbrev  0x00000000       0xce ./Sources/FIFO.o
 .debug_abbrev  0x000000ce      0x144 ./Sources/LEDs.o
 .debug_abbrev  0x00000212      0x173 ./Sources/SCP.o
 .debug_abbrev  0x00000385      0x1f9 ./Sources/UART.o
 .debug_abbrev  0x0000057e      0x22d ./Sources/main.o
 .debug_abbrev  0x000007ab       0xf0 ./Sources/packet.o
 .debug_abbrev  0x0000089b      0x189 ./Project_Settings/Startup_Code/startup.o
 .debug_abbrev  0x00000a24      0x185 ./Generated_Code/Cpu.o
 .debug_abbrev  0x00000ba9       0xa4 ./Generated_Code/Vectors.o
 .debug_abbrev  0x00000c4d      0x2f8 C:\Users\13115605\Documents\workspace\es18aut35\OSExample\Library\libOS.a(OS.o)

.debug_aranges  0x00000000      0x370
 .debug_aranges
                0x00000000       0x30 ./Sources/FIFO.o
 .debug_aranges
                0x00000030       0x38 ./Sources/LEDs.o
 .debug_aranges
                0x00000068       0xc0 ./Sources/SCP.o
 .debug_aranges
                0x00000128       0x50 ./Sources/UART.o
 .debug_aranges
                0x00000178       0x50 ./Sources/main.o
 .debug_aranges
                0x000001c8       0x40 ./Sources/packet.o
 .debug_aranges
                0x00000208       0x50 ./Project_Settings/Startup_Code/startup.o
 .debug_aranges
                0x00000258       0x38 ./Generated_Code/Cpu.o
 .debug_aranges
                0x00000290       0x18 ./Generated_Code/Vectors.o
 .debug_aranges
                0x000002a8       0xc8 C:\Users\13115605\Documents\workspace\es18aut35\OSExample\Library\libOS.a(OS.o)

.debug_ranges   0x00000000      0x2c8
 .debug_ranges  0x00000000       0x20 ./Sources/FIFO.o
 .debug_ranges  0x00000020       0x28 ./Sources/LEDs.o
 .debug_ranges  0x00000048       0xb0 ./Sources/SCP.o
 .debug_ranges  0x000000f8       0x40 ./Sources/UART.o
 .debug_ranges  0x00000138       0x40 ./Sources/main.o
 .debug_ranges  0x00000178       0x30 ./Sources/packet.o
 .debug_ranges  0x000001a8       0x40 ./Project_Settings/Startup_Code/startup.o
 .debug_ranges  0x000001e8       0x28 ./Generated_Code/Cpu.o
 .debug_ranges  0x00000210       0xb8 C:\Users\13115605\Documents\workspace\es18aut35\OSExample\Library\libOS.a(OS.o)

.debug_macro    0x00000000    0x33944
 .debug_macro   0x00000000       0x6e ./Sources/FIFO.o
 .debug_macro   0x0000006e      0x850 ./Sources/FIFO.o
 .debug_macro   0x000008be       0x16 ./Sources/FIFO.o
 .debug_macro   0x000008d4       0x44 ./Sources/FIFO.o
 .debug_macro   0x00000918      0x209 ./Sources/FIFO.o
 .debug_macro   0x00000b21       0x22 ./Sources/FIFO.o
 .debug_macro   0x00000b43       0x36 ./Sources/FIFO.o
 .debug_macro   0x00000b79       0x84 ./Sources/LEDs.o
 .debug_macro   0x00000bfd     0x1800 ./Sources/LEDs.o
 .debug_macro   0x000023fd    0x174c1 ./Sources/LEDs.o
 .debug_macro   0x000198be       0x94 ./Sources/LEDs.o
 .debug_macro   0x00019952       0x70 ./Sources/SCP.o
 .debug_macro   0x000199c2       0x40 ./Sources/SCP.o
 .debug_macro   0x00019a02       0x3a ./Sources/SCP.o
 .debug_macro   0x00019a3c       0xab ./Sources/UART.o
 .debug_macro   0x00019ae7     0x17fa ./Sources/UART.o
 .debug_macro   0x0001b2e1       0x10 ./Sources/UART.o
 .debug_macro   0x0001b2f1       0xd7 ./Sources/main.o
 .debug_macro   0x0001b3c8       0x30 ./Sources/main.o
 .debug_macro   0x0001b3f8       0x77 ./Sources/packet.o
 .debug_macro   0x0001b46f       0x34 ./Sources/packet.o
 .debug_macro   0x0001b4a3      0x121 ./Project_Settings/Startup_Code/startup.o
 .debug_macro   0x0001b5c4       0x58 ./Project_Settings/Startup_Code/startup.o
 .debug_macro   0x0001b61c       0x35 ./Project_Settings/Startup_Code/startup.o
 .debug_macro   0x0001b651       0xa3 ./Project_Settings/Startup_Code/startup.o
 .debug_macro   0x0001b6f4      0x166 ./Project_Settings/Startup_Code/startup.o
 .debug_macro   0x0001b85a       0x4a ./Project_Settings/Startup_Code/startup.o
 .debug_macro   0x0001b8a4       0x52 ./Project_Settings/Startup_Code/startup.o
 .debug_macro   0x0001b8f6       0x16 ./Project_Settings/Startup_Code/startup.o
 .debug_macro   0x0001b90c       0x43 ./Project_Settings/Startup_Code/startup.o
 .debug_macro   0x0001b94f      0x180 ./Project_Settings/Startup_Code/startup.o
 .debug_macro   0x0001bacf      0x2a6 ./Project_Settings/Startup_Code/startup.o
 .debug_macro   0x0001bd75       0x10 ./Project_Settings/Startup_Code/startup.o
 .debug_macro   0x0001bd85       0x35 ./Project_Settings/Startup_Code/startup.o
 .debug_macro   0x0001bdba       0x16 ./Project_Settings/Startup_Code/startup.o
 .debug_macro   0x0001bdd0       0x22 ./Project_Settings/Startup_Code/startup.o
 .debug_macro   0x0001bdf2       0x16 ./Project_Settings/Startup_Code/startup.o
 .debug_macro   0x0001be08      0x20f ./Project_Settings/Startup_Code/startup.o
 .debug_macro   0x0001c017    0x174af ./Project_Settings/Startup_Code/startup.o
 .debug_macro   0x000334c6       0x70 ./Generated_Code/Cpu.o
 .debug_macro   0x00033536       0x9a ./Generated_Code/Cpu.o
 .debug_macro   0x000335d0       0x8b ./Generated_Code/Vectors.o
 .debug_macro   0x0003365b       0xa3 C:\Users\13115605\Documents\workspace\es18aut35\OSExample\Library\libOS.a(OS.o)
 .debug_macro   0x000336fe      0x14e C:\Users\13115605\Documents\workspace\es18aut35\OSExample\Library\libOS.a(OS.o)
 .debug_macro   0x0003384c       0x64 C:\Users\13115605\Documents\workspace\es18aut35\OSExample\Library\libOS.a(OS.o)
 .debug_macro   0x000338b0       0x94 C:\Users\13115605\Documents\workspace\es18aut35\OSExample\Library\libOS.a(OS.o)

.debug_line     0x00000000     0x1e79
 .debug_line    0x00000000      0x214 ./Sources/FIFO.o
 .debug_line    0x00000214      0x292 ./Sources/LEDs.o
 .debug_line    0x000004a6      0x38e ./Sources/SCP.o
 .debug_line    0x00000834      0x365 ./Sources/UART.o
 .debug_line    0x00000b99      0x365 ./Sources/main.o
 .debug_line    0x00000efe      0x25b ./Sources/packet.o
 .debug_line    0x00001159      0x3e0 ./Project_Settings/Startup_Code/startup.o
 .debug_line    0x00001539      0x26a ./Generated_Code/Cpu.o
 .debug_line    0x000017a3      0x240 ./Generated_Code/Vectors.o
 .debug_line    0x000019e3      0x496 C:\Users\13115605\Documents\workspace\es18aut35\OSExample\Library\libOS.a(OS.o)

.debug_str      0x00000000    0x8dd32
 .debug_str     0x00000000     0x2fc1 ./Sources/FIFO.o
                               0x3134 (size before relaxing)
 .debug_str     0x00002fc1    0x872f6 ./Sources/LEDs.o
                              0x8a285 (size before relaxing)
 .debug_str     0x0008a2b7      0x47d ./Sources/SCP.o
                               0xa4fe (size before relaxing)
 .debug_str     0x0008a734      0x1b9 ./Sources/UART.o
                              0x8a704 (size before relaxing)
 .debug_str     0x0008a8ed      0x22c ./Sources/main.o
                              0x8a9a7 (size before relaxing)
 .debug_str     0x0008ab19       0x68 ./Sources/packet.o
                               0x33a0 (size before relaxing)
 .debug_str     0x0008ab81     0x269e ./Project_Settings/Startup_Code/startup.o
                              0x853f6 (size before relaxing)
 .debug_str     0x0008d21f      0x1f2 ./Generated_Code/Cpu.o
                              0x8a472 (size before relaxing)
 .debug_str     0x0008d411       0x1c ./Generated_Code/Vectors.o
                              0x8a1f3 (size before relaxing)
 .debug_str     0x0008d42d      0x905 C:\Users\13115605\Documents\workspace\es18aut35\OSExample\Library\libOS.a(OS.o)
                              0x8ad2a (size before relaxing)

.comment        0x00000000       0x70
 .comment       0x00000000       0x70 ./Sources/FIFO.o
                                 0x71 (size before relaxing)
 .comment       0x00000000       0x71 ./Sources/LEDs.o
 .comment       0x00000000       0x71 ./Sources/SCP.o
 .comment       0x00000000       0x71 ./Sources/UART.o
 .comment       0x00000000       0x71 ./Sources/main.o
 .comment       0x00000000       0x71 ./Sources/packet.o
 .comment       0x00000000       0x71 ./Project_Settings/Startup_Code/startup.o
 .comment       0x00000000       0x71 ./Generated_Code/Cpu.o
 .comment       0x00000000       0x71 ./Generated_Code/Vectors.o
 .comment       0x00000000       0x71 C:\Users\13115605\Documents\workspace\es18aut35\OSExample\Library\libOS.a(OS.o)

.debug_frame    0x00000000      0xa40
 .debug_frame   0x00000000       0x70 ./Sources/FIFO.o
 .debug_frame   0x00000070       0x7c ./Sources/LEDs.o
 .debug_frame   0x000000ec      0x258 ./Sources/SCP.o
 .debug_frame   0x00000344       0xf4 ./Sources/UART.o
 .debug_frame   0x00000438       0xec ./Sources/main.o
 .debug_frame   0x00000524       0xa8 ./Sources/packet.o
 .debug_frame   0x000005cc       0xc0 ./Project_Settings/Startup_Code/startup.o
 .debug_frame   0x0000068c       0x80 ./Generated_Code/Cpu.o
 .debug_frame   0x0000070c      0x2a0 C:\Users\13115605\Documents\workspace\es18aut35\OSExample\Library\libOS.a(OS.o)
 .debug_frame   0x000009ac       0x28 c:/freescale/kds_3.0.0/toolchain/bin/../lib/gcc/arm-none-eabi/4.8.4/../../../../arm-none-eabi/lib/armv7e-m/fpu\libg_s.a(lib_a-exit.o)
 .debug_frame   0x000009d4       0x2c c:/freescale/kds_3.0.0/toolchain/bin/../lib/gcc/arm-none-eabi/4.8.4/../../../../arm-none-eabi/lib/armv7e-m/fpu\libg_s.a(lib_a-init.o)
 .debug_frame   0x00000a00       0x20 c:/freescale/kds_3.0.0/toolchain/bin/../lib/gcc/arm-none-eabi/4.8.4/../../../../arm-none-eabi/lib/armv7e-m/fpu\libg_s.a(lib_a-memset.o)
 .debug_frame   0x00000a20       0x20 c:/freescale/kds_3.0.0/toolchain/bin/../lib/gcc/arm-none-eabi/4.8.4/../../../../arm-none-eabi/lib/armv7e-m/fpu\libnosys.a(_exit.o)
