Archive member included because of file (symbol)

c:/freescale/kds_v3/toolchain/bin/../lib/gcc/arm-none-eabi/4.8.4/armv7e-m/fpu\libgcc.a(_arm_addsubdf3.o)
                              ./Sources/PIT.o (__aeabi_ui2d)
c:/freescale/kds_v3/toolchain/bin/../lib/gcc/arm-none-eabi/4.8.4/armv7e-m/fpu\libgcc.a(_arm_muldivdf3.o)
                              ./Sources/PIT.o (__aeabi_ddiv)
c:/freescale/kds_v3/toolchain/bin/../lib/gcc/arm-none-eabi/4.8.4/armv7e-m/fpu\libgcc.a(_arm_fixunsdfsi.o)
                              ./Sources/PIT.o (__aeabi_d2uiz)
c:/freescale/kds_v3/toolchain/bin/../lib/gcc/arm-none-eabi/4.8.4/../../../../arm-none-eabi/lib/armv7e-m/fpu\libg_s.a(lib_a-exit.o)
                              c:/freescale/kds_v3/toolchain/bin/../lib/gcc/arm-none-eabi/4.8.4/../../../../arm-none-eabi/lib/armv7e-m/fpu/crt0.o (exit)
c:/freescale/kds_v3/toolchain/bin/../lib/gcc/arm-none-eabi/4.8.4/../../../../arm-none-eabi/lib/armv7e-m/fpu\libg_s.a(lib_a-impure.o)
                              c:/freescale/kds_v3/toolchain/bin/../lib/gcc/arm-none-eabi/4.8.4/../../../../arm-none-eabi/lib/armv7e-m/fpu\libg_s.a(lib_a-exit.o) (_global_impure_ptr)
c:/freescale/kds_v3/toolchain/bin/../lib/gcc/arm-none-eabi/4.8.4/../../../../arm-none-eabi/lib/armv7e-m/fpu\libg_s.a(lib_a-init.o)
                              c:/freescale/kds_v3/toolchain/bin/../lib/gcc/arm-none-eabi/4.8.4/../../../../arm-none-eabi/lib/armv7e-m/fpu/crt0.o (__libc_init_array)
c:/freescale/kds_v3/toolchain/bin/../lib/gcc/arm-none-eabi/4.8.4/../../../../arm-none-eabi/lib/armv7e-m/fpu\libg_s.a(lib_a-memset.o)
                              c:/freescale/kds_v3/toolchain/bin/../lib/gcc/arm-none-eabi/4.8.4/../../../../arm-none-eabi/lib/armv7e-m/fpu/crt0.o (memset)
c:/freescale/kds_v3/toolchain/bin/../lib/gcc/arm-none-eabi/4.8.4/../../../../arm-none-eabi/lib/armv7e-m/fpu\libnosys.a(_exit.o)
                              c:/freescale/kds_v3/toolchain/bin/../lib/gcc/arm-none-eabi/4.8.4/../../../../arm-none-eabi/lib/armv7e-m/fpu\libg_s.a(lib_a-exit.o) (_exit)

Allocating common symbols
Common symbol       size              file

Timer1Sec           0x10              ./Sources/main.o
NvTowerMd           0x4               ./Sources/SCP.o
NvTowerNb           0x4               ./Sources/SCP.o
Packet              0x5               ./Sources/packet.o
SR_reg              0x1               ./Generated_Code/Cpu.o
towerMd             0x2               ./Sources/SCP.o
towerNb             0x2               ./Sources/SCP.o

Discarded input sections

 .text          0x00000000        0x0 c:/freescale/kds_v3/toolchain/bin/../lib/gcc/arm-none-eabi/4.8.4/armv7e-m/fpu/crti.o
 .data          0x00000000        0x0 c:/freescale/kds_v3/toolchain/bin/../lib/gcc/arm-none-eabi/4.8.4/armv7e-m/fpu/crti.o
 .bss           0x00000000        0x0 c:/freescale/kds_v3/toolchain/bin/../lib/gcc/arm-none-eabi/4.8.4/armv7e-m/fpu/crti.o
 .data          0x00000000        0x4 c:/freescale/kds_v3/toolchain/bin/../lib/gcc/arm-none-eabi/4.8.4/armv7e-m/fpu/crtbegin.o
 .data          0x00000000        0x0 c:/freescale/kds_v3/toolchain/bin/../lib/gcc/arm-none-eabi/4.8.4/../../../../arm-none-eabi/lib/armv7e-m/fpu/crt0.o
 .bss           0x00000000        0x0 c:/freescale/kds_v3/toolchain/bin/../lib/gcc/arm-none-eabi/4.8.4/../../../../arm-none-eabi/lib/armv7e-m/fpu/crt0.o
 .ARM.extab     0x00000000        0x0 c:/freescale/kds_v3/toolchain/bin/../lib/gcc/arm-none-eabi/4.8.4/../../../../arm-none-eabi/lib/armv7e-m/fpu/crt0.o
 .group         0x00000000        0x8 ./Sources/Events.o
 .group         0x00000000        0x8 ./Sources/Events.o
 .group         0x00000000        0x8 ./Sources/Events.o
 .group         0x00000000        0x8 ./Sources/Events.o
 .group         0x00000000        0x8 ./Sources/Events.o
 .group         0x00000000        0x8 ./Sources/Events.o
 .group         0x00000000        0x8 ./Sources/Events.o
 .group         0x00000000        0x8 ./Sources/Events.o
 .group         0x00000000        0x8 ./Sources/Events.o
 .text          0x00000000        0x0 ./Sources/Events.o
 .data          0x00000000        0x0 ./Sources/Events.o
 .bss           0x00000000        0x0 ./Sources/Events.o
 .debug_info    0x00000000       0x7d ./Sources/Events.o
 .debug_abbrev  0x00000000       0x29 ./Sources/Events.o
 .debug_aranges
                0x00000000       0x18 ./Sources/Events.o
 .debug_macro   0x00000000       0xa3 ./Sources/Events.o
 .debug_macro   0x00000000      0x850 ./Sources/Events.o
 .debug_macro   0x00000000       0x16 ./Sources/Events.o
 .debug_macro   0x00000000       0x44 ./Sources/Events.o
 .debug_macro   0x00000000      0x209 ./Sources/Events.o
 .debug_macro   0x00000000     0x17fa ./Sources/Events.o
 .debug_macro   0x00000000      0x14e ./Sources/Events.o
 .debug_macro   0x00000000       0x64 ./Sources/Events.o
 .debug_macro   0x00000000    0x174c1 ./Sources/Events.o
 .debug_macro   0x00000000       0x94 ./Sources/Events.o
 .debug_line    0x00000000      0x252 ./Sources/Events.o
 .debug_str     0x00000000    0x8a5f7 ./Sources/Events.o
 .comment       0x00000000       0x71 ./Sources/Events.o
 .ARM.attributes
                0x00000000       0x39 ./Sources/Events.o
 .group         0x00000000        0x8 ./Sources/FIFO.o
 .group         0x00000000        0x8 ./Sources/FIFO.o
 .group         0x00000000        0x8 ./Sources/FIFO.o
 .group         0x00000000        0x8 ./Sources/FIFO.o
 .group         0x00000000        0x8 ./Sources/FIFO.o
 .group         0x00000000        0x8 ./Sources/FIFO.o
 .group         0x00000000        0x8 ./Sources/FIFO.o
 .group         0x00000000        0x8 ./Sources/FIFO.o
 .group         0x00000000        0x8 ./Sources/FIFO.o
 .group         0x00000000        0x8 ./Sources/FIFO.o
 .text          0x00000000        0x0 ./Sources/FIFO.o
 .data          0x00000000        0x0 ./Sources/FIFO.o
 .bss           0x00000000        0x0 ./Sources/FIFO.o
 .debug_macro   0x00000000      0x850 ./Sources/FIFO.o
 .debug_macro   0x00000000       0x16 ./Sources/FIFO.o
 .debug_macro   0x00000000       0x44 ./Sources/FIFO.o
 .debug_macro   0x00000000      0x209 ./Sources/FIFO.o
 .debug_macro   0x00000000      0x14e ./Sources/FIFO.o
 .debug_macro   0x00000000       0x64 ./Sources/FIFO.o
 .debug_macro   0x00000000    0x174c1 ./Sources/FIFO.o
 .debug_macro   0x00000000       0x94 ./Sources/FIFO.o
 .group         0x00000000        0x8 ./Sources/FTM.o
 .group         0x00000000        0x8 ./Sources/FTM.o
 .group         0x00000000        0x8 ./Sources/FTM.o
 .group         0x00000000        0x8 ./Sources/FTM.o
 .group         0x00000000        0x8 ./Sources/FTM.o
 .group         0x00000000        0x8 ./Sources/FTM.o
 .group         0x00000000        0x8 ./Sources/FTM.o
 .group         0x00000000        0x8 ./Sources/FTM.o
 .group         0x00000000        0x8 ./Sources/FTM.o
 .group         0x00000000        0x8 ./Sources/FTM.o
 .text          0x00000000        0x0 ./Sources/FTM.o
 .data          0x00000000        0x0 ./Sources/FTM.o
 .bss           0x00000000        0x0 ./Sources/FTM.o
 .debug_macro   0x00000000      0x850 ./Sources/FTM.o
 .debug_macro   0x00000000       0x16 ./Sources/FTM.o
 .debug_macro   0x00000000       0x44 ./Sources/FTM.o
 .debug_macro   0x00000000      0x209 ./Sources/FTM.o
 .debug_macro   0x00000000       0x22 ./Sources/FTM.o
 .debug_macro   0x00000000     0x1800 ./Sources/FTM.o
 .debug_macro   0x00000000      0x14e ./Sources/FTM.o
 .debug_macro   0x00000000       0x64 ./Sources/FTM.o
 .debug_macro   0x00000000    0x174c1 ./Sources/FTM.o
 .debug_macro   0x00000000       0x94 ./Sources/FTM.o
 .group         0x00000000        0x8 ./Sources/Flash.o
 .group         0x00000000        0x8 ./Sources/Flash.o
 .group         0x00000000        0x8 ./Sources/Flash.o
 .group         0x00000000        0x8 ./Sources/Flash.o
 .group         0x00000000        0x8 ./Sources/Flash.o
 .group         0x00000000        0x8 ./Sources/Flash.o
 .group         0x00000000        0x8 ./Sources/Flash.o
 .text          0x00000000        0x0 ./Sources/Flash.o
 .data          0x00000000        0x0 ./Sources/Flash.o
 .bss           0x00000000        0x0 ./Sources/Flash.o
 .debug_macro   0x00000000      0x850 ./Sources/Flash.o
 .debug_macro   0x00000000       0x16 ./Sources/Flash.o
 .debug_macro   0x00000000       0x44 ./Sources/Flash.o
 .debug_macro   0x00000000      0x209 ./Sources/Flash.o
 .debug_macro   0x00000000       0x22 ./Sources/Flash.o
 .debug_macro   0x00000000    0x174c1 ./Sources/Flash.o
 .group         0x00000000        0x8 ./Sources/LEDs.o
 .group         0x00000000        0x8 ./Sources/LEDs.o
 .group         0x00000000        0x8 ./Sources/LEDs.o
 .group         0x00000000        0x8 ./Sources/LEDs.o
 .group         0x00000000        0x8 ./Sources/LEDs.o
 .group         0x00000000        0x8 ./Sources/LEDs.o
 .group         0x00000000        0x8 ./Sources/LEDs.o
 .group         0x00000000        0x8 ./Sources/LEDs.o
 .group         0x00000000        0x8 ./Sources/LEDs.o
 .group         0x00000000        0x8 ./Sources/LEDs.o
 .text          0x00000000        0x0 ./Sources/LEDs.o
 .data          0x00000000        0x0 ./Sources/LEDs.o
 .bss           0x00000000        0x0 ./Sources/LEDs.o
 .text.LEDs_Off
                0x00000000       0x74 ./Sources/LEDs.o
 .debug_macro   0x00000000      0x850 ./Sources/LEDs.o
 .debug_macro   0x00000000       0x16 ./Sources/LEDs.o
 .debug_macro   0x00000000       0x44 ./Sources/LEDs.o
 .debug_macro   0x00000000      0x209 ./Sources/LEDs.o
 .debug_macro   0x00000000       0x22 ./Sources/LEDs.o
 .debug_macro   0x00000000     0x1800 ./Sources/LEDs.o
 .debug_macro   0x00000000      0x14e ./Sources/LEDs.o
 .debug_macro   0x00000000       0x64 ./Sources/LEDs.o
 .debug_macro   0x00000000    0x174c1 ./Sources/LEDs.o
 .debug_macro   0x00000000       0x94 ./Sources/LEDs.o
 .group         0x00000000        0x8 ./Sources/PIT.o
 .group         0x00000000        0x8 ./Sources/PIT.o
 .group         0x00000000        0x8 ./Sources/PIT.o
 .group         0x00000000        0x8 ./Sources/PIT.o
 .group         0x00000000        0x8 ./Sources/PIT.o
 .group         0x00000000        0x8 ./Sources/PIT.o
 .group         0x00000000        0x8 ./Sources/PIT.o
 .group         0x00000000        0x8 ./Sources/PIT.o
 .group         0x00000000        0x8 ./Sources/PIT.o
 .group         0x00000000        0x8 ./Sources/PIT.o
 .text          0x00000000        0x0 ./Sources/PIT.o
 .data          0x00000000        0x0 ./Sources/PIT.o
 .bss           0x00000000        0x0 ./Sources/PIT.o
 .rodata.PITPeriod
                0x00000000        0x4 ./Sources/PIT.o
 .debug_macro   0x00000000      0x850 ./Sources/PIT.o
 .debug_macro   0x00000000       0x16 ./Sources/PIT.o
 .debug_macro   0x00000000       0x44 ./Sources/PIT.o
 .debug_macro   0x00000000      0x209 ./Sources/PIT.o
 .debug_macro   0x00000000       0x22 ./Sources/PIT.o
 .debug_macro   0x00000000    0x174c1 ./Sources/PIT.o
 .debug_macro   0x00000000     0x1800 ./Sources/PIT.o
 .debug_macro   0x00000000      0x14e ./Sources/PIT.o
 .debug_macro   0x00000000       0x64 ./Sources/PIT.o
 .debug_macro   0x00000000       0x94 ./Sources/PIT.o
 .group         0x00000000        0x8 ./Sources/RTC.o
 .group         0x00000000        0x8 ./Sources/RTC.o
 .group         0x00000000        0x8 ./Sources/RTC.o
 .group         0x00000000        0x8 ./Sources/RTC.o
 .group         0x00000000        0x8 ./Sources/RTC.o
 .group         0x00000000        0x8 ./Sources/RTC.o
 .text          0x00000000        0x0 ./Sources/RTC.o
 .data          0x00000000        0x0 ./Sources/RTC.o
 .bss           0x00000000        0x0 ./Sources/RTC.o
 .text.RTC_Get  0x00000000       0x18 ./Sources/RTC.o
 .debug_macro   0x00000000      0x850 ./Sources/RTC.o
 .debug_macro   0x00000000       0x16 ./Sources/RTC.o
 .debug_macro   0x00000000       0x44 ./Sources/RTC.o
 .debug_macro   0x00000000      0x209 ./Sources/RTC.o
 .debug_macro   0x00000000       0x22 ./Sources/RTC.o
 .debug_macro   0x00000000    0x174c1 ./Sources/RTC.o
 .group         0x00000000        0x8 ./Sources/SCP.o
 .group         0x00000000        0x8 ./Sources/SCP.o
 .group         0x00000000        0x8 ./Sources/SCP.o
 .group         0x00000000        0x8 ./Sources/SCP.o
 .group         0x00000000        0x8 ./Sources/SCP.o
 .group         0x00000000        0x8 ./Sources/SCP.o
 .group         0x00000000        0x8 ./Sources/SCP.o
 .group         0x00000000        0x8 ./Sources/SCP.o
 .group         0x00000000        0x8 ./Sources/SCP.o
 .group         0x00000000        0x8 ./Sources/SCP.o
 .group         0x00000000        0x8 ./Sources/SCP.o
 .group         0x00000000        0x8 ./Sources/SCP.o
 .group         0x00000000        0x8 ./Sources/SCP.o
 .text          0x00000000        0x0 ./Sources/SCP.o
 .data          0x00000000        0x0 ./Sources/SCP.o
 .bss           0x00000000        0x0 ./Sources/SCP.o
 .debug_macro   0x00000000      0x850 ./Sources/SCP.o
 .debug_macro   0x00000000       0x16 ./Sources/SCP.o
 .debug_macro   0x00000000       0x44 ./Sources/SCP.o
 .debug_macro   0x00000000      0x209 ./Sources/SCP.o
 .debug_macro   0x00000000       0x22 ./Sources/SCP.o
 .debug_macro   0x00000000       0x3a ./Sources/SCP.o
 .debug_macro   0x00000000     0x1800 ./Sources/SCP.o
 .debug_macro   0x00000000      0x14e ./Sources/SCP.o
 .debug_macro   0x00000000       0x64 ./Sources/SCP.o
 .debug_macro   0x00000000    0x174c1 ./Sources/SCP.o
 .debug_macro   0x00000000       0x94 ./Sources/SCP.o
 .group         0x00000000        0x8 ./Sources/UART.o
 .group         0x00000000        0x8 ./Sources/UART.o
 .group         0x00000000        0x8 ./Sources/UART.o
 .group         0x00000000        0x8 ./Sources/UART.o
 .group         0x00000000        0x8 ./Sources/UART.o
 .group         0x00000000        0x8 ./Sources/UART.o
 .group         0x00000000        0x8 ./Sources/UART.o
 .group         0x00000000        0x8 ./Sources/UART.o
 .group         0x00000000        0x8 ./Sources/UART.o
 .group         0x00000000        0x8 ./Sources/UART.o
 .group         0x00000000        0x8 ./Sources/UART.o
 .group         0x00000000        0x8 ./Sources/UART.o
 .text          0x00000000        0x0 ./Sources/UART.o
 .data          0x00000000        0x0 ./Sources/UART.o
 .bss           0x00000000        0x0 ./Sources/UART.o
 .text.UART_Poll
                0x00000000       0x4c ./Sources/UART.o
 .debug_macro   0x00000000      0x850 ./Sources/UART.o
 .debug_macro   0x00000000       0x16 ./Sources/UART.o
 .debug_macro   0x00000000       0x44 ./Sources/UART.o
 .debug_macro   0x00000000      0x209 ./Sources/UART.o
 .debug_macro   0x00000000     0x17fa ./Sources/UART.o
 .debug_macro   0x00000000      0x14e ./Sources/UART.o
 .debug_macro   0x00000000       0x64 ./Sources/UART.o
 .debug_macro   0x00000000    0x174c1 ./Sources/UART.o
 .debug_macro   0x00000000       0x94 ./Sources/UART.o
 .debug_macro   0x00000000       0x22 ./Sources/UART.o
 .debug_macro   0x00000000       0x3a ./Sources/UART.o
 .group         0x00000000        0x8 ./Sources/main.o
 .group         0x00000000        0x8 ./Sources/main.o
 .group         0x00000000        0x8 ./Sources/main.o
 .group         0x00000000        0x8 ./Sources/main.o
 .group         0x00000000        0x8 ./Sources/main.o
 .group         0x00000000        0x8 ./Sources/main.o
 .group         0x00000000        0x8 ./Sources/main.o
 .group         0x00000000        0x8 ./Sources/main.o
 .group         0x00000000        0x8 ./Sources/main.o
 .group         0x00000000        0x8 ./Sources/main.o
 .group         0x00000000        0x8 ./Sources/main.o
 .group         0x00000000        0x8 ./Sources/main.o
 .group         0x00000000        0x8 ./Sources/main.o
 .group         0x00000000        0x8 ./Sources/main.o
 .text          0x00000000        0x0 ./Sources/main.o
 .data          0x00000000        0x0 ./Sources/main.o
 .bss           0x00000000        0x0 ./Sources/main.o
 .debug_macro   0x00000000      0x850 ./Sources/main.o
 .debug_macro   0x00000000       0x16 ./Sources/main.o
 .debug_macro   0x00000000       0x44 ./Sources/main.o
 .debug_macro   0x00000000      0x209 ./Sources/main.o
 .debug_macro   0x00000000     0x17fa ./Sources/main.o
 .debug_macro   0x00000000      0x14e ./Sources/main.o
 .debug_macro   0x00000000       0x64 ./Sources/main.o
 .debug_macro   0x00000000    0x174c1 ./Sources/main.o
 .debug_macro   0x00000000       0x94 ./Sources/main.o
 .debug_macro   0x00000000       0x22 ./Sources/main.o
 .debug_macro   0x00000000       0x3a ./Sources/main.o
 .debug_macro   0x00000000       0x10 ./Sources/main.o
 .debug_macro   0x00000000       0x34 ./Sources/main.o
 .debug_macro   0x00000000       0x3a ./Sources/main.o
 .group         0x00000000        0x8 ./Sources/packet.o
 .group         0x00000000        0x8 ./Sources/packet.o
 .group         0x00000000        0x8 ./Sources/packet.o
 .group         0x00000000        0x8 ./Sources/packet.o
 .group         0x00000000        0x8 ./Sources/packet.o
 .group         0x00000000        0x8 ./Sources/packet.o
 .group         0x00000000        0x8 ./Sources/packet.o
 .group         0x00000000        0x8 ./Sources/packet.o
 .group         0x00000000        0x8 ./Sources/packet.o
 .group         0x00000000        0x8 ./Sources/packet.o
 .group         0x00000000        0x8 ./Sources/packet.o
 .text          0x00000000        0x0 ./Sources/packet.o
 .data          0x00000000        0x0 ./Sources/packet.o
 .bss           0x00000000        0x0 ./Sources/packet.o
 .debug_macro   0x00000000      0x850 ./Sources/packet.o
 .debug_macro   0x00000000       0x16 ./Sources/packet.o
 .debug_macro   0x00000000       0x44 ./Sources/packet.o
 .debug_macro   0x00000000      0x209 ./Sources/packet.o
 .debug_macro   0x00000000       0x22 ./Sources/packet.o
 .debug_macro   0x00000000     0x1800 ./Sources/packet.o
 .debug_macro   0x00000000      0x14e ./Sources/packet.o
 .debug_macro   0x00000000       0x64 ./Sources/packet.o
 .debug_macro   0x00000000    0x174c1 ./Sources/packet.o
 .debug_macro   0x00000000       0x94 ./Sources/packet.o
 .group         0x00000000        0x8 ./Project_Settings/Startup_Code/startup.o
 .group         0x00000000        0x8 ./Project_Settings/Startup_Code/startup.o
 .group         0x00000000        0x8 ./Project_Settings/Startup_Code/startup.o
 .group         0x00000000        0x8 ./Project_Settings/Startup_Code/startup.o
 .group         0x00000000        0x8 ./Project_Settings/Startup_Code/startup.o
 .group         0x00000000        0x8 ./Project_Settings/Startup_Code/startup.o
 .group         0x00000000        0x8 ./Project_Settings/Startup_Code/startup.o
 .group         0x00000000        0x8 ./Project_Settings/Startup_Code/startup.o
 .group         0x00000000        0x8 ./Project_Settings/Startup_Code/startup.o
 .group         0x00000000        0x8 ./Project_Settings/Startup_Code/startup.o
 .group         0x00000000        0x8 ./Project_Settings/Startup_Code/startup.o
 .group         0x00000000        0x8 ./Project_Settings/Startup_Code/startup.o
 .group         0x00000000        0x8 ./Project_Settings/Startup_Code/startup.o
 .group         0x00000000        0x8 ./Project_Settings/Startup_Code/startup.o
 .group         0x00000000        0x8 ./Project_Settings/Startup_Code/startup.o
 .group         0x00000000        0x8 ./Project_Settings/Startup_Code/startup.o
 .group         0x00000000        0x8 ./Project_Settings/Startup_Code/startup.o
 .group         0x00000000        0x8 ./Project_Settings/Startup_Code/startup.o
 .group         0x00000000        0x8 ./Project_Settings/Startup_Code/startup.o
 .text          0x00000000        0x0 ./Project_Settings/Startup_Code/startup.o
 .data          0x00000000        0x0 ./Project_Settings/Startup_Code/startup.o
 .bss           0x00000000        0x0 ./Project_Settings/Startup_Code/startup.o
 .text.__init_hardware
                0x00000000        0xc ./Project_Settings/Startup_Code/startup.o
 .text.__iar_program_start
                0x00000000        0xc ./Project_Settings/Startup_Code/startup.o
 .debug_macro   0x00000000      0x850 ./Project_Settings/Startup_Code/startup.o
 .debug_macro   0x00000000       0x16 ./Project_Settings/Startup_Code/startup.o
 .group         0x00000000        0x8 ./Generated_Code/Cpu.o
 .group         0x00000000        0x8 ./Generated_Code/Cpu.o
 .group         0x00000000        0x8 ./Generated_Code/Cpu.o
 .group         0x00000000        0x8 ./Generated_Code/Cpu.o
 .group         0x00000000        0x8 ./Generated_Code/Cpu.o
 .group         0x00000000        0x8 ./Generated_Code/Cpu.o
 .group         0x00000000        0x8 ./Generated_Code/Cpu.o
 .group         0x00000000        0x8 ./Generated_Code/Cpu.o
 .group         0x00000000        0x8 ./Generated_Code/Cpu.o
 .text          0x00000000        0x0 ./Generated_Code/Cpu.o
 .data          0x00000000        0x0 ./Generated_Code/Cpu.o
 .bss           0x00000000        0x0 ./Generated_Code/Cpu.o
 .debug_macro   0x00000000      0x850 ./Generated_Code/Cpu.o
 .debug_macro   0x00000000       0x16 ./Generated_Code/Cpu.o
 .debug_macro   0x00000000       0x44 ./Generated_Code/Cpu.o
 .debug_macro   0x00000000      0x209 ./Generated_Code/Cpu.o
 .debug_macro   0x00000000     0x17fa ./Generated_Code/Cpu.o
 .debug_macro   0x00000000      0x14e ./Generated_Code/Cpu.o
 .debug_macro   0x00000000       0x64 ./Generated_Code/Cpu.o
 .debug_macro   0x00000000    0x174c1 ./Generated_Code/Cpu.o
 .debug_macro   0x00000000       0x94 ./Generated_Code/Cpu.o
 .group         0x00000000        0x8 ./Generated_Code/PE_LDD.o
 .group         0x00000000        0x8 ./Generated_Code/PE_LDD.o
 .group         0x00000000        0x8 ./Generated_Code/PE_LDD.o
 .group         0x00000000        0x8 ./Generated_Code/PE_LDD.o
 .group         0x00000000        0x8 ./Generated_Code/PE_LDD.o
 .group         0x00000000        0x8 ./Generated_Code/PE_LDD.o
 .group         0x00000000        0x8 ./Generated_Code/PE_LDD.o
 .group         0x00000000        0x8 ./Generated_Code/PE_LDD.o
 .group         0x00000000        0x8 ./Generated_Code/PE_LDD.o
 .text          0x00000000        0x0 ./Generated_Code/PE_LDD.o
 .data          0x00000000        0x0 ./Generated_Code/PE_LDD.o
 .bss           0x00000000        0x0 ./Generated_Code/PE_LDD.o
 .rodata.PE_CpuClockConfigurations
                0x00000000       0x28 ./Generated_Code/PE_LDD.o
 .text.PE_FillMemory
                0x00000000       0x24 ./Generated_Code/PE_LDD.o
 .text.PE_PeripheralUsed
                0x00000000       0x18 ./Generated_Code/PE_LDD.o
 .text.LDD_SetClockConfiguration
                0x00000000       0x14 ./Generated_Code/PE_LDD.o
 .debug_info    0x00000000      0x215 ./Generated_Code/PE_LDD.o
 .debug_abbrev  0x00000000       0xf3 ./Generated_Code/PE_LDD.o
 .debug_aranges
                0x00000000       0x30 ./Generated_Code/PE_LDD.o
 .debug_ranges  0x00000000       0x20 ./Generated_Code/PE_LDD.o
 .debug_macro   0x00000000       0x97 ./Generated_Code/PE_LDD.o
 .debug_macro   0x00000000      0x850 ./Generated_Code/PE_LDD.o
 .debug_macro   0x00000000       0x16 ./Generated_Code/PE_LDD.o
 .debug_macro   0x00000000       0x44 ./Generated_Code/PE_LDD.o
 .debug_macro   0x00000000      0x209 ./Generated_Code/PE_LDD.o
 .debug_macro   0x00000000     0x17fa ./Generated_Code/PE_LDD.o
 .debug_macro   0x00000000      0x14e ./Generated_Code/PE_LDD.o
 .debug_macro   0x00000000       0x64 ./Generated_Code/PE_LDD.o
 .debug_macro   0x00000000    0x174c1 ./Generated_Code/PE_LDD.o
 .debug_macro   0x00000000       0x94 ./Generated_Code/PE_LDD.o
 .debug_line    0x00000000      0x247 ./Generated_Code/PE_LDD.o
 .debug_str     0x00000000    0x8a78c ./Generated_Code/PE_LDD.o
 .comment       0x00000000       0x71 ./Generated_Code/PE_LDD.o
 .ARM.attributes
                0x00000000       0x39 ./Generated_Code/PE_LDD.o
 .debug_frame   0x00000000       0x64 ./Generated_Code/PE_LDD.o
 .group         0x00000000        0x8 ./Generated_Code/Vectors.o
 .group         0x00000000        0x8 ./Generated_Code/Vectors.o
 .group         0x00000000        0x8 ./Generated_Code/Vectors.o
 .group         0x00000000        0x8 ./Generated_Code/Vectors.o
 .group         0x00000000        0x8 ./Generated_Code/Vectors.o
 .group         0x00000000        0x8 ./Generated_Code/Vectors.o
 .group         0x00000000        0x8 ./Generated_Code/Vectors.o
 .group         0x00000000        0x8 ./Generated_Code/Vectors.o
 .group         0x00000000        0x8 ./Generated_Code/Vectors.o
 .group         0x00000000        0x8 ./Generated_Code/Vectors.o
 .text          0x00000000        0x0 ./Generated_Code/Vectors.o
 .data          0x00000000        0x0 ./Generated_Code/Vectors.o
 .bss           0x00000000        0x0 ./Generated_Code/Vectors.o
 .debug_macro   0x00000000      0x850 ./Generated_Code/Vectors.o
 .debug_macro   0x00000000       0x16 ./Generated_Code/Vectors.o
 .debug_macro   0x00000000       0x44 ./Generated_Code/Vectors.o
 .debug_macro   0x00000000      0x209 ./Generated_Code/Vectors.o
 .debug_macro   0x00000000     0x17fa ./Generated_Code/Vectors.o
 .debug_macro   0x00000000      0x14e ./Generated_Code/Vectors.o
 .debug_macro   0x00000000       0x64 ./Generated_Code/Vectors.o
 .debug_macro   0x00000000    0x174c1 ./Generated_Code/Vectors.o
 .debug_macro   0x00000000       0x94 ./Generated_Code/Vectors.o
 .debug_macro   0x00000000       0x22 ./Generated_Code/Vectors.o
 .data          0x00000000        0x0 c:/freescale/kds_v3/toolchain/bin/../lib/gcc/arm-none-eabi/4.8.4/armv7e-m/fpu\libgcc.a(_arm_addsubdf3.o)
 .bss           0x00000000        0x0 c:/freescale/kds_v3/toolchain/bin/../lib/gcc/arm-none-eabi/4.8.4/armv7e-m/fpu\libgcc.a(_arm_addsubdf3.o)
 .data          0x00000000        0x0 c:/freescale/kds_v3/toolchain/bin/../lib/gcc/arm-none-eabi/4.8.4/armv7e-m/fpu\libgcc.a(_arm_muldivdf3.o)
 .bss           0x00000000        0x0 c:/freescale/kds_v3/toolchain/bin/../lib/gcc/arm-none-eabi/4.8.4/armv7e-m/fpu\libgcc.a(_arm_muldivdf3.o)
 .data          0x00000000        0x0 c:/freescale/kds_v3/toolchain/bin/../lib/gcc/arm-none-eabi/4.8.4/armv7e-m/fpu\libgcc.a(_arm_fixunsdfsi.o)
 .bss           0x00000000        0x0 c:/freescale/kds_v3/toolchain/bin/../lib/gcc/arm-none-eabi/4.8.4/armv7e-m/fpu\libgcc.a(_arm_fixunsdfsi.o)
 .text          0x00000000        0x0 c:/freescale/kds_v3/toolchain/bin/../lib/gcc/arm-none-eabi/4.8.4/../../../../arm-none-eabi/lib/armv7e-m/fpu\libg_s.a(lib_a-exit.o)
 .data          0x00000000        0x0 c:/freescale/kds_v3/toolchain/bin/../lib/gcc/arm-none-eabi/4.8.4/../../../../arm-none-eabi/lib/armv7e-m/fpu\libg_s.a(lib_a-exit.o)
 .bss           0x00000000        0x0 c:/freescale/kds_v3/toolchain/bin/../lib/gcc/arm-none-eabi/4.8.4/../../../../arm-none-eabi/lib/armv7e-m/fpu\libg_s.a(lib_a-exit.o)
 .text          0x00000000        0x0 c:/freescale/kds_v3/toolchain/bin/../lib/gcc/arm-none-eabi/4.8.4/../../../../arm-none-eabi/lib/armv7e-m/fpu\libg_s.a(lib_a-impure.o)
 .data          0x00000000        0x0 c:/freescale/kds_v3/toolchain/bin/../lib/gcc/arm-none-eabi/4.8.4/../../../../arm-none-eabi/lib/armv7e-m/fpu\libg_s.a(lib_a-impure.o)
 .bss           0x00000000        0x0 c:/freescale/kds_v3/toolchain/bin/../lib/gcc/arm-none-eabi/4.8.4/../../../../arm-none-eabi/lib/armv7e-m/fpu\libg_s.a(lib_a-impure.o)
 .data._impure_ptr
                0x00000000        0x4 c:/freescale/kds_v3/toolchain/bin/../lib/gcc/arm-none-eabi/4.8.4/../../../../arm-none-eabi/lib/armv7e-m/fpu\libg_s.a(lib_a-impure.o)
 .text          0x00000000        0x0 c:/freescale/kds_v3/toolchain/bin/../lib/gcc/arm-none-eabi/4.8.4/../../../../arm-none-eabi/lib/armv7e-m/fpu\libg_s.a(lib_a-init.o)
 .data          0x00000000        0x0 c:/freescale/kds_v3/toolchain/bin/../lib/gcc/arm-none-eabi/4.8.4/../../../../arm-none-eabi/lib/armv7e-m/fpu\libg_s.a(lib_a-init.o)
 .bss           0x00000000        0x0 c:/freescale/kds_v3/toolchain/bin/../lib/gcc/arm-none-eabi/4.8.4/../../../../arm-none-eabi/lib/armv7e-m/fpu\libg_s.a(lib_a-init.o)
 .text          0x00000000        0x0 c:/freescale/kds_v3/toolchain/bin/../lib/gcc/arm-none-eabi/4.8.4/../../../../arm-none-eabi/lib/armv7e-m/fpu\libg_s.a(lib_a-memset.o)
 .data          0x00000000        0x0 c:/freescale/kds_v3/toolchain/bin/../lib/gcc/arm-none-eabi/4.8.4/../../../../arm-none-eabi/lib/armv7e-m/fpu\libg_s.a(lib_a-memset.o)
 .bss           0x00000000        0x0 c:/freescale/kds_v3/toolchain/bin/../lib/gcc/arm-none-eabi/4.8.4/../../../../arm-none-eabi/lib/armv7e-m/fpu\libg_s.a(lib_a-memset.o)
 .text          0x00000000        0x0 c:/freescale/kds_v3/toolchain/bin/../lib/gcc/arm-none-eabi/4.8.4/../../../../arm-none-eabi/lib/armv7e-m/fpu\libnosys.a(_exit.o)
 .data          0x00000000        0x0 c:/freescale/kds_v3/toolchain/bin/../lib/gcc/arm-none-eabi/4.8.4/../../../../arm-none-eabi/lib/armv7e-m/fpu\libnosys.a(_exit.o)
 .bss           0x00000000        0x0 c:/freescale/kds_v3/toolchain/bin/../lib/gcc/arm-none-eabi/4.8.4/../../../../arm-none-eabi/lib/armv7e-m/fpu\libnosys.a(_exit.o)
 .text          0x00000000        0x0 c:/freescale/kds_v3/toolchain/bin/../lib/gcc/arm-none-eabi/4.8.4/armv7e-m/fpu/crtend.o
 .data          0x00000000        0x0 c:/freescale/kds_v3/toolchain/bin/../lib/gcc/arm-none-eabi/4.8.4/armv7e-m/fpu/crtend.o
 .bss           0x00000000        0x0 c:/freescale/kds_v3/toolchain/bin/../lib/gcc/arm-none-eabi/4.8.4/armv7e-m/fpu/crtend.o
 .eh_frame      0x00000000        0x4 c:/freescale/kds_v3/toolchain/bin/../lib/gcc/arm-none-eabi/4.8.4/armv7e-m/fpu/crtend.o
 .jcr           0x00000000        0x4 c:/freescale/kds_v3/toolchain/bin/../lib/gcc/arm-none-eabi/4.8.4/armv7e-m/fpu/crtend.o
 .ARM.attributes
                0x00000000       0x34 c:/freescale/kds_v3/toolchain/bin/../lib/gcc/arm-none-eabi/4.8.4/armv7e-m/fpu/crtend.o
 .text          0x00000000        0x0 c:/freescale/kds_v3/toolchain/bin/../lib/gcc/arm-none-eabi/4.8.4/armv7e-m/fpu/crtn.o
 .data          0x00000000        0x0 c:/freescale/kds_v3/toolchain/bin/../lib/gcc/arm-none-eabi/4.8.4/armv7e-m/fpu/crtn.o
 .bss           0x00000000        0x0 c:/freescale/kds_v3/toolchain/bin/../lib/gcc/arm-none-eabi/4.8.4/armv7e-m/fpu/crtn.o

Memory Configuration

Name             Origin             Length             Attributes
m_interrupts     0x00000000         0x000001e8         xr
m_text           0x00000410         0x0007fbf0         xr
m_data           0x1fff0000         0x00010000         rw
m_data_20000000  0x20000000         0x00010000         rw
m_cfmprotrom     0x00000400         0x00000010         xr
*default*        0x00000000         0xffffffff

Linker script and memory map

LOAD c:/freescale/kds_v3/toolchain/bin/../lib/gcc/arm-none-eabi/4.8.4/armv7e-m/fpu/crti.o
LOAD c:/freescale/kds_v3/toolchain/bin/../lib/gcc/arm-none-eabi/4.8.4/armv7e-m/fpu/crtbegin.o
LOAD c:/freescale/kds_v3/toolchain/bin/../lib/gcc/arm-none-eabi/4.8.4/../../../../arm-none-eabi/lib/armv7e-m/fpu/crt0.o
LOAD ./Sources/Events.o
LOAD ./Sources/FIFO.o
LOAD ./Sources/FTM.o
LOAD ./Sources/Flash.o
LOAD ./Sources/LEDs.o
LOAD ./Sources/PIT.o
LOAD ./Sources/RTC.o
LOAD ./Sources/SCP.o
LOAD ./Sources/UART.o
LOAD ./Sources/main.o
LOAD ./Sources/packet.o
LOAD ./Project_Settings/Startup_Code/startup.o
LOAD ./Generated_Code/Cpu.o
LOAD ./Generated_Code/PE_LDD.o
LOAD ./Generated_Code/Vectors.o
LOAD c:/freescale/kds_v3/toolchain/bin/../lib/gcc/arm-none-eabi/4.8.4/../../../../arm-none-eabi/lib/armv7e-m/fpu\libstdc++_s.a
LOAD c:/freescale/kds_v3/toolchain/bin/../lib/gcc/arm-none-eabi/4.8.4/../../../../arm-none-eabi/lib/armv7e-m/fpu\libm.a
START GROUP
LOAD c:/freescale/kds_v3/toolchain/bin/../lib/gcc/arm-none-eabi/4.8.4/armv7e-m/fpu\libgcc.a
LOAD c:/freescale/kds_v3/toolchain/bin/../lib/gcc/arm-none-eabi/4.8.4/../../../../arm-none-eabi/lib/armv7e-m/fpu\libg_s.a
LOAD c:/freescale/kds_v3/toolchain/bin/../lib/gcc/arm-none-eabi/4.8.4/../../../../arm-none-eabi/lib/armv7e-m/fpu\libc_s.a
END GROUP
START GROUP
LOAD c:/freescale/kds_v3/toolchain/bin/../lib/gcc/arm-none-eabi/4.8.4/armv7e-m/fpu\libgcc.a
LOAD c:/freescale/kds_v3/toolchain/bin/../lib/gcc/arm-none-eabi/4.8.4/../../../../arm-none-eabi/lib/armv7e-m/fpu\libc_s.a
LOAD c:/freescale/kds_v3/toolchain/bin/../lib/gcc/arm-none-eabi/4.8.4/../../../../arm-none-eabi/lib/armv7e-m/fpu\libnosys.a
END GROUP
START GROUP
LOAD c:/freescale/kds_v3/toolchain/bin/../lib/gcc/arm-none-eabi/4.8.4/armv7e-m/fpu\libgcc.a
LOAD c:/freescale/kds_v3/toolchain/bin/../lib/gcc/arm-none-eabi/4.8.4/../../../../arm-none-eabi/lib/armv7e-m/fpu\libc_s.a
LOAD c:/freescale/kds_v3/toolchain/bin/../lib/gcc/arm-none-eabi/4.8.4/../../../../arm-none-eabi/lib/armv7e-m/fpu\libnosys.a
END GROUP
LOAD c:/freescale/kds_v3/toolchain/bin/../lib/gcc/arm-none-eabi/4.8.4/armv7e-m/fpu/crtend.o
LOAD c:/freescale/kds_v3/toolchain/bin/../lib/gcc/arm-none-eabi/4.8.4/armv7e-m/fpu/crtn.o
                0x20000000                _estack = 0x20000000
                0x20000000                __SP_INIT = _estack
                0x20000000                __stack = _estack
                0x00000000                __heap_size = 0x0
                0x00000400                __stack_size = 0x400

.interrupts     0x00000000      0x1e8
                0x00000000                __vector_table = .
                0x00000000                . = ALIGN (0x4)
 *(.vectortable)
 .vectortable   0x00000000      0x1e8 ./Generated_Code/Vectors.o
                0x00000000                __vect_table
                0x000001e8                . = ALIGN (0x4)

.cfmprotect     0x00000400       0x10
                0x00000400                . = ALIGN (0x4)
 *(.cfmconfig)
 .cfmconfig     0x00000400       0x10 ./Generated_Code/Cpu.o
                0x00000400                _cfm
                0x00000410                . = ALIGN (0x4)

.text           0x00000410     0x23bc
                0x00000410                . = ALIGN (0x4)
 *(.text)
 .text          0x00000410       0x54 c:/freescale/kds_v3/toolchain/bin/../lib/gcc/arm-none-eabi/4.8.4/armv7e-m/fpu/crtbegin.o
 .text          0x00000464       0x74 c:/freescale/kds_v3/toolchain/bin/../lib/gcc/arm-none-eabi/4.8.4/../../../../arm-none-eabi/lib/armv7e-m/fpu/crt0.o
                0x00000464                _start
                0x00000464                _mainCRTStartup
 .text          0x000004d8      0x370 c:/freescale/kds_v3/toolchain/bin/../lib/gcc/arm-none-eabi/4.8.4/armv7e-m/fpu\libgcc.a(_arm_addsubdf3.o)
                0x000004d8                __aeabi_drsub
                0x000004e0                __aeabi_dsub
                0x000004e0                __subdf3
                0x000004e4                __aeabi_dadd
                0x000004e4                __adddf3
                0x0000075c                __floatunsidf
                0x0000075c                __aeabi_ui2d
                0x0000077c                __floatsidf
                0x0000077c                __aeabi_i2d
                0x000007a0                __aeabi_f2d
                0x000007a0                __extendsfdf2
                0x000007dc                __floatundidf
                0x000007dc                __aeabi_ul2d
                0x000007ec                __floatdidf
                0x000007ec                __aeabi_l2d
 .text          0x00000848      0x424 c:/freescale/kds_v3/toolchain/bin/../lib/gcc/arm-none-eabi/4.8.4/armv7e-m/fpu\libgcc.a(_arm_muldivdf3.o)
                0x00000848                __aeabi_dmul
                0x00000848                __muldf3
                0x00000a9c                __divdf3
                0x00000a9c                __aeabi_ddiv
 .text          0x00000c6c       0x40 c:/freescale/kds_v3/toolchain/bin/../lib/gcc/arm-none-eabi/4.8.4/armv7e-m/fpu\libgcc.a(_arm_fixunsdfsi.o)
                0x00000c6c                __aeabi_d2uiz
                0x00000c6c                __fixunsdfsi
 *(.text*)
 .text.FIFO_Init
                0x00000cac       0x24 ./Sources/FIFO.o
                0x00000cac                FIFO_Init
 .text.FIFO_Put
                0x00000cd0       0xa4 ./Sources/FIFO.o
                0x00000cd0                FIFO_Put
 .text.FIFO_Get
                0x00000d74       0xa4 ./Sources/FIFO.o
                0x00000d74                FIFO_Get
 .text.FTM_Init
                0x00000e18       0xd8 ./Sources/FTM.o
                0x00000e18                FTM_Init
 .text.FTM_Set  0x00000ef0      0x1c4 ./Sources/FTM.o
                0x00000ef0                FTM_Set
 .text.FTM_StartTimer
                0x000010b4       0x90 ./Sources/FTM.o
                0x000010b4                FTM_StartTimer
 .text.FTM0_ISR
                0x00001144       0xb8 ./Sources/FTM.o
                0x00001144                FTM0_ISR
 .text.LaunchCommand
                0x000011fc       0xc0 ./Sources/Flash.o
 .text.WritePhrase
                0x000012bc       0x44 ./Sources/Flash.o
 .text.EraseSector
                0x00001300       0x38 ./Sources/Flash.o
 .text.ModifyPhrase
                0x00001338       0x34 ./Sources/Flash.o
 .text.Flash_Init
                0x0000136c       0x10 ./Sources/Flash.o
                0x0000136c                Flash_Init
 .text.Flash_AllocateVar
                0x0000137c       0x90 ./Sources/Flash.o
                0x0000137c                Flash_AllocateVar
 .text.Flash_Write32
                0x0000140c       0x58 ./Sources/Flash.o
                0x0000140c                Flash_Write32
 .text.Flash_Write16
                0x00001464       0x60 ./Sources/Flash.o
                0x00001464                Flash_Write16
 .text.Flash_Write8
                0x000014c4       0x6c ./Sources/Flash.o
                0x000014c4                Flash_Write8
 .text.Flash_Erase
                0x00001530       0x14 ./Sources/Flash.o
                0x00001530                Flash_Erase
 .text.LEDs_Init
                0x00001544       0xb8 ./Sources/LEDs.o
                0x00001544                LEDs_Init
 .text.LEDs_On  0x000015fc       0x74 ./Sources/LEDs.o
                0x000015fc                LEDs_On
 .text.LEDs_Toggle
                0x00001670       0x1c ./Sources/LEDs.o
                0x00001670                LEDs_Toggle
 *fill*         0x0000168c        0x4 
 .text.PIT_Init
                0x00001690      0x108 ./Sources/PIT.o
                0x00001690                PIT_Init
 .text.PIT_Set  0x00001798       0x40 ./Sources/PIT.o
                0x00001798                PIT_Set
 .text.PIT_Enable
                0x000017d8       0x40 ./Sources/PIT.o
                0x000017d8                PIT_Enable
 .text.PIT_ISR  0x00001818       0x48 ./Sources/PIT.o
                0x00001818                PIT_ISR
 .text.RTC_Init
                0x00001860       0x2c ./Sources/RTC.o
                0x00001860                RTC_Init
 .text.RTC_Set  0x0000188c       0x1c ./Sources/RTC.o
                0x0000188c                RTC_Set
 .text.RTC_ISR  0x000018a8       0x34 ./Sources/RTC.o
                0x000018a8                RTC_ISR
 .text.SCP_SendStartUpValues
                0x000018dc       0x54 ./Sources/SCP.o
                0x000018dc                SCP_SendStartUpValues
 .text.SendVersion
                0x00001930       0x18 ./Sources/SCP.o
                0x00001930                SendVersion
 .text.HandleTowerNumber
                0x00001948       0x28 ./Sources/SCP.o
                0x00001948                HandleTowerNumber
 .text.SendTowerNumber
                0x00001970       0x28 ./Sources/SCP.o
                0x00001970                SendTowerNumber
 .text.SetTowerNumber
                0x00001998       0x9c ./Sources/SCP.o
                0x00001998                SetTowerNumber
 .text.HandleTowerMode
                0x00001a34       0x28 ./Sources/SCP.o
                0x00001a34                HandleTowerMode
 .text.SendTowerMode
                0x00001a5c       0x28 ./Sources/SCP.o
                0x00001a5c                SendTowerMode
 .text.SetTowerMode
                0x00001a84       0x9c ./Sources/SCP.o
                0x00001a84                SetTowerMode
 .text.ReadByte
                0x00001b20       0x30 ./Sources/SCP.o
                0x00001b20                ReadByte
 .text.ProgramByte
                0x00001b50       0x34 ./Sources/SCP.o
                0x00001b50                ProgramByte
 .text.SendTime
                0x00001b84       0x10 ./Sources/SCP.o
                0x00001b84                SendTime
 .text.SetTime  0x00001b94       0x28 ./Sources/SCP.o
                0x00001b94                SetTime
 .text.ACK      0x00001bbc       0x24 ./Sources/SCP.o
                0x00001bbc                ACK
 .text.NAK      0x00001be0       0x30 ./Sources/SCP.o
                0x00001be0                NAK
 .text.SCP_Packet_Handle
                0x00001c10       0x90 ./Sources/SCP.o
                0x00001c10                SCP_Packet_Handle
 .text.SCP_Packet_Handle_Ack
                0x00001ca0       0x34 ./Sources/SCP.o
                0x00001ca0                SCP_Packet_Handle_Ack
 .text.UART_Init
                0x00001cd4      0x13c ./Sources/UART.o
                0x00001cd4                UART_Init
 .text.UART_InChar
                0x00001e10       0x20 ./Sources/UART.o
                0x00001e10                UART_InChar
 .text.UART_OutChar
                0x00001e30       0x24 ./Sources/UART.o
                0x00001e30                UART_OutChar
 .text.UART_ISR
                0x00001e54       0x74 ./Sources/UART.o
                0x00001e54                UART_ISR
 .text.PITCallback
                0x00001ec8       0x18 ./Sources/main.o
                0x00001ec8                PITCallback
 .text.RTCCallback
                0x00001ee0       0x1c ./Sources/main.o
                0x00001ee0                RTCCallback
 .text.FTMCallback
                0x00001efc       0x18 ./Sources/main.o
                0x00001efc                FTMCallback
 .text.main     0x00001f14      0x1b0 ./Sources/main.o
                0x00001f14                main
 .text.CheckSum
                0x000020c4       0x3c ./Sources/packet.o
                0x000020c4                CheckSum
 .text.Packet_Acknowledgement_Required
                0x00002100       0x28 ./Sources/packet.o
                0x00002100                Packet_Acknowledgement_Required
 .text.Packet_Init
                0x00002128       0x48 ./Sources/packet.o
                0x00002128                Packet_Init
 .text.Packet_Get
                0x00002170       0xdc ./Sources/packet.o
                0x00002170                Packet_Get
 .text.Packet_Put
                0x0000224c       0x68 ./Sources/packet.o
                0x0000224c                Packet_Put
 .text.__copy_rom_section
                0x000022b4       0xe4 ./Project_Settings/Startup_Code/startup.o
                0x000022b4                __copy_rom_section
 .text.__copy_rom_sections_to_ram
                0x00002398       0x9c ./Project_Settings/Startup_Code/startup.o
                0x00002398                __copy_rom_sections_to_ram
 .text.__init_registers
                0x00002434       0x20 ./Project_Settings/Startup_Code/startup.o
                0x00002434                __init_registers
 .text.__init_user
                0x00002454        0xc ./Project_Settings/Startup_Code/startup.o
                0x00002454                __init_user
 .text.__thumb_startup
                0x00002460       0x34 ./Project_Settings/Startup_Code/startup.o
                0x00002460                __thumb_startup
 .text.Cpu_Interrupt
                0x00002494       0x18 ./Generated_Code/Cpu.o
                0x00002494                Cpu_Interrupt
 .text.__init_hardware
                0x000024ac      0x17c ./Generated_Code/Cpu.o
                0x000024ac                __init_hardware
 .text.Cpu_SetBASEPRI
                0x00002628       0x18 ./Generated_Code/Cpu.o
                0x00002628                Cpu_SetBASEPRI
 .text.PE_low_level_init
                0x00002640       0xe4 ./Generated_Code/Cpu.o
                0x00002640                PE_low_level_init
 .text.exit     0x00002724       0x28 c:/freescale/kds_v3/toolchain/bin/../lib/gcc/arm-none-eabi/4.8.4/../../../../arm-none-eabi/lib/armv7e-m/fpu\libg_s.a(lib_a-exit.o)
                0x00002724                exit
 .text.__libc_init_array
                0x0000274c       0x4c c:/freescale/kds_v3/toolchain/bin/../lib/gcc/arm-none-eabi/4.8.4/../../../../arm-none-eabi/lib/armv7e-m/fpu\libg_s.a(lib_a-init.o)
                0x0000274c                __libc_init_array
 .text.memset   0x00002798       0x10 c:/freescale/kds_v3/toolchain/bin/../lib/gcc/arm-none-eabi/4.8.4/../../../../arm-none-eabi/lib/armv7e-m/fpu\libg_s.a(lib_a-memset.o)
                0x00002798                memset
 .text._exit    0x000027a8        0x4 c:/freescale/kds_v3/toolchain/bin/../lib/gcc/arm-none-eabi/4.8.4/../../../../arm-none-eabi/lib/armv7e-m/fpu\libnosys.a(_exit.o)
                0x000027a8                _exit
 *(.rodata)
 *(.rodata*)
 .rodata.PACKET_ACK_MASK
                0x000027ac        0x1 ./Sources/packet.o
                0x000027ac                PACKET_ACK_MASK
 .rodata.str1.1
                0x000027ad        0x2 c:/freescale/kds_v3/toolchain/bin/../lib/gcc/arm-none-eabi/4.8.4/../../../../arm-none-eabi/lib/armv7e-m/fpu\libg_s.a(lib_a-impure.o)
 *fill*         0x000027af        0x1 
 .rodata._global_impure_ptr
                0x000027b0        0x4 c:/freescale/kds_v3/toolchain/bin/../lib/gcc/arm-none-eabi/4.8.4/../../../../arm-none-eabi/lib/armv7e-m/fpu\libg_s.a(lib_a-impure.o)
                0x000027b0                _global_impure_ptr
 *(.glue_7)
 .glue_7        0x00000000        0x0 linker stubs
 *(.glue_7t)
 .glue_7t       0x00000000        0x0 linker stubs
 *(.eh_frame)
 .eh_frame      0x000027b4        0x0 c:/freescale/kds_v3/toolchain/bin/../lib/gcc/arm-none-eabi/4.8.4/armv7e-m/fpu/crtbegin.o
 *(.init)
 .init          0x000027b4        0x4 c:/freescale/kds_v3/toolchain/bin/../lib/gcc/arm-none-eabi/4.8.4/armv7e-m/fpu/crti.o
                0x000027b4                _init
 .init          0x000027b8        0x8 c:/freescale/kds_v3/toolchain/bin/../lib/gcc/arm-none-eabi/4.8.4/armv7e-m/fpu/crtn.o
 *(.fini)
 .fini          0x000027c0        0x4 c:/freescale/kds_v3/toolchain/bin/../lib/gcc/arm-none-eabi/4.8.4/armv7e-m/fpu/crti.o
                0x000027c0                _fini
 .fini          0x000027c4        0x8 c:/freescale/kds_v3/toolchain/bin/../lib/gcc/arm-none-eabi/4.8.4/armv7e-m/fpu/crtn.o
                0x000027cc                . = ALIGN (0x4)
                0x000027cc                _etext = .

.vfp11_veneer   0x000027cc        0x0
 .vfp11_veneer  0x00000000        0x0 linker stubs

.v4_bx          0x000027cc        0x0
 .v4_bx         0x00000000        0x0 linker stubs

.iplt           0x000027cc        0x0
 .iplt          0x00000000        0x0 c:/freescale/kds_v3/toolchain/bin/../lib/gcc/arm-none-eabi/4.8.4/armv7e-m/fpu/crtbegin.o

.ARM.extab
 *(.ARM.extab* .gnu.linkonce.armextab.*)

.ARM            0x000027cc        0x8
                0x000027cc                __exidx_start = .
 *(.ARM.exidx*)
 .ARM.exidx     0x000027cc        0x8 c:/freescale/kds_v3/toolchain/bin/../lib/gcc/arm-none-eabi/4.8.4/../../../../arm-none-eabi/lib/armv7e-m/fpu/crt0.o
                0x000027d4                __exidx_end = .

.rel.dyn        0x000027d4        0x0
 .rel.iplt      0x00000000        0x0 c:/freescale/kds_v3/toolchain/bin/../lib/gcc/arm-none-eabi/4.8.4/armv7e-m/fpu/crtbegin.o

.ctors          0x000027d4        0x0
                0x000027d4                __CTOR_LIST__ = .
 *crtbegin.o(.ctors)
 *(EXCLUDE_FILE(*crtend.o) .ctors)
 *(SORT(.ctors.*))
 *(.ctors)
                0x000027d4                __CTOR_END__ = .

.dtors          0x000027d4        0x0
                0x000027d4                __DTOR_LIST__ = .
 *crtbegin.o(.dtors)
 *(EXCLUDE_FILE(*crtend.o) .dtors)
 *(SORT(.dtors.*))
 *(.dtors)
                0x000027d4                __DTOR_END__ = .

.preinit_array  0x000027d4        0x0
                0x000027d4                PROVIDE (__preinit_array_start, .)
 *(.preinit_array*)
                0x000027d4                PROVIDE (__preinit_array_end, .)

.init_array     0x000027d4        0x4
                0x000027d4                PROVIDE (__init_array_start, .)
 *(SORT(.init_array.*))
 *(.init_array*)
 .init_array    0x000027d4        0x4 c:/freescale/kds_v3/toolchain/bin/../lib/gcc/arm-none-eabi/4.8.4/armv7e-m/fpu/crtbegin.o
                0x000027d8                PROVIDE (__init_array_end, .)

.fini_array     0x000027d8        0x4
                0x000027d8                PROVIDE (__fini_array_start, .)
 *(SORT(.fini_array.*))
 *(.fini_array*)
 .fini_array    0x000027d8        0x4 c:/freescale/kds_v3/toolchain/bin/../lib/gcc/arm-none-eabi/4.8.4/armv7e-m/fpu/crtbegin.o
                0x000027dc                PROVIDE (__fini_array_end, .)
                0x000027dc                ___ROM_AT = .

.data           0x1fff0000       0x60 load address 0x000027dc
                0x1fff0000                . = ALIGN (0x4)
                0x1fff0000                _sdata = .
 *(.data)
 *(.data*)
 .data.impure_data
                0x1fff0000       0x60 c:/freescale/kds_v3/toolchain/bin/../lib/gcc/arm-none-eabi/4.8.4/../../../../arm-none-eabi/lib/armv7e-m/fpu\libg_s.a(lib_a-impure.o)
                0x1fff0060                . = ALIGN (0x4)
                0x1fff0060                _edata = .
                0x00000060                ___data_size = (_edata - _sdata)
                0x0000283c                ___m_data_20000000_ROMStart = (___ROM_AT + SIZEOF (.data))

.jcr            0x1fff0060        0x0 load address 0x0000283c
 .jcr           0x1fff0060        0x0 c:/freescale/kds_v3/toolchain/bin/../lib/gcc/arm-none-eabi/4.8.4/armv7e-m/fpu/crtbegin.o

.igot.plt       0x1fff0060        0x0 load address 0x0000283c
 .igot.plt      0x00000000        0x0 c:/freescale/kds_v3/toolchain/bin/../lib/gcc/arm-none-eabi/4.8.4/armv7e-m/fpu/crtbegin.o

.m_data_20000000
                0x20000000        0x0 load address 0x0000283c
                0x20000000                . = ALIGN (0x4)
                0x20000000                ___m_data_20000000_RAMStart = .
 *(.m_data_20000000)
                0x20000000                ___m_data_20000000_RAMEnd = .
                0x20000000                . = ALIGN (0x4)
                0x00000000                ___m_data_20000000_ROMSize = (___m_data_20000000_RAMEnd - ___m_data_20000000_RAMStart)
                0x20000000                . = ALIGN (0x4)

.bss            0x1fff0060      0x2b0 load address 0x0000283c
                0x1fff0060                __START_BSS = .
                0x1fff0060                PROVIDE (__bss_start__, __START_BSS)
 *(.bss)
 .bss           0x1fff0060       0x1c c:/freescale/kds_v3/toolchain/bin/../lib/gcc/arm-none-eabi/4.8.4/armv7e-m/fpu/crtbegin.o
 *(.bss*)
 .bss.UserFunctions
                0x1fff007c       0x20 ./Sources/FTM.o
 .bss.UserArguments
                0x1fff009c       0x20 ./Sources/FTM.o
 .bss.flashMemoryMap.5652
                0x1fff00bc        0x1 ./Sources/Flash.o
 *fill*         0x1fff00bd        0x3 
 .bss.Clkperiod
                0x1fff00c0        0x4 ./Sources/PIT.o
 .bss.UserFunction
                0x1fff00c4        0x4 ./Sources/PIT.o
 .bss.UserArguments
                0x1fff00c8        0x4 ./Sources/PIT.o
 .bss.UserFunction
                0x1fff00cc        0x4 ./Sources/RTC.o
 .bss.UserArguments
                0x1fff00d0        0x4 ./Sources/RTC.o
 .bss.TxFIFO    0x1fff00d4      0x108 ./Sources/UART.o
 .bss.RxFIFO    0x1fff01dc      0x108 ./Sources/UART.o
 .bss.count.6601
                0x1fff02e4        0x1 ./Sources/packet.o
 .bss.SR_lock   0x1fff02e5        0x1 ./Generated_Code/Cpu.o
                0x1fff02e5                SR_lock
 *(COMMON)
 *fill*         0x1fff02e6        0x2 
 COMMON         0x1fff02e8        0xe ./Sources/SCP.o
                0x1fff02e8                NvTowerMd
                0x1fff02ec                NvTowerNb
                0x1fff02f0                towerMd
                0x1fff02f4                towerNb
 *fill*         0x1fff02f6        0x2 
 COMMON         0x1fff02f8       0x10 ./Sources/main.o
                0x1fff02f8                Timer1Sec
 COMMON         0x1fff0308        0x5 ./Sources/packet.o
                0x1fff0308                Packet
 COMMON         0x1fff030d        0x1 ./Generated_Code/Cpu.o
                0x1fff030d                SR_reg
                0x1fff0310                . = ALIGN (0x4)
 *fill*         0x1fff030e        0x2 
                0x1fff0310                __END_BSS = .
                0x1fff0310                PROVIDE (__bss_end__, __END_BSS)
                0x0000283c                _romp_at = ((___ROM_AT + SIZEOF (.data)) + SIZEOF (.m_data_20000000))

.romp           0x1fff0310       0x24 load address 0x0000283c
                0x0000283c                __S_romp = _romp_at
                0x1fff0310        0x4 LONG 0x27dc ___ROM_AT
                0x1fff0314        0x4 LONG 0x1fff0000 _sdata
                0x1fff0318        0x4 LONG 0x60 ___data_size
                0x1fff031c        0x4 LONG 0x283c ___m_data_20000000_ROMStart
                0x1fff0320        0x4 LONG 0x20000000 ___m_data_20000000_RAMStart
                0x1fff0324        0x4 LONG 0x0 ___m_data_20000000_ROMSize
                0x1fff0328        0x4 LONG 0x0
                0x1fff032c        0x4 LONG 0x0
                0x1fff0330        0x4 LONG 0x0
                0x00080000                text_end = (ORIGIN (m_text) + 0x7fbf0)
                0x00002860                data_init_end = ((___m_data_20000000_ROMStart + SIZEOF (.m_data_20000000)) + SIZEOF (.romp))
                0x00000001                ASSERT ((data_init_end <= text_end), region m_text overflowed with text and data)

._user_heap_stack
                0x1fff0334      0x400 load address 0x00002860
                0x1fff0334                . = ALIGN (0x4)
                0x1fff0334                PROVIDE (end, .)
                0x1fff0334                PROVIDE (_end, .)
                0x1fff0334                PROVIDE (__end__, .)
                0x1fff0334                __heap_addr = .
                0x1fff0334                __HeapBase = .
                0x1fff0334                . = (. + __heap_size)
                0x1fff0334                __HeapLimit = .
                0x1fff0734                . = (. + __stack_size)
 *fill*         0x1fff0334      0x400 
                0x1fff0734                . = ALIGN (0x4)

.ARM.attributes
                0x00000000       0x30
 *(.ARM.attributes)
 .ARM.attributes
                0x00000000       0x22 c:/freescale/kds_v3/toolchain/bin/../lib/gcc/arm-none-eabi/4.8.4/armv7e-m/fpu/crti.o
 .ARM.attributes
                0x00000022       0x34 c:/freescale/kds_v3/toolchain/bin/../lib/gcc/arm-none-eabi/4.8.4/armv7e-m/fpu/crtbegin.o
 .ARM.attributes
                0x00000056       0x20 c:/freescale/kds_v3/toolchain/bin/../lib/gcc/arm-none-eabi/4.8.4/../../../../arm-none-eabi/lib/armv7e-m/fpu/crt0.o
 .ARM.attributes
                0x00000076       0x39 ./Sources/FIFO.o
 .ARM.attributes
                0x000000af       0x39 ./Sources/FTM.o
 .ARM.attributes
                0x000000e8       0x39 ./Sources/Flash.o
 .ARM.attributes
                0x00000121       0x39 ./Sources/LEDs.o
 .ARM.attributes
                0x0000015a       0x39 ./Sources/PIT.o
 .ARM.attributes
                0x00000193       0x39 ./Sources/RTC.o
 .ARM.attributes
                0x000001cc       0x39 ./Sources/SCP.o
 .ARM.attributes
                0x00000205       0x39 ./Sources/UART.o
 .ARM.attributes
                0x0000023e       0x39 ./Sources/main.o
 .ARM.attributes
                0x00000277       0x39 ./Sources/packet.o
 .ARM.attributes
                0x000002b0       0x39 ./Project_Settings/Startup_Code/startup.o
 .ARM.attributes
                0x000002e9       0x39 ./Generated_Code/Cpu.o
 .ARM.attributes
                0x00000322       0x39 ./Generated_Code/Vectors.o
 .ARM.attributes
                0x0000035b       0x22 c:/freescale/kds_v3/toolchain/bin/../lib/gcc/arm-none-eabi/4.8.4/armv7e-m/fpu\libgcc.a(_arm_addsubdf3.o)
 .ARM.attributes
                0x0000037d       0x22 c:/freescale/kds_v3/toolchain/bin/../lib/gcc/arm-none-eabi/4.8.4/armv7e-m/fpu\libgcc.a(_arm_muldivdf3.o)
 .ARM.attributes
                0x0000039f       0x22 c:/freescale/kds_v3/toolchain/bin/../lib/gcc/arm-none-eabi/4.8.4/armv7e-m/fpu\libgcc.a(_arm_fixunsdfsi.o)
 .ARM.attributes
                0x000003c1       0x34 c:/freescale/kds_v3/toolchain/bin/../lib/gcc/arm-none-eabi/4.8.4/../../../../arm-none-eabi/lib/armv7e-m/fpu\libg_s.a(lib_a-exit.o)
 .ARM.attributes
                0x000003f5       0x34 c:/freescale/kds_v3/toolchain/bin/../lib/gcc/arm-none-eabi/4.8.4/../../../../arm-none-eabi/lib/armv7e-m/fpu\libg_s.a(lib_a-impure.o)
 .ARM.attributes
                0x00000429       0x34 c:/freescale/kds_v3/toolchain/bin/../lib/gcc/arm-none-eabi/4.8.4/../../../../arm-none-eabi/lib/armv7e-m/fpu\libg_s.a(lib_a-init.o)
 .ARM.attributes
                0x0000045d       0x34 c:/freescale/kds_v3/toolchain/bin/../lib/gcc/arm-none-eabi/4.8.4/../../../../arm-none-eabi/lib/armv7e-m/fpu\libg_s.a(lib_a-memset.o)
 .ARM.attributes
                0x00000491       0x34 c:/freescale/kds_v3/toolchain/bin/../lib/gcc/arm-none-eabi/4.8.4/../../../../arm-none-eabi/lib/armv7e-m/fpu\libnosys.a(_exit.o)
 .ARM.attributes
                0x000004c5       0x22 c:/freescale/kds_v3/toolchain/bin/../lib/gcc/arm-none-eabi/4.8.4/armv7e-m/fpu/crtn.o
OUTPUT(Lab3.elf elf32-littlearm)

.debug_info     0x00000000     0x4125
 .debug_info    0x00000000      0x208 ./Sources/FIFO.o
 .debug_info    0x00000208      0x7b1 ./Sources/FTM.o
 .debug_info    0x000009b9      0x698 ./Sources/Flash.o
 .debug_info    0x00001051      0x4d3 ./Sources/LEDs.o
 .debug_info    0x00001524      0x5d3 ./Sources/PIT.o
 .debug_info    0x00001af7      0x1a7 ./Sources/RTC.o
 .debug_info    0x00001c9e      0x440 ./Sources/SCP.o
 .debug_info    0x000020de      0x82c ./Sources/UART.o
 .debug_info    0x0000290a      0x45d ./Sources/main.o
 .debug_info    0x00002d67      0x376 ./Sources/packet.o
 .debug_info    0x000030dd      0x3b0 ./Project_Settings/Startup_Code/startup.o
 .debug_info    0x0000348d      0xb89 ./Generated_Code/Cpu.o
 .debug_info    0x00004016      0x10f ./Generated_Code/Vectors.o

.debug_abbrev   0x00000000     0x11a4
 .debug_abbrev  0x00000000       0xfc ./Sources/FIFO.o
 .debug_abbrev  0x000000fc      0x1cb ./Sources/FTM.o
 .debug_abbrev  0x000002c7      0x1bb ./Sources/Flash.o
 .debug_abbrev  0x00000482      0x157 ./Sources/LEDs.o
 .debug_abbrev  0x000005d9      0x188 ./Sources/PIT.o
 .debug_abbrev  0x00000761       0xcd ./Sources/RTC.o
 .debug_abbrev  0x0000082e      0x17c ./Sources/SCP.o
 .debug_abbrev  0x000009aa      0x1dd ./Sources/UART.o
 .debug_abbrev  0x00000b87      0x15a ./Sources/main.o
 .debug_abbrev  0x00000ce1      0x111 ./Sources/packet.o
 .debug_abbrev  0x00000df2      0x189 ./Project_Settings/Startup_Code/startup.o
 .debug_abbrev  0x00000f7b      0x185 ./Generated_Code/Cpu.o
 .debug_abbrev  0x00001100       0xa4 ./Generated_Code/Vectors.o

.debug_aranges  0x00000000      0x368
 .debug_aranges
                0x00000000       0x30 ./Sources/FIFO.o
 .debug_aranges
                0x00000030       0x38 ./Sources/FTM.o
 .debug_aranges
                0x00000068       0x68 ./Sources/Flash.o
 .debug_aranges
                0x000000d0       0x38 ./Sources/LEDs.o
 .debug_aranges
                0x00000108       0x38 ./Sources/PIT.o
 .debug_aranges
                0x00000140       0x38 ./Sources/RTC.o
 .debug_aranges
                0x00000178       0x98 ./Sources/SCP.o
 .debug_aranges
                0x00000210       0x40 ./Sources/UART.o
 .debug_aranges
                0x00000250       0x38 ./Sources/main.o
 .debug_aranges
                0x00000288       0x40 ./Sources/packet.o
 .debug_aranges
                0x000002c8       0x50 ./Project_Settings/Startup_Code/startup.o
 .debug_aranges
                0x00000318       0x38 ./Generated_Code/Cpu.o
 .debug_aranges
                0x00000350       0x18 ./Generated_Code/Vectors.o

.debug_ranges   0x00000000      0x290
 .debug_ranges  0x00000000       0x20 ./Sources/FIFO.o
 .debug_ranges  0x00000020       0x28 ./Sources/FTM.o
 .debug_ranges  0x00000048       0x58 ./Sources/Flash.o
 .debug_ranges  0x000000a0       0x28 ./Sources/LEDs.o
 .debug_ranges  0x000000c8       0x28 ./Sources/PIT.o
 .debug_ranges  0x000000f0       0x28 ./Sources/RTC.o
 .debug_ranges  0x00000118       0x88 ./Sources/SCP.o
 .debug_ranges  0x000001a0       0x30 ./Sources/UART.o
 .debug_ranges  0x000001d0       0x28 ./Sources/main.o
 .debug_ranges  0x000001f8       0x30 ./Sources/packet.o
 .debug_ranges  0x00000228       0x40 ./Project_Settings/Startup_Code/startup.o
 .debug_ranges  0x00000268       0x28 ./Generated_Code/Cpu.o

.debug_macro    0x00000000    0x1a183
 .debug_macro   0x00000000       0xaa ./Sources/FIFO.o
 .debug_macro   0x000000aa       0x22 ./Sources/FIFO.o
 .debug_macro   0x000000cc     0x1800 ./Sources/FIFO.o
 .debug_macro   0x000018cc       0xa4 ./Sources/FTM.o
 .debug_macro   0x00001970       0x67 ./Sources/Flash.o
 .debug_macro   0x000019d7       0x3a ./Sources/Flash.o
 .debug_macro   0x00001a11       0x9a ./Sources/LEDs.o
 .debug_macro   0x00001aab       0xac ./Sources/PIT.o
 .debug_macro   0x00001b57       0x68 ./Sources/RTC.o
 .debug_macro   0x00001bbf       0xbf ./Sources/SCP.o
 .debug_macro   0x00001c7e       0x34 ./Sources/SCP.o
 .debug_macro   0x00001cb2       0x3a ./Sources/SCP.o
 .debug_macro   0x00001cec       0xd6 ./Sources/UART.o
 .debug_macro   0x00001dc2       0x10 ./Sources/UART.o
 .debug_macro   0x00001dd2      0x114 ./Sources/main.o
 .debug_macro   0x00001ee6       0xb3 ./Sources/packet.o
 .debug_macro   0x00001f99       0x34 ./Sources/packet.o
 .debug_macro   0x00001fcd      0x121 ./Project_Settings/Startup_Code/startup.o
 .debug_macro   0x000020ee       0x58 ./Project_Settings/Startup_Code/startup.o
 .debug_macro   0x00002146       0x35 ./Project_Settings/Startup_Code/startup.o
 .debug_macro   0x0000217b       0xa3 ./Project_Settings/Startup_Code/startup.o
 .debug_macro   0x0000221e      0x166 ./Project_Settings/Startup_Code/startup.o
 .debug_macro   0x00002384       0x4a ./Project_Settings/Startup_Code/startup.o
 .debug_macro   0x000023ce       0x52 ./Project_Settings/Startup_Code/startup.o
 .debug_macro   0x00002420       0x16 ./Project_Settings/Startup_Code/startup.o
 .debug_macro   0x00002436       0x43 ./Project_Settings/Startup_Code/startup.o
 .debug_macro   0x00002479      0x180 ./Project_Settings/Startup_Code/startup.o
 .debug_macro   0x000025f9      0x2a6 ./Project_Settings/Startup_Code/startup.o
 .debug_macro   0x0000289f       0x10 ./Project_Settings/Startup_Code/startup.o
 .debug_macro   0x000028af       0x35 ./Project_Settings/Startup_Code/startup.o
 .debug_macro   0x000028e4       0x16 ./Project_Settings/Startup_Code/startup.o
 .debug_macro   0x000028fa       0x22 ./Project_Settings/Startup_Code/startup.o
 .debug_macro   0x0000291c       0x16 ./Project_Settings/Startup_Code/startup.o
 .debug_macro   0x00002932      0x20f ./Project_Settings/Startup_Code/startup.o
 .debug_macro   0x00002b41    0x174af ./Project_Settings/Startup_Code/startup.o
 .debug_macro   0x00019ff0       0xad ./Generated_Code/Cpu.o
 .debug_macro   0x0001a09d       0xe6 ./Generated_Code/Vectors.o

.debug_line     0x00000000     0x286e
 .debug_line    0x00000000      0x2ca ./Sources/FIFO.o
 .debug_line    0x000002ca      0x30c ./Sources/FTM.o
 .debug_line    0x000005d6      0x307 ./Sources/Flash.o
 .debug_line    0x000008dd      0x2ca ./Sources/LEDs.o
 .debug_line    0x00000ba7      0x2ce ./Sources/PIT.o
 .debug_line    0x00000e75      0x21b ./Sources/RTC.o
 .debug_line    0x00001090      0x3f9 ./Sources/SCP.o
 .debug_line    0x00001489      0x311 ./Sources/UART.o
 .debug_line    0x0000179a      0x368 ./Sources/main.o
 .debug_line    0x00001b02      0x2fb ./Sources/packet.o
 .debug_line    0x00001dfd      0x3f1 ./Project_Settings/Startup_Code/startup.o
 .debug_line    0x000021ee      0x362 ./Generated_Code/Cpu.o
 .debug_line    0x00002550      0x31e ./Generated_Code/Vectors.o

.debug_str      0x00000000    0x8dcd1
 .debug_str     0x00000000    0x8a56b ./Sources/FIFO.o
                              0x8a6df (size before relaxing)
 .debug_str     0x0008a56b      0x3cc ./Sources/FTM.o
                              0x8aa48 (size before relaxing)
 .debug_str     0x0008a937      0x39e ./Sources/Flash.o
                              0x8311c (size before relaxing)
 .debug_str     0x0008acd5       0xe1 ./Sources/LEDs.o
                              0x8a827 (size before relaxing)
 .debug_str     0x0008adb6       0xa7 ./Sources/PIT.o
                              0x8a87d (size before relaxing)
 .debug_str     0x0008ae5d       0x4f ./Sources/RTC.o
                              0x82db2 (size before relaxing)
 .debug_str     0x0008aeac      0x3c9 ./Sources/SCP.o
                              0x8abfa (size before relaxing)
 .debug_str     0x0008b275      0x131 ./Sources/UART.o
                              0x8aaf7 (size before relaxing)
 .debug_str     0x0008b3a6       0x55 ./Sources/main.o
                              0x8ad36 (size before relaxing)
 .debug_str     0x0008b3fb       0x6e ./Sources/packet.o
                              0x8a991 (size before relaxing)
 .debug_str     0x0008b469     0x2663 ./Project_Settings/Startup_Code/startup.o
                              0x85406 (size before relaxing)
 .debug_str     0x0008dacc      0x1e9 ./Generated_Code/Cpu.o
                              0x8aa04 (size before relaxing)
 .debug_str     0x0008dcb5       0x1c ./Generated_Code/Vectors.o
                              0x8a6b8 (size before relaxing)

.comment        0x00000000       0x70
 .comment       0x00000000       0x70 ./Sources/FIFO.o
                                 0x71 (size before relaxing)
 .comment       0x00000000       0x71 ./Sources/FTM.o
 .comment       0x00000000       0x71 ./Sources/Flash.o
 .comment       0x00000000       0x71 ./Sources/LEDs.o
 .comment       0x00000000       0x71 ./Sources/PIT.o
 .comment       0x00000000       0x71 ./Sources/RTC.o
 .comment       0x00000000       0x71 ./Sources/SCP.o
 .comment       0x00000000       0x71 ./Sources/UART.o
 .comment       0x00000000       0x71 ./Sources/main.o
 .comment       0x00000000       0x71 ./Sources/packet.o
 .comment       0x00000000       0x71 ./Project_Settings/Startup_Code/startup.o
 .comment       0x00000000       0x71 ./Generated_Code/Cpu.o
 .comment       0x00000000       0x71 ./Generated_Code/Vectors.o

.debug_frame    0x00000000      0x95c
 .debug_frame   0x00000000       0x64 ./Sources/FIFO.o
 .debug_frame   0x00000064       0x88 ./Sources/FTM.o
 .debug_frame   0x000000ec      0x13c ./Sources/Flash.o
 .debug_frame   0x00000228       0x80 ./Sources/LEDs.o
 .debug_frame   0x000002a8       0x90 ./Sources/PIT.o
 .debug_frame   0x00000338       0x88 ./Sources/RTC.o
 .debug_frame   0x000003c0      0x1dc ./Sources/SCP.o
 .debug_frame   0x0000059c       0xb4 ./Sources/UART.o
 .debug_frame   0x00000650       0x90 ./Sources/main.o
 .debug_frame   0x000006e0       0xa8 ./Sources/packet.o
 .debug_frame   0x00000788       0xc0 ./Project_Settings/Startup_Code/startup.o
 .debug_frame   0x00000848       0x80 ./Generated_Code/Cpu.o
 .debug_frame   0x000008c8       0x28 c:/freescale/kds_v3/toolchain/bin/../lib/gcc/arm-none-eabi/4.8.4/../../../../arm-none-eabi/lib/armv7e-m/fpu\libg_s.a(lib_a-exit.o)
 .debug_frame   0x000008f0       0x2c c:/freescale/kds_v3/toolchain/bin/../lib/gcc/arm-none-eabi/4.8.4/../../../../arm-none-eabi/lib/armv7e-m/fpu\libg_s.a(lib_a-init.o)
 .debug_frame   0x0000091c       0x20 c:/freescale/kds_v3/toolchain/bin/../lib/gcc/arm-none-eabi/4.8.4/../../../../arm-none-eabi/lib/armv7e-m/fpu\libg_s.a(lib_a-memset.o)
 .debug_frame   0x0000093c       0x20 c:/freescale/kds_v3/toolchain/bin/../lib/gcc/arm-none-eabi/4.8.4/../../../../arm-none-eabi/lib/armv7e-m/fpu\libnosys.a(_exit.o)
