Archive member included because of file (symbol)

C:\Users\12443166\git\es18aut35\Lab3V7\Library\libOS.a(OS.o)
                              ./Generated_Code/Vectors.o (OS_ContextSwitchISR)
c:/freescale/kds_3.0.0/toolchain/bin/../lib/gcc/arm-none-eabi/4.8.4/armv7e-m/fpu\libgcc.a(_arm_addsubdf3.o)
                              ./Sources/PIT.o (__aeabi_ui2d)
c:/freescale/kds_3.0.0/toolchain/bin/../lib/gcc/arm-none-eabi/4.8.4/armv7e-m/fpu\libgcc.a(_arm_muldivdf3.o)
                              ./Sources/PIT.o (__aeabi_ddiv)
c:/freescale/kds_3.0.0/toolchain/bin/../lib/gcc/arm-none-eabi/4.8.4/armv7e-m/fpu\libgcc.a(_arm_fixunsdfsi.o)
                              ./Sources/PIT.o (__aeabi_d2uiz)
c:/freescale/kds_3.0.0/toolchain/bin/../lib/gcc/arm-none-eabi/4.8.4/../../../../arm-none-eabi/lib/armv7e-m/fpu\libg_s.a(lib_a-exit.o)
                              c:/freescale/kds_3.0.0/toolchain/bin/../lib/gcc/arm-none-eabi/4.8.4/../../../../arm-none-eabi/lib/armv7e-m/fpu/crt0.o (exit)
c:/freescale/kds_3.0.0/toolchain/bin/../lib/gcc/arm-none-eabi/4.8.4/../../../../arm-none-eabi/lib/armv7e-m/fpu\libg_s.a(lib_a-impure.o)
                              c:/freescale/kds_3.0.0/toolchain/bin/../lib/gcc/arm-none-eabi/4.8.4/../../../../arm-none-eabi/lib/armv7e-m/fpu\libg_s.a(lib_a-exit.o) (_global_impure_ptr)
c:/freescale/kds_3.0.0/toolchain/bin/../lib/gcc/arm-none-eabi/4.8.4/../../../../arm-none-eabi/lib/armv7e-m/fpu\libg_s.a(lib_a-init.o)
                              c:/freescale/kds_3.0.0/toolchain/bin/../lib/gcc/arm-none-eabi/4.8.4/../../../../arm-none-eabi/lib/armv7e-m/fpu/crt0.o (__libc_init_array)
c:/freescale/kds_3.0.0/toolchain/bin/../lib/gcc/arm-none-eabi/4.8.4/../../../../arm-none-eabi/lib/armv7e-m/fpu\libg_s.a(lib_a-memcpy-stub.o)
                              ./Sources/I2C.o (memcpy)
c:/freescale/kds_3.0.0/toolchain/bin/../lib/gcc/arm-none-eabi/4.8.4/../../../../arm-none-eabi/lib/armv7e-m/fpu\libg_s.a(lib_a-memset.o)
                              c:/freescale/kds_3.0.0/toolchain/bin/../lib/gcc/arm-none-eabi/4.8.4/../../../../arm-none-eabi/lib/armv7e-m/fpu/crt0.o (memset)
c:/freescale/kds_3.0.0/toolchain/bin/../lib/gcc/arm-none-eabi/4.8.4/../../../../arm-none-eabi/lib/armv7e-m/fpu\libnosys.a(_exit.o)
                              c:/freescale/kds_3.0.0/toolchain/bin/../lib/gcc/arm-none-eabi/4.8.4/../../../../arm-none-eabi/lib/armv7e-m/fpu\libg_s.a(lib_a-exit.o) (_exit)

Allocating common symbols
Common symbol       size              file

SCP_TowerMd         0x2               ./Sources/SCP.o
Timer1Sec           0x10              ./Sources/main.o
NvTowerMd           0x4               ./Sources/SCP.o
NvTowerNb           0x4               ./Sources/SCP.o
SCP_ProtocolMode    0x1               ./Sources/SCP.o
Packet              0x5               ./Sources/packet.o
Accelerometer       0x14              ./Sources/main.o
SCP_TowerNb         0x2               ./Sources/SCP.o
dataReadyCallbackFunction
                    0x4               ./Sources/accel.o
SR_reg              0x1               ./Generated_Code/Cpu.o
dataReadyCallbackArguments
                    0x4               ./Sources/accel.o
accelValues         0x3               ./Sources/main.o

Discarded input sections

 .text          0x00000000        0x0 c:/freescale/kds_3.0.0/toolchain/bin/../lib/gcc/arm-none-eabi/4.8.4/armv7e-m/fpu/crti.o
 .data          0x00000000        0x0 c:/freescale/kds_3.0.0/toolchain/bin/../lib/gcc/arm-none-eabi/4.8.4/armv7e-m/fpu/crti.o
 .bss           0x00000000        0x0 c:/freescale/kds_3.0.0/toolchain/bin/../lib/gcc/arm-none-eabi/4.8.4/armv7e-m/fpu/crti.o
 .data          0x00000000        0x4 c:/freescale/kds_3.0.0/toolchain/bin/../lib/gcc/arm-none-eabi/4.8.4/armv7e-m/fpu/crtbegin.o
 .data          0x00000000        0x0 c:/freescale/kds_3.0.0/toolchain/bin/../lib/gcc/arm-none-eabi/4.8.4/../../../../arm-none-eabi/lib/armv7e-m/fpu/crt0.o
 .bss           0x00000000        0x0 c:/freescale/kds_3.0.0/toolchain/bin/../lib/gcc/arm-none-eabi/4.8.4/../../../../arm-none-eabi/lib/armv7e-m/fpu/crt0.o
 .ARM.extab     0x00000000        0x0 c:/freescale/kds_3.0.0/toolchain/bin/../lib/gcc/arm-none-eabi/4.8.4/../../../../arm-none-eabi/lib/armv7e-m/fpu/crt0.o
 .group         0x00000000        0x8 ./Sources/Events.o
 .group         0x00000000        0x8 ./Sources/Events.o
 .group         0x00000000        0x8 ./Sources/Events.o
 .group         0x00000000        0x8 ./Sources/Events.o
 .group         0x00000000        0x8 ./Sources/Events.o
 .group         0x00000000        0x8 ./Sources/Events.o
 .group         0x00000000        0x8 ./Sources/Events.o
 .group         0x00000000        0x8 ./Sources/Events.o
 .group         0x00000000        0x8 ./Sources/Events.o
 .text          0x00000000        0x0 ./Sources/Events.o
 .data          0x00000000        0x0 ./Sources/Events.o
 .bss           0x00000000        0x0 ./Sources/Events.o
 .debug_info    0x00000000       0x7d ./Sources/Events.o
 .debug_abbrev  0x00000000       0x29 ./Sources/Events.o
 .debug_aranges
                0x00000000       0x18 ./Sources/Events.o
 .debug_macro   0x00000000       0xa3 ./Sources/Events.o
 .debug_macro   0x00000000      0x850 ./Sources/Events.o
 .debug_macro   0x00000000       0x16 ./Sources/Events.o
 .debug_macro   0x00000000       0x44 ./Sources/Events.o
 .debug_macro   0x00000000      0x209 ./Sources/Events.o
 .debug_macro   0x00000000     0x17fa ./Sources/Events.o
 .debug_macro   0x00000000      0x14e ./Sources/Events.o
 .debug_macro   0x00000000       0x64 ./Sources/Events.o
 .debug_macro   0x00000000    0x174c1 ./Sources/Events.o
 .debug_macro   0x00000000       0x94 ./Sources/Events.o
 .debug_line    0x00000000      0x22c ./Sources/Events.o
 .debug_str     0x00000000    0x8a5de ./Sources/Events.o
 .comment       0x00000000       0x71 ./Sources/Events.o
 .ARM.attributes
                0x00000000       0x39 ./Sources/Events.o
 .group         0x00000000        0x8 ./Sources/FIFO.o
 .group         0x00000000        0x8 ./Sources/FIFO.o
 .group         0x00000000        0x8 ./Sources/FIFO.o
 .group         0x00000000        0x8 ./Sources/FIFO.o
 .group         0x00000000        0x8 ./Sources/FIFO.o
 .group         0x00000000        0x8 ./Sources/FIFO.o
 .group         0x00000000        0x8 ./Sources/FIFO.o
 .group         0x00000000        0x8 ./Sources/FIFO.o
 .group         0x00000000        0x8 ./Sources/FIFO.o
 .group         0x00000000        0x8 ./Sources/FIFO.o
 .text          0x00000000        0x0 ./Sources/FIFO.o
 .data          0x00000000        0x0 ./Sources/FIFO.o
 .bss           0x00000000        0x0 ./Sources/FIFO.o
 .debug_macro   0x00000000      0x850 ./Sources/FIFO.o
 .debug_macro   0x00000000       0x16 ./Sources/FIFO.o
 .debug_macro   0x00000000       0x44 ./Sources/FIFO.o
 .debug_macro   0x00000000      0x209 ./Sources/FIFO.o
 .debug_macro   0x00000000      0x14e ./Sources/FIFO.o
 .debug_macro   0x00000000       0x64 ./Sources/FIFO.o
 .debug_macro   0x00000000    0x174c1 ./Sources/FIFO.o
 .debug_macro   0x00000000       0x94 ./Sources/FIFO.o
 .group         0x00000000        0x8 ./Sources/FTM.o
 .group         0x00000000        0x8 ./Sources/FTM.o
 .group         0x00000000        0x8 ./Sources/FTM.o
 .group         0x00000000        0x8 ./Sources/FTM.o
 .group         0x00000000        0x8 ./Sources/FTM.o
 .group         0x00000000        0x8 ./Sources/FTM.o
 .group         0x00000000        0x8 ./Sources/FTM.o
 .group         0x00000000        0x8 ./Sources/FTM.o
 .group         0x00000000        0x8 ./Sources/FTM.o
 .group         0x00000000        0x8 ./Sources/FTM.o
 .text          0x00000000        0x0 ./Sources/FTM.o
 .data          0x00000000        0x0 ./Sources/FTM.o
 .bss           0x00000000        0x0 ./Sources/FTM.o
 .debug_macro   0x00000000      0x850 ./Sources/FTM.o
 .debug_macro   0x00000000       0x16 ./Sources/FTM.o
 .debug_macro   0x00000000       0x44 ./Sources/FTM.o
 .debug_macro   0x00000000      0x209 ./Sources/FTM.o
 .debug_macro   0x00000000       0x22 ./Sources/FTM.o
 .debug_macro   0x00000000     0x1800 ./Sources/FTM.o
 .debug_macro   0x00000000      0x14e ./Sources/FTM.o
 .debug_macro   0x00000000       0x64 ./Sources/FTM.o
 .debug_macro   0x00000000    0x174c1 ./Sources/FTM.o
 .debug_macro   0x00000000       0x94 ./Sources/FTM.o
 .group         0x00000000        0x8 ./Sources/Flash.o
 .group         0x00000000        0x8 ./Sources/Flash.o
 .group         0x00000000        0x8 ./Sources/Flash.o
 .group         0x00000000        0x8 ./Sources/Flash.o
 .group         0x00000000        0x8 ./Sources/Flash.o
 .group         0x00000000        0x8 ./Sources/Flash.o
 .group         0x00000000        0x8 ./Sources/Flash.o
 .text          0x00000000        0x0 ./Sources/Flash.o
 .data          0x00000000        0x0 ./Sources/Flash.o
 .bss           0x00000000        0x0 ./Sources/Flash.o
 .text.Flash_Write8
                0x00000000       0x6c ./Sources/Flash.o
 .text.Flash_Erase
                0x00000000       0x14 ./Sources/Flash.o
 .debug_macro   0x00000000      0x850 ./Sources/Flash.o
 .debug_macro   0x00000000       0x16 ./Sources/Flash.o
 .debug_macro   0x00000000       0x44 ./Sources/Flash.o
 .debug_macro   0x00000000      0x209 ./Sources/Flash.o
 .debug_macro   0x00000000       0x22 ./Sources/Flash.o
 .debug_macro   0x00000000    0x174c1 ./Sources/Flash.o
 .group         0x00000000        0x8 ./Sources/I2C.o
 .group         0x00000000        0x8 ./Sources/I2C.o
 .group         0x00000000        0x8 ./Sources/I2C.o
 .group         0x00000000        0x8 ./Sources/I2C.o
 .group         0x00000000        0x8 ./Sources/I2C.o
 .group         0x00000000        0x8 ./Sources/I2C.o
 .group         0x00000000        0x8 ./Sources/I2C.o
 .group         0x00000000        0x8 ./Sources/I2C.o
 .group         0x00000000        0x8 ./Sources/I2C.o
 .group         0x00000000        0x8 ./Sources/I2C.o
 .group         0x00000000        0x8 ./Sources/I2C.o
 .group         0x00000000        0x8 ./Sources/I2C.o
 .group         0x00000000        0x8 ./Sources/I2C.o
 .group         0x00000000        0x8 ./Sources/I2C.o
 .group         0x00000000        0x8 ./Sources/I2C.o
 .group         0x00000000        0x8 ./Sources/I2C.o
 .group         0x00000000        0x8 ./Sources/I2C.o
 .group         0x00000000        0x8 ./Sources/I2C.o
 .group         0x00000000        0x8 ./Sources/I2C.o
 .group         0x00000000        0x8 ./Sources/I2C.o
 .group         0x00000000        0x8 ./Sources/I2C.o
 .text          0x00000000        0x0 ./Sources/I2C.o
 .data          0x00000000        0x0 ./Sources/I2C.o
 .bss           0x00000000        0x0 ./Sources/I2C.o
 .bss.I2CReadSequence
                0x00000000        0x4 ./Sources/I2C.o
 .bss.SequencePosition
                0x00000000        0x1 ./Sources/I2C.o
 .bss.NumOfBytes
                0x00000000        0x1 ./Sources/I2C.o
 .bss.DataPtr   0x00000000        0x4 ./Sources/I2C.o
 .bss.DataCounter
                0x00000000        0x1 ./Sources/I2C.o
 .text.I2C_PollRead
                0x00000000      0x1c4 ./Sources/I2C.o
 .text.I2C_ISR  0x00000000       0xe8 ./Sources/I2C.o
 .debug_macro   0x00000000      0x850 ./Sources/I2C.o
 .debug_macro   0x00000000       0x16 ./Sources/I2C.o
 .debug_macro   0x00000000       0x44 ./Sources/I2C.o
 .debug_macro   0x00000000      0x209 ./Sources/I2C.o
 .debug_macro   0x00000000       0x22 ./Sources/I2C.o
 .debug_macro   0x00000000     0x1800 ./Sources/I2C.o
 .debug_macro   0x00000000      0x14e ./Sources/I2C.o
 .debug_macro   0x00000000       0x64 ./Sources/I2C.o
 .debug_macro   0x00000000    0x174c1 ./Sources/I2C.o
 .debug_macro   0x00000000       0x94 ./Sources/I2C.o
 .group         0x00000000        0x8 ./Sources/LEDs.o
 .group         0x00000000        0x8 ./Sources/LEDs.o
 .group         0x00000000        0x8 ./Sources/LEDs.o
 .group         0x00000000        0x8 ./Sources/LEDs.o
 .group         0x00000000        0x8 ./Sources/LEDs.o
 .group         0x00000000        0x8 ./Sources/LEDs.o
 .group         0x00000000        0x8 ./Sources/LEDs.o
 .group         0x00000000        0x8 ./Sources/LEDs.o
 .group         0x00000000        0x8 ./Sources/LEDs.o
 .group         0x00000000        0x8 ./Sources/LEDs.o
 .text          0x00000000        0x0 ./Sources/LEDs.o
 .data          0x00000000        0x0 ./Sources/LEDs.o
 .bss           0x00000000        0x0 ./Sources/LEDs.o
 .text.LEDs_Off
                0x00000000       0x1c ./Sources/LEDs.o
 .debug_macro   0x00000000      0x850 ./Sources/LEDs.o
 .debug_macro   0x00000000       0x16 ./Sources/LEDs.o
 .debug_macro   0x00000000       0x44 ./Sources/LEDs.o
 .debug_macro   0x00000000      0x209 ./Sources/LEDs.o
 .debug_macro   0x00000000       0x22 ./Sources/LEDs.o
 .debug_macro   0x00000000     0x1800 ./Sources/LEDs.o
 .debug_macro   0x00000000      0x14e ./Sources/LEDs.o
 .debug_macro   0x00000000       0x64 ./Sources/LEDs.o
 .debug_macro   0x00000000    0x174c1 ./Sources/LEDs.o
 .debug_macro   0x00000000       0x94 ./Sources/LEDs.o
 .group         0x00000000        0x8 ./Sources/PIT.o
 .group         0x00000000        0x8 ./Sources/PIT.o
 .group         0x00000000        0x8 ./Sources/PIT.o
 .group         0x00000000        0x8 ./Sources/PIT.o
 .group         0x00000000        0x8 ./Sources/PIT.o
 .group         0x00000000        0x8 ./Sources/PIT.o
 .group         0x00000000        0x8 ./Sources/PIT.o
 .group         0x00000000        0x8 ./Sources/PIT.o
 .group         0x00000000        0x8 ./Sources/PIT.o
 .group         0x00000000        0x8 ./Sources/PIT.o
 .text          0x00000000        0x0 ./Sources/PIT.o
 .data          0x00000000        0x0 ./Sources/PIT.o
 .bss           0x00000000        0x0 ./Sources/PIT.o
 .rodata.PITPeriod
                0x00000000        0x4 ./Sources/PIT.o
 .debug_macro   0x00000000      0x850 ./Sources/PIT.o
 .debug_macro   0x00000000       0x16 ./Sources/PIT.o
 .debug_macro   0x00000000       0x44 ./Sources/PIT.o
 .debug_macro   0x00000000      0x209 ./Sources/PIT.o
 .debug_macro   0x00000000       0x22 ./Sources/PIT.o
 .debug_macro   0x00000000    0x174c1 ./Sources/PIT.o
 .debug_macro   0x00000000     0x1800 ./Sources/PIT.o
 .debug_macro   0x00000000      0x14e ./Sources/PIT.o
 .debug_macro   0x00000000       0x64 ./Sources/PIT.o
 .debug_macro   0x00000000       0x94 ./Sources/PIT.o
 .group         0x00000000        0x8 ./Sources/RTC.o
 .group         0x00000000        0x8 ./Sources/RTC.o
 .group         0x00000000        0x8 ./Sources/RTC.o
 .group         0x00000000        0x8 ./Sources/RTC.o
 .group         0x00000000        0x8 ./Sources/RTC.o
 .group         0x00000000        0x8 ./Sources/RTC.o
 .group         0x00000000        0x8 ./Sources/RTC.o
 .group         0x00000000        0x8 ./Sources/RTC.o
 .group         0x00000000        0x8 ./Sources/RTC.o
 .group         0x00000000        0x8 ./Sources/RTC.o
 .text          0x00000000        0x0 ./Sources/RTC.o
 .data          0x00000000        0x0 ./Sources/RTC.o
 .bss           0x00000000        0x0 ./Sources/RTC.o
 .text.RTC_Set  0x00000000       0x68 ./Sources/RTC.o
 .text.RTC_Get  0x00000000       0xbc ./Sources/RTC.o
 .debug_macro   0x00000000      0x850 ./Sources/RTC.o
 .debug_macro   0x00000000       0x16 ./Sources/RTC.o
 .debug_macro   0x00000000       0x44 ./Sources/RTC.o
 .debug_macro   0x00000000      0x209 ./Sources/RTC.o
 .debug_macro   0x00000000       0x22 ./Sources/RTC.o
 .debug_macro   0x00000000    0x174c1 ./Sources/RTC.o
 .debug_macro   0x00000000     0x1800 ./Sources/RTC.o
 .debug_macro   0x00000000      0x14e ./Sources/RTC.o
 .debug_macro   0x00000000       0x64 ./Sources/RTC.o
 .debug_macro   0x00000000       0x94 ./Sources/RTC.o
 .group         0x00000000        0x8 ./Sources/SCP.o
 .group         0x00000000        0x8 ./Sources/SCP.o
 .group         0x00000000        0x8 ./Sources/SCP.o
 .group         0x00000000        0x8 ./Sources/SCP.o
 .group         0x00000000        0x8 ./Sources/SCP.o
 .group         0x00000000        0x8 ./Sources/SCP.o
 .group         0x00000000        0x8 ./Sources/SCP.o
 .group         0x00000000        0x8 ./Sources/SCP.o
 .group         0x00000000        0x8 ./Sources/SCP.o
 .group         0x00000000        0x8 ./Sources/SCP.o
 .group         0x00000000        0x8 ./Sources/SCP.o
 .group         0x00000000        0x8 ./Sources/SCP.o
 .group         0x00000000        0x8 ./Sources/SCP.o
 .group         0x00000000        0x8 ./Sources/SCP.o
 .text          0x00000000        0x0 ./Sources/SCP.o
 .data          0x00000000        0x0 ./Sources/SCP.o
 .bss           0x00000000        0x0 ./Sources/SCP.o
 .debug_macro   0x00000000      0x850 ./Sources/SCP.o
 .debug_macro   0x00000000       0x16 ./Sources/SCP.o
 .debug_macro   0x00000000       0x44 ./Sources/SCP.o
 .debug_macro   0x00000000      0x209 ./Sources/SCP.o
 .debug_macro   0x00000000       0x22 ./Sources/SCP.o
 .debug_macro   0x00000000       0x3a ./Sources/SCP.o
 .debug_macro   0x00000000     0x1800 ./Sources/SCP.o
 .debug_macro   0x00000000      0x14e ./Sources/SCP.o
 .debug_macro   0x00000000       0x64 ./Sources/SCP.o
 .debug_macro   0x00000000    0x174c1 ./Sources/SCP.o
 .debug_macro   0x00000000       0x94 ./Sources/SCP.o
 .group         0x00000000        0x8 ./Sources/UART.o
 .group         0x00000000        0x8 ./Sources/UART.o
 .group         0x00000000        0x8 ./Sources/UART.o
 .group         0x00000000        0x8 ./Sources/UART.o
 .group         0x00000000        0x8 ./Sources/UART.o
 .group         0x00000000        0x8 ./Sources/UART.o
 .group         0x00000000        0x8 ./Sources/UART.o
 .group         0x00000000        0x8 ./Sources/UART.o
 .group         0x00000000        0x8 ./Sources/UART.o
 .group         0x00000000        0x8 ./Sources/UART.o
 .group         0x00000000        0x8 ./Sources/UART.o
 .group         0x00000000        0x8 ./Sources/UART.o
 .text          0x00000000        0x0 ./Sources/UART.o
 .data          0x00000000        0x0 ./Sources/UART.o
 .bss           0x00000000        0x0 ./Sources/UART.o
 .text.UART_Poll
                0x00000000       0x4c ./Sources/UART.o
 .debug_macro   0x00000000      0x850 ./Sources/UART.o
 .debug_macro   0x00000000       0x16 ./Sources/UART.o
 .debug_macro   0x00000000       0x44 ./Sources/UART.o
 .debug_macro   0x00000000      0x209 ./Sources/UART.o
 .debug_macro   0x00000000     0x17fa ./Sources/UART.o
 .debug_macro   0x00000000      0x14e ./Sources/UART.o
 .debug_macro   0x00000000       0x64 ./Sources/UART.o
 .debug_macro   0x00000000    0x174c1 ./Sources/UART.o
 .debug_macro   0x00000000       0x94 ./Sources/UART.o
 .debug_macro   0x00000000       0x22 ./Sources/UART.o
 .debug_macro   0x00000000       0x3a ./Sources/UART.o
 .group         0x00000000        0x8 ./Sources/accel.o
 .group         0x00000000        0x8 ./Sources/accel.o
 .group         0x00000000        0x8 ./Sources/accel.o
 .group         0x00000000        0x8 ./Sources/accel.o
 .group         0x00000000        0x8 ./Sources/accel.o
 .group         0x00000000        0x8 ./Sources/accel.o
 .group         0x00000000        0x8 ./Sources/accel.o
 .group         0x00000000        0x8 ./Sources/accel.o
 .group         0x00000000        0x8 ./Sources/accel.o
 .group         0x00000000        0x8 ./Sources/accel.o
 .group         0x00000000        0x8 ./Sources/accel.o
 .text          0x00000000        0x0 ./Sources/accel.o
 .data          0x00000000        0x0 ./Sources/accel.o
 .bss           0x00000000        0x0 ./Sources/accel.o
 .bss.INT_SOURCE_Union
                0x00000000        0x4 ./Sources/accel.o
 .bss.CTRL_REG3_Union
                0x00000000        0x4 ./Sources/accel.o
 .text.AccelDataReady_ISR
                0x00000000       0x5c ./Sources/accel.o
 .debug_macro   0x00000000      0x850 ./Sources/accel.o
 .debug_macro   0x00000000       0x16 ./Sources/accel.o
 .debug_macro   0x00000000       0x44 ./Sources/accel.o
 .debug_macro   0x00000000      0x209 ./Sources/accel.o
 .debug_macro   0x00000000       0x22 ./Sources/accel.o
 .debug_macro   0x00000000       0x40 ./Sources/accel.o
 .debug_macro   0x00000000    0x174c1 ./Sources/accel.o
 .debug_macro   0x00000000     0x1800 ./Sources/accel.o
 .debug_macro   0x00000000      0x14e ./Sources/accel.o
 .debug_macro   0x00000000       0x64 ./Sources/accel.o
 .group         0x00000000        0x8 ./Sources/main.o
 .group         0x00000000        0x8 ./Sources/main.o
 .group         0x00000000        0x8 ./Sources/main.o
 .group         0x00000000        0x8 ./Sources/main.o
 .group         0x00000000        0x8 ./Sources/main.o
 .group         0x00000000        0x8 ./Sources/main.o
 .group         0x00000000        0x8 ./Sources/main.o
 .group         0x00000000        0x8 ./Sources/main.o
 .group         0x00000000        0x8 ./Sources/main.o
 .group         0x00000000        0x8 ./Sources/main.o
 .group         0x00000000        0x8 ./Sources/main.o
 .group         0x00000000        0x8 ./Sources/main.o
 .group         0x00000000        0x8 ./Sources/main.o
 .group         0x00000000        0x8 ./Sources/main.o
 .group         0x00000000        0x8 ./Sources/main.o
 .text          0x00000000        0x0 ./Sources/main.o
 .data          0x00000000        0x0 ./Sources/main.o
 .bss           0x00000000        0x0 ./Sources/main.o
 .bss.lastaccelerometervalues.6847
                0x00000000        0x4 ./Sources/main.o
 .debug_macro   0x00000000      0x850 ./Sources/main.o
 .debug_macro   0x00000000       0x16 ./Sources/main.o
 .debug_macro   0x00000000       0x44 ./Sources/main.o
 .debug_macro   0x00000000      0x209 ./Sources/main.o
 .debug_macro   0x00000000     0x17fa ./Sources/main.o
 .debug_macro   0x00000000      0x14e ./Sources/main.o
 .debug_macro   0x00000000       0x64 ./Sources/main.o
 .debug_macro   0x00000000    0x174c1 ./Sources/main.o
 .debug_macro   0x00000000       0x94 ./Sources/main.o
 .debug_macro   0x00000000       0x22 ./Sources/main.o
 .debug_macro   0x00000000       0x3a ./Sources/main.o
 .debug_macro   0x00000000       0x10 ./Sources/main.o
 .debug_macro   0x00000000       0x40 ./Sources/main.o
 .debug_macro   0x00000000       0x3a ./Sources/main.o
 .debug_macro   0x00000000       0x36 ./Sources/main.o
 .group         0x00000000        0x8 ./Sources/median.o
 .group         0x00000000        0x8 ./Sources/median.o
 .group         0x00000000        0x8 ./Sources/median.o
 .group         0x00000000        0x8 ./Sources/median.o
 .group         0x00000000        0x8 ./Sources/median.o
 .text          0x00000000        0x0 ./Sources/median.o
 .data          0x00000000        0x0 ./Sources/median.o
 .bss           0x00000000        0x0 ./Sources/median.o
 .debug_macro   0x00000000      0x850 ./Sources/median.o
 .debug_macro   0x00000000       0x16 ./Sources/median.o
 .debug_macro   0x00000000       0x44 ./Sources/median.o
 .debug_macro   0x00000000      0x209 ./Sources/median.o
 .debug_macro   0x00000000       0x22 ./Sources/median.o
 .group         0x00000000        0x8 ./Sources/packet.o
 .group         0x00000000        0x8 ./Sources/packet.o
 .group         0x00000000        0x8 ./Sources/packet.o
 .group         0x00000000        0x8 ./Sources/packet.o
 .group         0x00000000        0x8 ./Sources/packet.o
 .group         0x00000000        0x8 ./Sources/packet.o
 .group         0x00000000        0x8 ./Sources/packet.o
 .group         0x00000000        0x8 ./Sources/packet.o
 .group         0x00000000        0x8 ./Sources/packet.o
 .group         0x00000000        0x8 ./Sources/packet.o
 .group         0x00000000        0x8 ./Sources/packet.o
 .text          0x00000000        0x0 ./Sources/packet.o
 .data          0x00000000        0x0 ./Sources/packet.o
 .bss           0x00000000        0x0 ./Sources/packet.o
 .text.Packet_Acknowledgement_Required
                0x00000000       0x28 ./Sources/packet.o
 .debug_macro   0x00000000      0x850 ./Sources/packet.o
 .debug_macro   0x00000000       0x16 ./Sources/packet.o
 .debug_macro   0x00000000       0x44 ./Sources/packet.o
 .debug_macro   0x00000000      0x209 ./Sources/packet.o
 .debug_macro   0x00000000       0x22 ./Sources/packet.o
 .debug_macro   0x00000000     0x1800 ./Sources/packet.o
 .debug_macro   0x00000000      0x14e ./Sources/packet.o
 .debug_macro   0x00000000       0x64 ./Sources/packet.o
 .debug_macro   0x00000000    0x174c1 ./Sources/packet.o
 .debug_macro   0x00000000       0x94 ./Sources/packet.o
 .group         0x00000000        0x8 ./Project_Settings/Startup_Code/startup.o
 .group         0x00000000        0x8 ./Project_Settings/Startup_Code/startup.o
 .group         0x00000000        0x8 ./Project_Settings/Startup_Code/startup.o
 .group         0x00000000        0x8 ./Project_Settings/Startup_Code/startup.o
 .group         0x00000000        0x8 ./Project_Settings/Startup_Code/startup.o
 .group         0x00000000        0x8 ./Project_Settings/Startup_Code/startup.o
 .group         0x00000000        0x8 ./Project_Settings/Startup_Code/startup.o
 .group         0x00000000        0x8 ./Project_Settings/Startup_Code/startup.o
 .group         0x00000000        0x8 ./Project_Settings/Startup_Code/startup.o
 .group         0x00000000        0x8 ./Project_Settings/Startup_Code/startup.o
 .group         0x00000000        0x8 ./Project_Settings/Startup_Code/startup.o
 .group         0x00000000        0x8 ./Project_Settings/Startup_Code/startup.o
 .group         0x00000000        0x8 ./Project_Settings/Startup_Code/startup.o
 .group         0x00000000        0x8 ./Project_Settings/Startup_Code/startup.o
 .group         0x00000000        0x8 ./Project_Settings/Startup_Code/startup.o
 .group         0x00000000        0x8 ./Project_Settings/Startup_Code/startup.o
 .group         0x00000000        0x8 ./Project_Settings/Startup_Code/startup.o
 .group         0x00000000        0x8 ./Project_Settings/Startup_Code/startup.o
 .group         0x00000000        0x8 ./Project_Settings/Startup_Code/startup.o
 .text          0x00000000        0x0 ./Project_Settings/Startup_Code/startup.o
 .data          0x00000000        0x0 ./Project_Settings/Startup_Code/startup.o
 .bss           0x00000000        0x0 ./Project_Settings/Startup_Code/startup.o
 .text.__init_hardware
                0x00000000        0xc ./Project_Settings/Startup_Code/startup.o
 .text.__iar_program_start
                0x00000000        0xc ./Project_Settings/Startup_Code/startup.o
 .debug_macro   0x00000000      0x850 ./Project_Settings/Startup_Code/startup.o
 .debug_macro   0x00000000       0x58 ./Project_Settings/Startup_Code/startup.o
 .debug_macro   0x00000000       0x16 ./Project_Settings/Startup_Code/startup.o
 .debug_macro   0x00000000       0x35 ./Project_Settings/Startup_Code/startup.o
 .debug_macro   0x00000000       0xa3 ./Project_Settings/Startup_Code/startup.o
 .debug_macro   0x00000000       0x52 ./Project_Settings/Startup_Code/startup.o
 .debug_macro   0x00000000       0x16 ./Project_Settings/Startup_Code/startup.o
 .debug_macro   0x00000000       0x43 ./Project_Settings/Startup_Code/startup.o
 .debug_macro   0x00000000      0x180 ./Project_Settings/Startup_Code/startup.o
 .debug_macro   0x00000000       0x16 ./Project_Settings/Startup_Code/startup.o
 .debug_macro   0x00000000       0x22 ./Project_Settings/Startup_Code/startup.o
 .group         0x00000000        0x8 ./Generated_Code/Cpu.o
 .group         0x00000000        0x8 ./Generated_Code/Cpu.o
 .group         0x00000000        0x8 ./Generated_Code/Cpu.o
 .group         0x00000000        0x8 ./Generated_Code/Cpu.o
 .group         0x00000000        0x8 ./Generated_Code/Cpu.o
 .group         0x00000000        0x8 ./Generated_Code/Cpu.o
 .group         0x00000000        0x8 ./Generated_Code/Cpu.o
 .group         0x00000000        0x8 ./Generated_Code/Cpu.o
 .group         0x00000000        0x8 ./Generated_Code/Cpu.o
 .text          0x00000000        0x0 ./Generated_Code/Cpu.o
 .data          0x00000000        0x0 ./Generated_Code/Cpu.o
 .bss           0x00000000        0x0 ./Generated_Code/Cpu.o
 .debug_macro   0x00000000      0x850 ./Generated_Code/Cpu.o
 .debug_macro   0x00000000       0x16 ./Generated_Code/Cpu.o
 .debug_macro   0x00000000       0x44 ./Generated_Code/Cpu.o
 .debug_macro   0x00000000      0x209 ./Generated_Code/Cpu.o
 .debug_macro   0x00000000     0x17fa ./Generated_Code/Cpu.o
 .debug_macro   0x00000000      0x14e ./Generated_Code/Cpu.o
 .debug_macro   0x00000000       0x64 ./Generated_Code/Cpu.o
 .debug_macro   0x00000000    0x174c1 ./Generated_Code/Cpu.o
 .debug_macro   0x00000000       0x94 ./Generated_Code/Cpu.o
 .group         0x00000000        0x8 ./Generated_Code/PE_LDD.o
 .group         0x00000000        0x8 ./Generated_Code/PE_LDD.o
 .group         0x00000000        0x8 ./Generated_Code/PE_LDD.o
 .group         0x00000000        0x8 ./Generated_Code/PE_LDD.o
 .group         0x00000000        0x8 ./Generated_Code/PE_LDD.o
 .group         0x00000000        0x8 ./Generated_Code/PE_LDD.o
 .group         0x00000000        0x8 ./Generated_Code/PE_LDD.o
 .group         0x00000000        0x8 ./Generated_Code/PE_LDD.o
 .group         0x00000000        0x8 ./Generated_Code/PE_LDD.o
 .text          0x00000000        0x0 ./Generated_Code/PE_LDD.o
 .data          0x00000000        0x0 ./Generated_Code/PE_LDD.o
 .bss           0x00000000        0x0 ./Generated_Code/PE_LDD.o
 .rodata.PE_CpuClockConfigurations
                0x00000000       0x28 ./Generated_Code/PE_LDD.o
 .text.PE_FillMemory
                0x00000000       0x24 ./Generated_Code/PE_LDD.o
 .text.PE_PeripheralUsed
                0x00000000       0x18 ./Generated_Code/PE_LDD.o
 .text.LDD_SetClockConfiguration
                0x00000000       0x14 ./Generated_Code/PE_LDD.o
 .debug_info    0x00000000      0x215 ./Generated_Code/PE_LDD.o
 .debug_abbrev  0x00000000       0xf3 ./Generated_Code/PE_LDD.o
 .debug_aranges
                0x00000000       0x30 ./Generated_Code/PE_LDD.o
 .debug_ranges  0x00000000       0x20 ./Generated_Code/PE_LDD.o
 .debug_macro   0x00000000       0x97 ./Generated_Code/PE_LDD.o
 .debug_macro   0x00000000      0x850 ./Generated_Code/PE_LDD.o
 .debug_macro   0x00000000       0x16 ./Generated_Code/PE_LDD.o
 .debug_macro   0x00000000       0x44 ./Generated_Code/PE_LDD.o
 .debug_macro   0x00000000      0x209 ./Generated_Code/PE_LDD.o
 .debug_macro   0x00000000     0x17fa ./Generated_Code/PE_LDD.o
 .debug_macro   0x00000000      0x14e ./Generated_Code/PE_LDD.o
 .debug_macro   0x00000000       0x64 ./Generated_Code/PE_LDD.o
 .debug_macro   0x00000000    0x174c1 ./Generated_Code/PE_LDD.o
 .debug_macro   0x00000000       0x94 ./Generated_Code/PE_LDD.o
 .debug_line    0x00000000      0x23a ./Generated_Code/PE_LDD.o
 .debug_str     0x00000000    0x8a773 ./Generated_Code/PE_LDD.o
 .comment       0x00000000       0x71 ./Generated_Code/PE_LDD.o
 .ARM.attributes
                0x00000000       0x39 ./Generated_Code/PE_LDD.o
 .debug_frame   0x00000000       0x64 ./Generated_Code/PE_LDD.o
 .group         0x00000000        0x8 ./Generated_Code/Vectors.o
 .group         0x00000000        0x8 ./Generated_Code/Vectors.o
 .group         0x00000000        0x8 ./Generated_Code/Vectors.o
 .group         0x00000000        0x8 ./Generated_Code/Vectors.o
 .group         0x00000000        0x8 ./Generated_Code/Vectors.o
 .group         0x00000000        0x8 ./Generated_Code/Vectors.o
 .group         0x00000000        0x8 ./Generated_Code/Vectors.o
 .group         0x00000000        0x8 ./Generated_Code/Vectors.o
 .group         0x00000000        0x8 ./Generated_Code/Vectors.o
 .group         0x00000000        0x8 ./Generated_Code/Vectors.o
 .group         0x00000000        0x8 ./Generated_Code/Vectors.o
 .text          0x00000000        0x0 ./Generated_Code/Vectors.o
 .data          0x00000000        0x0 ./Generated_Code/Vectors.o
 .bss           0x00000000        0x0 ./Generated_Code/Vectors.o
 .debug_macro   0x00000000      0x850 ./Generated_Code/Vectors.o
 .debug_macro   0x00000000       0x16 ./Generated_Code/Vectors.o
 .debug_macro   0x00000000       0x44 ./Generated_Code/Vectors.o
 .debug_macro   0x00000000      0x209 ./Generated_Code/Vectors.o
 .debug_macro   0x00000000     0x17fa ./Generated_Code/Vectors.o
 .debug_macro   0x00000000      0x14e ./Generated_Code/Vectors.o
 .debug_macro   0x00000000       0x64 ./Generated_Code/Vectors.o
 .debug_macro   0x00000000    0x174c1 ./Generated_Code/Vectors.o
 .debug_macro   0x00000000       0x94 ./Generated_Code/Vectors.o
 .debug_macro   0x00000000       0x22 ./Generated_Code/Vectors.o
 .debug_macro   0x00000000       0x36 ./Generated_Code/Vectors.o
 .group         0x00000000        0x8 C:\Users\12443166\git\es18aut35\Lab3V7\Library\libOS.a(OS.o)
 .group         0x00000000        0x8 C:\Users\12443166\git\es18aut35\Lab3V7\Library\libOS.a(OS.o)
 .group         0x00000000        0x8 C:\Users\12443166\git\es18aut35\Lab3V7\Library\libOS.a(OS.o)
 .group         0x00000000        0x8 C:\Users\12443166\git\es18aut35\Lab3V7\Library\libOS.a(OS.o)
 .group         0x00000000        0x8 C:\Users\12443166\git\es18aut35\Lab3V7\Library\libOS.a(OS.o)
 .group         0x00000000        0x8 C:\Users\12443166\git\es18aut35\Lab3V7\Library\libOS.a(OS.o)
 .group         0x00000000        0x8 C:\Users\12443166\git\es18aut35\Lab3V7\Library\libOS.a(OS.o)
 .group         0x00000000        0x8 C:\Users\12443166\git\es18aut35\Lab3V7\Library\libOS.a(OS.o)
 .group         0x00000000        0x8 C:\Users\12443166\git\es18aut35\Lab3V7\Library\libOS.a(OS.o)
 .group         0x00000000        0x8 C:\Users\12443166\git\es18aut35\Lab3V7\Library\libOS.a(OS.o)
 .group         0x00000000        0x8 C:\Users\12443166\git\es18aut35\Lab3V7\Library\libOS.a(OS.o)
 .text          0x00000000        0x0 C:\Users\12443166\git\es18aut35\Lab3V7\Library\libOS.a(OS.o)
 .data          0x00000000        0x0 C:\Users\12443166\git\es18aut35\Lab3V7\Library\libOS.a(OS.o)
 .bss           0x00000000        0x0 C:\Users\12443166\git\es18aut35\Lab3V7\Library\libOS.a(OS.o)
 .rodata.OS_TICK_FREQUENCY
                0x00000000        0x4 C:\Users\12443166\git\es18aut35\Lab3V7\Library\libOS.a(OS.o)
 .bss.TCBUnusedMain
                0x00000000       0x18 C:\Users\12443166\git\es18aut35\Lab3V7\Library\libOS.a(OS.o)
 .bss.TCBTable  0x00000000      0x300 C:\Users\12443166\git\es18aut35\Lab3V7\Library\libOS.a(OS.o)
 .bss.pTCBFreeList
                0x00000000        0x4 C:\Users\12443166\git\es18aut35\Lab3V7\Library\libOS.a(OS.o)
 .bss.ECBTable  0x00000000      0x100 C:\Users\12443166\git\es18aut35\Lab3V7\Library\libOS.a(OS.o)
 .bss.NextECBFree
                0x00000000        0x1 C:\Users\12443166\git\es18aut35\Lab3V7\Library\libOS.a(OS.o)
 .bss.IdleCounter
                0x00000000        0x4 C:\Users\12443166\git\es18aut35\Lab3V7\Library\libOS.a(OS.o)
 .bss.IdleStack
                0x00000000      0x400 C:\Users\12443166\git\es18aut35\Lab3V7\Library\libOS.a(OS.o)
 .text.OS_Init  0x00000000      0x110 C:\Users\12443166\git\es18aut35\Lab3V7\Library\libOS.a(OS.o)
 .text.OS_SemaphoreCreate
                0x00000000       0x90 C:\Users\12443166\git\es18aut35\Lab3V7\Library\libOS.a(OS.o)
 .text.OS_SemaphoreSignal
                0x00000000       0x44 C:\Users\12443166\git\es18aut35\Lab3V7\Library\libOS.a(OS.o)
 .text.OS_SemaphoreWait
                0x00000000       0x58 C:\Users\12443166\git\es18aut35\Lab3V7\Library\libOS.a(OS.o)
 .text.OS_Start
                0x00000000       0x10 C:\Users\12443166\git\es18aut35\Lab3V7\Library\libOS.a(OS.o)
 .text.OS_ThreadCreate
                0x00000000      0x160 C:\Users\12443166\git\es18aut35\Lab3V7\Library\libOS.a(OS.o)
 .text.OS_ThreadDelete
                0x00000000      0x18c C:\Users\12443166\git\es18aut35\Lab3V7\Library\libOS.a(OS.o)
 .text.OS_TimeDelay
                0x00000000       0x48 C:\Users\12443166\git\es18aut35\Lab3V7\Library\libOS.a(OS.o)
 .text.OS_TimeGet
                0x00000000       0x24 C:\Users\12443166\git\es18aut35\Lab3V7\Library\libOS.a(OS.o)
 .text.OS_TimeSet
                0x00000000       0x20 C:\Users\12443166\git\es18aut35\Lab3V7\Library\libOS.a(OS.o)
 .text.EventThreadReady
                0x00000000       0x68 C:\Users\12443166\git\es18aut35\Lab3V7\Library\libOS.a(OS.o)
 .text.EventThreadWait
                0x00000000       0x64 C:\Users\12443166\git\es18aut35\Lab3V7\Library\libOS.a(OS.o)
 .text.EventTimeout
                0x00000000       0x40 C:\Users\12443166\git\es18aut35\Lab3V7\Library\libOS.a(OS.o)
 .text.Idle     0x00000000       0x18 C:\Users\12443166\git\es18aut35\Lab3V7\Library\libOS.a(OS.o)
 .text.TCBInit  0x00000000       0xcc C:\Users\12443166\git\es18aut35\Lab3V7\Library\libOS.a(OS.o)
 .debug_macro   0x00000000      0x850 C:\Users\12443166\git\es18aut35\Lab3V7\Library\libOS.a(OS.o)
 .debug_macro   0x00000000       0x16 C:\Users\12443166\git\es18aut35\Lab3V7\Library\libOS.a(OS.o)
 .debug_macro   0x00000000       0x44 C:\Users\12443166\git\es18aut35\Lab3V7\Library\libOS.a(OS.o)
 .debug_macro   0x00000000      0x209 C:\Users\12443166\git\es18aut35\Lab3V7\Library\libOS.a(OS.o)
 .debug_macro   0x00000000      0x14e C:\Users\12443166\git\es18aut35\Lab3V7\Library\libOS.a(OS.o)
 .debug_macro   0x00000000       0x64 C:\Users\12443166\git\es18aut35\Lab3V7\Library\libOS.a(OS.o)
 .debug_macro   0x00000000    0x174c1 C:\Users\12443166\git\es18aut35\Lab3V7\Library\libOS.a(OS.o)
 .debug_macro   0x00000000       0x94 C:\Users\12443166\git\es18aut35\Lab3V7\Library\libOS.a(OS.o)
 .debug_macro   0x00000000       0x22 C:\Users\12443166\git\es18aut35\Lab3V7\Library\libOS.a(OS.o)
 .data          0x00000000        0x0 c:/freescale/kds_3.0.0/toolchain/bin/../lib/gcc/arm-none-eabi/4.8.4/armv7e-m/fpu\libgcc.a(_arm_addsubdf3.o)
 .bss           0x00000000        0x0 c:/freescale/kds_3.0.0/toolchain/bin/../lib/gcc/arm-none-eabi/4.8.4/armv7e-m/fpu\libgcc.a(_arm_addsubdf3.o)
 .data          0x00000000        0x0 c:/freescale/kds_3.0.0/toolchain/bin/../lib/gcc/arm-none-eabi/4.8.4/armv7e-m/fpu\libgcc.a(_arm_muldivdf3.o)
 .bss           0x00000000        0x0 c:/freescale/kds_3.0.0/toolchain/bin/../lib/gcc/arm-none-eabi/4.8.4/armv7e-m/fpu\libgcc.a(_arm_muldivdf3.o)
 .data          0x00000000        0x0 c:/freescale/kds_3.0.0/toolchain/bin/../lib/gcc/arm-none-eabi/4.8.4/armv7e-m/fpu\libgcc.a(_arm_fixunsdfsi.o)
 .bss           0x00000000        0x0 c:/freescale/kds_3.0.0/toolchain/bin/../lib/gcc/arm-none-eabi/4.8.4/armv7e-m/fpu\libgcc.a(_arm_fixunsdfsi.o)
 .text          0x00000000        0x0 c:/freescale/kds_3.0.0/toolchain/bin/../lib/gcc/arm-none-eabi/4.8.4/../../../../arm-none-eabi/lib/armv7e-m/fpu\libg_s.a(lib_a-exit.o)
 .data          0x00000000        0x0 c:/freescale/kds_3.0.0/toolchain/bin/../lib/gcc/arm-none-eabi/4.8.4/../../../../arm-none-eabi/lib/armv7e-m/fpu\libg_s.a(lib_a-exit.o)
 .bss           0x00000000        0x0 c:/freescale/kds_3.0.0/toolchain/bin/../lib/gcc/arm-none-eabi/4.8.4/../../../../arm-none-eabi/lib/armv7e-m/fpu\libg_s.a(lib_a-exit.o)
 .text          0x00000000        0x0 c:/freescale/kds_3.0.0/toolchain/bin/../lib/gcc/arm-none-eabi/4.8.4/../../../../arm-none-eabi/lib/armv7e-m/fpu\libg_s.a(lib_a-impure.o)
 .data          0x00000000        0x0 c:/freescale/kds_3.0.0/toolchain/bin/../lib/gcc/arm-none-eabi/4.8.4/../../../../arm-none-eabi/lib/armv7e-m/fpu\libg_s.a(lib_a-impure.o)
 .bss           0x00000000        0x0 c:/freescale/kds_3.0.0/toolchain/bin/../lib/gcc/arm-none-eabi/4.8.4/../../../../arm-none-eabi/lib/armv7e-m/fpu\libg_s.a(lib_a-impure.o)
 .data._impure_ptr
                0x00000000        0x4 c:/freescale/kds_3.0.0/toolchain/bin/../lib/gcc/arm-none-eabi/4.8.4/../../../../arm-none-eabi/lib/armv7e-m/fpu\libg_s.a(lib_a-impure.o)
 .text          0x00000000        0x0 c:/freescale/kds_3.0.0/toolchain/bin/../lib/gcc/arm-none-eabi/4.8.4/../../../../arm-none-eabi/lib/armv7e-m/fpu\libg_s.a(lib_a-init.o)
 .data          0x00000000        0x0 c:/freescale/kds_3.0.0/toolchain/bin/../lib/gcc/arm-none-eabi/4.8.4/../../../../arm-none-eabi/lib/armv7e-m/fpu\libg_s.a(lib_a-init.o)
 .bss           0x00000000        0x0 c:/freescale/kds_3.0.0/toolchain/bin/../lib/gcc/arm-none-eabi/4.8.4/../../../../arm-none-eabi/lib/armv7e-m/fpu\libg_s.a(lib_a-init.o)
 .text          0x00000000        0x0 c:/freescale/kds_3.0.0/toolchain/bin/../lib/gcc/arm-none-eabi/4.8.4/../../../../arm-none-eabi/lib/armv7e-m/fpu\libg_s.a(lib_a-memcpy-stub.o)
 .data          0x00000000        0x0 c:/freescale/kds_3.0.0/toolchain/bin/../lib/gcc/arm-none-eabi/4.8.4/../../../../arm-none-eabi/lib/armv7e-m/fpu\libg_s.a(lib_a-memcpy-stub.o)
 .bss           0x00000000        0x0 c:/freescale/kds_3.0.0/toolchain/bin/../lib/gcc/arm-none-eabi/4.8.4/../../../../arm-none-eabi/lib/armv7e-m/fpu\libg_s.a(lib_a-memcpy-stub.o)
 .text          0x00000000        0x0 c:/freescale/kds_3.0.0/toolchain/bin/../lib/gcc/arm-none-eabi/4.8.4/../../../../arm-none-eabi/lib/armv7e-m/fpu\libg_s.a(lib_a-memset.o)
 .data          0x00000000        0x0 c:/freescale/kds_3.0.0/toolchain/bin/../lib/gcc/arm-none-eabi/4.8.4/../../../../arm-none-eabi/lib/armv7e-m/fpu\libg_s.a(lib_a-memset.o)
 .bss           0x00000000        0x0 c:/freescale/kds_3.0.0/toolchain/bin/../lib/gcc/arm-none-eabi/4.8.4/../../../../arm-none-eabi/lib/armv7e-m/fpu\libg_s.a(lib_a-memset.o)
 .text          0x00000000        0x0 c:/freescale/kds_3.0.0/toolchain/bin/../lib/gcc/arm-none-eabi/4.8.4/../../../../arm-none-eabi/lib/armv7e-m/fpu\libnosys.a(_exit.o)
 .data          0x00000000        0x0 c:/freescale/kds_3.0.0/toolchain/bin/../lib/gcc/arm-none-eabi/4.8.4/../../../../arm-none-eabi/lib/armv7e-m/fpu\libnosys.a(_exit.o)
 .bss           0x00000000        0x0 c:/freescale/kds_3.0.0/toolchain/bin/../lib/gcc/arm-none-eabi/4.8.4/../../../../arm-none-eabi/lib/armv7e-m/fpu\libnosys.a(_exit.o)
 .text          0x00000000        0x0 c:/freescale/kds_3.0.0/toolchain/bin/../lib/gcc/arm-none-eabi/4.8.4/armv7e-m/fpu/crtend.o
 .data          0x00000000        0x0 c:/freescale/kds_3.0.0/toolchain/bin/../lib/gcc/arm-none-eabi/4.8.4/armv7e-m/fpu/crtend.o
 .bss           0x00000000        0x0 c:/freescale/kds_3.0.0/toolchain/bin/../lib/gcc/arm-none-eabi/4.8.4/armv7e-m/fpu/crtend.o
 .eh_frame      0x00000000        0x4 c:/freescale/kds_3.0.0/toolchain/bin/../lib/gcc/arm-none-eabi/4.8.4/armv7e-m/fpu/crtend.o
 .jcr           0x00000000        0x4 c:/freescale/kds_3.0.0/toolchain/bin/../lib/gcc/arm-none-eabi/4.8.4/armv7e-m/fpu/crtend.o
 .ARM.attributes
                0x00000000       0x34 c:/freescale/kds_3.0.0/toolchain/bin/../lib/gcc/arm-none-eabi/4.8.4/armv7e-m/fpu/crtend.o
 .text          0x00000000        0x0 c:/freescale/kds_3.0.0/toolchain/bin/../lib/gcc/arm-none-eabi/4.8.4/armv7e-m/fpu/crtn.o
 .data          0x00000000        0x0 c:/freescale/kds_3.0.0/toolchain/bin/../lib/gcc/arm-none-eabi/4.8.4/armv7e-m/fpu/crtn.o
 .bss           0x00000000        0x0 c:/freescale/kds_3.0.0/toolchain/bin/../lib/gcc/arm-none-eabi/4.8.4/armv7e-m/fpu/crtn.o

Memory Configuration

Name             Origin             Length             Attributes
m_interrupts     0x00000000         0x000001e8         xr
m_text           0x00000410         0x0007fbf0         xr
m_data           0x1fff0000         0x00010000         rw
m_data_20000000  0x20000000         0x00010000         rw
m_cfmprotrom     0x00000400         0x00000010         xr
*default*        0x00000000         0xffffffff

Linker script and memory map

LOAD c:/freescale/kds_3.0.0/toolchain/bin/../lib/gcc/arm-none-eabi/4.8.4/armv7e-m/fpu/crti.o
LOAD c:/freescale/kds_3.0.0/toolchain/bin/../lib/gcc/arm-none-eabi/4.8.4/armv7e-m/fpu/crtbegin.o
LOAD c:/freescale/kds_3.0.0/toolchain/bin/../lib/gcc/arm-none-eabi/4.8.4/../../../../arm-none-eabi/lib/armv7e-m/fpu/crt0.o
LOAD ./Sources/Events.o
LOAD ./Sources/FIFO.o
LOAD ./Sources/FTM.o
LOAD ./Sources/Flash.o
LOAD ./Sources/I2C.o
LOAD ./Sources/LEDs.o
LOAD ./Sources/PIT.o
LOAD ./Sources/RTC.o
LOAD ./Sources/SCP.o
LOAD ./Sources/UART.o
LOAD ./Sources/accel.o
LOAD ./Sources/main.o
LOAD ./Sources/median.o
LOAD ./Sources/packet.o
LOAD ./Project_Settings/Startup_Code/startup.o
LOAD ./Generated_Code/Cpu.o
LOAD ./Generated_Code/PE_LDD.o
LOAD ./Generated_Code/Vectors.o
LOAD C:\Users\12443166\git\es18aut35\Lab3V7\Library\libOS.a
LOAD c:/freescale/kds_3.0.0/toolchain/bin/../lib/gcc/arm-none-eabi/4.8.4/../../../../arm-none-eabi/lib/armv7e-m/fpu\libstdc++_s.a
LOAD c:/freescale/kds_3.0.0/toolchain/bin/../lib/gcc/arm-none-eabi/4.8.4/../../../../arm-none-eabi/lib/armv7e-m/fpu\libm.a
START GROUP
LOAD c:/freescale/kds_3.0.0/toolchain/bin/../lib/gcc/arm-none-eabi/4.8.4/armv7e-m/fpu\libgcc.a
LOAD c:/freescale/kds_3.0.0/toolchain/bin/../lib/gcc/arm-none-eabi/4.8.4/../../../../arm-none-eabi/lib/armv7e-m/fpu\libg_s.a
LOAD c:/freescale/kds_3.0.0/toolchain/bin/../lib/gcc/arm-none-eabi/4.8.4/../../../../arm-none-eabi/lib/armv7e-m/fpu\libc_s.a
END GROUP
START GROUP
LOAD c:/freescale/kds_3.0.0/toolchain/bin/../lib/gcc/arm-none-eabi/4.8.4/armv7e-m/fpu\libgcc.a
LOAD c:/freescale/kds_3.0.0/toolchain/bin/../lib/gcc/arm-none-eabi/4.8.4/../../../../arm-none-eabi/lib/armv7e-m/fpu\libc_s.a
LOAD c:/freescale/kds_3.0.0/toolchain/bin/../lib/gcc/arm-none-eabi/4.8.4/../../../../arm-none-eabi/lib/armv7e-m/fpu\libnosys.a
END GROUP
START GROUP
LOAD c:/freescale/kds_3.0.0/toolchain/bin/../lib/gcc/arm-none-eabi/4.8.4/armv7e-m/fpu\libgcc.a
LOAD c:/freescale/kds_3.0.0/toolchain/bin/../lib/gcc/arm-none-eabi/4.8.4/../../../../arm-none-eabi/lib/armv7e-m/fpu\libc_s.a
LOAD c:/freescale/kds_3.0.0/toolchain/bin/../lib/gcc/arm-none-eabi/4.8.4/../../../../arm-none-eabi/lib/armv7e-m/fpu\libnosys.a
END GROUP
LOAD c:/freescale/kds_3.0.0/toolchain/bin/../lib/gcc/arm-none-eabi/4.8.4/armv7e-m/fpu/crtend.o
LOAD c:/freescale/kds_3.0.0/toolchain/bin/../lib/gcc/arm-none-eabi/4.8.4/armv7e-m/fpu/crtn.o
                0x20000000                _estack = 0x20000000
                0x20000000                __SP_INIT = _estack
                0x20000000                __stack = _estack
                0x00000000                __heap_size = 0x0
                0x00000400                __stack_size = 0x400

.interrupts     0x00000000      0x1e8
                0x00000000                __vector_table = .
                0x00000000                . = ALIGN (0x4)
 *(.vectortable)
 .vectortable   0x00000000      0x1e8 ./Generated_Code/Vectors.o
                0x00000000                __vect_table
                0x000001e8                . = ALIGN (0x4)

.cfmprotect     0x00000400       0x10
                0x00000400                . = ALIGN (0x4)
 *(.cfmconfig)
 .cfmconfig     0x00000400       0x10 ./Generated_Code/Cpu.o
                0x00000400                _cfm
                0x00000410                . = ALIGN (0x4)

.text           0x00000410     0x2ca0
                0x00000410                . = ALIGN (0x4)
 *(.text)
 .text          0x00000410       0x54 c:/freescale/kds_3.0.0/toolchain/bin/../lib/gcc/arm-none-eabi/4.8.4/armv7e-m/fpu/crtbegin.o
 .text          0x00000464       0x74 c:/freescale/kds_3.0.0/toolchain/bin/../lib/gcc/arm-none-eabi/4.8.4/../../../../arm-none-eabi/lib/armv7e-m/fpu/crt0.o
                0x00000464                _start
                0x00000464                _mainCRTStartup
 .text          0x000004d8      0x370 c:/freescale/kds_3.0.0/toolchain/bin/../lib/gcc/arm-none-eabi/4.8.4/armv7e-m/fpu\libgcc.a(_arm_addsubdf3.o)
                0x000004d8                __aeabi_drsub
                0x000004e0                __aeabi_dsub
                0x000004e0                __subdf3
                0x000004e4                __aeabi_dadd
                0x000004e4                __adddf3
                0x0000075c                __floatunsidf
                0x0000075c                __aeabi_ui2d
                0x0000077c                __floatsidf
                0x0000077c                __aeabi_i2d
                0x000007a0                __aeabi_f2d
                0x000007a0                __extendsfdf2
                0x000007dc                __floatundidf
                0x000007dc                __aeabi_ul2d
                0x000007ec                __floatdidf
                0x000007ec                __aeabi_l2d
 .text          0x00000848      0x424 c:/freescale/kds_3.0.0/toolchain/bin/../lib/gcc/arm-none-eabi/4.8.4/armv7e-m/fpu\libgcc.a(_arm_muldivdf3.o)
                0x00000848                __aeabi_dmul
                0x00000848                __muldf3
                0x00000a9c                __divdf3
                0x00000a9c                __aeabi_ddiv
 .text          0x00000c6c       0x40 c:/freescale/kds_3.0.0/toolchain/bin/../lib/gcc/arm-none-eabi/4.8.4/armv7e-m/fpu\libgcc.a(_arm_fixunsdfsi.o)
                0x00000c6c                __aeabi_d2uiz
                0x00000c6c                __fixunsdfsi
 *(.text*)
 .text.FIFO_Init
                0x00000cac       0x24 ./Sources/FIFO.o
                0x00000cac                FIFO_Init
 .text.FIFO_Put
                0x00000cd0       0xc0 ./Sources/FIFO.o
                0x00000cd0                FIFO_Put
 .text.FIFO_Get
                0x00000d90       0xc0 ./Sources/FIFO.o
                0x00000d90                FIFO_Get
 .text.FTM_Init
                0x00000e50       0xe8 ./Sources/FTM.o
                0x00000e50                FTM_Init
 .text.FTM_Set  0x00000f38       0xa4 ./Sources/FTM.o
                0x00000f38                FTM_Set
 .text.FTM_StartTimer
                0x00000fdc       0x8c ./Sources/FTM.o
                0x00000fdc                FTM_StartTimer
 .text.FTM0_ISR
                0x00001068       0xb8 ./Sources/FTM.o
                0x00001068                FTM0_ISR
 .text.LaunchCommand
                0x00001120       0xc0 ./Sources/Flash.o
 .text.WritePhrase
                0x000011e0       0x44 ./Sources/Flash.o
 .text.EraseSector
                0x00001224       0x38 ./Sources/Flash.o
 .text.ModifyPhrase
                0x0000125c       0x34 ./Sources/Flash.o
 .text.Flash_Init
                0x00001290       0x10 ./Sources/Flash.o
                0x00001290                Flash_Init
 .text.Flash_AllocateVar
                0x000012a0       0x90 ./Sources/Flash.o
                0x000012a0                Flash_AllocateVar
 .text.Flash_Write32
                0x00001330       0x58 ./Sources/Flash.o
                0x00001330                Flash_Write32
 .text.Flash_Write16
                0x00001388       0x60 ./Sources/Flash.o
                0x00001388                Flash_Write16
 .text.I2C_Init
                0x000013e8      0x190 ./Sources/I2C.o
                0x000013e8                I2C_Init
 .text.I2C_SelectSlaveDevice
                0x00001578       0x20 ./Sources/I2C.o
                0x00001578                I2C_SelectSlaveDevice
 .text.ResetBusy
                0x00001598       0xa8 ./Sources/I2C.o
 .text.Start    0x00001640       0x30 ./Sources/I2C.o
 .text.WaitforAck
                0x00001670       0x30 ./Sources/I2C.o
 .text.Stop     0x000016a0       0x20 ./Sources/I2C.o
 .text.I2C_Write
                0x000016c0       0x5c ./Sources/I2C.o
                0x000016c0                I2C_Write
 .text.I2C_IntRead
                0x0000171c       0xf0 ./Sources/I2C.o
                0x0000171c                I2C_IntRead
 .text.LEDs_Init
                0x0000180c       0x74 ./Sources/LEDs.o
                0x0000180c                LEDs_Init
 .text.LEDs_On  0x00001880       0x1c ./Sources/LEDs.o
                0x00001880                LEDs_On
 .text.LEDs_Toggle
                0x0000189c       0x1c ./Sources/LEDs.o
                0x0000189c                LEDs_Toggle
 .text.PIT_Init
                0x000018b8       0xd0 ./Sources/PIT.o
                0x000018b8                PIT_Init
 .text.PIT_Set  0x00001988       0x50 ./Sources/PIT.o
                0x00001988                PIT_Set
 .text.PIT_Enable
                0x000019d8       0x40 ./Sources/PIT.o
                0x000019d8                PIT_Enable
 .text.PIT_ISR  0x00001a18       0x48 ./Sources/PIT.o
                0x00001a18                PIT_ISR
 .text.RTC_Init
                0x00001a60      0x104 ./Sources/RTC.o
                0x00001a60                RTC_Init
 .text.RTC_ISR  0x00001b64       0x34 ./Sources/RTC.o
                0x00001b64                RTC_ISR
 .text.SCP_SendStartUpValues
                0x00001b98       0x60 ./Sources/SCP.o
                0x00001b98                SCP_SendStartUpValues
 .text.SendVersion
                0x00001bf8       0x18 ./Sources/SCP.o
                0x00001bf8                SendVersion
 .text.HandleTowerNumber
                0x00001c10       0x28 ./Sources/SCP.o
                0x00001c10                HandleTowerNumber
 .text.SendTowerNumber
                0x00001c38       0x28 ./Sources/SCP.o
                0x00001c38                SendTowerNumber
 .text.SetTowerNumber
                0x00001c60       0x28 ./Sources/SCP.o
                0x00001c60                SetTowerNumber
 .text.HandleTowerMode
                0x00001c88       0x28 ./Sources/SCP.o
                0x00001c88                HandleTowerMode
 .text.SendTowerMode
                0x00001cb0       0x28 ./Sources/SCP.o
                0x00001cb0                SendTowerMode
 .text.SetTowerMode
                0x00001cd8       0x28 ./Sources/SCP.o
                0x00001cd8                SetTowerMode
 .text.ReadByte
                0x00001d00       0x18 ./Sources/SCP.o
                0x00001d00                ReadByte
 .text.ProgramByte
                0x00001d18       0x1c ./Sources/SCP.o
                0x00001d18                ProgramByte
 .text.SendTime
                0x00001d34       0x20 ./Sources/SCP.o
                0x00001d34                SendTime
 .text.SetTime  0x00001d54       0x10 ./Sources/SCP.o
                0x00001d54                SetTime
 .text.SendProtocolMode
                0x00001d64       0x20 ./Sources/SCP.o
                0x00001d64                SendProtocolMode
 .text.SetProtocolMode
                0x00001d84       0x10 ./Sources/SCP.o
                0x00001d84                SetProtocolMode
 .text.HandleProtocolMode
                0x00001d94       0x28 ./Sources/SCP.o
                0x00001d94                HandleProtocolMode
 .text.SendAccelValues
                0x00001dbc       0x1c ./Sources/SCP.o
                0x00001dbc                SendAccelValues
 .text.SCP_Acknowledgement_Required
                0x00001dd8       0x30 ./Sources/SCP.o
                0x00001dd8                SCP_Acknowledgement_Required
 .text.ACK      0x00001e08       0x24 ./Sources/SCP.o
                0x00001e08                ACK
 .text.NAK      0x00001e2c       0x30 ./Sources/SCP.o
                0x00001e2c                NAK
 .text.SCP_Packet_Handle
                0x00001e5c       0xac ./Sources/SCP.o
                0x00001e5c                SCP_Packet_Handle
 .text.SCP_Packet_Handle_Ack
                0x00001f08       0x34 ./Sources/SCP.o
                0x00001f08                SCP_Packet_Handle_Ack
 .text.UART_Init
                0x00001f3c      0x118 ./Sources/UART.o
                0x00001f3c                UART_Init
 .text.UART_InChar
                0x00002054       0x20 ./Sources/UART.o
                0x00002054                UART_InChar
 .text.UART_OutChar
                0x00002074       0xa4 ./Sources/UART.o
                0x00002074                UART_OutChar
 .text.UART_ISR
                0x00002118       0x90 ./Sources/UART.o
                0x00002118                UART_ISR
 .text.Accel_Init
                0x000021a8       0xa8 ./Sources/accel.o
                0x000021a8                Accel_Init
 .text.Accel_ReadXYZ
                0x00002250       0xb0 ./Sources/accel.o
                0x00002250                Accel_ReadXYZ
 .text.Accel_SetMode
                0x00002300      0x10c ./Sources/accel.o
                0x00002300                Accel_SetMode
 .text.PITCallback
                0x0000240c       0x14 ./Sources/main.o
                0x0000240c                PITCallback
 .text.RTCCallback
                0x00002420       0x1c ./Sources/main.o
                0x00002420                RTCCallback
 .text.FTMCallback
                0x0000243c       0x18 ./Sources/main.o
                0x0000243c                FTMCallback
 .text.dataReadyCallback
                0x00002454       0x18 ./Sources/main.o
                0x00002454                dataReadyCallback
 .text.readCompleteCallback
                0x0000246c       0x24 ./Sources/main.o
                0x0000246c                readCompleteCallback
 .text.main     0x00002490      0x214 ./Sources/main.o
                0x00002490                main
 .text.Median_Filter3
                0x000026a4       0x90 ./Sources/median.o
                0x000026a4                Median_Filter3
 .text.CheckSum
                0x00002734       0x30 ./Sources/packet.o
                0x00002734                CheckSum
 .text.Packet_Init
                0x00002764       0x1c ./Sources/packet.o
                0x00002764                Packet_Init
 .text.Packet_Get
                0x00002780       0xdc ./Sources/packet.o
                0x00002780                Packet_Get
 .text.Packet_Put
                0x0000285c       0x68 ./Sources/packet.o
                0x0000285c                Packet_Put
 .text.__copy_rom_section
                0x000028c4       0xe4 ./Project_Settings/Startup_Code/startup.o
                0x000028c4                __copy_rom_section
 .text.__copy_rom_sections_to_ram
                0x000029a8       0x9c ./Project_Settings/Startup_Code/startup.o
                0x000029a8                __copy_rom_sections_to_ram
 .text.__init_registers
                0x00002a44       0x20 ./Project_Settings/Startup_Code/startup.o
                0x00002a44                __init_registers
 .text.__init_user
                0x00002a64        0xc ./Project_Settings/Startup_Code/startup.o
                0x00002a64                __init_user
 .text.__thumb_startup
                0x00002a70       0x34 ./Project_Settings/Startup_Code/startup.o
                0x00002a70                __thumb_startup
 .text.Cpu_Interrupt
                0x00002aa4       0x18 ./Generated_Code/Cpu.o
                0x00002aa4                Cpu_Interrupt
 .text.__init_hardware
                0x00002abc      0x17c ./Generated_Code/Cpu.o
                0x00002abc                __init_hardware
 .text.Cpu_SetBASEPRI
                0x00002c38       0x18 ./Generated_Code/Cpu.o
                0x00002c38                Cpu_SetBASEPRI
 .text.PE_low_level_init
                0x00002c50       0xe4 ./Generated_Code/Cpu.o
                0x00002c50                PE_low_level_init
 .text.OS_ISREnter
                0x00002d34       0x20 C:\Users\12443166\git\es18aut35\Lab3V7\Library\libOS.a(OS.o)
                0x00002d34                OS_ISREnter
 .text.OS_ISRExit
                0x00002d54       0x1c C:\Users\12443166\git\es18aut35\Lab3V7\Library\libOS.a(OS.o)
                0x00002d54                OS_ISRExit
 .text.FindFirstSet
                0x00002d70       0x44 C:\Users\12443166\git\es18aut35\Lab3V7\Library\libOS.a(OS.o)
 .text.Schedule
                0x00002db4       0x64 C:\Users\12443166\git\es18aut35\Lab3V7\Library\libOS.a(OS.o)
 .text.TimeTick
                0x00002e18       0x74 C:\Users\12443166\git\es18aut35\Lab3V7\Library\libOS.a(OS.o)
 *fill*         0x00002e8c        0x4 
 .text.OS_ContextSwitchISR
                0x00002e90       0x70 C:\Users\12443166\git\es18aut35\Lab3V7\Library\libOS.a(OS.o)
                0x00002e90                OS_ContextSwitchISR
 .text.OS_SysTickISR
                0x00002f00       0x5c C:\Users\12443166\git\es18aut35\Lab3V7\Library\libOS.a(OS.o)
                0x00002f00                OS_SysTickISR
 .text.exit     0x00002f5c       0x28 c:/freescale/kds_3.0.0/toolchain/bin/../lib/gcc/arm-none-eabi/4.8.4/../../../../arm-none-eabi/lib/armv7e-m/fpu\libg_s.a(lib_a-exit.o)
                0x00002f5c                exit
 .text.__libc_init_array
                0x00002f84       0x4c c:/freescale/kds_3.0.0/toolchain/bin/../lib/gcc/arm-none-eabi/4.8.4/../../../../arm-none-eabi/lib/armv7e-m/fpu\libg_s.a(lib_a-init.o)
                0x00002f84                __libc_init_array
 .text.memcpy   0x00002fd0       0x12 c:/freescale/kds_3.0.0/toolchain/bin/../lib/gcc/arm-none-eabi/4.8.4/../../../../arm-none-eabi/lib/armv7e-m/fpu\libg_s.a(lib_a-memcpy-stub.o)
                0x00002fd0                memcpy
 .text.memset   0x00002fe2       0x10 c:/freescale/kds_3.0.0/toolchain/bin/../lib/gcc/arm-none-eabi/4.8.4/../../../../arm-none-eabi/lib/armv7e-m/fpu\libg_s.a(lib_a-memset.o)
                0x00002fe2                memset
 *fill*         0x00002ff2        0x2 
 .text._exit    0x00002ff4        0x4 c:/freescale/kds_3.0.0/toolchain/bin/../lib/gcc/arm-none-eabi/4.8.4/../../../../arm-none-eabi/lib/armv7e-m/fpu\libnosys.a(_exit.o)
                0x00002ff4                _exit
 *(.rodata)
 .rodata        0x00002ff8       0x84 ./Sources/I2C.o
 .rodata        0x0000307c       0x14 ./Sources/main.o
 *(.rodata*)
 .rodata.PACKET_ACK_MASK
                0x00003090        0x1 ./Sources/packet.o
                0x00003090                PACKET_ACK_MASK
 .rodata.str1.1
                0x00003091        0x2 c:/freescale/kds_3.0.0/toolchain/bin/../lib/gcc/arm-none-eabi/4.8.4/../../../../arm-none-eabi/lib/armv7e-m/fpu\libg_s.a(lib_a-impure.o)
 *fill*         0x00003093        0x1 
 .rodata._global_impure_ptr
                0x00003094        0x4 c:/freescale/kds_3.0.0/toolchain/bin/../lib/gcc/arm-none-eabi/4.8.4/../../../../arm-none-eabi/lib/armv7e-m/fpu\libg_s.a(lib_a-impure.o)
                0x00003094                _global_impure_ptr
 *(.glue_7)
 .glue_7        0x00000000        0x0 linker stubs
 *(.glue_7t)
 .glue_7t       0x00000000        0x0 linker stubs
 *(.eh_frame)
 .eh_frame      0x00003098        0x0 c:/freescale/kds_3.0.0/toolchain/bin/../lib/gcc/arm-none-eabi/4.8.4/armv7e-m/fpu/crtbegin.o
 *(.init)
 .init          0x00003098        0x4 c:/freescale/kds_3.0.0/toolchain/bin/../lib/gcc/arm-none-eabi/4.8.4/armv7e-m/fpu/crti.o
                0x00003098                _init
 .init          0x0000309c        0x8 c:/freescale/kds_3.0.0/toolchain/bin/../lib/gcc/arm-none-eabi/4.8.4/armv7e-m/fpu/crtn.o
 *(.fini)
 .fini          0x000030a4        0x4 c:/freescale/kds_3.0.0/toolchain/bin/../lib/gcc/arm-none-eabi/4.8.4/armv7e-m/fpu/crti.o
                0x000030a4                _fini
 .fini          0x000030a8        0x8 c:/freescale/kds_3.0.0/toolchain/bin/../lib/gcc/arm-none-eabi/4.8.4/armv7e-m/fpu/crtn.o
                0x000030b0                . = ALIGN (0x4)
                0x000030b0                _etext = .

.vfp11_veneer   0x000030b0        0x0
 .vfp11_veneer  0x00000000        0x0 linker stubs

.v4_bx          0x000030b0        0x0
 .v4_bx         0x00000000        0x0 linker stubs

.iplt           0x000030b0        0x0
 .iplt          0x00000000        0x0 c:/freescale/kds_3.0.0/toolchain/bin/../lib/gcc/arm-none-eabi/4.8.4/armv7e-m/fpu/crtbegin.o

.ARM.extab
 *(.ARM.extab* .gnu.linkonce.armextab.*)

.ARM            0x000030b0        0x8
                0x000030b0                __exidx_start = .
 *(.ARM.exidx*)
 .ARM.exidx     0x000030b0        0x8 c:/freescale/kds_3.0.0/toolchain/bin/../lib/gcc/arm-none-eabi/4.8.4/../../../../arm-none-eabi/lib/armv7e-m/fpu/crt0.o
                0x000030b8                __exidx_end = .

.rel.dyn        0x000030b8        0x0
 .rel.iplt      0x00000000        0x0 c:/freescale/kds_3.0.0/toolchain/bin/../lib/gcc/arm-none-eabi/4.8.4/armv7e-m/fpu/crtbegin.o

.ctors          0x000030b8        0x0
                0x000030b8                __CTOR_LIST__ = .
 *crtbegin.o(.ctors)
 *(EXCLUDE_FILE(*crtend.o) .ctors)
 *(SORT(.ctors.*))
 *(.ctors)
                0x000030b8                __CTOR_END__ = .

.dtors          0x000030b8        0x0
                0x000030b8                __DTOR_LIST__ = .
 *crtbegin.o(.dtors)
 *(EXCLUDE_FILE(*crtend.o) .dtors)
 *(SORT(.dtors.*))
 *(.dtors)
                0x000030b8                __DTOR_END__ = .

.preinit_array  0x000030b8        0x0
                0x000030b8                PROVIDE (__preinit_array_start, .)
 *(.preinit_array*)
                0x000030b8                PROVIDE (__preinit_array_end, .)

.init_array     0x000030b8        0x4
                0x000030b8                PROVIDE (__init_array_start, .)
 *(SORT(.init_array.*))
 *(.init_array*)
 .init_array    0x000030b8        0x4 c:/freescale/kds_3.0.0/toolchain/bin/../lib/gcc/arm-none-eabi/4.8.4/armv7e-m/fpu/crtbegin.o
                0x000030bc                PROVIDE (__init_array_end, .)

.fini_array     0x000030bc        0x4
                0x000030bc                PROVIDE (__fini_array_start, .)
 *(SORT(.fini_array.*))
 *(.fini_array*)
 .fini_array    0x000030bc        0x4 c:/freescale/kds_3.0.0/toolchain/bin/../lib/gcc/arm-none-eabi/4.8.4/armv7e-m/fpu/crtbegin.o
                0x000030c0                PROVIDE (__fini_array_end, .)
                0x000030c0                ___ROM_AT = .

.data           0x1fff0000       0x60 load address 0x000030c0
                0x1fff0000                . = ALIGN (0x4)
                0x1fff0000                _sdata = .
 *(.data)
 *(.data*)
 .data.impure_data
                0x1fff0000       0x60 c:/freescale/kds_3.0.0/toolchain/bin/../lib/gcc/arm-none-eabi/4.8.4/../../../../arm-none-eabi/lib/armv7e-m/fpu\libg_s.a(lib_a-impure.o)
                0x1fff0060                . = ALIGN (0x4)
                0x1fff0060                _edata = .
                0x00000060                ___data_size = (_edata - _sdata)
                0x00003120                ___m_data_20000000_ROMStart = (___ROM_AT + SIZEOF (.data))

.jcr            0x1fff0060        0x0 load address 0x00003120
 .jcr           0x1fff0060        0x0 c:/freescale/kds_3.0.0/toolchain/bin/../lib/gcc/arm-none-eabi/4.8.4/armv7e-m/fpu/crtbegin.o

.igot.plt       0x1fff0060        0x0 load address 0x00003120
 .igot.plt      0x00000000        0x0 c:/freescale/kds_3.0.0/toolchain/bin/../lib/gcc/arm-none-eabi/4.8.4/armv7e-m/fpu/crtbegin.o

.m_data_20000000
                0x20000000        0x0 load address 0x00003120
                0x20000000                . = ALIGN (0x4)
                0x20000000                ___m_data_20000000_RAMStart = .
 *(.m_data_20000000)
                0x20000000                ___m_data_20000000_RAMEnd = .
                0x20000000                . = ALIGN (0x4)
                0x00000000                ___m_data_20000000_ROMSize = (___m_data_20000000_RAMEnd - ___m_data_20000000_RAMStart)
                0x20000000                . = ALIGN (0x4)

.bss            0x1fff0060      0x394 load address 0x00003120
                0x1fff0060                __START_BSS = .
                0x1fff0060                PROVIDE (__bss_start__, __START_BSS)
 *(.bss)
 .bss           0x1fff0060       0x1c c:/freescale/kds_3.0.0/toolchain/bin/../lib/gcc/arm-none-eabi/4.8.4/armv7e-m/fpu/crtbegin.o
 *(.bss*)
 .bss.UserFunctions
                0x1fff007c       0x20 ./Sources/FTM.o
 .bss.UserArguments
                0x1fff009c       0x20 ./Sources/FTM.o
 .bss.flashMemoryMap.5648
                0x1fff00bc        0x1 ./Sources/Flash.o
 .bss.SlaveAdress
                0x1fff00bd        0x1 ./Sources/I2C.o
 *fill*         0x1fff00be        0x2 
 .bss.ReadCompleteCallbackFunction
                0x1fff00c0        0x4 ./Sources/I2C.o
 .bss.ReadCompleteCallbackArguments
                0x1fff00c4        0x4 ./Sources/I2C.o
 .bss.Clkperiod
                0x1fff00c8        0x4 ./Sources/PIT.o
 .bss.UserFunction
                0x1fff00cc        0x4 ./Sources/PIT.o
 .bss.UserArguments
                0x1fff00d0        0x4 ./Sources/PIT.o
 .bss.UserFunction
                0x1fff00d4        0x4 ./Sources/RTC.o
 .bss.UserArguments
                0x1fff00d8        0x4 ./Sources/RTC.o
 .bss.TxFIFO    0x1fff00dc      0x108 ./Sources/UART.o
 .bss.RxFIFO    0x1fff01e4      0x108 ./Sources/UART.o
 .bss.CTRL_REG1_Union
                0x1fff02ec        0x4 ./Sources/accel.o
 .bss.CTRL_REG4_Union
                0x1fff02f0        0x4 ./Sources/accel.o
 .bss.CTRL_REG5_Union
                0x1fff02f4        0x4 ./Sources/accel.o
 .bss.index.6731
                0x1fff02f8        0x1 ./Sources/accel.o
 *fill*         0x1fff02f9        0x3 
 .bss.XData.6728
                0x1fff02fc        0x4 ./Sources/accel.o
 .bss.YData.6729
                0x1fff0300        0x4 ./Sources/accel.o
 .bss.ZData.6730
                0x1fff0304        0x4 ./Sources/accel.o
 .bss.count.6600
                0x1fff0308        0x1 ./Sources/packet.o
 .bss.SR_lock   0x1fff0309        0x1 ./Generated_Code/Cpu.o
                0x1fff0309                SR_lock
 *fill*         0x1fff030a        0x2 
 .bss.pTCBAllocatedList
                0x1fff030c        0x4 C:\Users\12443166\git\es18aut35\Lab3V7\Library\libOS.a(OS.o)
 .bss.pTCBPriorityTable
                0x1fff0310       0x80 C:\Users\12443166\git\es18aut35\Lab3V7\Library\libOS.a(OS.o)
 .bss.pTCBRunning
                0x1fff0390        0x4 C:\Users\12443166\git\es18aut35\Lab3V7\Library\libOS.a(OS.o)
 .bss.pTCBHighestReady
                0x1fff0394        0x4 C:\Users\12443166\git\es18aut35\Lab3V7\Library\libOS.a(OS.o)
 .bss.ReadyList
                0x1fff0398        0x4 C:\Users\12443166\git\es18aut35\Lab3V7\Library\libOS.a(OS.o)
 .bss.Ticks     0x1fff039c        0x4 C:\Users\12443166\git\es18aut35\Lab3V7\Library\libOS.a(OS.o)
 .bss.ToggleCntr
                0x1fff03a0        0x4 C:\Users\12443166\git\es18aut35\Lab3V7\Library\libOS.a(OS.o)
 .bss.ToggleLED
                0x1fff03a4        0x1 C:\Users\12443166\git\es18aut35\Lab3V7\Library\libOS.a(OS.o)
 .bss.ISRNestLevel
                0x1fff03a5        0x1 C:\Users\12443166\git\es18aut35\Lab3V7\Library\libOS.a(OS.o)
 *(COMMON)
 *fill*         0x1fff03a6        0x2 
 COMMON         0x1fff03a8       0x12 ./Sources/SCP.o
                0x1fff03a8                SCP_TowerMd
                0x1fff03ac                NvTowerMd
                0x1fff03b0                NvTowerNb
                0x1fff03b4                SCP_ProtocolMode
                0x1fff03b8                SCP_TowerNb
 *fill*         0x1fff03ba        0x2 
 COMMON         0x1fff03bc        0x8 ./Sources/accel.o
                0x1fff03bc                dataReadyCallbackFunction
                0x1fff03c0                dataReadyCallbackArguments
 COMMON         0x1fff03c4       0x27 ./Sources/main.o
                0x1fff03c4                Timer1Sec
                0x1fff03d4                Accelerometer
                0x1fff03e8                accelValues
 *fill*         0x1fff03eb        0x1 
 COMMON         0x1fff03ec        0x5 ./Sources/packet.o
                0x1fff03ec                Packet
 COMMON         0x1fff03f1        0x1 ./Generated_Code/Cpu.o
                0x1fff03f1                SR_reg
                0x1fff03f4                . = ALIGN (0x4)
 *fill*         0x1fff03f2        0x2 
                0x1fff03f4                __END_BSS = .
                0x1fff03f4                PROVIDE (__bss_end__, __END_BSS)
                0x00003120                _romp_at = ((___ROM_AT + SIZEOF (.data)) + SIZEOF (.m_data_20000000))

.romp           0x1fff03f4       0x24 load address 0x00003120
                0x00003120                __S_romp = _romp_at
                0x1fff03f4        0x4 LONG 0x30c0 ___ROM_AT
                0x1fff03f8        0x4 LONG 0x1fff0000 _sdata
                0x1fff03fc        0x4 LONG 0x60 ___data_size
                0x1fff0400        0x4 LONG 0x3120 ___m_data_20000000_ROMStart
                0x1fff0404        0x4 LONG 0x20000000 ___m_data_20000000_RAMStart
                0x1fff0408        0x4 LONG 0x0 ___m_data_20000000_ROMSize
                0x1fff040c        0x4 LONG 0x0
                0x1fff0410        0x4 LONG 0x0
                0x1fff0414        0x4 LONG 0x0
                0x00080000                text_end = (ORIGIN (m_text) + 0x7fbf0)
                0x00003144                data_init_end = ((___m_data_20000000_ROMStart + SIZEOF (.m_data_20000000)) + SIZEOF (.romp))
                0x00000001                ASSERT ((data_init_end <= text_end), region m_text overflowed with text and data)

._user_heap_stack
                0x1fff0418      0x400 load address 0x00003144
                0x1fff0418                . = ALIGN (0x4)
                0x1fff0418                PROVIDE (end, .)
                0x1fff0418                PROVIDE (_end, .)
                0x1fff0418                PROVIDE (__end__, .)
                0x1fff0418                __heap_addr = .
                0x1fff0418                __HeapBase = .
                0x1fff0418                . = (. + __heap_size)
                0x1fff0418                __HeapLimit = .
                0x1fff0818                . = (. + __stack_size)
 *fill*         0x1fff0418      0x400 
                0x1fff0818                . = ALIGN (0x4)

.ARM.attributes
                0x00000000       0x30
 *(.ARM.attributes)
 .ARM.attributes
                0x00000000       0x22 c:/freescale/kds_3.0.0/toolchain/bin/../lib/gcc/arm-none-eabi/4.8.4/armv7e-m/fpu/crti.o
 .ARM.attributes
                0x00000022       0x34 c:/freescale/kds_3.0.0/toolchain/bin/../lib/gcc/arm-none-eabi/4.8.4/armv7e-m/fpu/crtbegin.o
 .ARM.attributes
                0x00000056       0x20 c:/freescale/kds_3.0.0/toolchain/bin/../lib/gcc/arm-none-eabi/4.8.4/../../../../arm-none-eabi/lib/armv7e-m/fpu/crt0.o
 .ARM.attributes
                0x00000076       0x39 ./Sources/FIFO.o
 .ARM.attributes
                0x000000af       0x39 ./Sources/FTM.o
 .ARM.attributes
                0x000000e8       0x39 ./Sources/Flash.o
 .ARM.attributes
                0x00000121       0x39 ./Sources/I2C.o
 .ARM.attributes
                0x0000015a       0x39 ./Sources/LEDs.o
 .ARM.attributes
                0x00000193       0x39 ./Sources/PIT.o
 .ARM.attributes
                0x000001cc       0x39 ./Sources/RTC.o
 .ARM.attributes
                0x00000205       0x39 ./Sources/SCP.o
 .ARM.attributes
                0x0000023e       0x39 ./Sources/UART.o
 .ARM.attributes
                0x00000277       0x39 ./Sources/accel.o
 .ARM.attributes
                0x000002b0       0x39 ./Sources/main.o
 .ARM.attributes
                0x000002e9       0x39 ./Sources/median.o
 .ARM.attributes
                0x00000322       0x39 ./Sources/packet.o
 .ARM.attributes
                0x0000035b       0x39 ./Project_Settings/Startup_Code/startup.o
 .ARM.attributes
                0x00000394       0x39 ./Generated_Code/Cpu.o
 .ARM.attributes
                0x000003cd       0x39 ./Generated_Code/Vectors.o
 .ARM.attributes
                0x00000406       0x39 C:\Users\12443166\git\es18aut35\Lab3V7\Library\libOS.a(OS.o)
 .ARM.attributes
                0x0000043f       0x22 c:/freescale/kds_3.0.0/toolchain/bin/../lib/gcc/arm-none-eabi/4.8.4/armv7e-m/fpu\libgcc.a(_arm_addsubdf3.o)
 .ARM.attributes
                0x00000461       0x22 c:/freescale/kds_3.0.0/toolchain/bin/../lib/gcc/arm-none-eabi/4.8.4/armv7e-m/fpu\libgcc.a(_arm_muldivdf3.o)
 .ARM.attributes
                0x00000483       0x22 c:/freescale/kds_3.0.0/toolchain/bin/../lib/gcc/arm-none-eabi/4.8.4/armv7e-m/fpu\libgcc.a(_arm_fixunsdfsi.o)
 .ARM.attributes
                0x000004a5       0x34 c:/freescale/kds_3.0.0/toolchain/bin/../lib/gcc/arm-none-eabi/4.8.4/../../../../arm-none-eabi/lib/armv7e-m/fpu\libg_s.a(lib_a-exit.o)
 .ARM.attributes
                0x000004d9       0x34 c:/freescale/kds_3.0.0/toolchain/bin/../lib/gcc/arm-none-eabi/4.8.4/../../../../arm-none-eabi/lib/armv7e-m/fpu\libg_s.a(lib_a-impure.o)
 .ARM.attributes
                0x0000050d       0x34 c:/freescale/kds_3.0.0/toolchain/bin/../lib/gcc/arm-none-eabi/4.8.4/../../../../arm-none-eabi/lib/armv7e-m/fpu\libg_s.a(lib_a-init.o)
 .ARM.attributes
                0x00000541       0x34 c:/freescale/kds_3.0.0/toolchain/bin/../lib/gcc/arm-none-eabi/4.8.4/../../../../arm-none-eabi/lib/armv7e-m/fpu\libg_s.a(lib_a-memcpy-stub.o)
 .ARM.attributes
                0x00000575       0x34 c:/freescale/kds_3.0.0/toolchain/bin/../lib/gcc/arm-none-eabi/4.8.4/../../../../arm-none-eabi/lib/armv7e-m/fpu\libg_s.a(lib_a-memset.o)
 .ARM.attributes
                0x000005a9       0x34 c:/freescale/kds_3.0.0/toolchain/bin/../lib/gcc/arm-none-eabi/4.8.4/../../../../arm-none-eabi/lib/armv7e-m/fpu\libnosys.a(_exit.o)
 .ARM.attributes
                0x000005dd       0x22 c:/freescale/kds_3.0.0/toolchain/bin/../lib/gcc/arm-none-eabi/4.8.4/armv7e-m/fpu/crtn.o
OUTPUT(Lab3.elf elf32-littlearm)

.debug_info     0x00000000     0x6af5
 .debug_info    0x00000000      0x208 ./Sources/FIFO.o
 .debug_info    0x00000208      0x7ae ./Sources/FTM.o
 .debug_info    0x000009b6      0x698 ./Sources/Flash.o
 .debug_info    0x0000104e      0x9b5 ./Sources/I2C.o
 .debug_info    0x00001a03      0x497 ./Sources/LEDs.o
 .debug_info    0x00001e9a      0x592 ./Sources/PIT.o
 .debug_info    0x0000242c      0x680 ./Sources/RTC.o
 .debug_info    0x00002aac      0x49b ./Sources/SCP.o
 .debug_info    0x00002f47      0x964 ./Sources/UART.o
 .debug_info    0x000038ab      0xb2c ./Sources/accel.o
 .debug_info    0x000043d7      0x5b7 ./Sources/main.o
 .debug_info    0x0000498e       0xda ./Sources/median.o
 .debug_info    0x00004a68      0x343 ./Sources/packet.o
 .debug_info    0x00004dab      0x3b0 ./Project_Settings/Startup_Code/startup.o
 .debug_info    0x0000515b      0xb89 ./Generated_Code/Cpu.o
 .debug_info    0x00005ce4      0x10f ./Generated_Code/Vectors.o
 .debug_info    0x00005df3      0xd02 C:\Users\12443166\git\es18aut35\Lab3V7\Library\libOS.a(OS.o)

.debug_abbrev   0x00000000     0x19c3
 .debug_abbrev  0x00000000       0xfc ./Sources/FIFO.o
 .debug_abbrev  0x000000fc      0x1d8 ./Sources/FTM.o
 .debug_abbrev  0x000002d4      0x1bb ./Sources/Flash.o
 .debug_abbrev  0x0000048f      0x226 ./Sources/I2C.o
 .debug_abbrev  0x000006b5      0x144 ./Sources/LEDs.o
 .debug_abbrev  0x000007f9      0x16e ./Sources/PIT.o
 .debug_abbrev  0x00000967      0x15f ./Sources/RTC.o
 .debug_abbrev  0x00000ac6      0x15b ./Sources/SCP.o
 .debug_abbrev  0x00000c21      0x1dd ./Sources/UART.o
 .debug_abbrev  0x00000dfe      0x24b ./Sources/accel.o
 .debug_abbrev  0x00001049      0x174 ./Sources/main.o
 .debug_abbrev  0x000011bd       0x6c ./Sources/median.o
 .debug_abbrev  0x00001229       0xf0 ./Sources/packet.o
 .debug_abbrev  0x00001319      0x189 ./Project_Settings/Startup_Code/startup.o
 .debug_abbrev  0x000014a2      0x185 ./Generated_Code/Cpu.o
 .debug_abbrev  0x00001627       0xa4 ./Generated_Code/Vectors.o
 .debug_abbrev  0x000016cb      0x2f8 C:\Users\12443166\git\es18aut35\Lab3V7\Library\libOS.a(OS.o)

.debug_aranges  0x00000000      0x528
 .debug_aranges
                0x00000000       0x30 ./Sources/FIFO.o
 .debug_aranges
                0x00000030       0x38 ./Sources/FTM.o
 .debug_aranges
                0x00000068       0x68 ./Sources/Flash.o
 .debug_aranges
                0x000000d0       0x68 ./Sources/I2C.o
 .debug_aranges
                0x00000138       0x38 ./Sources/LEDs.o
 .debug_aranges
                0x00000170       0x38 ./Sources/PIT.o
 .debug_aranges
                0x000001a8       0x38 ./Sources/RTC.o
 .debug_aranges
                0x000001e0       0xc0 ./Sources/SCP.o
 .debug_aranges
                0x000002a0       0x40 ./Sources/UART.o
 .debug_aranges
                0x000002e0       0x38 ./Sources/accel.o
 .debug_aranges
                0x00000318       0x48 ./Sources/main.o
 .debug_aranges
                0x00000360       0x20 ./Sources/median.o
 .debug_aranges
                0x00000380       0x40 ./Sources/packet.o
 .debug_aranges
                0x000003c0       0x50 ./Project_Settings/Startup_Code/startup.o
 .debug_aranges
                0x00000410       0x38 ./Generated_Code/Cpu.o
 .debug_aranges
                0x00000448       0x18 ./Generated_Code/Vectors.o
 .debug_aranges
                0x00000460       0xc8 C:\Users\12443166\git\es18aut35\Lab3V7\Library\libOS.a(OS.o)

.debug_ranges   0x00000000      0x410
 .debug_ranges  0x00000000       0x20 ./Sources/FIFO.o
 .debug_ranges  0x00000020       0x28 ./Sources/FTM.o
 .debug_ranges  0x00000048       0x58 ./Sources/Flash.o
 .debug_ranges  0x000000a0       0x58 ./Sources/I2C.o
 .debug_ranges  0x000000f8       0x28 ./Sources/LEDs.o
 .debug_ranges  0x00000120       0x28 ./Sources/PIT.o
 .debug_ranges  0x00000148       0x28 ./Sources/RTC.o
 .debug_ranges  0x00000170       0xb0 ./Sources/SCP.o
 .debug_ranges  0x00000220       0x30 ./Sources/UART.o
 .debug_ranges  0x00000250       0x28 ./Sources/accel.o
 .debug_ranges  0x00000278       0x38 ./Sources/main.o
 .debug_ranges  0x000002b0       0x10 ./Sources/median.o
 .debug_ranges  0x000002c0       0x30 ./Sources/packet.o
 .debug_ranges  0x000002f0       0x40 ./Project_Settings/Startup_Code/startup.o
 .debug_ranges  0x00000330       0x28 ./Generated_Code/Cpu.o
 .debug_ranges  0x00000358       0xb8 C:\Users\12443166\git\es18aut35\Lab3V7\Library\libOS.a(OS.o)

.debug_macro    0x00000000    0x1c112
 .debug_macro   0x00000000       0xaa ./Sources/FIFO.o
 .debug_macro   0x000000aa       0x22 ./Sources/FIFO.o
 .debug_macro   0x000000cc     0x1800 ./Sources/FIFO.o
 .debug_macro   0x000018cc       0xa4 ./Sources/FTM.o
 .debug_macro   0x00001970       0x67 ./Sources/Flash.o
 .debug_macro   0x000019d7       0x3a ./Sources/Flash.o
 .debug_macro   0x00001a11      0x179 ./Sources/I2C.o
 .debug_macro   0x00001b8a       0x58 ./Sources/I2C.o
 .debug_macro   0x00001be2       0x35 ./Sources/I2C.o
 .debug_macro   0x00001c17       0xa3 ./Sources/I2C.o
 .debug_macro   0x00001cba       0x16 ./Sources/I2C.o
 .debug_macro   0x00001cd0      0x10e ./Sources/I2C.o
 .debug_macro   0x00001dde       0x7f ./Sources/I2C.o
 .debug_macro   0x00001e5d       0x52 ./Sources/I2C.o
 .debug_macro   0x00001eaf       0x16 ./Sources/I2C.o
 .debug_macro   0x00001ec5       0x43 ./Sources/I2C.o
 .debug_macro   0x00001f08      0x180 ./Sources/I2C.o
 .debug_macro   0x00002088       0x22 ./Sources/I2C.o
 .debug_macro   0x000020aa       0x9a ./Sources/LEDs.o
 .debug_macro   0x00002144       0xac ./Sources/PIT.o
 .debug_macro   0x000021f0       0xa8 ./Sources/RTC.o
 .debug_macro   0x00002298       0xd2 ./Sources/SCP.o
 .debug_macro   0x0000236a       0x40 ./Sources/SCP.o
 .debug_macro   0x000023aa       0x3a ./Sources/SCP.o
 .debug_macro   0x000023e4       0x36 ./Sources/SCP.o
 .debug_macro   0x0000241a       0xd6 ./Sources/UART.o
 .debug_macro   0x000024f0       0x10 ./Sources/UART.o
 .debug_macro   0x00002500      0x21c ./Sources/accel.o
 .debug_macro   0x0000271c       0x94 ./Sources/accel.o
 .debug_macro   0x000027b0      0x123 ./Sources/main.o
 .debug_macro   0x000028d3       0x5f ./Sources/median.o
 .debug_macro   0x00002932       0xb3 ./Sources/packet.o
 .debug_macro   0x000029e5       0x34 ./Sources/packet.o
 .debug_macro   0x00002a19      0x121 ./Project_Settings/Startup_Code/startup.o
 .debug_macro   0x00002b3a      0x166 ./Project_Settings/Startup_Code/startup.o
 .debug_macro   0x00002ca0       0x4a ./Project_Settings/Startup_Code/startup.o
 .debug_macro   0x00002cea      0x2a6 ./Project_Settings/Startup_Code/startup.o
 .debug_macro   0x00002f90       0x10 ./Project_Settings/Startup_Code/startup.o
 .debug_macro   0x00002fa0       0x35 ./Project_Settings/Startup_Code/startup.o
 .debug_macro   0x00002fd5       0x16 ./Project_Settings/Startup_Code/startup.o
 .debug_macro   0x00002feb      0x20f ./Project_Settings/Startup_Code/startup.o
 .debug_macro   0x000031fa    0x174af ./Project_Settings/Startup_Code/startup.o
 .debug_macro   0x0001a6a9       0xad ./Generated_Code/Cpu.o
 .debug_macro   0x0001a756       0xef ./Generated_Code/Vectors.o
 .debug_macro   0x0001a845       0xa3 C:\Users\12443166\git\es18aut35\Lab3V7\Library\libOS.a(OS.o)
 .debug_macro   0x0001a8e8     0x17fa C:\Users\12443166\git\es18aut35\Lab3V7\Library\libOS.a(OS.o)
 .debug_macro   0x0001c0e2       0x30 C:\Users\12443166\git\es18aut35\Lab3V7\Library\libOS.a(OS.o)

.debug_line     0x00000000     0x35ee
 .debug_line    0x00000000      0x2b4 ./Sources/FIFO.o
 .debug_line    0x000002b4      0x2d7 ./Sources/FTM.o
 .debug_line    0x0000058b      0x2fa ./Sources/Flash.o
 .debug_line    0x00000885      0x471 ./Sources/I2C.o
 .debug_line    0x00000cf6      0x288 ./Sources/LEDs.o
 .debug_line    0x00000f7e      0x299 ./Sources/PIT.o
 .debug_line    0x00001217      0x2bf ./Sources/RTC.o
 .debug_line    0x000014d6      0x449 ./Sources/SCP.o
 .debug_line    0x0000191f      0x2f9 ./Sources/UART.o
 .debug_line    0x00001c18      0x303 ./Sources/accel.o
 .debug_line    0x00001f1b      0x3b2 ./Sources/main.o
 .debug_line    0x000022cd      0x1b7 ./Sources/median.o
 .debug_line    0x00002484      0x2cd ./Sources/packet.o
 .debug_line    0x00002751      0x3ce ./Project_Settings/Startup_Code/startup.o
 .debug_line    0x00002b1f      0x323 ./Generated_Code/Cpu.o
 .debug_line    0x00002e42      0x316 ./Generated_Code/Vectors.o
 .debug_line    0x00003158      0x496 C:\Users\12443166\git\es18aut35\Lab3V7\Library\libOS.a(OS.o)

.debug_str      0x00000000    0x8f00c
 .debug_str     0x00000000    0x8a54c ./Sources/FIFO.o
                              0x8a6c6 (size before relaxing)
 .debug_str     0x0008a54c      0x3cc ./Sources/FTM.o
                              0x8aa2f (size before relaxing)
 .debug_str     0x0008a918      0x39e ./Sources/Flash.o
                              0x83103 (size before relaxing)
 .debug_str     0x0008acb6     0x18a8 ./Sources/I2C.o
                              0x8c0d4 (size before relaxing)
 .debug_str     0x0008c55e       0x6d ./Sources/LEDs.o
                              0x8a7f2 (size before relaxing)
 .debug_str     0x0008c5cb       0x9d ./Sources/PIT.o
                              0x8a848 (size before relaxing)
 .debug_str     0x0008c668       0xb4 ./Sources/RTC.o
                              0x8a869 (size before relaxing)
 .debug_str     0x0008c71c      0x563 ./Sources/SCP.o
                              0x8ad5f (size before relaxing)
 .debug_str     0x0008cc7f      0x128 ./Sources/UART.o
                              0x8ab38 (size before relaxing)
 .debug_str     0x0008cda7      0xa49 ./Sources/accel.o
                              0x8b556 (size before relaxing)
 .debug_str     0x0008d7f0       0xb6 ./Sources/main.o
                              0x8af4b (size before relaxing)
 .debug_str     0x0008d8a6       0x23 ./Sources/median.o
                               0x2f8a (size before relaxing)
 .debug_str     0x0008d8c9       0x6e ./Sources/packet.o
                              0x8a95c (size before relaxing)
 .debug_str     0x0008d937     0x1094 ./Project_Settings/Startup_Code/startup.o
                              0x853ed (size before relaxing)
 .debug_str     0x0008e9cb      0x1e3 ./Generated_Code/Cpu.o
                              0x8a9eb (size before relaxing)
 .debug_str     0x0008ebae       0x1c ./Generated_Code/Vectors.o
                              0x8a792 (size before relaxing)
 .debug_str     0x0008ebca      0x442 C:\Users\12443166\git\es18aut35\Lab3V7\Library\libOS.a(OS.o)
                              0x8ad2a (size before relaxing)

.comment        0x00000000       0x70
 .comment       0x00000000       0x70 ./Sources/FIFO.o
                                 0x71 (size before relaxing)
 .comment       0x00000000       0x71 ./Sources/FTM.o
 .comment       0x00000000       0x71 ./Sources/Flash.o
 .comment       0x00000000       0x71 ./Sources/I2C.o
 .comment       0x00000000       0x71 ./Sources/LEDs.o
 .comment       0x00000000       0x71 ./Sources/PIT.o
 .comment       0x00000000       0x71 ./Sources/RTC.o
 .comment       0x00000000       0x71 ./Sources/SCP.o
 .comment       0x00000000       0x71 ./Sources/UART.o
 .comment       0x00000000       0x71 ./Sources/accel.o
 .comment       0x00000000       0x71 ./Sources/main.o
 .comment       0x00000000       0x71 ./Sources/median.o
 .comment       0x00000000       0x71 ./Sources/packet.o
 .comment       0x00000000       0x71 ./Project_Settings/Startup_Code/startup.o
 .comment       0x00000000       0x71 ./Generated_Code/Cpu.o
 .comment       0x00000000       0x71 ./Generated_Code/Vectors.o
 .comment       0x00000000       0x71 C:\Users\12443166\git\es18aut35\Lab3V7\Library\libOS.a(OS.o)

.debug_frame    0x00000000      0xed8
 .debug_frame   0x00000000       0x64 ./Sources/FIFO.o
 .debug_frame   0x00000064       0x88 ./Sources/FTM.o
 .debug_frame   0x000000ec      0x13c ./Sources/Flash.o
 .debug_frame   0x00000228      0x134 ./Sources/I2C.o
 .debug_frame   0x0000035c       0x7c ./Sources/LEDs.o
 .debug_frame   0x000003d8       0x90 ./Sources/PIT.o
 .debug_frame   0x00000468       0x88 ./Sources/RTC.o
 .debug_frame   0x000004f0      0x260 ./Sources/SCP.o
 .debug_frame   0x00000750       0xb4 ./Sources/UART.o
 .debug_frame   0x00000804       0x94 ./Sources/accel.o
 .debug_frame   0x00000898       0xd0 ./Sources/main.o
 .debug_frame   0x00000968       0x2c ./Sources/median.o
 .debug_frame   0x00000994       0xa8 ./Sources/packet.o
 .debug_frame   0x00000a3c       0xc0 ./Project_Settings/Startup_Code/startup.o
 .debug_frame   0x00000afc       0x80 ./Generated_Code/Cpu.o
 .debug_frame   0x00000b7c      0x2a0 C:\Users\12443166\git\es18aut35\Lab3V7\Library\libOS.a(OS.o)
 .debug_frame   0x00000e1c       0x28 c:/freescale/kds_3.0.0/toolchain/bin/../lib/gcc/arm-none-eabi/4.8.4/../../../../arm-none-eabi/lib/armv7e-m/fpu\libg_s.a(lib_a-exit.o)
 .debug_frame   0x00000e44       0x2c c:/freescale/kds_3.0.0/toolchain/bin/../lib/gcc/arm-none-eabi/4.8.4/../../../../arm-none-eabi/lib/armv7e-m/fpu\libg_s.a(lib_a-init.o)
 .debug_frame   0x00000e70       0x28 c:/freescale/kds_3.0.0/toolchain/bin/../lib/gcc/arm-none-eabi/4.8.4/../../../../arm-none-eabi/lib/armv7e-m/fpu\libg_s.a(lib_a-memcpy-stub.o)
 .debug_frame   0x00000e98       0x20 c:/freescale/kds_3.0.0/toolchain/bin/../lib/gcc/arm-none-eabi/4.8.4/../../../../arm-none-eabi/lib/armv7e-m/fpu\libg_s.a(lib_a-memset.o)
 .debug_frame   0x00000eb8       0x20 c:/freescale/kds_3.0.0/toolchain/bin/../lib/gcc/arm-none-eabi/4.8.4/../../../../arm-none-eabi/lib/armv7e-m/fpu\libnosys.a(_exit.o)
