Archive member included because of file (symbol)

C:\Users\13115605\Documents\workspace\es18aut35\Project\Project\Library\libOS.a(OS.o)
                              ./Sources/main.o (OS_Init)
C:\Users\13115605\Documents\workspace\es18aut35\Project\Project\Library\libAnalog.a(analog.o)
                              ./Sources/main.o (Analog_Init)
C:\Users\13115605\Documents\workspace\es18aut35\Project\Project\Library\libAnalog.a(SPI.o)
                              C:\Users\13115605\Documents\workspace\es18aut35\Project\Project\Library\libAnalog.a(analog.o) (SPI_Init)
c:/freescale/kds_3.0.0/toolchain/bin/../lib/gcc/arm-none-eabi/4.8.4/../../../../arm-none-eabi/lib/armv7e-m/fpu\libm.a(lib_a-s_cos.o)
                              ./Sources/kiss_fft.o (cos)
c:/freescale/kds_3.0.0/toolchain/bin/../lib/gcc/arm-none-eabi/4.8.4/../../../../arm-none-eabi/lib/armv7e-m/fpu\libm.a(lib_a-s_floor.o)
                              ./Sources/kiss_fft.o (floor)
c:/freescale/kds_3.0.0/toolchain/bin/../lib/gcc/arm-none-eabi/4.8.4/../../../../arm-none-eabi/lib/armv7e-m/fpu\libm.a(lib_a-s_sin.o)
                              ./Sources/kiss_fft.o (sin)
c:/freescale/kds_3.0.0/toolchain/bin/../lib/gcc/arm-none-eabi/4.8.4/../../../../arm-none-eabi/lib/armv7e-m/fpu\libm.a(lib_a-w_pow.o)
                              ./Sources/Frequencie.o (pow)
c:/freescale/kds_3.0.0/toolchain/bin/../lib/gcc/arm-none-eabi/4.8.4/../../../../arm-none-eabi/lib/armv7e-m/fpu\libm.a(lib_a-w_sqrt.o)
                              ./Sources/Frequencie.o (sqrt)
c:/freescale/kds_3.0.0/toolchain/bin/../lib/gcc/arm-none-eabi/4.8.4/../../../../arm-none-eabi/lib/armv7e-m/fpu\libm.a(lib_a-e_pow.o)
                              c:/freescale/kds_3.0.0/toolchain/bin/../lib/gcc/arm-none-eabi/4.8.4/../../../../arm-none-eabi/lib/armv7e-m/fpu\libm.a(lib_a-w_pow.o) (__ieee754_pow)
c:/freescale/kds_3.0.0/toolchain/bin/../lib/gcc/arm-none-eabi/4.8.4/../../../../arm-none-eabi/lib/armv7e-m/fpu\libm.a(lib_a-e_rem_pio2.o)
                              c:/freescale/kds_3.0.0/toolchain/bin/../lib/gcc/arm-none-eabi/4.8.4/../../../../arm-none-eabi/lib/armv7e-m/fpu\libm.a(lib_a-s_cos.o) (__ieee754_rem_pio2)
c:/freescale/kds_3.0.0/toolchain/bin/../lib/gcc/arm-none-eabi/4.8.4/../../../../arm-none-eabi/lib/armv7e-m/fpu\libm.a(lib_a-e_sqrt.o)
                              c:/freescale/kds_3.0.0/toolchain/bin/../lib/gcc/arm-none-eabi/4.8.4/../../../../arm-none-eabi/lib/armv7e-m/fpu\libm.a(lib_a-w_sqrt.o) (__ieee754_sqrt)
c:/freescale/kds_3.0.0/toolchain/bin/../lib/gcc/arm-none-eabi/4.8.4/../../../../arm-none-eabi/lib/armv7e-m/fpu\libm.a(lib_a-k_cos.o)
                              c:/freescale/kds_3.0.0/toolchain/bin/../lib/gcc/arm-none-eabi/4.8.4/../../../../arm-none-eabi/lib/armv7e-m/fpu\libm.a(lib_a-s_cos.o) (__kernel_cos)
c:/freescale/kds_3.0.0/toolchain/bin/../lib/gcc/arm-none-eabi/4.8.4/../../../../arm-none-eabi/lib/armv7e-m/fpu\libm.a(lib_a-k_rem_pio2.o)
                              c:/freescale/kds_3.0.0/toolchain/bin/../lib/gcc/arm-none-eabi/4.8.4/../../../../arm-none-eabi/lib/armv7e-m/fpu\libm.a(lib_a-e_rem_pio2.o) (__kernel_rem_pio2)
c:/freescale/kds_3.0.0/toolchain/bin/../lib/gcc/arm-none-eabi/4.8.4/../../../../arm-none-eabi/lib/armv7e-m/fpu\libm.a(lib_a-k_sin.o)
                              c:/freescale/kds_3.0.0/toolchain/bin/../lib/gcc/arm-none-eabi/4.8.4/../../../../arm-none-eabi/lib/armv7e-m/fpu\libm.a(lib_a-s_cos.o) (__kernel_sin)
c:/freescale/kds_3.0.0/toolchain/bin/../lib/gcc/arm-none-eabi/4.8.4/../../../../arm-none-eabi/lib/armv7e-m/fpu\libm.a(lib_a-s_fabs.o)
                              c:/freescale/kds_3.0.0/toolchain/bin/../lib/gcc/arm-none-eabi/4.8.4/../../../../arm-none-eabi/lib/armv7e-m/fpu\libm.a(lib_a-e_pow.o) (fabs)
c:/freescale/kds_3.0.0/toolchain/bin/../lib/gcc/arm-none-eabi/4.8.4/../../../../arm-none-eabi/lib/armv7e-m/fpu\libm.a(lib_a-s_finite.o)
                              c:/freescale/kds_3.0.0/toolchain/bin/../lib/gcc/arm-none-eabi/4.8.4/../../../../arm-none-eabi/lib/armv7e-m/fpu\libm.a(lib_a-w_pow.o) (finite)
c:/freescale/kds_3.0.0/toolchain/bin/../lib/gcc/arm-none-eabi/4.8.4/../../../../arm-none-eabi/lib/armv7e-m/fpu\libm.a(lib_a-s_fpclassify.o)
                              c:/freescale/kds_3.0.0/toolchain/bin/../lib/gcc/arm-none-eabi/4.8.4/../../../../arm-none-eabi/lib/armv7e-m/fpu\libm.a(lib_a-w_pow.o) (__fpclassifyd)
c:/freescale/kds_3.0.0/toolchain/bin/../lib/gcc/arm-none-eabi/4.8.4/../../../../arm-none-eabi/lib/armv7e-m/fpu\libm.a(lib_a-s_lib_ver.o)
                              c:/freescale/kds_3.0.0/toolchain/bin/../lib/gcc/arm-none-eabi/4.8.4/../../../../arm-none-eabi/lib/armv7e-m/fpu\libm.a(lib_a-w_pow.o) (__fdlib_version)
c:/freescale/kds_3.0.0/toolchain/bin/../lib/gcc/arm-none-eabi/4.8.4/../../../../arm-none-eabi/lib/armv7e-m/fpu\libm.a(lib_a-s_matherr.o)
[...]
Memory Configuration

Name             Origin             Length             Attributes
m_interrupts     0x00000000         0x000001e8         xr
m_text           0x00000410         0x0007fbf0         xr
m_data           0x1fff0000         0x00010000         rw
m_data_20000000  0x20000000         0x00010000         rw
m_cfmprotrom     0x00000400         0x00000010         xr
*default*        0x00000000         0xffffffff

Linker script and memory map

LOAD c:/freescale/kds_3.0.0/toolchain/bin/../lib/gcc/arm-none-eabi/4.8.4/armv7e-m/fpu/crti.o
LOAD c:/freescale/kds_3.0.0/toolchain/bin/../lib/gcc/arm-none-eabi/4.8.4/armv7e-m/fpu/crtbegin.o
LOAD c:/freescale/kds_3.0.0/toolchain/bin/../lib/gcc/arm-none-eabi/4.8.4/../../../../arm-none-eabi/lib/armv7e-m/fpu/crt0.o
LOAD ./Sources/FIFO.o
LOAD ./Sources/FTM.o
LOAD ./Sources/Flash.o
LOAD ./Sources/Frequencie.o
LOAD ./Sources/LEDs.o
LOAD ./Sources/Output.o
LOAD ./Sources/PIT.o
LOAD ./Sources/RTC.o
LOAD ./Sources/Regulation.o
LOAD ./Sources/SCP.o
LOAD ./Sources/UART.o
LOAD ./Sources/kiss_fft.o
LOAD ./Sources/kiss_fftr.o
LOAD ./Sources/main.o
LOAD ./Sources/packet.o
LOAD ./Project_Settings/Startup_Code/startup.o
LOAD ./Generated_Code/Cpu.o
LOAD ./Generated_Code/Vectors.o
LOAD C:\Users\13115605\Documents\workspace\es18aut35\Project\Project\Library\libOS.a
LOAD C:\Users\13115605\Documents\workspace\es18aut35\Project\Project\Library\libAnalog.a
LOAD c:/freescale/kds_3.0.0/toolchain/bin/../lib/gcc/arm-none-eabi/4.8.4/../../../../arm-none-eabi/lib/armv7e-m/fpu\libstdc++_s.a
LOAD c:/freescale/kds_3.0.0/toolchain/bin/../lib/gcc/arm-none-eabi/4.8.4/../../../../arm-none-eabi/lib/armv7e-m/fpu\libm.a
START GROUP
LOAD c:/freescale/kds_3.0.0/toolchain/bin/../lib/gcc/arm-none-eabi/4.8.4/armv7e-m/fpu\libgcc.a
LOAD c:/freescale/kds_3.0.0/toolchain/bin/../lib/gcc/arm-none-eabi/4.8.4/../../../../arm-none-eabi/lib/armv7e-m/fpu\libg_s.a
LOAD c:/freescale/kds_3.0.0/toolchain/bin/../lib/gcc/arm-none-eabi/4.8.4/../../../../arm-none-eabi/lib/armv7e-m/fpu\libc_s.a
END GROUP
START GROUP
LOAD c:/freescale/kds_3.0.0/toolchain/bin/../lib/gcc/arm-none-eabi/4.8.4/armv7e-m/fpu\libgcc.a
LOAD c:/freescale/kds_3.0.0/toolchain/bin/../lib/gcc/arm-none-eabi/4.8.4/../../../../arm-none-eabi/lib/armv7e-m/fpu\libc_s.a
LOAD c:/freescale/kds_3.0.0/toolchain/bin/../lib/gcc/arm-none-eabi/4.8.4/../../../../arm-none-eabi/lib/armv7e-m/fpu\libnosys.a
END GROUP
START GROUP
LOAD c:/freescale/kds_3.0.0/toolchain/bin/../lib/gcc/arm-none-eabi/4.8.4/armv7e-m/fpu\libgcc.a
LOAD c:/freescale/kds_3.0.0/toolchain/bin/../lib/gcc/arm-none-eabi/4.8.4/../../../../arm-none-eabi/lib/armv7e-m/fpu\libc_s.a
LOAD c:/freescale/kds_3.0.0/toolchain/bin/../lib/gcc/arm-none-eabi/4.8.4/../../../../arm-none-eabi/lib/armv7e-m/fpu\libnosys.a
END GROUP
LOAD c:/freescale/kds_3.0.0/toolchain/bin/../lib/gcc/arm-none-eabi/4.8.4/armv7e-m/fpu/crtend.o
LOAD c:/freescale/kds_3.0.0/toolchain/bin/../lib/gcc/arm-none-eabi/4.8.4/armv7e-m/fpu/crtn.o
                0x20000000                _estack = 0x20000000
                0x20000000                __SP_INIT = _estack
                0x20000000                __stack = _estack
                0x00000000                __heap_size = 0x0
                0x00000400                __stack_size = 0x400

.interrupts     0x00000000      0x1e8
                0x00000000                __vector_table = .
                0x00000000                . = ALIGN (0x4)
 *(.vectortable)
 .vectortable   0x00000000      0x1e8 ./Generated_Code/Vectors.o
                0x00000000                __vect_table
                0x000001e8                . = ALIGN (0x4)

.cfmprotect     0x00000400       0x10
                0x00000400                . = ALIGN (0x4)
 *(.cfmconfig)
 .cfmconfig     0x00000400       0x10 ./Generated_Code/Cpu.o
                0x00000400                _cfm
                0x00000410                . = ALIGN (0x4)

.text           0x00000410     0x9560
                0x00000410                . = ALIGN (0x4)
 *(.text)
 .text          0x00000410       0x54 c:/freescale/kds_3.0.0/toolchain/bin/../lib/gcc/arm-none-eabi/4.8.4/armv7e-m/fpu/crtbegin.o
 .text          0x00000464       0x74 c:/freescale/kds_3.0.0/toolchain/bin/../lib/gcc/arm-none-eabi/4.8.4/../../../../arm-none-eabi/lib/armv7e-m/fpu/crt0.o
                0x00000464                _start
                0x00000464                _mainCRTStartup
 .text          0x000004d8      0x370 c:/freescale/kds_3.0.0/toolchain/bin/../lib/gcc/arm-none-eabi/4.8.4/armv7e-m/fpu\libgcc.a(_arm_addsubdf3.o)
                0x000004d8                __aeabi_drsub
                0x000004e0                __aeabi_dsub
                0x000004e0                __subdf3
                0x000004e4                __aeabi_dadd
                0x000004e4                __adddf3
                0x0000075c                __floatunsidf
                0x0000075c                __aeabi_ui2d
                0x0000077c                __floatsidf
                0x0000077c                __aeabi_i2d
                0x000007a0                __aeabi_f2d
                0x000007a0                __extendsfdf2
                0x000007dc                __floatundidf
                0x000007dc                __aeabi_ul2d
                0x000007ec                __floatdidf
                0x000007ec                __aeabi_l2d
 .text          0x00000848      0x424 c:/freescale/kds_3.0.0/toolchain/bin/../lib/gcc/arm-none-eabi/4.8.4/armv7e-m/fpu\libgcc.a(_arm_muldivdf3.o)
                0x00000848                __aeabi_dmul
                0x00000848                __muldf3
                0x00000a9c                __divdf3
                0x00000a9c                __aeabi_ddiv
 .text          0x00000c6c      0x110 c:/freescale/kds_3.0.0/toolchain/bin/../lib/gcc/arm-none-eabi/4.8.4/armv7e-m/fpu\libgcc.a(_arm_cmpdf2.o)
                0x00000c6c                __gtdf2
                0x00000c6c                __gedf2
                0x00000c74                __ltdf2
                0x00000c74                __ledf2
                0x00000c7c                __nedf2
                0x00000c7c                __eqdf2
                0x00000c7c                __cmpdf2
                0x00000cf8                __aeabi_cdrcmple
                0x00000d08                __aeabi_cdcmpeq
                0x00000d08                __aeabi_cdcmple
                0x00000d18                __aeabi_dcmpeq
                0x00000d2c                __aeabi_dcmplt
                0x00000d40                __aeabi_dcmple
                0x00000d54                __aeabi_dcmpge
                0x00000d68                __aeabi_dcmpgt
 .text          0x00000d7c       0x50 c:/freescale/kds_3.0.0/toolchain/bin/../lib/gcc/arm-none-eabi/4.8.4/armv7e-m/fpu\libgcc.a(_arm_fixdfsi.o)
                0x00000d7c                __aeabi_d2iz
                0x00000d7c                __fixdfsi
 .text          0x00000dcc       0x40 c:/freescale/kds_3.0.0/toolchain/bin/../lib/gcc/arm-none-eabi/4.8.4/armv7e-m/fpu\libgcc.a(_arm_fixunsdfsi.o)
                0x00000dcc                __aeabi_d2uiz
                0x00000dcc                __fixunsdfsi
 .text          0x00000e0c       0xa0 c:/freescale/kds_3.0.0/toolchain/bin/../lib/gcc/arm-none-eabi/4.8.4/armv7e-m/fpu\libgcc.a(_arm_truncdfsf2.o)
                0x00000e0c                __truncdfsf2
                0x00000e0c                __aeabi_d2f
 *(.text*)
 .text.FIFO_Init
                0x00000eac       0x48 ./Sources/FIFO.o
                0x00000eac                FIFO_Init
 .text.FIFO_Put
                0x00000ef4       0x58 ./Sources/FIFO.o
                0x00000ef4                FIFO_Put
 .text.FIFO_Get
                0x00000f4c       0x58 ./Sources/FIFO.o
                0x00000f4c                FIFO_Get
 .text.FTM_Init
                0x00000fa4       0x9c ./Sources/FTM.o
                0x00000fa4                FTM_Init
 .text.FTM_Set  0x00001040       0xa4 ./Sources/FTM.o
                0x00001040                FTM_Set
 .text.FTM_StartTimer
                0x000010e4       0x8c ./Sources/FTM.o
                0x000010e4                FTM_StartTimer
 .text.FTM0_ISR
                0x00001170       0xac ./Sources/FTM.o
                0x00001170                FTM0_ISR
 .text.LaunchCommand
                0x0000121c       0xc0 ./Sources/Flash.o
 .text.WritePhrase
                0x000012dc       0x68 ./Sources/Flash.o
 .text.EraseSector
                0x00001344       0x38 ./Sources/Flash.o
 .text.ModifyPhrase
                0x0000137c       0x34 ./Sources/Flash.o
 .text.Flash_Init
                0x000013b0       0x1c ./Sources/Flash.o
                0x000013b0                Flash_Init
 .text.Flash_AllocateVar
                0x000013cc       0x90 ./Sources/Flash.o
                0x000013cc                Flash_AllocateVar
 .text.Flash_Write32
                0x0000145c       0x58 ./Sources/Flash.o
                0x0000145c                Flash_Write32
 .text.Flash_Write16
                0x000014b4       0x60 ./Sources/Flash.o
                0x000014b4                Flash_Write16
 .text.Flash_Write8
                0x00001514       0x6c ./Sources/Flash.o
                0x00001514                Flash_Write8
 .text.Flash_Erase
                0x00001580       0x14 ./Sources/Flash.o
                0x00001580                Flash_Erase
 .text.Interpolation
                0x00001594       0xd0 ./Sources/Frequencie.o
                0x00001594                Interpolation
 *fill*         0x00001664        0x4 
 .text.Frequencie_Tracking
                0x00001668      0x320 ./Sources/Frequencie.o
                0x00001668                Frequencie_Tracking
 .text.Frequencie_FFT
                0x00001988      0x168 ./Sources/Frequencie.o
                0x00001988                Frequencie_FFT
 .text.LEDs_Init
                0x00001af0       0x74 ./Sources/LEDs.o
                0x00001af0                LEDs_Init
 .text.LEDs_On  0x00001b64       0x1c ./Sources/LEDs.o
                0x00001b64                LEDs_On
 .text.LEDs_Off
                0x00001b80       0x1c ./Sources/LEDs.o
                0x00001b80                LEDs_Off
 .text.LEDs_Toggle
                0x00001b9c       0x1c ./Sources/LEDs.o
                0x00001b9c                LEDs_Toggle
 .text.Output_SetAlarm
                0x00001bb8       0x10 ./Sources/Output.o
                0x00001bb8                Output_SetAlarm
 .text.Output_ClearAlarm
                0x00001bc8       0x10 ./Sources/Output.o
                0x00001bc8                Output_ClearAlarm
 .text.Output_SetRaise
                0x00001bd8       0x10 ./Sources/Output.o
                0x00001bd8                Output_SetRaise
 .text.Output_ClearRaise
                0x00001be8       0x10 ./Sources/Output.o
                0x00001be8                Output_ClearRaise
 .text.Output_SetLower
                0x00001bf8       0x10 ./Sources/Output.o
                0x00001bf8                Output_SetLower
 .text.Output_ClearLower
                0x00001c08       0x10 ./Sources/Output.o
                0x00001c08                Output_ClearLower
 .text.PIT_Init
                0x00001c18      0x110 ./Sources/PIT.o
                0x00001c18                PIT_Init
 .text.PIT0_Set
                0x00001d28       0x50 ./Sources/PIT.o
                0x00001d28                PIT0_Set
 .text.PIT_Set  0x00001d78       0xcc ./Sources/PIT.o
                0x00001d78                PIT_Set
 .text.PIT0_Enable
                0x00001e44       0x40 ./Sources/PIT.o
                0x00001e44                PIT0_Enable
 .text.PIT_Enable
                0x00001e84       0xac ./Sources/PIT.o
                0x00001e84                PIT_Enable
 .text.PIT0_ISR
                0x00001f30       0x50 ./Sources/PIT.o
                0x00001f30                PIT0_ISR
 .text.PIT1_ISR
                0x00001f80       0x44 ./Sources/PIT.o
                0x00001f80                PIT1_ISR
 .text.PIT2_ISR
                0x00001fc4       0x44 ./Sources/PIT.o
                0x00001fc4                PIT2_ISR
 .text.PIT3_ISR
                0x00002008       0x44 ./Sources/PIT.o
                0x00002008                PIT3_ISR
 .text.RTC_Init
                0x0000204c      0x110 ./Sources/RTC.o
                0x0000204c                RTC_Init
 .text.RTC_Set  0x0000215c       0x68 ./Sources/RTC.o
                0x0000215c                RTC_Set
 .text.RTC_Get  0x000021c4       0xbc ./Sources/RTC.o
                0x000021c4                RTC_Get
 .text.RTC_Thread
                0x00002280       0x28 ./Sources/RTC.o
                0x00002280                RTC_Thread
 .text.RTC_ISR  0x000022a8       0x2c ./Sources/RTC.o
                0x000022a8                RTC_ISR
 *fill*         0x000022d4        0x4 
 .text.VRMS     0x000022d8       0xc0 ./Sources/Regulation.o
                0x000022d8                VRMS
 .text.RAS      0x00002398       0x44 ./Sources/Regulation.o
                0x00002398                RAS
 .text.Regulation_DefiniteTiming
                0x000023dc      0x118 ./Sources/Regulation.o
                0x000023dc                Regulation_DefiniteTiming
 *fill*         0x000024f4        0x4 
 .text.InverseTimer
                0x000024f8      0x1a8 ./Sources/Regulation.o
                0x000024f8                InverseTimer
 .text.Regulation_InverseTiming
                0x000026a0      0x288 ./Sources/Regulation.o
                0x000026a0                Regulation_InverseTiming
 .text.Regulation_TakeSample
                0x00002928       0x78 ./Sources/Regulation.o
                0x00002928                Regulation_TakeSample
 .text.SCP_SendStartUpValues
                0x000029a0       0x44 ./Sources/SCP.o
                0x000029a0                SCP_SendStartUpValues
 .text.SendVersion
                0x000029e4       0x18 ./Sources/SCP.o
                0x000029e4                SendVersion
 .text.HandleTowerNumber
                0x000029fc       0x28 ./Sources/SCP.o
                0x000029fc                HandleTowerNumber
 .text.SendTowerNumber
                0x00002a24       0x20 ./Sources/SCP.o
                0x00002a24                SendTowerNumber
 .text.SetTowerNumber
                0x00002a44       0x40 ./Sources/SCP.o
                0x00002a44                SetTowerNumber
 .text.HandleTowerMode
                0x00002a84       0x28 ./Sources/SCP.o
                0x00002a84                HandleTowerMode
 .text.SendTowerMode
                0x00002aac       0x20 ./Sources/SCP.o
                0x00002aac                SendTowerMode
 .text.SetTowerMode
                0x00002acc       0x40 ./Sources/SCP.o
                0x00002acc                SetTowerMode
 .text.ReadByte
                0x00002b0c       0x30 ./Sources/SCP.o
                0x00002b0c                ReadByte
 .text.ProgramByte
                0x00002b3c       0x34 ./Sources/SCP.o
                0x00002b3c                ProgramByte
 .text.SendTime
                0x00002b70       0x38 ./Sources/SCP.o
                0x00002b70                SendTime
 .text.SetTime  0x00002ba8       0x28 ./Sources/SCP.o
                0x00002ba8                SetTime
 .text.SendTimingMode
                0x00002bd0       0x20 ./Sources/SCP.o
                0x00002bd0                SendTimingMode
 .text.SetTimingMode
                0x00002bf0       0x38 ./Sources/SCP.o
                0x00002bf0                SetTimingMode
 .text.HandleTimingMode
                0x00002c28       0x34 ./Sources/SCP.o
                0x00002c28                HandleTimingMode
 .text.SendNbLowers
                0x00002c5c       0x34 ./Sources/SCP.o
                0x00002c5c                SendNbLowers
 .text.ResetLowers
                0x00002c90       0x2c ./Sources/SCP.o
                0x00002c90                ResetLowers
 .text.HandleLowers
                0x00002cbc       0x2c ./Sources/SCP.o
                0x00002cbc                HandleLowers
 .text.SendNbRaises
                0x00002ce8       0x34 ./Sources/SCP.o
                0x00002ce8                SendNbRaises
 .text.ResetRaises
                0x00002d1c       0x2c ./Sources/SCP.o
                0x00002d1c                ResetRaises
 .text.HandleRaises
                0x00002d48       0x2c ./Sources/SCP.o
                0x00002d48                HandleRaises
 .text.GetFrequency
                0x00002d74       0x48 ./Sources/SCP.o
                0x00002d74                GetFrequency
 .text.GetVrms  0x00002dbc       0x54 ./Sources/SCP.o
                0x00002dbc                GetVrms
 .text.GetSpectrum
                0x00002e10       0x7c ./Sources/SCP.o
                0x00002e10                GetSpectrum
 .text.SCP_Acknowledgement_Required
                0x00002e8c       0x30 ./Sources/SCP.o
                0x00002e8c                SCP_Acknowledgement_Required
 .text.ACK      0x00002ebc       0x24 ./Sources/SCP.o
                0x00002ebc                ACK
 .text.NAK      0x00002ee0       0x30 ./Sources/SCP.o
                0x00002ee0                NAK
 .text.SCP_Packet_Handle
                0x00002f10       0xf0 ./Sources/SCP.o
                0x00002f10                SCP_Packet_Handle
 .text.SCP_Packet_Handle_Ack
                0x00003000       0x40 ./Sources/SCP.o
                0x00003000                SCP_Packet_Handle_Ack
 .text.UART_Init
                0x00003040      0x138 ./Sources/UART.o
                0x00003040                UART_Init
 .text.UART_InChar
                0x00003178       0x20 ./Sources/UART.o
                0x00003178                UART_InChar
 .text.UART_OutChar
                0x00003198       0x38 ./Sources/UART.o
                0x00003198                UART_OutChar
 .text.UART_TxThread
                0x000031d0       0x4c ./Sources/UART.o
                0x000031d0                UART_TxThread
 .text.UART_RxThread
                0x0000321c       0x40 ./Sources/UART.o
                0x0000321c                UART_RxThread
 .text.UART_ISR
                0x0000325c       0x98 ./Sources/UART.o
                0x0000325c                UART_ISR
 .text.kf_bfly2
                0x000032f4       0xec ./Sources/kiss_fft.o
 .text.kf_bfly4
                0x000033e0      0x360 ./Sources/kiss_fft.o
 .text.kf_bfly3
                0x00003740      0x2e4 ./Sources/kiss_fft.o
 .text.kf_bfly5
                0x00003a24      0x604 ./Sources/kiss_fft.o
 .text.kf_bfly_generic
                0x00004028      0x1b0 ./Sources/kiss_fft.o
 .text.kf_work  0x000041d8      0x118 ./Sources/kiss_fft.o
 .text.kf_factor
                0x000042f0       0xb8 ./Sources/kiss_fft.o
 .text.kiss_fft_alloc
                0x000043a8      0x140 ./Sources/kiss_fft.o
                0x000043a8                kiss_fft_alloc
 .text.kiss_fft_stride
                0x000044e8       0x70 ./Sources/kiss_fft.o
                0x000044e8                kiss_fft_stride
 .text.kiss_fft
                0x00004558       0x20 ./Sources/kiss_fft.o
                0x00004558                kiss_fft
 .text.kiss_fftr_alloc
                0x00004578      0x1a0 ./Sources/kiss_fftr.o
                0x00004578                kiss_fftr_alloc
 .text.kiss_fftr
                0x00004718      0x24c ./Sources/kiss_fftr.o
                0x00004718                kiss_fftr
 .text.HandlePacketThread
                0x00004964       0x4c ./Sources/main.o
 .text.LPTimer_ISR
                0x000049b0       0x58 ./Sources/main.o
                0x000049b0                LPTimer_ISR
 .text.Regulation_ProcessSampleThread
                0x00004a08       0xd8 ./Sources/main.o
                0x00004a08                Regulation_ProcessSampleThread
 .text.InitModulesThread
                0x00004ae0      0x1a0 ./Sources/main.o
 .text.main     0x00004c80       0xb4 ./Sources/main.o
                0x00004c80                main
 .text.CheckSum
                0x00004d34       0x30 ./Sources/packet.o
                0x00004d34                CheckSum
 .text.Packet_Init
                0x00004d64       0x2c ./Sources/packet.o
                0x00004d64                Packet_Init
 .text.Packet_Get
                0x00004d90       0xdc ./Sources/packet.o
                0x00004d90                Packet_Get
 .text.Packet_Put
                0x00004e6c       0x94 ./Sources/packet.o
                0x00004e6c                Packet_Put
 .text.__copy_rom_section
                0x00004f00       0xe4 ./Project_Settings/Startup_Code/startup.o
                0x00004f00                __copy_rom_section
 .text.__copy_rom_sections_to_ram
                0x00004fe4       0x9c ./Project_Settings/Startup_Code/startup.o
                0x00004fe4                __copy_rom_sections_to_ram
 .text.__init_registers
                0x00005080       0x20 ./Project_Settings/Startup_Code/startup.o
                0x00005080                __init_registers
 .text.__init_user
                0x000050a0        0xc ./Project_Settings/Startup_Code/startup.o
                0x000050a0                __init_user
 .text.__thumb_startup
                0x000050ac       0x34 ./Project_Settings/Startup_Code/startup.o
                0x000050ac                __thumb_startup
 .text.Cpu_Interrupt
                0x000050e0       0x18 ./Generated_Code/Cpu.o
                0x000050e0                Cpu_Interrupt
 .text.__init_hardware
                0x000050f8      0x1cc ./Generated_Code/Cpu.o
                0x000050f8                __init_hardware
 .text.Cpu_SetBASEPRI
                0x000052c4       0x18 ./Generated_Code/Cpu.o
                0x000052c4                Cpu_SetBASEPRI
 .text.PE_low_level_init
                0x000052dc       0xe4 ./Generated_Code/Cpu.o
                0x000052dc                PE_low_level_init
 .text.OS_Init  0x000053c0      0x110 C:\Users\13115605\Documents\workspace\es18aut35\Project\Project\Library\libOS.a(OS.o)
                0x000053c0                OS_Init
 .text.OS_ISREnter
                0x000054d0       0x20 C:\Users\13115605\Documents\workspace\es18aut35\Project\Project\Library\libOS.a(OS.o)
                0x000054d0                OS_ISREnter
 .text.OS_ISRExit
                0x000054f0       0x1c C:\Users\13115605\Documents\workspace\es18aut35\Project\Project\Library\libOS.a(OS.o)
                0x000054f0                OS_ISRExit
 .text.OS_SemaphoreCreate
                0x0000550c       0x90 C:\Users\13115605\Documents\workspace\es18aut35\Project\Project\Library\libOS.a(OS.o)
                0x0000550c                OS_SemaphoreCreate
 .text.OS_SemaphoreSignal
                0x0000559c       0x44 C:\Users\13115605\Documents\workspace\es18aut35\Project\Project\Library\libOS.a(OS.o)
                0x0000559c                OS_SemaphoreSignal
 .text.OS_SemaphoreWait
                0x000055e0       0x58 C:\Users\13115605\Documents\workspace\es18aut35\Project\Project\Library\libOS.a(OS.o)
                0x000055e0                OS_SemaphoreWait
 .text.OS_Start
                0x00005638       0x10 C:\Users\13115605\Documents\workspace\es18aut35\Project\Project\Library\libOS.a(OS.o)
                0x00005638                OS_Start
 .text.OS_ThreadCreate
                0x00005648      0x160 C:\Users\13115605\Documents\workspace\es18aut35\Project\Project\Library\libOS.a(OS.o)
                0x00005648                OS_ThreadCreate
 .text.OS_ThreadDelete
                0x000057a8      0x18c C:\Users\13115605\Documents\workspace\es18aut35\Project\Project\Library\libOS.a(OS.o)
                0x000057a8                OS_ThreadDelete
 .text.EventThreadReady
                0x00005934       0x68 C:\Users\13115605\Documents\workspace\es18aut35\Project\Project\Library\libOS.a(OS.o)
 .text.EventThreadWait
                0x0000599c       0x64 C:\Users\13115605\Documents\workspace\es18aut35\Project\Project\Library\libOS.a(OS.o)
 .text.EventTimeout
                0x00005a00       0x40 C:\Users\13115605\Documents\workspace\es18aut35\Project\Project\Library\libOS.a(OS.o)
 .text.Idle     0x00005a40       0x18 C:\Users\13115605\Documents\workspace\es18aut35\Project\Project\Library\libOS.a(OS.o)
 .text.FindFirstSet
                0x00005a58       0x44 C:\Users\13115605\Documents\workspace\es18aut35\Project\Project\Library\libOS.a(OS.o)
 .text.Schedule
                0x00005a9c       0x64 C:\Users\13115605\Documents\workspace\es18aut35\Project\Project\Library\libOS.a(OS.o)
 .text.TCBInit  0x00005b00       0xcc C:\Users\13115605\Documents\workspace\es18aut35\Project\Project\Library\libOS.a(OS.o)
 .text.TimeTick
                0x00005bcc       0x74 C:\Users\13115605\Documents\workspace\es18aut35\Project\Project\Library\libOS.a(OS.o)
 .text.OS_ContextSwitchISR
                0x00005c40       0x70 C:\Users\13115605\Documents\workspace\es18aut35\Project\Project\Library\libOS.a(OS.o)
                0x00005c40                OS_ContextSwitchISR
 .text.OS_SysTickISR
                0x00005cb0       0x5c C:\Users\13115605\Documents\workspace\es18aut35\Project\Project\Library\libOS.a(OS.o)
                0x00005cb0                OS_SysTickISR
 .text.DACWrite
                0x00005d0c       0x6c C:\Users\13115605\Documents\workspace\es18aut35\Project\Project\Library\libAnalog.a(analog.o)
 .text.Analog_Init
                0x00005d78       0x7c C:\Users\13115605\Documents\workspace\es18aut35\Project\Project\Library\libAnalog.a(analog.o)
                0x00005d78                Analog_Init
 .text.Analog_Get
                0x00005df4       0x78 C:\Users\13115605\Documents\workspace\es18aut35\Project\Project\Library\libAnalog.a(analog.o)
                0x00005df4                Analog_Get
 .text.Analog_Put
                0x00005e6c       0x50 C:\Users\13115605\Documents\workspace\es18aut35\Project\Project\Library\libAnalog.a(analog.o)
                0x00005e6c                Analog_Put
 .text.InitChipSelectPins
                0x00005ebc       0x6c C:\Users\13115605\Documents\workspace\es18aut35\Project\Project\Library\libAnalog.a(SPI.o)
 .text.SetupModuleConfigurationRegister
                0x00005f28      0x104 C:\Users\13115605\Documents\workspace\es18aut35\Project\Project\Library\libAnalog.a(SPI.o)
 .text.SetBaudRate
                0x0000602c      0x15c C:\Users\13115605\Documents\workspace\es18aut35\Project\Project\Library\libAnalog.a(SPI.o)
 .text.SetDelayAfterTransfer
                0x00006188      0x168 C:\Users\13115605\Documents\workspace\es18aut35\Project\Project\Library\libAnalog.a(SPI.o)
 .text.SetupClockAndTransferAttributesRegister
                0x000062f0      0x16c C:\Users\13115605\Documents\workspace\es18aut35\Project\Project\Library\libAnalog.a(SPI.o)
 .text.SPI_Init
                0x0000645c       0x90 C:\Users\13115605\Documents\workspace\es18aut35\Project\Project\Library\libAnalog.a(SPI.o)
                0x0000645c                SPI_Init
 .text.SPI_SelectSlaveDevice
                0x000064ec       0x6c C:\Users\13115605\Documents\workspace\es18aut35\Project\Project\Library\libAnalog.a(SPI.o)
                0x000064ec                SPI_SelectSlaveDevice
 .text.SPI_Exchange
                0x00006558       0x94 C:\Users\13115605\Documents\workspace\es18aut35\Project\Project\Library\libAnalog.a(SPI.o)
                0x00006558                SPI_Exchange
 *fill*         0x000065ec        0x4 
 .text.cos      0x000065f0       0xa8 c:/freescale/kds_3.0.0/toolchain/bin/../lib/gcc/arm-none-eabi/4.8.4/../../../../arm-none-eabi/lib/armv7e-m/fpu\libm.a(lib_a-s_cos.o)
                0x000065f0                cos
 .text.floor    0x00006698      0x138 c:/freescale/kds_3.0.0/toolchain/bin/../lib/gcc/arm-none-eabi/4.8.4/../../../../arm-none-eabi/lib/armv7e-m/fpu\libm.a(lib_a-s_floor.o)
                0x00006698                floor
 .text.sin      0x000067d0       0xb0 c:/freescale/kds_3.0.0/toolchain/bin/../lib/gcc/arm-none-eabi/4.8.4/../../../../arm-none-eabi/lib/armv7e-m/fpu\libm.a(lib_a-s_sin.o)
                0x000067d0                sin
 .text.pow      0x00006880      0x340 c:/freescale/kds_3.0.0/toolchain/bin/../lib/gcc/arm-none-eabi/4.8.4/../../../../arm-none-eabi/lib/armv7e-m/fpu\libm.a(lib_a-w_pow.o)
                0x00006880                pow
 .text.sqrt     0x00006bc0       0xbc c:/freescale/kds_3.0.0/toolchain/bin/../lib/gcc/arm-none-eabi/4.8.4/../../../../arm-none-eabi/lib/armv7e-m/fpu\libm.a(lib_a-w_sqrt.o)
                0x00006bc0                sqrt
 *fill*         0x00006c7c        0x4 
 .text.__ieee754_pow
                0x00006c80      0xae8 c:/freescale/kds_3.0.0/toolchain/bin/../lib/gcc/arm-none-eabi/4.8.4/../../../../arm-none-eabi/lib/armv7e-m/fpu\libm.a(lib_a-e_pow.o)
                0x00006c80                __ieee754_pow
 .text.__ieee754_rem_pio2
                0x00007768      0x450 c:/freescale/kds_3.0.0/toolchain/bin/../lib/gcc/arm-none-eabi/4.8.4/../../../../arm-none-eabi/lib/armv7e-m/fpu\libm.a(lib_a-e_rem_pio2.o)
                0x00007768                __ieee754_rem_pio2
 .text.__ieee754_sqrt
                0x00007bb8      0x198 c:/freescale/kds_3.0.0/toolchain/bin/../lib/gcc/arm-none-eabi/4.8.4/../../../../arm-none-eabi/lib/armv7e-m/fpu\libm.a(lib_a-e_sqrt.o)
                0x00007bb8                __ieee754_sqrt
 .text.__kernel_cos
                0x00007d50      0x280 c:/freescale/kds_3.0.0/toolchain/bin/../lib/gcc/arm-none-eabi/4.8.4/../../../../arm-none-eabi/lib/armv7e-m/fpu\libm.a(lib_a-k_cos.o)
                0x00007d50                __kernel_cos
 .text.__kernel_rem_pio2
                0x00007fd0      0x798 c:/freescale/kds_3.0.0/toolchain/bin/../lib/gcc/arm-none-eabi/4.8.4/../../../../arm-none-eabi/lib/armv7e-m/fpu\libm.a(lib_a-k_rem_pio2.o)
                0x00007fd0                __kernel_rem_pio2
 .text.__kernel_sin
                0x00008768      0x190 c:/freescale/kds_3.0.0/toolchain/bin/../lib/gcc/arm-none-eabi/4.8.4/../../../../arm-none-eabi/lib/armv7e-m/fpu\libm.a(lib_a-k_sin.o)
                0x00008768                __kernel_sin
 .text.fabs     0x000088f8       0x14 c:/freescale/kds_3.0.0/toolchain/bin/../lib/gcc/arm-none-eabi/4.8.4/../../../../arm-none-eabi/lib/armv7e-m/fpu\libm.a(lib_a-s_fabs.o)
                0x000088f8                fabs
 .text.finite   0x0000890c       0x10 c:/freescale/kds_3.0.0/toolchain/bin/../lib/gcc/arm-none-eabi/4.8.4/../../../../arm-none-eabi/lib/armv7e-m/fpu\libm.a(lib_a-s_finite.o)
                0x0000890c                finite
 .text.__fpclassifyd
                0x0000891c       0x54 c:/freescale/kds_3.0.0/toolchain/bin/../lib/gcc/arm-none-eabi/4.8.4/../../../../arm-none-eabi/lib/armv7e-m/fpu\libm.a(lib_a-s_fpclassify.o)
                0x0000891c                __fpclassifyd
 .text.matherr  0x00008970        0x4 c:/freescale/kds_3.0.0/toolchain/bin/../lib/gcc/arm-none-eabi/4.8.4/../../../../arm-none-eabi/lib/armv7e-m/fpu\libm.a(lib_a-s_matherr.o)
                0x00008970                matherr
 *fill*         0x00008974        0x4 
 .text.nan      0x00008978       0x10 c:/freescale/kds_3.0.0/toolchain/bin/../lib/gcc/arm-none-eabi/4.8.4/../../../../arm-none-eabi/lib/armv7e-m/fpu\libm.a(lib_a-s_nan.o)
                0x00008978                nan
 .text.rint     0x00008988      0x120 c:/freescale/kds_3.0.0/toolchain/bin/../lib/gcc/arm-none-eabi/4.8.4/../../../../arm-none-eabi/lib/armv7e-m/fpu\libm.a(lib_a-s_rint.o)
                0x00008988                rint
 .text.scalbn   0x00008aa8      0x120 c:/freescale/kds_3.0.0/toolchain/bin/../lib/gcc/arm-none-eabi/4.8.4/../../../../arm-none-eabi/lib/armv7e-m/fpu\libm.a(lib_a-s_scalbn.o)
                0x00008aa8                scalbn
 .text.copysign
                0x00008bc8       0x24 c:/freescale/kds_3.0.0/toolchain/bin/../lib/gcc/arm-none-eabi/4.8.4/../../../../arm-none-eabi/lib/armv7e-m/fpu\libm.a(lib_a-s_copysign.o)
                0x00008bc8                copysign
 .text.__errno  0x00008bec        0xc c:/freescale/kds_3.0.0/toolchain/bin/../lib/gcc/arm-none-eabi/4.8.4/../../../../arm-none-eabi/lib/armv7e-m/fpu\libg_s.a(lib_a-errno.o)
                0x00008bec                __errno
 .text.exit     0x00008bf8       0x28 c:/freescale/kds_3.0.0/toolchain/bin/../lib/gcc/arm-none-eabi/4.8.4/../../../../arm-none-eabi/lib/armv7e-m/fpu\libg_s.a(lib_a-exit.o)
                0x00008bf8                exit
 .text._fwrite_r
                0x00008c20       0xb0 c:/freescale/kds_3.0.0/toolchain/bin/../lib/gcc/arm-none-eabi/4.8.4/../../../../arm-none-eabi/lib/armv7e-m/fpu\libg_s.a(lib_a-fwrite.o)
                0x00008c20                _fwrite_r
 .text.fwrite   0x00008cd0       0x20 c:/freescale/kds_3.0.0/toolchain/bin/../lib/gcc/arm-none-eabi/4.8.4/../../../../arm-none-eabi/lib/armv7e-m/fpu\libg_s.a(lib_a-fwrite.o)
                0x00008cd0                fwrite
 .text.__libc_init_array
                0x00008cf0       0x4c c:/freescale/kds_3.0.0/toolchain/bin/../lib/gcc/arm-none-eabi/4.8.4/../../../../arm-none-eabi/lib/armv7e-m/fpu\libg_s.a(lib_a-init.o)
                0x00008cf0                __libc_init_array
 .text.malloc   0x00008d3c       0x10 c:/freescale/kds_3.0.0/toolchain/bin/../lib/gcc/arm-none-eabi/4.8.4/../../../../arm-none-eabi/lib/armv7e-m/fpu\libg_s.a(lib_a-malloc.o)
                0x00008d3c                malloc
 .text.free     0x00008d4c       0x10 c:/freescale/kds_3.0.0/toolchain/bin/../lib/gcc/arm-none-eabi/4.8.4/../../../../arm-none-eabi/lib/armv7e-m/fpu\libg_s.a(lib_a-malloc.o)
                0x00008d4c                free
 .text.memcpy   0x00008d5c       0x12 c:/freescale/kds_3.0.0/toolchain/bin/../lib/gcc/arm-none-eabi/4.8.4/../../../../arm-none-eabi/lib/armv7e-m/fpu\libg_s.a(lib_a-memcpy-stub.o)
                0x00008d5c                memcpy
 .text.memset   0x00008d6e       0x10 c:/freescale/kds_3.0.0/toolchain/bin/../lib/gcc/arm-none-eabi/4.8.4/../../../../arm-none-eabi/lib/armv7e-m/fpu\libg_s.a(lib_a-memset.o)
                0x00008d6e                memset
 *fill*         0x00008d7e        0x2 
 .text._free_r  0x00008d80       0x88 c:/freescale/kds_3.0.0/toolchain/bin/../lib/gcc/arm-none-eabi/4.8.4/../../../../arm-none-eabi/lib/armv7e-m/fpu\libg_s.a(lib_a-nano-freer.o)
                0x00008d80                _free_r
 .text._malloc_r
                0x00008e08       0xa8 c:/freescale/kds_3.0.0/toolchain/bin/../lib/gcc/arm-none-eabi/4.8.4/../../../../arm-none-eabi/lib/armv7e-m/fpu\libg_s.a(lib_a-nano-mallocr.o)
                0x00008e08                _malloc_r
 .text._sbrk_r  0x00008eb0       0x20 c:/freescale/kds_3.0.0/toolchain/bin/../lib/gcc/arm-none-eabi/4.8.4/../../../../arm-none-eabi/lib/armv7e-m/fpu\libg_s.a(lib_a-sbrkr.o)
                0x00008eb0                _sbrk_r
 .text.__swbuf_r
                0x00008ed0       0xa8 c:/freescale/kds_3.0.0/toolchain/bin/../lib/gcc/arm-none-eabi/4.8.4/../../../../arm-none-eabi/lib/armv7e-m/fpu\libg_s.a(lib_a-wbuf.o)
                0x00008ed0                __swbuf_r
 .text.__swsetup_r
                0x00008f78       0xdc c:/freescale/kds_3.0.0/toolchain/bin/../lib/gcc/arm-none-eabi/4.8.4/../../../../arm-none-eabi/lib/armv7e-m/fpu\libg_s.a(lib_a-wsetup.o)
                0x00008f78                __swsetup_r
 .text.__sflush_r
                0x00009054      0x106 c:/freescale/kds_3.0.0/toolchain/bin/../lib/gcc/arm-none-eabi/4.8.4/../../../../arm-none-eabi/lib/armv7e-m/fpu\libg_s.a(lib_a-fflush.o)
                0x00009054                __sflush_r
 *fill*         0x0000915a        0x2 
 .text._fflush_r
                0x0000915c       0x54 c:/freescale/kds_3.0.0/toolchain/bin/../lib/gcc/arm-none-eabi/4.8.4/../../../../arm-none-eabi/lib/armv7e-m/fpu\libg_s.a(lib_a-fflush.o)
                0x0000915c                _fflush_r
 .text._cleanup_r
                0x000091b0       0x32 c:/freescale/kds_3.0.0/toolchain/bin/../lib/gcc/arm-none-eabi/4.8.4/../../../../arm-none-eabi/lib/armv7e-m/fpu\libg_s.a(lib_a-findfp.o)
                0x000091b0                _cleanup_r
 *fill*         0x000091e2        0x2 
 .text.std.isra.0
                0x000091e4       0x48 c:/freescale/kds_3.0.0/toolchain/bin/../lib/gcc/arm-none-eabi/4.8.4/../../../../arm-none-eabi/lib/armv7e-m/fpu\libg_s.a(lib_a-findfp.o)
 .text.__sfmoreglue
                0x0000922c       0x2c c:/freescale/kds_3.0.0/toolchain/bin/../lib/gcc/arm-none-eabi/4.8.4/../../../../arm-none-eabi/lib/armv7e-m/fpu\libg_s.a(lib_a-findfp.o)
                0x0000922c                __sfmoreglue
 .text.__sinit  0x00009258       0x60 c:/freescale/kds_3.0.0/toolchain/bin/../lib/gcc/arm-none-eabi/4.8.4/../../../../arm-none-eabi/lib/armv7e-m/fpu\libg_s.a(lib_a-findfp.o)
                0x00009258                __sinit
 .text.__sfp    0x000092b8       0x74 c:/freescale/kds_3.0.0/toolchain/bin/../lib/gcc/arm-none-eabi/4.8.4/../../../../arm-none-eabi/lib/armv7e-m/fpu\libg_s.a(lib_a-findfp.o)
                0x000092b8                __sfp
 .text.__smakebuf_r
                0x0000932c       0x9c c:/freescale/kds_3.0.0/toolchain/bin/../lib/gcc/arm-none-eabi/4.8.4/../../../../arm-none-eabi/lib/armv7e-m/fpu\libg_s.a(lib_a-makebuf.o)
                0x0000932c                __smakebuf_r
 .text.__sread  0x000093c8       0x22 c:/freescale/kds_3.0.0/toolchain/bin/../lib/gcc/arm-none-eabi/4.8.4/../../../../arm-none-eabi/lib/armv7e-m/fpu\libg_s.a(lib_a-stdio.o)
                0x000093c8                __sread
 .text.__swrite
                0x000093ea       0x38 c:/freescale/kds_3.0.0/toolchain/bin/../lib/gcc/arm-none-eabi/4.8.4/../../../../arm-none-eabi/lib/armv7e-m/fpu\libg_s.a(lib_a-stdio.o)
                0x000093ea                __swrite
 .text.__sseek  0x00009422       0x24 c:/freescale/kds_3.0.0/toolchain/bin/../lib/gcc/arm-none-eabi/4.8.4/../../../../arm-none-eabi/lib/armv7e-m/fpu\libg_s.a(lib_a-stdio.o)
                0x00009422                __sseek
 .text.__sclose
                0x00009446        0x8 c:/freescale/kds_3.0.0/toolchain/bin/../lib/gcc/arm-none-eabi/4.8.4/../../../../arm-none-eabi/lib/armv7e-m/fpu\libg_s.a(lib_a-stdio.o)
                0x00009446                __sclose
 *fill*         0x0000944e        0x2 
 .text._write_r
                0x00009450       0x24 c:/freescale/kds_3.0.0/toolchain/bin/../lib/gcc/arm-none-eabi/4.8.4/../../../../arm-none-eabi/lib/armv7e-m/fpu\libg_s.a(lib_a-writer.o)
                0x00009450                _write_r
 .text._close_r
                0x00009474       0x20 c:/freescale/kds_3.0.0/toolchain/bin/../lib/gcc/arm-none-eabi/4.8.4/../../../../arm-none-eabi/lib/armv7e-m/fpu\libg_s.a(lib_a-closer.o)
                0x00009474                _close_r
 .text._fstat_r
                0x00009494       0x24 c:/freescale/kds_3.0.0/toolchain/bin/../lib/gcc/arm-none-eabi/4.8.4/../../../../arm-none-eabi/lib/armv7e-m/fpu\libg_s.a(lib_a-fstatr.o)
                0x00009494                _fstat_r
 .text._isatty_r
                0x000094b8       0x20 c:/freescale/kds_3.0.0/toolchain/bin/../lib/gcc/arm-none-eabi/4.8.4/../../../../arm-none-eabi/lib/armv7e-m/fpu\libg_s.a(lib_a-isattyr.o)
                0x000094b8                _isatty_r
 .text._lseek_r
                0x000094d8       0x24 c:/freescale/kds_3.0.0/toolchain/bin/../lib/gcc/arm-none-eabi/4.8.4/../../../../arm-none-eabi/lib/armv7e-m/fpu\libg_s.a(lib_a-lseekr.o)
                0x000094d8                _lseek_r
 .text._read_r  0x000094fc       0x24 c:/freescale/kds_3.0.0/toolchain/bin/../lib/gcc/arm-none-eabi/4.8.4/../../../../arm-none-eabi/lib/armv7e-m/fpu\libg_s.a(lib_a-readr.o)
                0x000094fc                _read_r
 .text._close   0x00009520       0x10 c:/freescale/kds_3.0.0/toolchain/bin/../lib/gcc/arm-none-eabi/4.8.4/../../../../arm-none-eabi/lib/armv7e-m/fpu\libnosys.a(close.o)
                0x00009520                _close
 .text._fstat   0x00009530       0x10 c:/freescale/kds_3.0.0/toolchain/bin/../lib/gcc/arm-none-eabi/4.8.4/../../../../arm-none-eabi/lib/armv7e-m/fpu\libnosys.a(fstat.o)
                0x00009530                _fstat
 .text._isatty  0x00009540       0x10 c:/freescale/kds_3.0.0/toolchain/bin/../lib/gcc/arm-none-eabi/4.8.4/../../../../arm-none-eabi/lib/armv7e-m/fpu\libnosys.a(isatty.o)
                0x00009540                _isatty
 .text._lseek   0x00009550       0x10 c:/freescale/kds_3.0.0/toolchain/bin/../lib/gcc/arm-none-eabi/4.8.4/../../../../arm-none-eabi/lib/armv7e-m/fpu\libnosys.a(lseek.o)
                0x00009550                _lseek
 .text._read    0x00009560       0x10 c:/freescale/kds_3.0.0/toolchain/bin/../lib/gcc/arm-none-eabi/4.8.4/../../../../arm-none-eabi/lib/armv7e-m/fpu\libnosys.a(read.o)
                0x00009560                _read
 .text._sbrk    0x00009570       0x34 c:/freescale/kds_3.0.0/toolchain/bin/../lib/gcc/arm-none-eabi/4.8.4/../../../../arm-none-eabi/lib/armv7e-m/fpu\libnosys.a(sbrk.o)
                0x00009570                _sbrk
 .text._write   0x000095a4       0x10 c:/freescale/kds_3.0.0/toolchain/bin/../lib/gcc/arm-none-eabi/4.8.4/../../../../arm-none-eabi/lib/armv7e-m/fpu\libnosys.a(write.o)
                0x000095a4                _write
 .text._exit    0x000095b4        0x4 c:/freescale/kds_3.0.0/toolchain/bin/../lib/gcc/arm-none-eabi/4.8.4/../../../../arm-none-eabi/lib/armv7e-m/fpu\libnosys.a(_exit.o)
                0x000095b4                _exit
 *(.rodata)
 .rodata        0x000095b8       0x50 ./Sources/kiss_fftr.o
 .rodata        0x00009608        0x4 C:\Users\13115605\Documents\workspace\es18aut35\Project\Project\Library\libAnalog.a(analog.o)
 .rodata        0x0000960c       0xa0 C:\Users\13115605\Documents\workspace\es18aut35\Project\Project\Library\libAnalog.a(SPI.o)
 *(.rodata*)
 .rodata.PACKET_ACK_MASK
                0x000096ac        0x1 ./Sources/packet.o
                0x000096ac                PACKET_ACK_MASK
 *fill*         0x000096ad        0x3 
 .rodata.SPI_SETUP
                0x000096b0       0x1c C:\Users\13115605\Documents\workspace\es18aut35\Project\Project\Library\libAnalog.a(analog.o)
 .rodata.str1.4
                0x000096cc        0x4 c:/freescale/kds_3.0.0/toolchain/bin/../lib/gcc/arm-none-eabi/4.8.4/../../../../arm-none-eabi/lib/armv7e-m/fpu\libm.a(lib_a-w_pow.o)
 .rodata.str1.4
                0x000096d0        0x5 c:/freescale/kds_3.0.0/toolchain/bin/../lib/gcc/arm-none-eabi/4.8.4/../../../../arm-none-eabi/lib/armv7e-m/fpu\libm.a(lib_a-w_sqrt.o)
                                  0x8 (size before relaxing)
 *fill*         0x000096d5        0x3 
 .rodata.dp_h   0x000096d8       0x10 c:/freescale/kds_3.0.0/toolchain/bin/../lib/gcc/arm-none-eabi/4.8.4/../../../../arm-none-eabi/lib/armv7e-m/fpu\libm.a(lib_a-e_pow.o)
 .rodata.dp_l   0x000096e8       0x10 c:/freescale/kds_3.0.0/toolchain/bin/../lib/gcc/arm-none-eabi/4.8.4/../../../../arm-none-eabi/lib/armv7e-m/fpu\libm.a(lib_a-e_pow.o)
 .rodata.bp     0x000096f8       0x10 c:/freescale/kds_3.0.0/toolchain/bin/../lib/gcc/arm-none-eabi/4.8.4/../../../../arm-none-eabi/lib/armv7e-m/fpu\libm.a(lib_a-e_pow.o)
 .rodata.str1.4
                0x00000000        0x8 c:/freescale/kds_3.0.0/toolchain/bin/../lib/gcc/arm-none-eabi/4.8.4/../../../../arm-none-eabi/lib/armv7e-m/fpu\libm.a(lib_a-e_pow.o)
                                  0x4 (size before relaxing)
 .rodata.npio2_hw
                0x00009708       0x80 c:/freescale/kds_3.0.0/toolchain/bin/../lib/gcc/arm-none-eabi/4.8.4/../../../../arm-none-eabi/lib/armv7e-m/fpu\libm.a(lib_a-e_rem_pio2.o)
 .rodata.two_over_pi
                0x00009788      0x108 c:/freescale/kds_3.0.0/toolchain/bin/../lib/gcc/arm-none-eabi/4.8.4/../../../../arm-none-eabi/lib/armv7e-m/fpu\libm.a(lib_a-e_rem_pio2.o)
 .rodata.init_jk
                0x00009890       0x10 c:/freescale/kds_3.0.0/toolchain/bin/../lib/gcc/arm-none-eabi/4.8.4/../../../../arm-none-eabi/lib/armv7e-m/fpu\libm.a(lib_a-k_rem_pio2.o)
 .rodata.PIo2   0x000098a0       0x40 c:/freescale/kds_3.0.0/toolchain/bin/../lib/gcc/arm-none-eabi/4.8.4/../../../../arm-none-eabi/lib/armv7e-m/fpu\libm.a(lib_a-k_rem_pio2.o)
 .rodata.TWO52  0x000098e0       0x10 c:/freescale/kds_3.0.0/toolchain/bin/../lib/gcc/arm-none-eabi/4.8.4/../../../../arm-none-eabi/lib/armv7e-m/fpu\libm.a(lib_a-s_rint.o)
 .rodata.str1.1
                0x000098f0        0x2 c:/freescale/kds_3.0.0/toolchain/bin/../lib/gcc/arm-none-eabi/4.8.4/../../../../arm-none-eabi/lib/armv7e-m/fpu\libg_s.a(lib_a-impure.o)
 *fill*         0x000098f2        0x2 
 .rodata._global_impure_ptr
                0x000098f4        0x4 c:/freescale/kds_3.0.0/toolchain/bin/../lib/gcc/arm-none-eabi/4.8.4/../../../../arm-none-eabi/lib/armv7e-m/fpu\libg_s.a(lib_a-impure.o)
                0x000098f4                _global_impure_ptr
 .rodata.__sf_fake_stdin
                0x000098f8       0x20 c:/freescale/kds_3.0.0/toolchain/bin/../lib/gcc/arm-none-eabi/4.8.4/../../../../arm-none-eabi/lib/armv7e-m/fpu\libg_s.a(lib_a-findfp.o)
                0x000098f8                __sf_fake_stdin
 .rodata.__sf_fake_stdout
                0x00009918       0x20 c:/freescale/kds_3.0.0/toolchain/bin/../lib/gcc/arm-none-eabi/4.8.4/../../../../arm-none-eabi/lib/armv7e-m/fpu\libg_s.a(lib_a-findfp.o)
                0x00009918                __sf_fake_stdout
 .rodata.__sf_fake_stderr
                0x00009938       0x20 c:/freescale/kds_3.0.0/toolchain/bin/../lib/gcc/arm-none-eabi/4.8.4/../../../../arm-none-eabi/lib/armv7e-m/fpu\libg_s.a(lib_a-findfp.o)
                0x00009938                __sf_fake_stderr
 *(.glue_7)
 .glue_7        0x00000000        0x0 linker stubs
 *(.glue_7t)
 .glue_7t       0x00000000        0x0 linker stubs
 *(.eh_frame)
 .eh_frame      0x00009958        0x0 c:/freescale/kds_3.0.0/toolchain/bin/../lib/gcc/arm-none-eabi/4.8.4/armv7e-m/fpu/crtbegin.o
 *(.init)
 .init          0x00009958        0x4 c:/freescale/kds_3.0.0/toolchain/bin/../lib/gcc/arm-none-eabi/4.8.4/armv7e-m/fpu/crti.o
                0x00009958                _init
 .init          0x0000995c        0x8 c:/freescale/kds_3.0.0/toolchain/bin/../lib/gcc/arm-none-eabi/4.8.4/armv7e-m/fpu/crtn.o
 *(.fini)
 .fini          0x00009964        0x4 c:/freescale/kds_3.0.0/toolchain/bin/../lib/gcc/arm-none-eabi/4.8.4/armv7e-m/fpu/crti.o
                0x00009964                _fini
 .fini          0x00009968        0x8 c:/freescale/kds_3.0.0/toolchain/bin/../lib/gcc/arm-none-eabi/4.8.4/armv7e-m/fpu/crtn.o
                0x00009970                . = ALIGN (0x4)
                0x00009970                _etext = .

.vfp11_veneer   0x00009970        0x0
 .vfp11_veneer  0x00000000        0x0 linker stubs

.v4_bx          0x00009970        0x0
 .v4_bx         0x00000000        0x0 linker stubs

.iplt           0x00009970        0x0
 .iplt          0x00000000        0x0 c:/freescale/kds_3.0.0/toolchain/bin/../lib/gcc/arm-none-eabi/4.8.4/armv7e-m/fpu/crtbegin.o

.ARM.extab
 *(.ARM.extab* .gnu.linkonce.armextab.*)

.ARM            0x00009970        0x8
                0x00009970                __exidx_start = .
 *(.ARM.exidx*)
 .ARM.exidx     0x00009970        0x8 c:/freescale/kds_3.0.0/toolchain/bin/../lib/gcc/arm-none-eabi/4.8.4/../../../../arm-none-eabi/lib/armv7e-m/fpu/crt0.o
                0x00009978                __exidx_end = .

.rel.dyn        0x00009978        0x0
 .rel.iplt      0x00000000        0x0 c:/freescale/kds_3.0.0/toolchain/bin/../lib/gcc/arm-none-eabi/4.8.4/armv7e-m/fpu/crtbegin.o

.ctors          0x00009978        0x0
                0x00009978                __CTOR_LIST__ = .
 *crtbegin.o(.ctors)
 *(EXCLUDE_FILE(*crtend.o) .ctors)
 *(SORT(.ctors.*))
 *(.ctors)
                0x00009978                __CTOR_END__ = .

.dtors          0x00009978        0x0
                0x00009978                __DTOR_LIST__ = .
 *crtbegin.o(.dtors)
 *(EXCLUDE_FILE(*crtend.o) .dtors)
 *(SORT(.dtors.*))
 *(.dtors)
                0x00009978                __DTOR_END__ = .

.preinit_array  0x00009978        0x0
                0x00009978                PROVIDE (__preinit_array_start, .)
 *(.preinit_array*)
                0x00009978                PROVIDE (__preinit_array_end, .)

.init_array     0x00009978        0x4
                0x00009978                PROVIDE (__init_array_start, .)
 *(SORT(.init_array.*))
 *(.init_array*)
 .init_array    0x00009978        0x4 c:/freescale/kds_3.0.0/toolchain/bin/../lib/gcc/arm-none-eabi/4.8.4/armv7e-m/fpu/crtbegin.o
                0x0000997c                PROVIDE (__init_array_end, .)

.fini_array     0x0000997c        0x4
                0x0000997c                PROVIDE (__fini_array_start, .)
 *(SORT(.fini_array.*))
 *(.fini_array*)
 .fini_array    0x0000997c        0x4 c:/freescale/kds_3.0.0/toolchain/bin/../lib/gcc/arm-none-eabi/4.8.4/armv7e-m/fpu/crtbegin.o
                0x00009980                PROVIDE (__fini_array_end, .)
                0x00009980                ___ROM_AT = .

.data           0x1fff0000       0x84 load address 0x00009980
                0x1fff0000                . = ALIGN (0x4)
                0x1fff0000                _sdata = .
 *(.data)
 *(.data*)
 .data.firstCall.7343
                0x1fff0000        0x4 ./Sources/Regulation.o
 .data.AnalogThreadData
                0x1fff0004       0x18 ./Sources/main.o
 .data.__fdlib_version
                0x1fff001c        0x1 c:/freescale/kds_3.0.0/toolchain/bin/../lib/gcc/arm-none-eabi/4.8.4/../../../../arm-none-eabi/lib/armv7e-m/fpu\libm.a(lib_a-s_lib_ver.o)
                0x1fff001c                __fdlib_version
 *fill*         0x1fff001d        0x3 
 .data.impure_data
                0x1fff0020       0x60 c:/freescale/kds_3.0.0/toolchain/bin/../lib/gcc/arm-none-eabi/4.8.4/../../../../arm-none-eabi/lib/armv7e-m/fpu\libg_s.a(lib_a-impure.o)
 .data._impure_ptr
                0x1fff0080        0x4 c:/freescale/kds_3.0.0/toolchain/bin/../lib/gcc/arm-none-eabi/4.8.4/../../../../arm-none-eabi/lib/armv7e-m/fpu\libg_s.a(lib_a-impure.o)
                0x1fff0080                _impure_ptr
                0x1fff0084                . = ALIGN (0x4)
                0x1fff0084                _edata = .
                0x00000084                ___data_size = (_edata - _sdata)
                0x00009a04                ___m_data_20000000_ROMStart = (___ROM_AT + SIZEOF (.data))

.jcr            0x1fff0084        0x0 load address 0x00009a04
 .jcr           0x1fff0084        0x0 c:/freescale/kds_3.0.0/toolchain/bin/../lib/gcc/arm-none-eabi/4.8.4/armv7e-m/fpu/crtbegin.o

.igot.plt       0x1fff0084        0x0 load address 0x00009a04
 .igot.plt      0x00000000        0x0 c:/freescale/kds_3.0.0/toolchain/bin/../lib/gcc/arm-none-eabi/4.8.4/armv7e-m/fpu/crtbegin.o

.m_data_20000000
                0x20000000        0x0 load address 0x00009a04
                0x20000000                . = ALIGN (0x4)
                0x20000000                ___m_data_20000000_RAMStart = .
 *(.m_data_20000000)
                0x20000000                ___m_data_20000000_RAMEnd = .
                0x20000000                . = ALIGN (0x4)
                0x00000000                ___m_data_20000000_ROMSize = (___m_data_20000000_RAMEnd - ___m_data_20000000_RAMStart)
                0x20000000                . = ALIGN (0x4)

.bss            0x1fff0088     0x6c58 load address 0x00009a08
                0x1fff0088                __START_BSS = .
                0x1fff0088                PROVIDE (__bss_start__, __START_BSS)
 *(.bss)
 .bss           0x1fff0088       0x1c c:/freescale/kds_3.0.0/toolchain/bin/../lib/gcc/arm-none-eabi/4.8.4/armv7e-m/fpu/crtbegin.o
 *(.bss*)
 .bss.UserFunctions
                0x1fff00a4       0x20 ./Sources/FTM.o
 .bss.UserArguments
                0x1fff00c4       0x20 ./Sources/FTM.o
 .bss.flashMemoryMap.5714
                0x1fff00e4        0x1 ./Sources/Flash.o
 .bss.tour.5572
                0x1fff00e5        0x1 ./Sources/Frequencie.o
 *fill*         0x1fff00e6        0x2 
 .bss.ts_calc.5573
                0x1fff00e8        0x4 ./Sources/Frequencie.o
 .bss.Clkperiod
                0x1fff00ec        0x4 ./Sources/PIT.o
 .bss.UserFunction
                0x1fff00f0        0x4 ./Sources/PIT.o
 .bss.UserArguments
                0x1fff00f4        0x4 ./Sources/PIT.o
 .bss.UserFunction
                0x1fff00f8        0x4 ./Sources/RTC.o
 .bss.UserArguments
                0x1fff00fc        0x4 ./Sources/RTC.o
 .bss.Regulation_AlarmSet
                0x1fff0100        0x4 ./Sources/Regulation.o
                0x1fff0100                Regulation_AlarmSet
 .bss.Regulation_AlarmReached
                0x1fff0104        0x4 ./Sources/Regulation.o
                0x1fff0104                Regulation_AlarmReached
 .bss.invTime.7332
                0x1fff0108        0x4 ./Sources/Regulation.o
 .bss.deviation.7342
                0x1fff010c        0xc ./Sources/Regulation.o
 .bss.nbSampleTaken.7350
                0x1fff0118        0x4 ./Sources/Regulation.o
 .bss.SCP_Vrms  0x1fff011c        0xc ./Sources/SCP.o
                0x1fff011c                SCP_Vrms
 .bss.TxFIFO    0x1fff0128      0x110 ./Sources/UART.o
 .bss.RxFIFO    0x1fff0238      0x110 ./Sources/UART.o
 .bss.InitModulesThreadStack
                0x1fff0348     0x1000 ./Sources/main.o
 .bss.HandlePacketThreadStack
                0x1fff1348     0x1000 ./Sources/main.o
 .bss.TxThreadStack
                0x1fff2348     0x1000 ./Sources/main.o
 .bss.RxThreadStack
                0x1fff3348     0x1000 ./Sources/main.o
 .bss.RTCThreadStack
                0x1fff4348     0x1000 ./Sources/main.o
 .bss.ProcessSampleThreadStack
                0x1fff5348     0x1000 ./Sources/main.o
 .bss.count.4159
                0x1fff6348        0x1 ./Sources/packet.o
 .bss.SR_lock   0x1fff6349        0x1 ./Generated_Code/Cpu.o
                0x1fff6349                SR_lock
 *fill*         0x1fff634a        0x2 
 .bss.TCBUnusedMain
                0x1fff634c       0x18 C:\Users\13115605\Documents\workspace\es18aut35\Project\Project\Library\libOS.a(OS.o)
 .bss.TCBTable  0x1fff6364      0x300 C:\Users\13115605\Documents\workspace\es18aut35\Project\Project\Library\libOS.a(OS.o)
 .bss.pTCBFreeList
                0x1fff6664        0x4 C:\Users\13115605\Documents\workspace\es18aut35\Project\Project\Library\libOS.a(OS.o)
 .bss.pTCBAllocatedList
                0x1fff6668        0x4 C:\Users\13115605\Documents\workspace\es18aut35\Project\Project\Library\libOS.a(OS.o)
 .bss.pTCBPriorityTable
                0x1fff666c       0x80 C:\Users\13115605\Documents\workspace\es18aut35\Project\Project\Library\libOS.a(OS.o)
 .bss.pTCBRunning
                0x1fff66ec        0x4 C:\Users\13115605\Documents\workspace\es18aut35\Project\Project\Library\libOS.a(OS.o)
 .bss.pTCBHighestReady
                0x1fff66f0        0x4 C:\Users\13115605\Documents\workspace\es18aut35\Project\Project\Library\libOS.a(OS.o)
 .bss.ReadyList
                0x1fff66f4        0x4 C:\Users\13115605\Documents\workspace\es18aut35\Project\Project\Library\libOS.a(OS.o)
 .bss.ECBTable  0x1fff66f8      0x100 C:\Users\13115605\Documents\workspace\es18aut35\Project\Project\Library\libOS.a(OS.o)
 .bss.NextECBFree
                0x1fff67f8        0x1 C:\Users\13115605\Documents\workspace\es18aut35\Project\Project\Library\libOS.a(OS.o)
 *fill*         0x1fff67f9        0x3 
 .bss.IdleCounter
                0x1fff67fc        0x4 C:\Users\13115605\Documents\workspace\es18aut35\Project\Project\Library\libOS.a(OS.o)
 .bss.IdleStack
                0x1fff6800      0x400 C:\Users\13115605\Documents\workspace\es18aut35\Project\Project\Library\libOS.a(OS.o)
 .bss.Ticks     0x1fff6c00        0x4 C:\Users\13115605\Documents\workspace\es18aut35\Project\Project\Library\libOS.a(OS.o)
 .bss.ToggleCntr
                0x1fff6c04        0x4 C:\Users\13115605\Documents\workspace\es18aut35\Project\Project\Library\libOS.a(OS.o)
 .bss.ToggleLED
                0x1fff6c08        0x1 C:\Users\13115605\Documents\workspace\es18aut35\Project\Project\Library\libOS.a(OS.o)
 .bss.ISRNestLevel
                0x1fff6c09        0x1 C:\Users\13115605\Documents\workspace\es18aut35\Project\Project\Library\libOS.a(OS.o)
 *fill*         0x1fff6c0a        0x2 
 .bss.ADCCommandUnion
                0x1fff6c0c        0x4 C:\Users\13115605\Documents\workspace\es18aut35\Project\Project\Library\libAnalog.a(analog.o)
 .bss.__malloc_sbrk_start
                0x1fff6c10        0x4 c:/freescale/kds_3.0.0/toolchain/bin/../lib/gcc/arm-none-eabi/4.8.4/../../../../arm-none-eabi/lib/armv7e-m/fpu\libg_s.a(lib_a-nano-mallocr.o)
                0x1fff6c10                __malloc_sbrk_start
 .bss.__malloc_free_list
                0x1fff6c14        0x4 c:/freescale/kds_3.0.0/toolchain/bin/../lib/gcc/arm-none-eabi/4.8.4/../../../../arm-none-eabi/lib/armv7e-m/fpu\libg_s.a(lib_a-nano-mallocr.o)
                0x1fff6c14                __malloc_free_list
 .bss.heap_end.4246
                0x1fff6c18        0x4 c:/freescale/kds_3.0.0/toolchain/bin/../lib/gcc/arm-none-eabi/4.8.4/../../../../arm-none-eabi/lib/armv7e-m/fpu\libnosys.a(sbrk.o)
 *(COMMON)
 COMMON         0x1fff6c1c       0x18 ./Sources/Flash.o
                0x1fff6c1c                NvTowerMd
                0x1fff6c20                NvTowerNb
                0x1fff6c24                NvRegMode
                0x1fff6c28                NvNbRaises
                0x1fff6c2c                FlashAccess
                0x1fff6c30                NvNbLowers
 COMMON         0x1fff6c34        0x4 ./Sources/Frequencie.o
                0x1fff6c34                Frequencie_Ts
 COMMON         0x1fff6c38        0x4 ./Sources/RTC.o
                0x1fff6c38                RTCAccess
 COMMON         0x1fff6c3c       0x60 ./Sources/Regulation.o
                0x1fff6c3c                Regulation_FullSampleC
                0x1fff6c5c                Regulation_FullSampleA
                0x1fff6c7c                Regulation_FullSampleB
 COMMON         0x1fff6c9c        0x9 ./Sources/SCP.o
                0x1fff6c9c                SCP_TowerMd
                0x1fff6c9e                SCP_ProtocolMode
                0x1fff6ca0                SCP_TowerNb
                0x1fff6ca2                SCP_RegMode
                0x1fff6ca3                SCP_Raises
                0x1fff6ca4                SCP_Lowers
 *fill*         0x1fff6ca5        0x3 
 COMMON         0x1fff6ca8        0x8 ./Sources/UART.o
                0x1fff6ca8                TxAccess
                0x1fff6cac                RxAccess
 COMMON         0x1fff6cb0       0x14 ./Sources/main.o
                0x1fff6cb0                Timer1Sec
                0x1fff6cc0                FullSampleTaken
 COMMON         0x1fff6cc4       0x10 ./Sources/packet.o
                0x1fff6cc4                Packet
                0x1fff6ccc                Packet_Ready
                0x1fff6cd0                PacketAccess
 COMMON         0x1fff6cd4        0x1 ./Generated_Code/Cpu.o
                0x1fff6cd4                SR_reg
 *fill*         0x1fff6cd5        0x3 
 COMMON         0x1fff6cd8        0x4 C:\Users\13115605\Documents\workspace\es18aut35\Project\Project\Library\libAnalog.a(analog.o)
                0x1fff6cd8                DACInput
 COMMON         0x1fff6cdc        0x4 c:/freescale/kds_3.0.0/toolchain/bin/../lib/gcc/arm-none-eabi/4.8.4/../../../../arm-none-eabi/lib/armv7e-m/fpu\libg_s.a(lib_a-reent.o)
                0x1fff6cdc                errno
                0x1fff6ce0                . = ALIGN (0x4)
                0x1fff6ce0                __END_BSS = .
                0x1fff6ce0                PROVIDE (__bss_end__, __END_BSS)
                0x00009a04                _romp_at = ((___ROM_AT + SIZEOF (.data)) + SIZEOF (.m_data_20000000))

.romp           0x1fff6ce0       0x24 load address 0x00009a04
                0x00009a04                __S_romp = _romp_at
                0x1fff6ce0        0x4 LONG 0x9980 ___ROM_AT
                0x1fff6ce4        0x4 LONG 0x1fff0000 _sdata
                0x1fff6ce8        0x4 LONG 0x84 ___data_size
                0x1fff6cec        0x4 LONG 0x9a04 ___m_data_20000000_ROMStart
                0x1fff6cf0        0x4 LONG 0x20000000 ___m_data_20000000_RAMStart
                0x1fff6cf4        0x4 LONG 0x0 ___m_data_20000000_ROMSize
                0x1fff6cf8        0x4 LONG 0x0
                0x1fff6cfc        0x4 LONG 0x0
                0x1fff6d00        0x4 LONG 0x0

._user_heap_stack
                0x1fff6d04      0x400 load address 0x00009a28
                0x1fff6d04                . = ALIGN (0x4)
                0x1fff6d04                PROVIDE (end, .)
                0x1fff6d04                PROVIDE (_end, .)
                0x1fff6d04                __heap_addr = .
                0x1fff6d04                __HeapBase = .
                0x1fff6d04                . = (. + __heap_size)
                0x1fff6d04                __HeapLimit = .
                0x1fff7104                . = (. + __stack_size)
 *fill*         0x1fff6d04      0x400 
                0x1fff7104                . = ALIGN (0x4)

.ARM.attributes
                0x00000000       0x30
 *(.ARM.attributes)
 .ARM.attributes
                0x00000000       0x22 c:/freescale/kds_3.0.0/toolchain/bin/../lib/gcc/arm-none-eabi/4.8.4/armv7e-m/fpu/crti.o
 .ARM.attributes
                0x00000022       0x34 c:/freescale/kds_3.0.0/toolchain/bin/../lib/gcc/arm-none-eabi/4.8.4/armv7e-m/fpu/crtbegin.o
 .ARM.attributes
                0x00000056       0x20 c:/freescale/kds_3.0.0/toolchain/bin/../lib/gcc/arm-none-eabi/4.8.4/../../../../arm-none-eabi/lib/armv7e-m/fpu/crt0.o
 .ARM.attributes
                0x00000076       0x39 ./Sources/FIFO.o
 .ARM.attributes
                0x000000af       0x39 ./Sources/FTM.o
 .ARM.attributes
                0x000000e8       0x39 ./Sources/Flash.o
 .ARM.attributes
                0x00000121       0x39 ./Sources/Frequencie.o
 .ARM.attributes
                0x0000015a       0x39 ./Sources/LEDs.o
 .ARM.attributes
                0x00000193       0x39 ./Sources/Output.o
 .ARM.attributes
                0x000001cc       0x39 ./Sources/PIT.o
 .ARM.attributes
                0x00000205       0x39 ./Sources/RTC.o
 .ARM.attributes
                0x0000023e       0x39 ./Sources/Regulation.o
 .ARM.attributes
                0x00000277       0x39 ./Sources/SCP.o
 .ARM.attributes
                0x000002b0       0x39 ./Sources/UART.o
 .ARM.attributes
                0x000002e9       0x39 ./Sources/kiss_fft.o
 .ARM.attributes
                0x00000322       0x39 ./Sources/kiss_fftr.o
 .ARM.attributes
                0x0000035b       0x39 ./Sources/main.o
 .ARM.attributes
                0x00000394       0x39 ./Sources/packet.o
 .ARM.attributes
                0x000003cd       0x39 ./Project_Settings/Startup_Code/startup.o
 .ARM.attributes
                0x00000406       0x39 ./Generated_Code/Cpu.o
 .ARM.attributes
                0x0000043f       0x39 ./Generated_Code/Vectors.o
 .ARM.attributes
                0x00000478       0x39 C:\Users\13115605\Documents\workspace\es18aut35\Project\Project\Library\libOS.a(OS.o)
 .ARM.attributes
                0x000004b1       0x39 C:\Users\13115605\Documents\workspace\es18aut35\Project\Project\Library\libAnalog.a(analog.o)
 .ARM.attributes
                0x000004ea       0x39 C:\Users\13115605\Documents\workspace\es18aut35\Project\Project\Library\libAnalog.a(SPI.o)
 .ARM.attributes
                0x00000523       0x34 c:/freescale/kds_3.0.0/toolchain/bin/../lib/gcc/arm-none-eabi/4.8.4/../../../../arm-none-eabi/lib/armv7e-m/fpu\libm.a(lib_a-s_cos.o)
 .ARM.attributes
                0x00000557       0x34 c:/freescale/kds_3.0.0/toolchain/bin/../lib/gcc/arm-none-eabi/4.8.4/../../../../arm-none-eabi/lib/armv7e-m/fpu\libm.a(lib_a-s_floor.o)
 .ARM.attributes
                0x0000058b       0x34 c:/freescale/kds_3.0.0/toolchain/bin/../lib/gcc/arm-none-eabi/4.8.4/../../../../arm-none-eabi/lib/armv7e-m/fpu\libm.a(lib_a-s_sin.o)
 .ARM.attributes
                0x000005bf       0x34 c:/freescale/kds_3.0.0/toolchain/bin/../lib/gcc/arm-none-eabi/4.8.4/../../../../arm-none-eabi/lib/armv7e-m/fpu\libm.a(lib_a-w_pow.o)
 .ARM.attributes
                0x000005f3       0x34 c:/freescale/kds_3.0.0/toolchain/bin/../lib/gcc/arm-none-eabi/4.8.4/../../../../arm-none-eabi/lib/armv7e-m/fpu\libm.a(lib_a-w_sqrt.o)
 .ARM.attributes
                0x00000627       0x34 c:/freescale/kds_3.0.0/toolchain/bin/../lib/gcc/arm-none-eabi/4.8.4/../../../../arm-none-eabi/lib/armv7e-m/fpu\libm.a(lib_a-e_pow.o)
 .ARM.attributes
                0x0000065b       0x34 c:/freescale/kds_3.0.0/toolchain/bin/../lib/gcc/arm-none-eabi/4.8.4/../../../../arm-none-eabi/lib/armv7e-m/fpu\libm.a(lib_a-e_rem_pio2.o)
 .ARM.attributes
                0x0000068f       0x34 c:/freescale/kds_3.0.0/toolchain/bin/../lib/gcc/arm-none-eabi/4.8.4/../../../../arm-none-eabi/lib/armv7e-m/fpu\libm.a(lib_a-e_sqrt.o)
 .ARM.attributes
                0x000006c3       0x34 c:/freescale/kds_3.0.0/toolchain/bin/../lib/gcc/arm-none-eabi/4.8.4/../../../../arm-none-eabi/lib/armv7e-m/fpu\libm.a(lib_a-k_cos.o)
 .ARM.attributes
                0x000006f7       0x34 c:/freescale/kds_3.0.0/toolchain/bin/../lib/gcc/arm-none-eabi/4.8.4/../../../../arm-none-eabi/lib/armv7e-m/fpu\libm.a(lib_a-k_rem_pio2.o)
 .ARM.attributes
                0x0000072b       0x34 c:/freescale/kds_3.0.0/toolchain/bin/../lib/gcc/arm-none-eabi/4.8.4/../../../../arm-none-eabi/lib/armv7e-m/fpu\libm.a(lib_a-k_sin.o)
 .ARM.attributes
                0x0000075f       0x34 c:/freescale/kds_3.0.0/toolchain/bin/../lib/gcc/arm-none-eabi/4.8.4/../../../../arm-none-eabi/lib/armv7e-m/fpu\libm.a(lib_a-s_fabs.o)
 .ARM.attributes
                0x00000793       0x34 c:/freescale/kds_3.0.0/toolchain/bin/../lib/gcc/arm-none-eabi/4.8.4/../../../../arm-none-eabi/lib/armv7e-m/fpu\libm.a(lib_a-s_finite.o)
 .ARM.attributes
                0x000007c7       0x34 c:/freescale/kds_3.0.0/toolchain/bin/../lib/gcc/arm-none-eabi/4.8.4/../../../../arm-none-eabi/lib/armv7e-m/fpu\libm.a(lib_a-s_fpclassify.o)
 .ARM.attributes
                0x000007fb       0x34 c:/freescale/kds_3.0.0/toolchain/bin/../lib/gcc/arm-none-eabi/4.8.4/../../../../arm-none-eabi/lib/armv7e-m/fpu\libm.a(lib_a-s_lib_ver.o)
 .ARM.attributes
                0x0000082f       0x34 c:/freescale/kds_3.0.0/toolchain/bin/../lib/gcc/arm-none-eabi/4.8.4/../../../../arm-none-eabi/lib/armv7e-m/fpu\libm.a(lib_a-s_matherr.o)
 .ARM.attributes
                0x00000863       0x34 c:/freescale/kds_3.0.0/toolchain/bin/../lib/gcc/arm-none-eabi/4.8.4/../../../../arm-none-eabi/lib/armv7e-m/fpu\libm.a(lib_a-s_nan.o)
 .ARM.attributes
                0x00000897       0x34 c:/freescale/kds_3.0.0/toolchain/bin/../lib/gcc/arm-none-eabi/4.8.4/../../../../arm-none-eabi/lib/armv7e-m/fpu\libm.a(lib_a-s_rint.o)
 .ARM.attributes
                0x000008cb       0x34 c:/freescale/kds_3.0.0/toolchain/bin/../lib/gcc/arm-none-eabi/4.8.4/../../../../arm-none-eabi/lib/armv7e-m/fpu\libm.a(lib_a-s_scalbn.o)
 .ARM.attributes
                0x000008ff       0x34 c:/freescale/kds_3.0.0/toolchain/bin/../lib/gcc/arm-none-eabi/4.8.4/../../../../arm-none-eabi/lib/armv7e-m/fpu\libm.a(lib_a-s_copysign.o)
 .ARM.attributes
                0x00000933       0x22 c:/freescale/kds_3.0.0/toolchain/bin/../lib/gcc/arm-none-eabi/4.8.4/armv7e-m/fpu\libgcc.a(_arm_addsubdf3.o)
 .ARM.attributes
                0x00000955       0x22 c:/freescale/kds_3.0.0/toolchain/bin/../lib/gcc/arm-none-eabi/4.8.4/armv7e-m/fpu\libgcc.a(_arm_muldivdf3.o)
 .ARM.attributes
                0x00000977       0x22 c:/freescale/kds_3.0.0/toolchain/bin/../lib/gcc/arm-none-eabi/4.8.4/armv7e-m/fpu\libgcc.a(_arm_cmpdf2.o)
 .ARM.attributes
                0x00000999       0x22 c:/freescale/kds_3.0.0/toolchain/bin/../lib/gcc/arm-none-eabi/4.8.4/armv7e-m/fpu\libgcc.a(_arm_fixdfsi.o)
 .ARM.attributes
                0x000009bb       0x22 c:/freescale/kds_3.0.0/toolchain/bin/../lib/gcc/arm-none-eabi/4.8.4/armv7e-m/fpu\libgcc.a(_arm_fixunsdfsi.o)
 .ARM.attributes
                0x000009dd       0x22 c:/freescale/kds_3.0.0/toolchain/bin/../lib/gcc/arm-none-eabi/4.8.4/armv7e-m/fpu\libgcc.a(_arm_truncdfsf2.o)
 .ARM.attributes
                0x000009ff       0x34 c:/freescale/kds_3.0.0/toolchain/bin/../lib/gcc/arm-none-eabi/4.8.4/../../../../arm-none-eabi/lib/armv7e-m/fpu\libg_s.a(lib_a-errno.o)
 .ARM.attributes
                0x00000a33       0x34 c:/freescale/kds_3.0.0/toolchain/bin/../lib/gcc/arm-none-eabi/4.8.4/../../../../arm-none-eabi/lib/armv7e-m/fpu\libg_s.a(lib_a-exit.o)
 .ARM.attributes
                0x00000a67       0x34 c:/freescale/kds_3.0.0/toolchain/bin/../lib/gcc/arm-none-eabi/4.8.4/../../../../arm-none-eabi/lib/armv7e-m/fpu\libg_s.a(lib_a-fwrite.o)
 .ARM.attributes
                0x00000a9b       0x34 c:/freescale/kds_3.0.0/toolchain/bin/../lib/gcc/arm-none-eabi/4.8.4/../../../../arm-none-eabi/lib/armv7e-m/fpu\libg_s.a(lib_a-impure.o)
 .ARM.attributes
                0x00000acf       0x34 c:/freescale/kds_3.0.0/toolchain/bin/../lib/gcc/arm-none-eabi/4.8.4/../../../../arm-none-eabi/lib/armv7e-m/fpu\libg_s.a(lib_a-init.o)
 .ARM.attributes
                0x00000b03       0x34 c:/freescale/kds_3.0.0/toolchain/bin/../lib/gcc/arm-none-eabi/4.8.4/../../../../arm-none-eabi/lib/armv7e-m/fpu\libg_s.a(lib_a-malloc.o)
 .ARM.attributes
                0x00000b37       0x34 c:/freescale/kds_3.0.0/toolchain/bin/../lib/gcc/arm-none-eabi/4.8.4/../../../../arm-none-eabi/lib/armv7e-m/fpu\libg_s.a(lib_a-memcpy-stub.o)
 .ARM.attributes
                0x00000b6b       0x34 c:/freescale/kds_3.0.0/toolchain/bin/../lib/gcc/arm-none-eabi/4.8.4/../../../../arm-none-eabi/lib/armv7e-m/fpu\libg_s.a(lib_a-memset.o)
 .ARM.attributes
                0x00000b9f       0x34 c:/freescale/kds_3.0.0/toolchain/bin/../lib/gcc/arm-none-eabi/4.8.4/../../../../arm-none-eabi/lib/armv7e-m/fpu\libg_s.a(lib_a-nano-freer.o)
 .ARM.attributes
                0x00000bd3       0x34 c:/freescale/kds_3.0.0/toolchain/bin/../lib/gcc/arm-none-eabi/4.8.4/../../../../arm-none-eabi/lib/armv7e-m/fpu\libg_s.a(lib_a-nano-mallocr.o)
 .ARM.attributes
                0x00000c07       0x34 c:/freescale/kds_3.0.0/toolchain/bin/../lib/gcc/arm-none-eabi/4.8.4/../../../../arm-none-eabi/lib/armv7e-m/fpu\libg_s.a(lib_a-sbrkr.o)
 .ARM.attributes
                0x00000c3b       0x34 c:/freescale/kds_3.0.0/toolchain/bin/../lib/gcc/arm-none-eabi/4.8.4/../../../../arm-none-eabi/lib/armv7e-m/fpu\libg_s.a(lib_a-wbuf.o)
 .ARM.attributes
                0x00000c6f       0x34 c:/freescale/kds_3.0.0/toolchain/bin/../lib/gcc/arm-none-eabi/4.8.4/../../../../arm-none-eabi/lib/armv7e-m/fpu\libg_s.a(lib_a-wsetup.o)
 .ARM.attributes
                0x00000ca3       0x34 c:/freescale/kds_3.0.0/toolchain/bin/../lib/gcc/arm-none-eabi/4.8.4/../../../../arm-none-eabi/lib/armv7e-m/fpu\libg_s.a(lib_a-fflush.o)
 .ARM.attributes
                0x00000cd7       0x34 c:/freescale/kds_3.0.0/toolchain/bin/../lib/gcc/arm-none-eabi/4.8.4/../../../../arm-none-eabi/lib/armv7e-m/fpu\libg_s.a(lib_a-findfp.o)
 .ARM.attributes
                0x00000d0b       0x34 c:/freescale/kds_3.0.0/toolchain/bin/../lib/gcc/arm-none-eabi/4.8.4/../../../../arm-none-eabi/lib/armv7e-m/fpu\libg_s.a(lib_a-makebuf.o)
 .ARM.attributes
                0x00000d3f       0x34 c:/freescale/kds_3.0.0/toolchain/bin/../lib/gcc/arm-none-eabi/4.8.4/../../../../arm-none-eabi/lib/armv7e-m/fpu\libg_s.a(lib_a-reent.o)
 .ARM.attributes
                0x00000d73       0x34 c:/freescale/kds_3.0.0/toolchain/bin/../lib/gcc/arm-none-eabi/4.8.4/../../../../arm-none-eabi/lib/armv7e-m/fpu\libg_s.a(lib_a-stdio.o)
 .ARM.attributes
                0x00000da7       0x34 c:/freescale/kds_3.0.0/toolchain/bin/../lib/gcc/arm-none-eabi/4.8.4/../../../../arm-none-eabi/lib/armv7e-m/fpu\libg_s.a(lib_a-writer.o)
 .ARM.attributes
                0x00000ddb       0x34 c:/freescale/kds_3.0.0/toolchain/bin/../lib/gcc/arm-none-eabi/4.8.4/../../../../arm-none-eabi/lib/armv7e-m/fpu\libg_s.a(lib_a-closer.o)
 .ARM.attributes
                0x00000e0f       0x34 c:/freescale/kds_3.0.0/toolchain/bin/../lib/gcc/arm-none-eabi/4.8.4/../../../../arm-none-eabi/lib/armv7e-m/fpu\libg_s.a(lib_a-fstatr.o)
 .ARM.attributes
                0x00000e43       0x34 c:/freescale/kds_3.0.0/toolchain/bin/../lib/gcc/arm-none-eabi/4.8.4/../../../../arm-none-eabi/lib/armv7e-m/fpu\libg_s.a(lib_a-isattyr.o)
 .ARM.attributes
                0x00000e77       0x34 c:/freescale/kds_3.0.0/toolchain/bin/../lib/gcc/arm-none-eabi/4.8.4/../../../../arm-none-eabi/lib/armv7e-m/fpu\libg_s.a(lib_a-lseekr.o)
 .ARM.attributes
                0x00000eab       0x34 c:/freescale/kds_3.0.0/toolchain/bin/../lib/gcc/arm-none-eabi/4.8.4/../../../../arm-none-eabi/lib/armv7e-m/fpu\libg_s.a(lib_a-readr.o)
 .ARM.attributes
                0x00000edf       0x34 c:/freescale/kds_3.0.0/toolchain/bin/../lib/gcc/arm-none-eabi/4.8.4/../../../../arm-none-eabi/lib/armv7e-m/fpu\libnosys.a(close.o)
 .ARM.attributes
                0x00000f13       0x34 c:/freescale/kds_3.0.0/toolchain/bin/../lib/gcc/arm-none-eabi/4.8.4/../../../../arm-none-eabi/lib/armv7e-m/fpu\libnosys.a(fstat.o)
 .ARM.attributes
                0x00000f47       0x34 c:/freescale/kds_3.0.0/toolchain/bin/../lib/gcc/arm-none-eabi/4.8.4/../../../../arm-none-eabi/lib/armv7e-m/fpu\libnosys.a(isatty.o)
 .ARM.attributes
                0x00000f7b       0x34 c:/freescale/kds_3.0.0/toolchain/bin/../lib/gcc/arm-none-eabi/4.8.4/../../../../arm-none-eabi/lib/armv7e-m/fpu\libnosys.a(lseek.o)
 .ARM.attributes
                0x00000faf       0x34 c:/freescale/kds_3.0.0/toolchain/bin/../lib/gcc/arm-none-eabi/4.8.4/../../../../arm-none-eabi/lib/armv7e-m/fpu\libnosys.a(read.o)
 .ARM.attributes
                0x00000fe3       0x34 c:/freescale/kds_3.0.0/toolchain/bin/../lib/gcc/arm-none-eabi/4.8.4/../../../../arm-none-eabi/lib/armv7e-m/fpu\libnosys.a(sbrk.o)
 .ARM.attributes
                0x00001017       0x34 c:/freescale/kds_3.0.0/toolchain/bin/../lib/gcc/arm-none-eabi/4.8.4/../../../../arm-none-eabi/lib/armv7e-m/fpu\libnosys.a(write.o)
 .ARM.attributes
                0x0000104b       0x34 c:/freescale/kds_3.0.0/toolchain/bin/../lib/gcc/arm-none-eabi/4.8.4/../../../../arm-none-eabi/lib/armv7e-m/fpu\libnosys.a(_exit.o)
 .ARM.attributes
                0x0000107f       0x22 c:/freescale/kds_3.0.0/toolchain/bin/../lib/gcc/arm-none-eabi/4.8.4/armv7e-m/fpu/crtn.o
OUTPUT(Project.elf elf32-littlearm)

.debug_info     0x00000000     0x8dba
 .debug_info    0x00000000      0x217 ./Sources/FIFO.o
 .debug_info    0x00000217      0x7a1 ./Sources/FTM.o
 .debug_info    0x000009b8      0x74d ./Sources/Flash.o
 .debug_info    0x00001105      0x3a2 ./Sources/Frequencie.o
 .debug_info    0x000014a7      0x497 ./Sources/LEDs.o
 .debug_info    0x0000193e       0xfa ./Sources/Output.o
 .debug_info    0x00001a38      0x6aa ./Sources/PIT.o
 .debug_info    0x000020e2      0x716 ./Sources/RTC.o
 .debug_info    0x000027f8      0x503 ./Sources/Regulation.o
 .debug_info    0x00002cfb      0x76a ./Sources/SCP.o
 .debug_info    0x00003465      0x9e9 ./Sources/UART.o
 .debug_info    0x00003e4e      0x7b1 ./Sources/kiss_fft.o
 .debug_info    0x000045ff      0xb8b ./Sources/kiss_fftr.o
 .debug_info    0x0000518a      0xb37 ./Sources/main.o
 .debug_info    0x00005cc1      0x394 ./Sources/packet.o
 .debug_info    0x00006055      0x3b0 ./Project_Settings/Startup_Code/startup.o
 .debug_info    0x00006405      0xc82 ./Generated_Code/Cpu.o
 .debug_info    0x00007087      0x167 ./Generated_Code/Vectors.o
 .debug_info    0x000071ee      0xd02 C:\Users\13115605\Documents\workspace\es18aut35\Project\Project\Library\libOS.a(OS.o)
 .debug_info    0x00007ef0      0x46a C:\Users\13115605\Documents\workspace\es18aut35\Project\Project\Library\libAnalog.a(analog.o)
 .debug_info    0x0000835a      0xa60 C:\Users\13115605\Documents\workspace\es18aut35\Project\Project\Library\libAnalog.a(SPI.o)

.debug_abbrev   0x00000000     0x212a
 .debug_abbrev  0x00000000       0xce ./Sources/FIFO.o
 .debug_abbrev  0x000000ce      0x1c5 ./Sources/FTM.o
 .debug_abbrev  0x00000293      0x1db ./Sources/Flash.o
 .debug_abbrev  0x0000046e      0x121 ./Sources/Frequencie.o
 .debug_abbrev  0x0000058f      0x144 ./Sources/LEDs.o
 .debug_abbrev  0x000006d3       0x50 ./Sources/Output.o
 .debug_abbrev  0x00000723      0x1ae ./Sources/PIT.o
 .debug_abbrev  0x000008d1      0x1be ./Sources/RTC.o
 .debug_abbrev  0x00000a8f      0x1c6 ./Sources/Regulation.o
 .debug_abbrev  0x00000c55      0x1cc ./Sources/SCP.o
 .debug_abbrev  0x00000e21      0x1f9 ./Sources/UART.o
 .debug_abbrev  0x0000101a      0x1dd ./Sources/kiss_fft.o
 .debug_abbrev  0x000011f7      0x1f3 ./Sources/kiss_fftr.o
 .debug_abbrev  0x000013ea      0x259 ./Sources/main.o
 .debug_abbrev  0x00001643      0x108 ./Sources/packet.o
 .debug_abbrev  0x0000174b      0x189 ./Project_Settings/Startup_Code/startup.o
 .debug_abbrev  0x000018d4      0x185 ./Generated_Code/Cpu.o
 .debug_abbrev  0x00001a59       0xb3 ./Generated_Code/Vectors.o
 .debug_abbrev  0x00001b0c      0x2f8 C:\Users\13115605\Documents\workspace\es18aut35\Project\Project\Library\libOS.a(OS.o)
 .debug_abbrev  0x00001e04      0x151 C:\Users\13115605\Documents\workspace\es18aut35\Project\Project\Library\libAnalog.a(analog.o)
 .debug_abbrev  0x00001f55      0x1d5 C:\Users\13115605\Documents\workspace\es18aut35\Project\Project\Library\libAnalog.a(SPI.o)

.debug_aranges  0x00000000      0x6f0
 .debug_aranges
                0x00000000       0x30 ./Sources/FIFO.o
 .debug_aranges
                0x00000030       0x38 ./Sources/FTM.o
 .debug_aranges
                0x00000068       0x68 ./Sources/Flash.o
 .debug_aranges
                0x000000d0       0x38 ./Sources/Frequencie.o
 .debug_aranges
                0x00000108       0x38 ./Sources/LEDs.o
 .debug_aranges
                0x00000140       0x48 ./Sources/Output.o
 .debug_aranges
                0x00000188       0x60 ./Sources/PIT.o
 .debug_aranges
                0x000001e8       0x40 ./Sources/RTC.o
 .debug_aranges
                0x00000228       0x48 ./Sources/Regulation.o
 .debug_aranges
                0x00000270      0x100 ./Sources/SCP.o
 .debug_aranges
                0x00000370       0x50 ./Sources/UART.o
 .debug_aranges
                0x000003c0       0x78 ./Sources/kiss_fft.o
 .debug_aranges
                0x00000438       0x30 ./Sources/kiss_fftr.o
 .debug_aranges
                0x00000468       0x50 ./Sources/main.o
 .debug_aranges
                0x000004b8       0x40 ./Sources/packet.o
 .debug_aranges
                0x000004f8       0x50 ./Project_Settings/Startup_Code/startup.o
 .debug_aranges
                0x00000548       0x38 ./Generated_Code/Cpu.o
 .debug_aranges
                0x00000580       0x18 ./Generated_Code/Vectors.o
 .debug_aranges
                0x00000598       0xc8 C:\Users\13115605\Documents\workspace\es18aut35\Project\Project\Library\libOS.a(OS.o)
 .debug_aranges
                0x00000660       0x38 C:\Users\13115605\Documents\workspace\es18aut35\Project\Project\Library\libAnalog.a(analog.o)
 .debug_aranges
                0x00000698       0x58 C:\Users\13115605\Documents\workspace\es18aut35\Project\Project\Library\libAnalog.a(SPI.o)

.debug_ranges   0x00000000      0x598
 .debug_ranges  0x00000000       0x20 ./Sources/FIFO.o
 .debug_ranges  0x00000020       0x28 ./Sources/FTM.o
 .debug_ranges  0x00000048       0x58 ./Sources/Flash.o
 .debug_ranges  0x000000a0       0x28 ./Sources/Frequencie.o
 .debug_ranges  0x000000c8       0x28 ./Sources/LEDs.o
 .debug_ranges  0x000000f0       0x38 ./Sources/Output.o
 .debug_ranges  0x00000128       0x50 ./Sources/PIT.o
 .debug_ranges  0x00000178       0x30 ./Sources/RTC.o
 .debug_ranges  0x000001a8       0x38 ./Sources/Regulation.o
 .debug_ranges  0x000001e0       0xf0 ./Sources/SCP.o
 .debug_ranges  0x000002d0       0x40 ./Sources/UART.o
 .debug_ranges  0x00000310       0x68 ./Sources/kiss_fft.o
 .debug_ranges  0x00000378       0x20 ./Sources/kiss_fftr.o
 .debug_ranges  0x00000398       0x40 ./Sources/main.o
 .debug_ranges  0x000003d8       0x30 ./Sources/packet.o
 .debug_ranges  0x00000408       0x40 ./Project_Settings/Startup_Code/startup.o
 .debug_ranges  0x00000448       0x28 ./Generated_Code/Cpu.o
 .debug_ranges  0x00000470       0xb8 C:\Users\13115605\Documents\workspace\es18aut35\Project\Project\Library\libOS.a(OS.o)
 .debug_ranges  0x00000528       0x28 C:\Users\13115605\Documents\workspace\es18aut35\Project\Project\Library\libAnalog.a(analog.o)
 .debug_ranges  0x00000550       0x48 C:\Users\13115605\Documents\workspace\es18aut35\Project\Project\Library\libAnalog.a(SPI.o)

.debug_macro    0x00000000    0x3688b
 .debug_macro   0x00000000       0xab ./Sources/FIFO.o
 .debug_macro   0x000000ab      0x850 ./Sources/FIFO.o
 .debug_macro   0x000008fb       0x16 ./Sources/FIFO.o
 .debug_macro   0x00000911       0x44 ./Sources/FIFO.o
 .debug_macro   0x00000955      0x209 ./Sources/FIFO.o
 .debug_macro   0x00000b5e       0x22 ./Sources/FIFO.o
 .debug_macro   0x00000b80       0x36 ./Sources/FIFO.o
 .debug_macro   0x00000bb6     0x1800 ./Sources/FIFO.o
 .debug_macro   0x000023b6      0x14e ./Sources/FIFO.o
 .debug_macro   0x00002504       0x64 ./Sources/FIFO.o
 .debug_macro   0x00002568    0x174c1 ./Sources/FIFO.o
 .debug_macro   0x00019a29       0x9a ./Sources/FIFO.o
 .debug_macro   0x00019ac3       0xb3 ./Sources/FTM.o
 .debug_macro   0x00019b76       0x76 ./Sources/Flash.o
 .debug_macro   0x00019bec       0x34 ./Sources/Flash.o
 .debug_macro   0x00019c20      0x1b7 ./Sources/Frequencie.o
 .debug_macro   0x00019dd7       0x58 ./Sources/Frequencie.o
 .debug_macro   0x00019e2f       0x35 ./Sources/Frequencie.o
 .debug_macro   0x00019e64       0xa3 ./Sources/Frequencie.o
 .debug_macro   0x00019f07       0x16 ./Sources/Frequencie.o
 .debug_macro   0x00019f1d      0x10e ./Sources/Frequencie.o
 .debug_macro   0x0001a02b       0x7f ./Sources/Frequencie.o
 .debug_macro   0x0001a0aa       0x52 ./Sources/Frequencie.o
 .debug_macro   0x0001a0fc       0x16 ./Sources/Frequencie.o
 .debug_macro   0x0001a112       0x43 ./Sources/Frequencie.o
 .debug_macro   0x0001a155      0x180 ./Sources/Frequencie.o
 .debug_macro   0x0001a2d5       0x22 ./Sources/Frequencie.o
 .debug_macro   0x0001a2f7       0x1c ./Sources/Frequencie.o
 .debug_macro   0x0001a313       0x35 ./Sources/Frequencie.o
 .debug_macro   0x0001a348       0x10 ./Sources/Frequencie.o
 .debug_macro   0x0001a358       0x10 ./Sources/Frequencie.o
 .debug_macro   0x0001a368       0x22 ./Sources/Frequencie.o
 .debug_macro   0x0001a38a       0xbd ./Sources/Frequencie.o
 .debug_macro   0x0001a447       0x16 ./Sources/Frequencie.o
 .debug_macro   0x0001a45d      0x14a ./Sources/Frequencie.o
 .debug_macro   0x0001a5a7       0xde ./Sources/Frequencie.o
 .debug_macro   0x0001a685      0x2a6 ./Sources/Frequencie.o
 .debug_macro   0x0001a92b       0x10 ./Sources/Frequencie.o
 .debug_macro   0x0001a93b       0x22 ./Sources/Frequencie.o
 .debug_macro   0x0001a95d       0x6a ./Sources/Frequencie.o
 .debug_macro   0x0001a9c7       0x96 ./Sources/LEDs.o
 .debug_macro   0x0001aa5d       0x76 ./Sources/Output.o
 .debug_macro   0x0001aad3       0x10 ./Sources/Output.o
 .debug_macro   0x0001aae3       0x16 ./Sources/Output.o
 .debug_macro   0x0001aaf9       0x83 ./Sources/PIT.o
 .debug_macro   0x0001ab7c       0x8d ./Sources/RTC.o
 .debug_macro   0x0001ac09       0x58 ./Sources/RTC.o
 .debug_macro   0x0001ac61      0x177 ./Sources/Regulation.o
 .debug_macro   0x0001add8      0x166 ./Sources/Regulation.o
 .debug_macro   0x0001af3e       0x4a ./Sources/Regulation.o
 .debug_macro   0x0001af88      0x20f ./Sources/Regulation.o
 .debug_macro   0x0001b197     0x17f4 ./Sources/Regulation.o
 .debug_macro   0x0001c98b       0x10 ./Sources/Regulation.o
 .debug_macro   0x0001c99b       0x3a ./Sources/Regulation.o
 .debug_macro   0x0001c9d5      0x274 ./Sources/SCP.o
 .debug_macro   0x0001cc49       0x52 ./Sources/SCP.o
 .debug_macro   0x0001cc9b       0x34 ./Sources/SCP.o
 .debug_macro   0x0001cccf       0xc7 ./Sources/UART.o
 .debug_macro   0x0001cd96     0x17fa ./Sources/UART.o
 .debug_macro   0x0001e590       0x10 ./Sources/UART.o
 .debug_macro   0x0001e5a0      0x198 ./Sources/kiss_fft.o
 .debug_macro   0x0001e738       0x2b ./Sources/kiss_fft.o
 .debug_macro   0x0001e763       0xee ./Sources/kiss_fft.o
 .debug_macro   0x0001e851       0x71 ./Sources/kiss_fft.o
 .debug_macro   0x0001e8c2      0x1a8 ./Sources/kiss_fftr.o
 .debug_macro   0x0001ea6a      0x2b2 ./Sources/main.o
 .debug_macro   0x0001ed1c       0x30 ./Sources/main.o
 .debug_macro   0x0001ed4c       0x7b ./Sources/packet.o
 .debug_macro   0x0001edc7       0x36 ./Sources/packet.o
 .debug_macro   0x0001edfd      0x121 ./Project_Settings/Startup_Code/startup.o
 .debug_macro   0x0001ef1e       0x16 ./Project_Settings/Startup_Code/startup.o
 .debug_macro   0x0001ef34    0x174af ./Project_Settings/Startup_Code/startup.o
 .debug_macro   0x000363e3       0x84 ./Generated_Code/Cpu.o
 .debug_macro   0x00036467       0xa0 ./Generated_Code/Cpu.o
 .debug_macro   0x00036507       0xe0 ./Generated_Code/Vectors.o
 .debug_macro   0x000365e7       0xa3 C:\Users\13115605\Documents\workspace\es18aut35\Project\Project\Library\libOS.a(OS.o)
 .debug_macro   0x0003668a       0x94 C:\Users\13115605\Documents\workspace\es18aut35\Project\Project\Library\libOS.a(OS.o)
 .debug_macro   0x0003671e       0xf5 C:\Users\13115605\Documents\workspace\es18aut35\Project\Project\Library\libAnalog.a(analog.o)
 .debug_macro   0x00036813       0x10 C:\Users\13115605\Documents\workspace\es18aut35\Project\Project\Library\libAnalog.a(analog.o)
 .debug_macro   0x00036823       0x68 C:\Users\13115605\Documents\workspace\es18aut35\Project\Project\Library\libAnalog.a(SPI.o)

.debug_line     0x00000000     0x4f90
 .debug_line    0x00000000      0x308 ./Sources/FIFO.o
 .debug_line    0x00000308      0x35c ./Sources/FTM.o
 .debug_line    0x00000664      0x369 ./Sources/Flash.o
 .debug_line    0x000009cd      0x3ba ./Sources/Frequencie.o
 .debug_line    0x00000d87      0x2ba ./Sources/LEDs.o
 .debug_line    0x00001041      0x29c ./Sources/Output.o
 .debug_line    0x000012dd      0x392 ./Sources/PIT.o
 .debug_line    0x0000166f      0x34b ./Sources/RTC.o
 .debug_line    0x000019ba      0x4dc ./Sources/Regulation.o
 .debug_line    0x00001e96      0x75e ./Sources/SCP.o
 .debug_line    0x000025f4      0x39b ./Sources/UART.o
 .debug_line    0x0000298f      0x61b ./Sources/kiss_fft.o
 .debug_line    0x00002faa      0x418 ./Sources/kiss_fftr.o
 .debug_line    0x000033c2      0x616 ./Sources/main.o
 .debug_line    0x000039d8      0x26f ./Sources/packet.o
 .debug_line    0x00003c47      0x400 ./Project_Settings/Startup_Code/startup.o
 .debug_line    0x00004047      0x291 ./Generated_Code/Cpu.o
 .debug_line    0x000042d8      0x34f ./Generated_Code/Vectors.o
 .debug_line    0x00004627      0x496 C:\Users\13115605\Documents\workspace\es18aut35\Project\Project\Library\libOS.a(OS.o)
 .debug_line    0x00004abd      0x200 C:\Users\13115605\Documents\workspace\es18aut35\Project\Project\Library\libAnalog.a(analog.o)
 .debug_line    0x00004cbd      0x2d3 C:\Users\13115605\Documents\workspace\es18aut35\Project\Project\Library\libAnalog.a(SPI.o)

.debug_str      0x00000000    0x911d8
 .debug_str     0x00000000    0x8a68a ./Sources/FIFO.o
                              0x8a819 (size before relaxing)
 .debug_str     0x0008a68a      0x3f2 ./Sources/FTM.o
                              0x8ab67 (size before relaxing)
 .debug_str     0x0008aa7c      0x3d8 ./Sources/Flash.o
                              0x8326d (size before relaxing)
 .debug_str     0x0008ae54     0x3825 ./Sources/Frequencie.o
                               0x6862 (size before relaxing)
 .debug_str     0x0008e679       0xb8 ./Sources/LEDs.o
                              0x8a822 (size before relaxing)
 .debug_str     0x0008e731       0xd9 ./Sources/Output.o
                               0x318c (size before relaxing)
 .debug_str     0x0008e80a      0x10c ./Sources/PIT.o
                              0x8a29c (size before relaxing)
 .debug_str     0x0008e916      0x1c3 ./Sources/RTC.o
                              0x8a261 (size before relaxing)
 .debug_str     0x0008ead9      0x148 ./Sources/Regulation.o
                              0x8c997 (size before relaxing)
 .debug_str     0x0008ec21      0x44b ./Sources/SCP.o
                              0x8e7dc (size before relaxing)
 .debug_str     0x0008f06c      0x153 ./Sources/UART.o
                              0x8ac9f (size before relaxing)
 .debug_str     0x0008f1bf      0x8dd ./Sources/kiss_fft.o
                               0x65f4 (size before relaxing)
 .debug_str     0x0008fa9c      0x40e ./Sources/kiss_fftr.o
                               0x694e (size before relaxing)
 .debug_str     0x0008feaa      0x268 ./Sources/main.o
                              0x8eb99 (size before relaxing)
 .debug_str     0x00090112       0x82 ./Sources/packet.o
                               0x33d0 (size before relaxing)
 .debug_str     0x00090194      0x17c ./Project_Settings/Startup_Code/startup.o
                              0x85406 (size before relaxing)
 .debug_str     0x00090310      0x1f2 ./Generated_Code/Cpu.o
                              0x8aa37 (size before relaxing)
 .debug_str     0x00090502       0x1c ./Generated_Code/Vectors.o
                              0x8a91f (size before relaxing)
 .debug_str     0x0009051e      0x3a7 C:\Users\13115605\Documents\workspace\es18aut35\Project\Project\Library\libOS.a(OS.o)
                              0x8ad2a (size before relaxing)
 .debug_str     0x000908c5      0x569 C:\Users\13115605\Documents\workspace\es18aut35\Project\Project\Library\libAnalog.a(analog.o)
                               0x3866 (size before relaxing)
 .debug_str     0x00090e2e      0x3aa C:\Users\13115605\Documents\workspace\es18aut35\Project\Project\Library\libAnalog.a(SPI.o)
                              0x83389 (size before relaxing)

.comment        0x00000000       0x70
 .comment       0x00000000       0x70 ./Sources/FIFO.o
                                 0x71 (size before relaxing)
 .comment       0x00000000       0x71 ./Sources/FTM.o
 .comment       0x00000000       0x71 ./Sources/Flash.o
 .comment       0x00000000       0x71 ./Sources/Frequencie.o
 .comment       0x00000000       0x71 ./Sources/LEDs.o
 .comment       0x00000000       0x71 ./Sources/Output.o
 .comment       0x00000000       0x71 ./Sources/PIT.o
 .comment       0x00000000       0x71 ./Sources/RTC.o
 .comment       0x00000000       0x71 ./Sources/Regulation.o
 .comment       0x00000000       0x71 ./Sources/SCP.o
 .comment       0x00000000       0x71 ./Sources/UART.o
 .comment       0x00000000       0x71 ./Sources/kiss_fft.o
 .comment       0x00000000       0x71 ./Sources/kiss_fftr.o
 .comment       0x00000000       0x71 ./Sources/main.o
 .comment       0x00000000       0x71 ./Sources/packet.o
 .comment       0x00000000       0x71 ./Project_Settings/Startup_Code/startup.o
 .comment       0x00000000       0x71 ./Generated_Code/Cpu.o
 .comment       0x00000000       0x71 ./Generated_Code/Vectors.o
 .comment       0x00000000       0x71 C:\Users\13115605\Documents\workspace\es18aut35\Project\Project\Library\libOS.a(OS.o)
 .comment       0x00000000       0x71 C:\Users\13115605\Documents\workspace\es18aut35\Project\Project\Library\libAnalog.a(analog.o)
 .comment       0x00000000       0x71 C:\Users\13115605\Documents\workspace\es18aut35\Project\Project\Library\libAnalog.a(SPI.o)

.debug_frame    0x00000000     0x1e40
 .debug_frame   0x00000000       0x70 ./Sources/FIFO.o
 .debug_frame   0x00000070       0x84 ./Sources/FTM.o
 .debug_frame   0x000000f4      0x140 ./Sources/Flash.o
 .debug_frame   0x00000234       0x94 ./Sources/Frequencie.o
 .debug_frame   0x000002c8       0x7c ./Sources/LEDs.o
 .debug_frame   0x00000344       0xb8 ./Sources/Output.o
 .debug_frame   0x000003fc      0x138 ./Sources/PIT.o
 .debug_frame   0x00000534       0xac ./Sources/RTC.o
 .debug_frame   0x000005e0       0xcc ./Sources/Regulation.o
 .debug_frame   0x000006ac      0x350 ./Sources/SCP.o
 .debug_frame   0x000009fc       0xf4 ./Sources/UART.o
 .debug_frame   0x00000af0      0x180 ./Sources/kiss_fft.o
 .debug_frame   0x00000c70       0x74 ./Sources/kiss_fftr.o
 .debug_frame   0x00000ce4       0xf0 ./Sources/main.o
 .debug_frame   0x00000dd4       0xa8 ./Sources/packet.o
 .debug_frame   0x00000e7c       0xc0 ./Project_Settings/Startup_Code/startup.o
 .debug_frame   0x00000f3c       0x80 ./Generated_Code/Cpu.o
 .debug_frame   0x00000fbc      0x2a0 C:\Users\13115605\Documents\workspace\es18aut35\Project\Project\Library\libOS.a(OS.o)
 .debug_frame   0x0000125c       0x90 C:\Users\13115605\Documents\workspace\es18aut35\Project\Project\Library\libAnalog.a(analog.o)
 .debug_frame   0x000012ec      0x100 C:\Users\13115605\Documents\workspace\es18aut35\Project\Project\Library\libAnalog.a(SPI.o)
 .debug_frame   0x000013ec       0x28 c:/freescale/kds_3.0.0/toolchain/bin/../lib/gcc/arm-none-eabi/4.8.4/../../../../arm-none-eabi/lib/armv7e-m/fpu\libm.a(lib_a-s_cos.o)
 .debug_frame   0x00001414       0x38 c:/freescale/kds_3.0.0/toolchain/bin/../lib/gcc/arm-none-eabi/4.8.4/../../../../arm-none-eabi/lib/armv7e-m/fpu\libm.a(lib_a-s_floor.o)
 .debug_frame   0x0000144c       0x28 c:/freescale/kds_3.0.0/toolchain/bin/../lib/gcc/arm-none-eabi/4.8.4/../../../../arm-none-eabi/lib/armv7e-m/fpu\libm.a(lib_a-s_sin.o)
 .debug_frame   0x00001474       0x40 c:/freescale/kds_3.0.0/toolchain/bin/../lib/gcc/arm-none-eabi/4.8.4/../../../../arm-none-eabi/lib/armv7e-m/fpu\libm.a(lib_a-w_pow.o)