Archive member included because of file (symbol)

C:\Users\13115605\Documents\workspace\es18aut35\Project\Project\Library\libOS.a(OS.o)
                              ./Sources/main.o (OS_Init)
C:\Users\13115605\Documents\workspace\es18aut35\Project\Project\Library\libAnalog.a(analog.o)
                              ./Sources/main.o (Analog_Init)
C:\Users\13115605\Documents\workspace\es18aut35\Project\Project\Library\libAnalog.a(SPI.o)
                              C:\Users\13115605\Documents\workspace\es18aut35\Project\Project\Library\libAnalog.a(analog.o) (SPI_Init)
c:/freescale/kds_3.0.0/toolchain/bin/../lib/gcc/arm-none-eabi/4.8.4/../../../../arm-none-eabi/lib/armv7e-m/fpu\libm.a(lib_a-w_sqrt.o)
                              ./Sources/Regulation.o (sqrt)
c:/freescale/kds_3.0.0/toolchain/bin/../lib/gcc/arm-none-eabi/4.8.4/../../../../arm-none-eabi/lib/armv7e-m/fpu\libm.a(lib_a-e_sqrt.o)
                              c:/freescale/kds_3.0.0/toolchain/bin/../lib/gcc/arm-none-eabi/4.8.4/../../../../arm-none-eabi/lib/armv7e-m/fpu\libm.a(lib_a-w_sqrt.o) (__ieee754_sqrt)
c:/freescale/kds_3.0.0/toolchain/bin/../lib/gcc/arm-none-eabi/4.8.4/../../../../arm-none-eabi/lib/armv7e-m/fpu\libm.a(lib_a-s_fpclassify.o)
                              c:/freescale/kds_3.0.0/toolchain/bin/../lib/gcc/arm-none-eabi/4.8.4/../../../../arm-none-eabi/lib/armv7e-m/fpu\libm.a(lib_a-w_sqrt.o) (__fpclassifyd)
c:/freescale/kds_3.0.0/toolchain/bin/../lib/gcc/arm-none-eabi/4.8.4/../../../../arm-none-eabi/lib/armv7e-m/fpu\libm.a(lib_a-s_lib_ver.o)
                              c:/freescale/kds_3.0.0/toolchain/bin/../lib/gcc/arm-none-eabi/4.8.4/../../../../arm-none-eabi/lib/armv7e-m/fpu\libm.a(lib_a-w_sqrt.o) (__fdlib_version)
c:/freescale/kds_3.0.0/toolchain/bin/../lib/gcc/arm-none-eabi/4.8.4/../../../../arm-none-eabi/lib/armv7e-m/fpu\libm.a(lib_a-s_matherr.o)
                              c:/freescale/kds_3.0.0/toolchain/bin/../lib/gcc/arm-none-eabi/4.8.4/../../../../arm-none-eabi/lib/armv7e-m/fpu\libm.a(lib_a-w_sqrt.o) (matherr)
c:/freescale/kds_3.0.0/toolchain/bin/../lib/gcc/arm-none-eabi/4.8.4/armv7e-m/fpu\libgcc.a(_arm_addsubdf3.o)
                              c:/freescale/kds_3.0.0/toolchain/bin/../lib/gcc/arm-none-eabi/4.8.4/../../../../arm-none-eabi/lib/armv7e-m/fpu\libm.a(lib_a-e_sqrt.o) (__aeabi_dsub)
c:/freescale/kds_3.0.0/toolchain/bin/../lib/gcc/arm-none-eabi/4.8.4/armv7e-m/fpu\libgcc.a(_arm_muldivdf3.o)
                              c:/freescale/kds_3.0.0/toolchain/bin/../lib/gcc/arm-none-eabi/4.8.4/../../../../arm-none-eabi/lib/armv7e-m/fpu\libm.a(lib_a-e_sqrt.o) (__aeabi_dmul)
c:/freescale/kds_3.0.0/toolchain/bin/../lib/gcc/arm-none-eabi/4.8.4/armv7e-m/fpu\libgcc.a(_arm_cmpdf2.o)
                              c:/freescale/kds_3.0.0/toolchain/bin/../lib/gcc/arm-none-eabi/4.8.4/../../../../arm-none-eabi/lib/armv7e-m/fpu\libm.a(lib_a-w_sqrt.o) (__aeabi_dcmplt)
c:/freescale/kds_3.0.0/toolchain/bin/../lib/gcc/arm-none-eabi/4.8.4/armv7e-m/fpu\libgcc.a(_arm_fixunsdfsi.o)
                              ./Sources/PIT.o (__aeabi_d2uiz)
c:/freescale/kds_3.0.0/toolchain/bin/../lib/gcc/arm-none-eabi/4.8.4/armv7e-m/fpu\libgcc.a(_arm_truncdfsf2.o)
                              ./Sources/Regulation.o (__aeabi_d2f)
c:/freescale/kds_3.0.0/toolchain/bin/../lib/gcc/arm-none-eabi/4.8.4/../../../../arm-none-eabi/lib/armv7e-m/fpu\libg_s.a(lib_a-errno.o)
                              c:/freescale/kds_3.0.0/toolchain/bin/../lib/gcc/arm-none-eabi/4.8.4/../../../../arm-none-eabi/lib/armv7e-m/fpu\libm.a(lib_a-w_sqrt.o) (__errno)
c:/freescale/kds_3.0.0/toolchain/bin/../lib/gcc/arm-none-eabi/4.8.4/../../../../arm-none-eabi/lib/armv7e-m/fpu\libg_s.a(lib_a-exit.o)
                              c:/freescale/kds_3.0.0/toolchain/bin/../lib/gcc/arm-none-eabi/4.8.4/../../../../arm-none-eabi/lib/armv7e-m/fpu/crt0.o (exit)
c:/freescale/kds_3.0.0/toolchain/bin/../lib/gcc/arm-none-eabi/4.8.4/../../../../arm-none-eabi/lib/armv7e-m/fpu\libg_s.a(lib_a-impure.o)
                              c:/freescale/kds_3.0.0/toolchain/bin/../lib/gcc/arm-none-eabi/4.8.4/../../../../arm-none-eabi/lib/armv7e-m/fpu\libg_s.a(lib_a-exit.o) (_global_impure_ptr)
c:/freescale/kds_3.0.0/toolchain/bin/../lib/gcc/arm-none-eabi/4.8.4/../../../../arm-none-eabi/lib/armv7e-m/fpu\libg_s.a(lib_a-init.o)
                              c:/freescale/kds_3.0.0/toolchain/bin/../lib/gcc/arm-none-eabi/4.8.4/../../../../arm-none-eabi/lib/armv7e-m/fpu/crt0.o (__libc_init_array)
c:/freescale/kds_3.0.0/toolchain/bin/../lib/gcc/arm-none-eabi/4.8.4/../../../../arm-none-eabi/lib/armv7e-m/fpu\libg_s.a(lib_a-memset.o)
                              c:/freescale/kds_3.0.0/toolchain/bin/../lib/gcc/arm-none-eabi/4.8.4/../../../../arm-none-eabi/lib/armv7e-m/fpu/crt0.o (memset)
c:/freescale/kds_3.0.0/toolchain/bin/../lib/gcc/arm-none-eabi/4.8.4/../../../../arm-none-eabi/lib/armv7e-m/fpu\libnosys.a(_exit.o)
[...]
Memory Configuration

Name             Origin             Length             Attributes
m_interrupts     0x00000000         0x000001e8         xr
m_text           0x00000410         0x0007fbf0         xr
m_data           0x1fff0000         0x00010000         rw
m_data_20000000  0x20000000         0x00010000         rw
m_cfmprotrom     0x00000400         0x00000010         xr
*default*        0x00000000         0xffffffff

Linker script and memory map

LOAD c:/freescale/kds_3.0.0/toolchain/bin/../lib/gcc/arm-none-eabi/4.8.4/armv7e-m/fpu/crti.o
LOAD c:/freescale/kds_3.0.0/toolchain/bin/../lib/gcc/arm-none-eabi/4.8.4/armv7e-m/fpu/crtbegin.o
LOAD c:/freescale/kds_3.0.0/toolchain/bin/../lib/gcc/arm-none-eabi/4.8.4/../../../../arm-none-eabi/lib/armv7e-m/fpu/crt0.o
LOAD ./Sources/FIFO.o
LOAD ./Sources/FTM.o
LOAD ./Sources/Flash.o
LOAD ./Sources/Frequencie.o
LOAD ./Sources/LEDs.o
LOAD ./Sources/Output.o
LOAD ./Sources/PIT.o
LOAD ./Sources/RTC.o
LOAD ./Sources/Regulation.o
LOAD ./Sources/SCP.o
LOAD ./Sources/UART.o
LOAD ./Sources/main.o
LOAD ./Sources/packet.o
LOAD ./Project_Settings/Startup_Code/startup.o
LOAD ./Generated_Code/Cpu.o
LOAD ./Generated_Code/Vectors.o
LOAD C:\Users\13115605\Documents\workspace\es18aut35\Project\Project\Library\libOS.a
LOAD C:\Users\13115605\Documents\workspace\es18aut35\Project\Project\Library\libAnalog.a
LOAD c:/freescale/kds_3.0.0/toolchain/bin/../lib/gcc/arm-none-eabi/4.8.4/../../../../arm-none-eabi/lib/armv7e-m/fpu\libstdc++_s.a
LOAD c:/freescale/kds_3.0.0/toolchain/bin/../lib/gcc/arm-none-eabi/4.8.4/../../../../arm-none-eabi/lib/armv7e-m/fpu\libm.a
START GROUP
LOAD c:/freescale/kds_3.0.0/toolchain/bin/../lib/gcc/arm-none-eabi/4.8.4/armv7e-m/fpu\libgcc.a
LOAD c:/freescale/kds_3.0.0/toolchain/bin/../lib/gcc/arm-none-eabi/4.8.4/../../../../arm-none-eabi/lib/armv7e-m/fpu\libg_s.a
LOAD c:/freescale/kds_3.0.0/toolchain/bin/../lib/gcc/arm-none-eabi/4.8.4/../../../../arm-none-eabi/lib/armv7e-m/fpu\libc_s.a
END GROUP
START GROUP
LOAD c:/freescale/kds_3.0.0/toolchain/bin/../lib/gcc/arm-none-eabi/4.8.4/armv7e-m/fpu\libgcc.a
LOAD c:/freescale/kds_3.0.0/toolchain/bin/../lib/gcc/arm-none-eabi/4.8.4/../../../../arm-none-eabi/lib/armv7e-m/fpu\libc_s.a
LOAD c:/freescale/kds_3.0.0/toolchain/bin/../lib/gcc/arm-none-eabi/4.8.4/../../../../arm-none-eabi/lib/armv7e-m/fpu\libnosys.a
END GROUP
START GROUP
LOAD c:/freescale/kds_3.0.0/toolchain/bin/../lib/gcc/arm-none-eabi/4.8.4/armv7e-m/fpu\libgcc.a
LOAD c:/freescale/kds_3.0.0/toolchain/bin/../lib/gcc/arm-none-eabi/4.8.4/../../../../arm-none-eabi/lib/armv7e-m/fpu\libc_s.a
LOAD c:/freescale/kds_3.0.0/toolchain/bin/../lib/gcc/arm-none-eabi/4.8.4/../../../../arm-none-eabi/lib/armv7e-m/fpu\libnosys.a
END GROUP
LOAD c:/freescale/kds_3.0.0/toolchain/bin/../lib/gcc/arm-none-eabi/4.8.4/armv7e-m/fpu/crtend.o
LOAD c:/freescale/kds_3.0.0/toolchain/bin/../lib/gcc/arm-none-eabi/4.8.4/armv7e-m/fpu/crtn.o
                0x20000000                _estack = 0x20000000
                0x20000000                __SP_INIT = _estack
                0x20000000                __stack = _estack
                0x00000000                __heap_size = 0x0
                0x00000400                __stack_size = 0x400

.interrupts     0x00000000      0x1e8
                0x00000000                __vector_table = .
                0x00000000                . = ALIGN (0x4)
 *(.vectortable)
 .vectortable   0x00000000      0x1e8 ./Generated_Code/Vectors.o
                0x00000000                __vect_table
                0x000001e8                . = ALIGN (0x4)

.cfmprotect     0x00000400       0x10
                0x00000400                . = ALIGN (0x4)
 *(.cfmconfig)
 .cfmconfig     0x00000400       0x10 ./Generated_Code/Cpu.o
                0x00000400                _cfm
                0x00000410                . = ALIGN (0x4)

.text           0x00000410     0x4728
                0x00000410                . = ALIGN (0x4)
 *(.text)
 .text          0x00000410       0x54 c:/freescale/kds_3.0.0/toolchain/bin/../lib/gcc/arm-none-eabi/4.8.4/armv7e-m/fpu/crtbegin.o
 .text          0x00000464       0x74 c:/freescale/kds_3.0.0/toolchain/bin/../lib/gcc/arm-none-eabi/4.8.4/../../../../arm-none-eabi/lib/armv7e-m/fpu/crt0.o
                0x00000464                _start
                0x00000464                _mainCRTStartup
 .text          0x000004d8      0x370 c:/freescale/kds_3.0.0/toolchain/bin/../lib/gcc/arm-none-eabi/4.8.4/armv7e-m/fpu\libgcc.a(_arm_addsubdf3.o)
                0x000004d8                __aeabi_drsub
                0x000004e0                __aeabi_dsub
                0x000004e0                __subdf3
                0x000004e4                __aeabi_dadd
                0x000004e4                __adddf3
                0x0000075c                __floatunsidf
                0x0000075c                __aeabi_ui2d
                0x0000077c                __floatsidf
                0x0000077c                __aeabi_i2d
                0x000007a0                __aeabi_f2d
                0x000007a0                __extendsfdf2
                0x000007dc                __floatundidf
                0x000007dc                __aeabi_ul2d
                0x000007ec                __floatdidf
                0x000007ec                __aeabi_l2d
 .text          0x00000848      0x424 c:/freescale/kds_3.0.0/toolchain/bin/../lib/gcc/arm-none-eabi/4.8.4/armv7e-m/fpu\libgcc.a(_arm_muldivdf3.o)
                0x00000848                __aeabi_dmul
                0x00000848                __muldf3
                0x00000a9c                __divdf3
                0x00000a9c                __aeabi_ddiv
 .text          0x00000c6c      0x110 c:/freescale/kds_3.0.0/toolchain/bin/../lib/gcc/arm-none-eabi/4.8.4/armv7e-m/fpu\libgcc.a(_arm_cmpdf2.o)
                0x00000c6c                __gtdf2
                0x00000c6c                __gedf2
                0x00000c74                __ltdf2
                0x00000c74                __ledf2
                0x00000c7c                __nedf2
                0x00000c7c                __eqdf2
                0x00000c7c                __cmpdf2
                0x00000cf8                __aeabi_cdrcmple
                0x00000d08                __aeabi_cdcmpeq
                0x00000d08                __aeabi_cdcmple
                0x00000d18                __aeabi_dcmpeq
                0x00000d2c                __aeabi_dcmplt
                0x00000d40                __aeabi_dcmple
                0x00000d54                __aeabi_dcmpge
                0x00000d68                __aeabi_dcmpgt
 .text          0x00000d7c       0x40 c:/freescale/kds_3.0.0/toolchain/bin/../lib/gcc/arm-none-eabi/4.8.4/armv7e-m/fpu\libgcc.a(_arm_fixunsdfsi.o)
                0x00000d7c                __aeabi_d2uiz
                0x00000d7c                __fixunsdfsi
 .text          0x00000dbc       0xa0 c:/freescale/kds_3.0.0/toolchain/bin/../lib/gcc/arm-none-eabi/4.8.4/armv7e-m/fpu\libgcc.a(_arm_truncdfsf2.o)
                0x00000dbc                __truncdfsf2
                0x00000dbc                __aeabi_d2f
 *(.text*)
 .text.FIFO_Init
                0x00000e5c       0x48 ./Sources/FIFO.o
                0x00000e5c                FIFO_Init
 .text.FIFO_Put
                0x00000ea4       0x58 ./Sources/FIFO.o
                0x00000ea4                FIFO_Put
 .text.FIFO_Get
                0x00000efc       0x58 ./Sources/FIFO.o
                0x00000efc                FIFO_Get
 .text.FTM_Init
                0x00000f54       0x9c ./Sources/FTM.o
                0x00000f54                FTM_Init
 .text.FTM_Set  0x00000ff0       0xa4 ./Sources/FTM.o
                0x00000ff0                FTM_Set
 .text.FTM_StartTimer
                0x00001094       0x8c ./Sources/FTM.o
                0x00001094                FTM_StartTimer
 .text.FTM0_ISR
                0x00001120       0xac ./Sources/FTM.o
                0x00001120                FTM0_ISR
 .text.LaunchCommand
                0x000011cc       0xc0 ./Sources/Flash.o
 .text.WritePhrase
                0x0000128c       0x44 ./Sources/Flash.o
 .text.EraseSector
                0x000012d0       0x38 ./Sources/Flash.o
 .text.ModifyPhrase
                0x00001308       0x34 ./Sources/Flash.o
 .text.Flash_Init
                0x0000133c       0x10 ./Sources/Flash.o
                0x0000133c                Flash_Init
 .text.Flash_AllocateVar
                0x0000134c       0x90 ./Sources/Flash.o
                0x0000134c                Flash_AllocateVar
 .text.Flash_Write32
                0x000013dc       0x58 ./Sources/Flash.o
                0x000013dc                Flash_Write32
 .text.Flash_Write16
                0x00001434       0x60 ./Sources/Flash.o
                0x00001434                Flash_Write16
 .text.Flash_Write8
                0x00001494       0x6c ./Sources/Flash.o
                0x00001494                Flash_Write8
 .text.Flash_Erase
                0x00001500       0x14 ./Sources/Flash.o
                0x00001500                Flash_Erase
 .text.Interpolation
                0x00001514       0x74 ./Sources/Frequencie.o
                0x00001514                Interpolation
 .text.FrequencyTracking
                0x00001588      0x190 ./Sources/Frequencie.o
                0x00001588                FrequencyTracking
 .text.LEDs_Init
                0x00001718       0x74 ./Sources/LEDs.o
                0x00001718                LEDs_Init
 .text.LEDs_On  0x0000178c       0x1c ./Sources/LEDs.o
                0x0000178c                LEDs_On
 .text.LEDs_Off
                0x000017a8       0x1c ./Sources/LEDs.o
                0x000017a8                LEDs_Off
 .text.LEDs_Toggle
                0x000017c4       0x1c ./Sources/LEDs.o
                0x000017c4                LEDs_Toggle
 .text.Output_SetAlarm
                0x000017e0       0x10 ./Sources/Output.o
                0x000017e0                Output_SetAlarm
 .text.Output_ClearAlarm
                0x000017f0       0x10 ./Sources/Output.o
                0x000017f0                Output_ClearAlarm
 .text.Output_SetRaise
                0x00001800       0x10 ./Sources/Output.o
                0x00001800                Output_SetRaise
 .text.Output_ClearRaise
                0x00001810       0x10 ./Sources/Output.o
                0x00001810                Output_ClearRaise
 .text.Output_SetLower
                0x00001820       0x10 ./Sources/Output.o
                0x00001820                Output_SetLower
 .text.Output_ClearLower
                0x00001830       0x10 ./Sources/Output.o
                0x00001830                Output_ClearLower
 .text.PIT_Init
                0x00001840       0xf8 ./Sources/PIT.o
                0x00001840                PIT_Init
 .text.PIT0_Set
                0x00001938       0x50 ./Sources/PIT.o
                0x00001938                PIT0_Set
 .text.PIT1_Set
                0x00001988       0x58 ./Sources/PIT.o
                0x00001988                PIT1_Set
 .text.PIT0_Enable
                0x000019e0       0x40 ./Sources/PIT.o
                0x000019e0                PIT0_Enable
 .text.PIT1_Enable
                0x00001a20       0x40 ./Sources/PIT.o
                0x00001a20                PIT1_Enable
 .text.PIT0_ISR
                0x00001a60       0xb4 ./Sources/PIT.o
                0x00001a60                PIT0_ISR
 .text.PIT1_ISR
                0x00001b14       0x4c ./Sources/PIT.o
                0x00001b14                PIT1_ISR
 .text.RTC_Init
                0x00001b60      0x110 ./Sources/RTC.o
                0x00001b60                RTC_Init
 .text.RTC_Set  0x00001c70       0x68 ./Sources/RTC.o
                0x00001c70                RTC_Set
 .text.RTC_Get  0x00001cd8       0xbc ./Sources/RTC.o
                0x00001cd8                RTC_Get
 .text.RTC_Thread
                0x00001d94       0x28 ./Sources/RTC.o
                0x00001d94                RTC_Thread
 .text.RTC_ISR  0x00001dbc       0x2c ./Sources/RTC.o
                0x00001dbc                RTC_ISR
 .text.VRMS     0x00001de8       0xc0 ./Sources/Regulation.o
                0x00001de8                VRMS
 .text.RAS      0x00001ea8       0x34 ./Sources/Regulation.o
                0x00001ea8                RAS
 .text.DefiniteTimingRegulation
                0x00001edc      0x134 ./Sources/Regulation.o
                0x00001edc                DefiniteTimingRegulation
 .text.InverseTimer
                0x00002010       0xc0 ./Sources/Regulation.o
                0x00002010                InverseTimer
 .text.InverseTimingRegulation
                0x000020d0      0x140 ./Sources/Regulation.o
                0x000020d0                InverseTimingRegulation
 .text.TakeSample
                0x00002210       0x48 ./Sources/Regulation.o
                0x00002210                TakeSample
 .text.SCP_SendStartUpValues
                0x00002258       0x44 ./Sources/SCP.o
                0x00002258                SCP_SendStartUpValues
 .text.SendVersion
                0x0000229c       0x18 ./Sources/SCP.o
                0x0000229c                SendVersion
 .text.HandleTowerNumber
                0x000022b4       0x28 ./Sources/SCP.o
                0x000022b4                HandleTowerNumber
 .text.SendTowerNumber
                0x000022dc       0x20 ./Sources/SCP.o
                0x000022dc                SendTowerNumber
 .text.SetTowerNumber
                0x000022fc       0x40 ./Sources/SCP.o
                0x000022fc                SetTowerNumber
 .text.HandleTowerMode
                0x0000233c       0x28 ./Sources/SCP.o
                0x0000233c                HandleTowerMode
 .text.SendTowerMode
                0x00002364       0x20 ./Sources/SCP.o
                0x00002364                SendTowerMode
 .text.SetTowerMode
                0x00002384       0x40 ./Sources/SCP.o
                0x00002384                SetTowerMode
 .text.ReadByte
                0x000023c4       0x30 ./Sources/SCP.o
                0x000023c4                ReadByte
 .text.ProgramByte
                0x000023f4       0x34 ./Sources/SCP.o
                0x000023f4                ProgramByte
 .text.SendTime
                0x00002428       0x38 ./Sources/SCP.o
                0x00002428                SendTime
 .text.SetTime  0x00002460       0x28 ./Sources/SCP.o
                0x00002460                SetTime
 .text.SendTimingMode
                0x00002488       0x20 ./Sources/SCP.o
                0x00002488                SendTimingMode
 .text.SetTimingMode
                0x000024a8       0x38 ./Sources/SCP.o
                0x000024a8                SetTimingMode
 .text.HandleTimingMode
                0x000024e0       0x34 ./Sources/SCP.o
                0x000024e0                HandleTimingMode
 .text.SendNbLowers
                0x00002514       0x34 ./Sources/SCP.o
                0x00002514                SendNbLowers
 .text.ResetLowers
                0x00002548       0x2c ./Sources/SCP.o
                0x00002548                ResetLowers
 .text.HandleLowers
                0x00002574       0x2c ./Sources/SCP.o
                0x00002574                HandleLowers
 .text.SendNbRaises
                0x000025a0       0x34 ./Sources/SCP.o
                0x000025a0                SendNbRaises
 .text.ResetRaises
                0x000025d4       0x2c ./Sources/SCP.o
                0x000025d4                ResetRaises
 .text.HandleRaises
                0x00002600       0x2c ./Sources/SCP.o
                0x00002600                HandleRaises
 .text.GetVrms  0x0000262c       0x3c ./Sources/SCP.o
                0x0000262c                GetVrms
 .text.SCP_Acknowledgement_Required
                0x00002668       0x30 ./Sources/SCP.o
                0x00002668                SCP_Acknowledgement_Required
 .text.ACK      0x00002698       0x24 ./Sources/SCP.o
                0x00002698                ACK
 .text.NAK      0x000026bc       0x30 ./Sources/SCP.o
                0x000026bc                NAK
 .text.SCP_Packet_Handle
                0x000026ec       0xdc ./Sources/SCP.o
                0x000026ec                SCP_Packet_Handle
 .text.SCP_Packet_Handle_Ack
                0x000027c8       0x40 ./Sources/SCP.o
                0x000027c8                SCP_Packet_Handle_Ack
 .text.UART_Init
                0x00002808      0x138 ./Sources/UART.o
                0x00002808                UART_Init
 .text.UART_InChar
                0x00002940       0x20 ./Sources/UART.o
                0x00002940                UART_InChar
 .text.UART_OutChar
                0x00002960       0x38 ./Sources/UART.o
                0x00002960                UART_OutChar
 .text.UART_TxThread
                0x00002998       0x4c ./Sources/UART.o
                0x00002998                UART_TxThread
 .text.UART_RxThread
                0x000029e4       0x40 ./Sources/UART.o
                0x000029e4                UART_RxThread
 .text.UART_ISR
                0x00002a24       0x98 ./Sources/UART.o
                0x00002a24                UART_ISR
 .text.HandlePacketThread
                0x00002abc       0x4c ./Sources/main.o
 .text.LPTimer_ISR
                0x00002b08       0x58 ./Sources/main.o
                0x00002b08                LPTimer_ISR
 .text.Regulation_ProcessSampleThread
                0x00002b60       0xb4 ./Sources/main.o
                0x00002b60                Regulation_ProcessSampleThread
 .text.InitModulesThread
                0x00002c14      0x18c ./Sources/main.o
 .text.main     0x00002da0       0xb4 ./Sources/main.o
                0x00002da0                main
 .text.CheckSum
                0x00002e54       0x30 ./Sources/packet.o
                0x00002e54                CheckSum
 .text.Packet_Init
                0x00002e84       0x2c ./Sources/packet.o
                0x00002e84                Packet_Init
 .text.Packet_Get
                0x00002eb0       0xdc ./Sources/packet.o
                0x00002eb0                Packet_Get
 .text.Packet_Put
                0x00002f8c       0x94 ./Sources/packet.o
                0x00002f8c                Packet_Put
 .text.__copy_rom_section
                0x00003020       0xe4 ./Project_Settings/Startup_Code/startup.o
                0x00003020                __copy_rom_section
 .text.__copy_rom_sections_to_ram
                0x00003104       0x9c ./Project_Settings/Startup_Code/startup.o
                0x00003104                __copy_rom_sections_to_ram
 .text.__init_registers
                0x000031a0       0x20 ./Project_Settings/Startup_Code/startup.o
                0x000031a0                __init_registers
 .text.__init_user
                0x000031c0        0xc ./Project_Settings/Startup_Code/startup.o
                0x000031c0                __init_user
 .text.__thumb_startup
                0x000031cc       0x34 ./Project_Settings/Startup_Code/startup.o
                0x000031cc                __thumb_startup
 .text.Cpu_Interrupt
                0x00003200       0x18 ./Generated_Code/Cpu.o
                0x00003200                Cpu_Interrupt
 .text.__init_hardware
                0x00003218      0x1cc ./Generated_Code/Cpu.o
                0x00003218                __init_hardware
 .text.Cpu_SetBASEPRI
                0x000033e4       0x18 ./Generated_Code/Cpu.o
                0x000033e4                Cpu_SetBASEPRI
 .text.PE_low_level_init
                0x000033fc       0xe4 ./Generated_Code/Cpu.o
                0x000033fc                PE_low_level_init
 .text.OS_Init  0x000034e0      0x110 C:\Users\13115605\Documents\workspace\es18aut35\Project\Project\Library\libOS.a(OS.o)
                0x000034e0                OS_Init
 .text.OS_ISREnter
                0x000035f0       0x20 C:\Users\13115605\Documents\workspace\es18aut35\Project\Project\Library\libOS.a(OS.o)
                0x000035f0                OS_ISREnter
 .text.OS_ISRExit
                0x00003610       0x1c C:\Users\13115605\Documents\workspace\es18aut35\Project\Project\Library\libOS.a(OS.o)
                0x00003610                OS_ISRExit
 .text.OS_SemaphoreCreate
                0x0000362c       0x90 C:\Users\13115605\Documents\workspace\es18aut35\Project\Project\Library\libOS.a(OS.o)
                0x0000362c                OS_SemaphoreCreate
 .text.OS_SemaphoreSignal
                0x000036bc       0x44 C:\Users\13115605\Documents\workspace\es18aut35\Project\Project\Library\libOS.a(OS.o)
                0x000036bc                OS_SemaphoreSignal
 .text.OS_SemaphoreWait
                0x00003700       0x58 C:\Users\13115605\Documents\workspace\es18aut35\Project\Project\Library\libOS.a(OS.o)
                0x00003700                OS_SemaphoreWait
 .text.OS_Start
                0x00003758       0x10 C:\Users\13115605\Documents\workspace\es18aut35\Project\Project\Library\libOS.a(OS.o)
                0x00003758                OS_Start
 .text.OS_ThreadCreate
                0x00003768      0x160 C:\Users\13115605\Documents\workspace\es18aut35\Project\Project\Library\libOS.a(OS.o)
                0x00003768                OS_ThreadCreate
 .text.OS_ThreadDelete
                0x000038c8      0x18c C:\Users\13115605\Documents\workspace\es18aut35\Project\Project\Library\libOS.a(OS.o)
                0x000038c8                OS_ThreadDelete
 .text.EventThreadReady
                0x00003a54       0x68 C:\Users\13115605\Documents\workspace\es18aut35\Project\Project\Library\libOS.a(OS.o)
 .text.EventThreadWait
                0x00003abc       0x64 C:\Users\13115605\Documents\workspace\es18aut35\Project\Project\Library\libOS.a(OS.o)
 .text.EventTimeout
                0x00003b20       0x40 C:\Users\13115605\Documents\workspace\es18aut35\Project\Project\Library\libOS.a(OS.o)
 .text.Idle     0x00003b60       0x18 C:\Users\13115605\Documents\workspace\es18aut35\Project\Project\Library\libOS.a(OS.o)
 .text.FindFirstSet
                0x00003b78       0x44 C:\Users\13115605\Documents\workspace\es18aut35\Project\Project\Library\libOS.a(OS.o)
 .text.Schedule
                0x00003bbc       0x64 C:\Users\13115605\Documents\workspace\es18aut35\Project\Project\Library\libOS.a(OS.o)
 .text.TCBInit  0x00003c20       0xcc C:\Users\13115605\Documents\workspace\es18aut35\Project\Project\Library\libOS.a(OS.o)
 .text.TimeTick
                0x00003cec       0x74 C:\Users\13115605\Documents\workspace\es18aut35\Project\Project\Library\libOS.a(OS.o)
 .text.OS_ContextSwitchISR
                0x00003d60       0x70 C:\Users\13115605\Documents\workspace\es18aut35\Project\Project\Library\libOS.a(OS.o)
                0x00003d60                OS_ContextSwitchISR
 .text.OS_SysTickISR
                0x00003dd0       0x5c C:\Users\13115605\Documents\workspace\es18aut35\Project\Project\Library\libOS.a(OS.o)
                0x00003dd0                OS_SysTickISR
 .text.DACWrite
                0x00003e2c       0x6c C:\Users\13115605\Documents\workspace\es18aut35\Project\Project\Library\libAnalog.a(analog.o)
 .text.Analog_Init
                0x00003e98       0x7c C:\Users\13115605\Documents\workspace\es18aut35\Project\Project\Library\libAnalog.a(analog.o)
                0x00003e98                Analog_Init
 .text.Analog_Get
                0x00003f14       0x78 C:\Users\13115605\Documents\workspace\es18aut35\Project\Project\Library\libAnalog.a(analog.o)
                0x00003f14                Analog_Get
 .text.Analog_Put
                0x00003f8c       0x50 C:\Users\13115605\Documents\workspace\es18aut35\Project\Project\Library\libAnalog.a(analog.o)
                0x00003f8c                Analog_Put
 .text.InitChipSelectPins
                0x00003fdc       0x6c C:\Users\13115605\Documents\workspace\es18aut35\Project\Project\Library\libAnalog.a(SPI.o)
 .text.SetupModuleConfigurationRegister
                0x00004048      0x104 C:\Users\13115605\Documents\workspace\es18aut35\Project\Project\Library\libAnalog.a(SPI.o)
 .text.SetBaudRate
                0x0000414c      0x15c C:\Users\13115605\Documents\workspace\es18aut35\Project\Project\Library\libAnalog.a(SPI.o)
 .text.SetDelayAfterTransfer
                0x000042a8      0x168 C:\Users\13115605\Documents\workspace\es18aut35\Project\Project\Library\libAnalog.a(SPI.o)
 .text.SetupClockAndTransferAttributesRegister
                0x00004410      0x16c C:\Users\13115605\Documents\workspace\es18aut35\Project\Project\Library\libAnalog.a(SPI.o)
 .text.SPI_Init
                0x0000457c       0x90 C:\Users\13115605\Documents\workspace\es18aut35\Project\Project\Library\libAnalog.a(SPI.o)
                0x0000457c                SPI_Init
 .text.SPI_SelectSlaveDevice
                0x0000460c       0x6c C:\Users\13115605\Documents\workspace\es18aut35\Project\Project\Library\libAnalog.a(SPI.o)
                0x0000460c                SPI_SelectSlaveDevice
 .text.SPI_Exchange
                0x00004678       0x94 C:\Users\13115605\Documents\workspace\es18aut35\Project\Project\Library\libAnalog.a(SPI.o)
                0x00004678                SPI_Exchange
 .text.sqrt     0x0000470c       0xbc c:/freescale/kds_3.0.0/toolchain/bin/../lib/gcc/arm-none-eabi/4.8.4/../../../../arm-none-eabi/lib/armv7e-m/fpu\libm.a(lib_a-w_sqrt.o)
                0x0000470c                sqrt
 .text.__ieee754_sqrt
                0x000047c8      0x198 c:/freescale/kds_3.0.0/toolchain/bin/../lib/gcc/arm-none-eabi/4.8.4/../../../../arm-none-eabi/lib/armv7e-m/fpu\libm.a(lib_a-e_sqrt.o)
                0x000047c8                __ieee754_sqrt
 .text.__fpclassifyd
                0x00004960       0x54 c:/freescale/kds_3.0.0/toolchain/bin/../lib/gcc/arm-none-eabi/4.8.4/../../../../arm-none-eabi/lib/armv7e-m/fpu\libm.a(lib_a-s_fpclassify.o)
                0x00004960                __fpclassifyd
 .text.matherr  0x000049b4        0x4 c:/freescale/kds_3.0.0/toolchain/bin/../lib/gcc/arm-none-eabi/4.8.4/../../../../arm-none-eabi/lib/armv7e-m/fpu\libm.a(lib_a-s_matherr.o)
                0x000049b4                matherr
 .text.__errno  0x000049b8        0xc c:/freescale/kds_3.0.0/toolchain/bin/../lib/gcc/arm-none-eabi/4.8.4/../../../../arm-none-eabi/lib/armv7e-m/fpu\libg_s.a(lib_a-errno.o)
                0x000049b8                __errno
 .text.exit     0x000049c4       0x28 c:/freescale/kds_3.0.0/toolchain/bin/../lib/gcc/arm-none-eabi/4.8.4/../../../../arm-none-eabi/lib/armv7e-m/fpu\libg_s.a(lib_a-exit.o)
                0x000049c4                exit
 .text.__libc_init_array
                0x000049ec       0x4c c:/freescale/kds_3.0.0/toolchain/bin/../lib/gcc/arm-none-eabi/4.8.4/../../../../arm-none-eabi/lib/armv7e-m/fpu\libg_s.a(lib_a-init.o)
                0x000049ec                __libc_init_array
 .text.memset   0x00004a38       0x10 c:/freescale/kds_3.0.0/toolchain/bin/../lib/gcc/arm-none-eabi/4.8.4/../../../../arm-none-eabi/lib/armv7e-m/fpu\libg_s.a(lib_a-memset.o)
                0x00004a38                memset
 .text._exit    0x00004a48        0x4 c:/freescale/kds_3.0.0/toolchain/bin/../lib/gcc/arm-none-eabi/4.8.4/../../../../arm-none-eabi/lib/armv7e-m/fpu\libnosys.a(_exit.o)
                0x00004a48                _exit
 *(.rodata)
 .rodata        0x00004a4c        0x4 C:\Users\13115605\Documents\workspace\es18aut35\Project\Project\Library\libAnalog.a(analog.o)
 .rodata        0x00004a50       0xa0 C:\Users\13115605\Documents\workspace\es18aut35\Project\Project\Library\libAnalog.a(SPI.o)
 *(.rodata*)
 .rodata.PACKET_ACK_MASK
                0x00004af0        0x1 ./Sources/packet.o
                0x00004af0                PACKET_ACK_MASK
 *fill*         0x00004af1        0x3 
 .rodata.SPI_SETUP
                0x00004af4       0x1c C:\Users\13115605\Documents\workspace\es18aut35\Project\Project\Library\libAnalog.a(analog.o)
 .rodata.str1.4
                0x00004b10        0x8 c:/freescale/kds_3.0.0/toolchain/bin/../lib/gcc/arm-none-eabi/4.8.4/../../../../arm-none-eabi/lib/armv7e-m/fpu\libm.a(lib_a-w_sqrt.o)
 .rodata.str1.1
                0x00004b18        0x2 c:/freescale/kds_3.0.0/toolchain/bin/../lib/gcc/arm-none-eabi/4.8.4/../../../../arm-none-eabi/lib/armv7e-m/fpu\libg_s.a(lib_a-impure.o)
 *fill*         0x00004b1a        0x2 
 .rodata._global_impure_ptr
                0x00004b1c        0x4 c:/freescale/kds_3.0.0/toolchain/bin/../lib/gcc/arm-none-eabi/4.8.4/../../../../arm-none-eabi/lib/armv7e-m/fpu\libg_s.a(lib_a-impure.o)
                0x00004b1c                _global_impure_ptr
 *(.glue_7)
 .glue_7        0x00000000        0x0 linker stubs
 *(.glue_7t)
 .glue_7t       0x00000000        0x0 linker stubs
 *(.eh_frame)
 .eh_frame      0x00004b20        0x0 c:/freescale/kds_3.0.0/toolchain/bin/../lib/gcc/arm-none-eabi/4.8.4/armv7e-m/fpu/crtbegin.o
 *(.init)
 .init          0x00004b20        0x4 c:/freescale/kds_3.0.0/toolchain/bin/../lib/gcc/arm-none-eabi/4.8.4/armv7e-m/fpu/crti.o
                0x00004b20                _init
 .init          0x00004b24        0x8 c:/freescale/kds_3.0.0/toolchain/bin/../lib/gcc/arm-none-eabi/4.8.4/armv7e-m/fpu/crtn.o
 *(.fini)
 .fini          0x00004b2c        0x4 c:/freescale/kds_3.0.0/toolchain/bin/../lib/gcc/arm-none-eabi/4.8.4/armv7e-m/fpu/crti.o
                0x00004b2c                _fini
 .fini          0x00004b30        0x8 c:/freescale/kds_3.0.0/toolchain/bin/../lib/gcc/arm-none-eabi/4.8.4/armv7e-m/fpu/crtn.o
                0x00004b38                . = ALIGN (0x4)
                0x00004b38                _etext = .

.vfp11_veneer   0x00004b38        0x0
 .vfp11_veneer  0x00000000        0x0 linker stubs

.v4_bx          0x00004b38        0x0
 .v4_bx         0x00000000        0x0 linker stubs

.iplt           0x00004b38        0x0
 .iplt          0x00000000        0x0 c:/freescale/kds_3.0.0/toolchain/bin/../lib/gcc/arm-none-eabi/4.8.4/armv7e-m/fpu/crtbegin.o

.ARM.extab
 *(.ARM.extab* .gnu.linkonce.armextab.*)

.ARM            0x00004b38        0x8
                0x00004b38                __exidx_start = .
 *(.ARM.exidx*)
 .ARM.exidx     0x00004b38        0x8 c:/freescale/kds_3.0.0/toolchain/bin/../lib/gcc/arm-none-eabi/4.8.4/../../../../arm-none-eabi/lib/armv7e-m/fpu/crt0.o
                0x00004b40                __exidx_end = .

.rel.dyn        0x00004b40        0x0
 .rel.iplt      0x00000000        0x0 c:/freescale/kds_3.0.0/toolchain/bin/../lib/gcc/arm-none-eabi/4.8.4/armv7e-m/fpu/crtbegin.o

.ctors          0x00004b40        0x0
                0x00004b40                __CTOR_LIST__ = .
 *crtbegin.o(.ctors)
 *(EXCLUDE_FILE(*crtend.o) .ctors)
 *(SORT(.ctors.*))
 *(.ctors)
                0x00004b40                __CTOR_END__ = .

.dtors          0x00004b40        0x0
                0x00004b40                __DTOR_LIST__ = .
 *crtbegin.o(.dtors)
 *(EXCLUDE_FILE(*crtend.o) .dtors)
 *(SORT(.dtors.*))
 *(.dtors)
                0x00004b40                __DTOR_END__ = .

.preinit_array  0x00004b40        0x0
                0x00004b40                PROVIDE (__preinit_array_start, .)
 *(.preinit_array*)
                0x00004b40                PROVIDE (__preinit_array_end, .)

.init_array     0x00004b40        0x4
                0x00004b40                PROVIDE (__init_array_start, .)
 *(SORT(.init_array.*))
 *(.init_array*)
 .init_array    0x00004b40        0x4 c:/freescale/kds_3.0.0/toolchain/bin/../lib/gcc/arm-none-eabi/4.8.4/armv7e-m/fpu/crtbegin.o
                0x00004b44                PROVIDE (__init_array_end, .)

.fini_array     0x00004b44        0x4
                0x00004b44                PROVIDE (__fini_array_start, .)
 *(SORT(.fini_array.*))
 *(.fini_array*)
 .fini_array    0x00004b44        0x4 c:/freescale/kds_3.0.0/toolchain/bin/../lib/gcc/arm-none-eabi/4.8.4/armv7e-m/fpu/crtbegin.o
                0x00004b48                PROVIDE (__fini_array_end, .)
                0x00004b48                ___ROM_AT = .

.data           0x1fff0000       0x80 load address 0x00004b48
                0x1fff0000                . = ALIGN (0x4)
                0x1fff0000                _sdata = .
 *(.data)
 *(.data*)
 .data.AnalogThreadData
                0x1fff0000       0x18 ./Sources/main.o
 .data.__fdlib_version
                0x1fff0018        0x1 c:/freescale/kds_3.0.0/toolchain/bin/../lib/gcc/arm-none-eabi/4.8.4/../../../../arm-none-eabi/lib/armv7e-m/fpu\libm.a(lib_a-s_lib_ver.o)
                0x1fff0018                __fdlib_version
 *fill*         0x1fff0019        0x3 
 .data.impure_data
                0x1fff001c       0x60 c:/freescale/kds_3.0.0/toolchain/bin/../lib/gcc/arm-none-eabi/4.8.4/../../../../arm-none-eabi/lib/armv7e-m/fpu\libg_s.a(lib_a-impure.o)
 .data._impure_ptr
                0x1fff007c        0x4 c:/freescale/kds_3.0.0/toolchain/bin/../lib/gcc/arm-none-eabi/4.8.4/../../../../arm-none-eabi/lib/armv7e-m/fpu\libg_s.a(lib_a-impure.o)
                0x1fff007c                _impure_ptr
                0x1fff0080                . = ALIGN (0x4)
                0x1fff0080                _edata = .
                0x00000080                ___data_size = (_edata - _sdata)
                0x00004bc8                ___m_data_20000000_ROMStart = (___ROM_AT + SIZEOF (.data))

.jcr            0x1fff0080        0x0 load address 0x00004bc8
 .jcr           0x1fff0080        0x0 c:/freescale/kds_3.0.0/toolchain/bin/../lib/gcc/arm-none-eabi/4.8.4/armv7e-m/fpu/crtbegin.o

.igot.plt       0x1fff0080        0x0 load address 0x00004bc8
 .igot.plt      0x00000000        0x0 c:/freescale/kds_3.0.0/toolchain/bin/../lib/gcc/arm-none-eabi/4.8.4/armv7e-m/fpu/crtbegin.o

.m_data_20000000
                0x20000000        0x0 load address 0x00004bc8
                0x20000000                . = ALIGN (0x4)
                0x20000000                ___m_data_20000000_RAMStart = .
 *(.m_data_20000000)
                0x20000000                ___m_data_20000000_RAMEnd = .
                0x20000000                . = ALIGN (0x4)
                0x00000000                ___m_data_20000000_ROMSize = (___m_data_20000000_RAMEnd - ___m_data_20000000_RAMStart)
                0x20000000                . = ALIGN (0x4)

.bss            0x1fff0080     0x6c44 load address 0x00004bc8
                0x1fff0080                __START_BSS = .
                0x1fff0080                PROVIDE (__bss_start__, __START_BSS)
 *(.bss)
 .bss           0x1fff0080       0x1c c:/freescale/kds_3.0.0/toolchain/bin/../lib/gcc/arm-none-eabi/4.8.4/armv7e-m/fpu/crtbegin.o
 *(.bss*)
 .bss.UserFunctions
                0x1fff009c       0x20 ./Sources/FTM.o
 .bss.UserArguments
                0x1fff00bc       0x20 ./Sources/FTM.o
 .bss.flashMemoryMap.5657
                0x1fff00dc        0x1 ./Sources/Flash.o
 *fill*         0x1fff00dd        0x3 
 .bss.Clkperiod
                0x1fff00e0        0x4 ./Sources/PIT.o
 .bss.UserFunction
                0x1fff00e4        0x4 ./Sources/PIT.o
 .bss.UserArguments
                0x1fff00e8        0x4 ./Sources/PIT.o
 .bss.nbSampleTaken.7300
                0x1fff00ec        0x4 ./Sources/PIT.o
 .bss.UserFunction
                0x1fff00f0        0x4 ./Sources/RTC.o
 .bss.UserArguments
                0x1fff00f4        0x4 ./Sources/RTC.o
 .bss.Regulation_AlarmSet
                0x1fff00f8        0x1 ./Sources/Regulation.o
                0x1fff00f8                Regulation_AlarmSet
 .bss.Regulation_AlarmReached
                0x1fff00f9        0x1 ./Sources/Regulation.o
                0x1fff00f9                Regulation_AlarmReached
 .bss.call.6387
                0x1fff00fa        0x1 ./Sources/Regulation.o
 *fill*         0x1fff00fb        0x1 
 .bss.invTime.6388
                0x1fff00fc        0x4 ./Sources/Regulation.o
 .bss.deviation.6393
                0x1fff0100        0x4 ./Sources/Regulation.o
 .bss.index.6398
                0x1fff0104        0x1 ./Sources/Regulation.o
 *fill*         0x1fff0105        0x3 
 .bss.SCP_Vrms  0x1fff0108        0xc ./Sources/SCP.o
                0x1fff0108                SCP_Vrms
 .bss.TxFIFO    0x1fff0114      0x110 ./Sources/UART.o
 .bss.RxFIFO    0x1fff0224      0x110 ./Sources/UART.o
 *fill*         0x1fff0334        0x4 
 .bss.InitModulesThreadStack
                0x1fff0338     0x1000 ./Sources/main.o
 .bss.HandlePacketThreadStack
                0x1fff1338     0x1000 ./Sources/main.o
 .bss.TxThreadStack
                0x1fff2338     0x1000 ./Sources/main.o
 .bss.RxThreadStack
                0x1fff3338     0x1000 ./Sources/main.o
 .bss.RTCThreadStack
                0x1fff4338     0x1000 ./Sources/main.o
 .bss.ProcessSampleThreadStack
                0x1fff5338     0x1000 ./Sources/main.o
 .bss.count.4159
                0x1fff6338        0x1 ./Sources/packet.o
 .bss.SR_lock   0x1fff6339        0x1 ./Generated_Code/Cpu.o
                0x1fff6339                SR_lock
 *fill*         0x1fff633a        0x2 
 .bss.TCBUnusedMain
                0x1fff633c       0x18 C:\Users\13115605\Documents\workspace\es18aut35\Project\Project\Library\libOS.a(OS.o)
 .bss.TCBTable  0x1fff6354      0x300 C:\Users\13115605\Documents\workspace\es18aut35\Project\Project\Library\libOS.a(OS.o)
 .bss.pTCBFreeList
                0x1fff6654        0x4 C:\Users\13115605\Documents\workspace\es18aut35\Project\Project\Library\libOS.a(OS.o)
 .bss.pTCBAllocatedList
                0x1fff6658        0x4 C:\Users\13115605\Documents\workspace\es18aut35\Project\Project\Library\libOS.a(OS.o)
 .bss.pTCBPriorityTable
                0x1fff665c       0x80 C:\Users\13115605\Documents\workspace\es18aut35\Project\Project\Library\libOS.a(OS.o)
 .bss.pTCBRunning
                0x1fff66dc        0x4 C:\Users\13115605\Documents\workspace\es18aut35\Project\Project\Library\libOS.a(OS.o)
 .bss.pTCBHighestReady
                0x1fff66e0        0x4 C:\Users\13115605\Documents\workspace\es18aut35\Project\Project\Library\libOS.a(OS.o)
 .bss.ReadyList
                0x1fff66e4        0x4 C:\Users\13115605\Documents\workspace\es18aut35\Project\Project\Library\libOS.a(OS.o)
 .bss.ECBTable  0x1fff66e8      0x100 C:\Users\13115605\Documents\workspace\es18aut35\Project\Project\Library\libOS.a(OS.o)
 .bss.NextECBFree
                0x1fff67e8        0x1 C:\Users\13115605\Documents\workspace\es18aut35\Project\Project\Library\libOS.a(OS.o)
 *fill*         0x1fff67e9        0x3 
 .bss.IdleCounter
                0x1fff67ec        0x4 C:\Users\13115605\Documents\workspace\es18aut35\Project\Project\Library\libOS.a(OS.o)
 .bss.IdleStack
                0x1fff67f0      0x400 C:\Users\13115605\Documents\workspace\es18aut35\Project\Project\Library\libOS.a(OS.o)
 .bss.Ticks     0x1fff6bf0        0x4 C:\Users\13115605\Documents\workspace\es18aut35\Project\Project\Library\libOS.a(OS.o)
 .bss.ToggleCntr
                0x1fff6bf4        0x4 C:\Users\13115605\Documents\workspace\es18aut35\Project\Project\Library\libOS.a(OS.o)
 .bss.ToggleLED
                0x1fff6bf8        0x1 C:\Users\13115605\Documents\workspace\es18aut35\Project\Project\Library\libOS.a(OS.o)
 .bss.ISRNestLevel
                0x1fff6bf9        0x1 C:\Users\13115605\Documents\workspace\es18aut35\Project\Project\Library\libOS.a(OS.o)
 *fill*         0x1fff6bfa        0x2 
 .bss.ADCCommandUnion
                0x1fff6bfc        0x4 C:\Users\13115605\Documents\workspace\es18aut35\Project\Project\Library\libAnalog.a(analog.o)
 *(COMMON)
 COMMON         0x1fff6c00       0x14 ./Sources/Flash.o
                0x1fff6c00                NvTowerMd
                0x1fff6c04                NvTowerNb
                0x1fff6c08                NvRegMode
                0x1fff6c0c                NvNbRaises
                0x1fff6c10                NvNbLowers
 COMMON         0x1fff6c14        0x4 ./Sources/Frequencie.o
                0x1fff6c14                Frequencie_Ts
 COMMON         0x1fff6c18        0x8 ./Sources/PIT.o
                0x1fff6c18                PIT0Access
                0x1fff6c1c                PIT1Access
 COMMON         0x1fff6c20        0x4 ./Sources/RTC.o
                0x1fff6c20                RTCAccess
 COMMON         0x1fff6c24       0x60 ./Sources/Regulation.o
                0x1fff6c24                Regulation_FullSampleC
                0x1fff6c44                Regulation_FullSampleA
                0x1fff6c64                Regulation_FullSampleB
 COMMON         0x1fff6c84        0x9 ./Sources/SCP.o
                0x1fff6c84                SCP_TowerMd
                0x1fff6c86                SCP_ProtocolMode
                0x1fff6c88                SCP_TowerNb
                0x1fff6c8a                SCP_RegMode
                0x1fff6c8b                SCP_Raises
                0x1fff6c8c                SCP_Lowers
 *fill*         0x1fff6c8d        0x3 
 COMMON         0x1fff6c90        0x8 ./Sources/UART.o
                0x1fff6c90                TxAccess
                0x1fff6c94                RxAccess
 COMMON         0x1fff6c98       0x14 ./Sources/main.o
                0x1fff6c98                Timer1Sec
                0x1fff6ca8                FullSampleTaken
 COMMON         0x1fff6cac       0x10 ./Sources/packet.o
                0x1fff6cac                Packet
                0x1fff6cb4                Packet_Ready
                0x1fff6cb8                PacketAccess
 COMMON         0x1fff6cbc        0x1 ./Generated_Code/Cpu.o
                0x1fff6cbc                SR_reg
 *fill*         0x1fff6cbd        0x3 
 COMMON         0x1fff6cc0        0x4 C:\Users\13115605\Documents\workspace\es18aut35\Project\Project\Library\libAnalog.a(analog.o)
                0x1fff6cc0                DACInput
                0x1fff6cc4                . = ALIGN (0x4)
                0x1fff6cc4                __END_BSS = .
                0x1fff6cc4                PROVIDE (__bss_end__, __END_BSS)
                0x00004bc8                _romp_at = ((___ROM_AT + SIZEOF (.data)) + SIZEOF (.m_data_20000000))

.romp           0x1fff6cc4       0x24 load address 0x00004bc8
                0x00004bc8                __S_romp = _romp_at
                0x1fff6cc4        0x4 LONG 0x4b48 ___ROM_AT
                0x1fff6cc8        0x4 LONG 0x1fff0000 _sdata
                0x1fff6ccc        0x4 LONG 0x80 ___data_size
                0x1fff6cd0        0x4 LONG 0x4bc8 ___m_data_20000000_ROMStart
                0x1fff6cd4        0x4 LONG 0x20000000 ___m_data_20000000_RAMStart
                0x1fff6cd8        0x4 LONG 0x0 ___m_data_20000000_ROMSize
                0x1fff6cdc        0x4 LONG 0x0
                0x1fff6ce0        0x4 LONG 0x0
                0x1fff6ce4        0x4 LONG 0x0

._user_heap_stack
                0x1fff6ce8      0x400 load address 0x00004bec
                0x1fff6ce8                . = ALIGN (0x4)
                0x1fff6ce8                PROVIDE (end, .)
                0x1fff6ce8                PROVIDE (_end, .)
                0x1fff6ce8                __heap_addr = .
                0x1fff6ce8                __HeapBase = .
                0x1fff6ce8                . = (. + __heap_size)
                0x1fff6ce8                __HeapLimit = .
                0x1fff70e8                . = (. + __stack_size)
 *fill*         0x1fff6ce8      0x400 
                0x1fff70e8                . = ALIGN (0x4)

.ARM.attributes
                0x00000000       0x30
 *(.ARM.attributes)
 .ARM.attributes
                0x00000000       0x22 c:/freescale/kds_3.0.0/toolchain/bin/../lib/gcc/arm-none-eabi/4.8.4/armv7e-m/fpu/crti.o
 .ARM.attributes
                0x00000022       0x34 c:/freescale/kds_3.0.0/toolchain/bin/../lib/gcc/arm-none-eabi/4.8.4/armv7e-m/fpu/crtbegin.o
 .ARM.attributes
                0x00000056       0x20 c:/freescale/kds_3.0.0/toolchain/bin/../lib/gcc/arm-none-eabi/4.8.4/../../../../arm-none-eabi/lib/armv7e-m/fpu/crt0.o
 .ARM.attributes
                0x00000076       0x39 ./Sources/FIFO.o
 .ARM.attributes
                0x000000af       0x39 ./Sources/FTM.o
 .ARM.attributes
                0x000000e8       0x39 ./Sources/Flash.o
 .ARM.attributes
                0x00000121       0x39 ./Sources/Frequencie.o
 .ARM.attributes
                0x0000015a       0x39 ./Sources/LEDs.o
 .ARM.attributes
                0x00000193       0x39 ./Sources/Output.o
 .ARM.attributes
                0x000001cc       0x39 ./Sources/PIT.o
 .ARM.attributes
                0x00000205       0x39 ./Sources/RTC.o
 .ARM.attributes
                0x0000023e       0x39 ./Sources/Regulation.o
 .ARM.attributes
                0x00000277       0x39 ./Sources/SCP.o
 .ARM.attributes
                0x000002b0       0x39 ./Sources/UART.o
 .ARM.attributes
                0x000002e9       0x39 ./Sources/main.o
 .ARM.attributes
                0x00000322       0x39 ./Sources/packet.o
 .ARM.attributes
                0x0000035b       0x39 ./Project_Settings/Startup_Code/startup.o
 .ARM.attributes
                0x00000394       0x39 ./Generated_Code/Cpu.o
 .ARM.attributes
                0x000003cd       0x39 ./Generated_Code/Vectors.o
 .ARM.attributes
                0x00000406       0x39 C:\Users\13115605\Documents\workspace\es18aut35\Project\Project\Library\libOS.a(OS.o)
 .ARM.attributes
                0x0000043f       0x39 C:\Users\13115605\Documents\workspace\es18aut35\Project\Project\Library\libAnalog.a(analog.o)
 .ARM.attributes
                0x00000478       0x39 C:\Users\13115605\Documents\workspace\es18aut35\Project\Project\Library\libAnalog.a(SPI.o)
 .ARM.attributes
                0x000004b1       0x34 c:/freescale/kds_3.0.0/toolchain/bin/../lib/gcc/arm-none-eabi/4.8.4/../../../../arm-none-eabi/lib/armv7e-m/fpu\libm.a(lib_a-w_sqrt.o)
 .ARM.attributes
                0x000004e5       0x34 c:/freescale/kds_3.0.0/toolchain/bin/../lib/gcc/arm-none-eabi/4.8.4/../../../../arm-none-eabi/lib/armv7e-m/fpu\libm.a(lib_a-e_sqrt.o)
 .ARM.attributes
                0x00000519       0x34 c:/freescale/kds_3.0.0/toolchain/bin/../lib/gcc/arm-none-eabi/4.8.4/../../../../arm-none-eabi/lib/armv7e-m/fpu\libm.a(lib_a-s_fpclassify.o)
 .ARM.attributes
                0x0000054d       0x34 c:/freescale/kds_3.0.0/toolchain/bin/../lib/gcc/arm-none-eabi/4.8.4/../../../../arm-none-eabi/lib/armv7e-m/fpu\libm.a(lib_a-s_lib_ver.o)
 .ARM.attributes
                0x00000581       0x34 c:/freescale/kds_3.0.0/toolchain/bin/../lib/gcc/arm-none-eabi/4.8.4/../../../../arm-none-eabi/lib/armv7e-m/fpu\libm.a(lib_a-s_matherr.o)
 .ARM.attributes
                0x000005b5       0x22 c:/freescale/kds_3.0.0/toolchain/bin/../lib/gcc/arm-none-eabi/4.8.4/armv7e-m/fpu\libgcc.a(_arm_addsubdf3.o)
 .ARM.attributes
                0x000005d7       0x22 c:/freescale/kds_3.0.0/toolchain/bin/../lib/gcc/arm-none-eabi/4.8.4/armv7e-m/fpu\libgcc.a(_arm_muldivdf3.o)
 .ARM.attributes
                0x000005f9       0x22 c:/freescale/kds_3.0.0/toolchain/bin/../lib/gcc/arm-none-eabi/4.8.4/armv7e-m/fpu\libgcc.a(_arm_cmpdf2.o)
 .ARM.attributes
                0x0000061b       0x22 c:/freescale/kds_3.0.0/toolchain/bin/../lib/gcc/arm-none-eabi/4.8.4/armv7e-m/fpu\libgcc.a(_arm_fixunsdfsi.o)
 .ARM.attributes
                0x0000063d       0x22 c:/freescale/kds_3.0.0/toolchain/bin/../lib/gcc/arm-none-eabi/4.8.4/armv7e-m/fpu\libgcc.a(_arm_truncdfsf2.o)
 .ARM.attributes
                0x0000065f       0x34 c:/freescale/kds_3.0.0/toolchain/bin/../lib/gcc/arm-none-eabi/4.8.4/../../../../arm-none-eabi/lib/armv7e-m/fpu\libg_s.a(lib_a-errno.o)
 .ARM.attributes
                0x00000693       0x34 c:/freescale/kds_3.0.0/toolchain/bin/../lib/gcc/arm-none-eabi/4.8.4/../../../../arm-none-eabi/lib/armv7e-m/fpu\libg_s.a(lib_a-exit.o)
 .ARM.attributes
                0x000006c7       0x34 c:/freescale/kds_3.0.0/toolchain/bin/../lib/gcc/arm-none-eabi/4.8.4/../../../../arm-none-eabi/lib/armv7e-m/fpu\libg_s.a(lib_a-impure.o)
 .ARM.attributes
                0x000006fb       0x34 c:/freescale/kds_3.0.0/toolchain/bin/../lib/gcc/arm-none-eabi/4.8.4/../../../../arm-none-eabi/lib/armv7e-m/fpu\libg_s.a(lib_a-init.o)
 .ARM.attributes
                0x0000072f       0x34 c:/freescale/kds_3.0.0/toolchain/bin/../lib/gcc/arm-none-eabi/4.8.4/../../../../arm-none-eabi/lib/armv7e-m/fpu\libg_s.a(lib_a-memset.o)
 .ARM.attributes
                0x00000763       0x34 c:/freescale/kds_3.0.0/toolchain/bin/../lib/gcc/arm-none-eabi/4.8.4/../../../../arm-none-eabi/lib/armv7e-m/fpu\libnosys.a(_exit.o)
 .ARM.attributes
                0x00000797       0x22 c:/freescale/kds_3.0.0/toolchain/bin/../lib/gcc/arm-none-eabi/4.8.4/armv7e-m/fpu/crtn.o
OUTPUT(Project.elf elf32-littlearm)

.debug_info     0x00000000     0x77a2
 .debug_info    0x00000000      0x217 ./Sources/FIFO.o
 .debug_info    0x00000217      0x7a1 ./Sources/FTM.o
 .debug_info    0x000009b8      0x6f8 ./Sources/Flash.o
 .debug_info    0x000010b0      0x207 ./Sources/Frequencie.o
 .debug_info    0x000012b7      0x497 ./Sources/LEDs.o
 .debug_info    0x0000174e       0xfa ./Sources/Output.o
 .debug_info    0x00001848      0x7e8 ./Sources/PIT.o
 .debug_info    0x00002030      0x716 ./Sources/RTC.o
 .debug_info    0x00002746      0x4bc ./Sources/Regulation.o
 .debug_info    0x00002c02      0x5a9 ./Sources/SCP.o
 .debug_info    0x000031ab      0x9e9 ./Sources/UART.o
 .debug_info    0x00003b94      0xb15 ./Sources/main.o
 .debug_info    0x000046a9      0x394 ./Sources/packet.o
 .debug_info    0x00004a3d      0x3b0 ./Project_Settings/Startup_Code/startup.o
 .debug_info    0x00004ded      0xc82 ./Generated_Code/Cpu.o
 .debug_info    0x00005a6f      0x167 ./Generated_Code/Vectors.o
 .debug_info    0x00005bd6      0xd02 C:\Users\13115605\Documents\workspace\es18aut35\Project\Project\Library\libOS.a(OS.o)
 .debug_info    0x000068d8      0x46a C:\Users\13115605\Documents\workspace\es18aut35\Project\Project\Library\libAnalog.a(analog.o)
 .debug_info    0x00006d42      0xa60 C:\Users\13115605\Documents\workspace\es18aut35\Project\Project\Library\libAnalog.a(SPI.o)

.debug_abbrev   0x00000000     0x1d2b
 .debug_abbrev  0x00000000       0xce ./Sources/FIFO.o
 .debug_abbrev  0x000000ce      0x1c5 ./Sources/FTM.o
 .debug_abbrev  0x00000293      0x1cc ./Sources/Flash.o
 .debug_abbrev  0x0000045f       0xe8 ./Sources/Frequencie.o
 .debug_abbrev  0x00000547      0x144 ./Sources/LEDs.o
 .debug_abbrev  0x0000068b       0x50 ./Sources/Output.o
 .debug_abbrev  0x000006db      0x1fa ./Sources/PIT.o
 .debug_abbrev  0x000008d5      0x1be ./Sources/RTC.o
 .debug_abbrev  0x00000a93      0x1e3 ./Sources/Regulation.o
 .debug_abbrev  0x00000c76      0x17c ./Sources/SCP.o
 .debug_abbrev  0x00000df2      0x1f9 ./Sources/UART.o
 .debug_abbrev  0x00000feb      0x259 ./Sources/main.o
 .debug_abbrev  0x00001244      0x108 ./Sources/packet.o
 .debug_abbrev  0x0000134c      0x189 ./Project_Settings/Startup_Code/startup.o
 .debug_abbrev  0x000014d5      0x185 ./Generated_Code/Cpu.o
 .debug_abbrev  0x0000165a       0xb3 ./Generated_Code/Vectors.o
 .debug_abbrev  0x0000170d      0x2f8 C:\Users\13115605\Documents\workspace\es18aut35\Project\Project\Library\libOS.a(OS.o)
 .debug_abbrev  0x00001a05      0x151 C:\Users\13115605\Documents\workspace\es18aut35\Project\Project\Library\libAnalog.a(analog.o)
 .debug_abbrev  0x00001b56      0x1d5 C:\Users\13115605\Documents\workspace\es18aut35\Project\Project\Library\libAnalog.a(SPI.o)

.debug_aranges  0x00000000      0x620
 .debug_aranges
                0x00000000       0x30 ./Sources/FIFO.o
 .debug_aranges
                0x00000030       0x38 ./Sources/FTM.o
 .debug_aranges
                0x00000068       0x68 ./Sources/Flash.o
 .debug_aranges
                0x000000d0       0x30 ./Sources/Frequencie.o
 .debug_aranges
                0x00000100       0x38 ./Sources/LEDs.o
 .debug_aranges
                0x00000138       0x48 ./Sources/Output.o
 .debug_aranges
                0x00000180       0x50 ./Sources/PIT.o
 .debug_aranges
                0x000001d0       0x40 ./Sources/RTC.o
 .debug_aranges
                0x00000210       0x48 ./Sources/Regulation.o
 .debug_aranges
                0x00000258       0xf0 ./Sources/SCP.o
 .debug_aranges
                0x00000348       0x50 ./Sources/UART.o
 .debug_aranges
                0x00000398       0x50 ./Sources/main.o
 .debug_aranges
                0x000003e8       0x40 ./Sources/packet.o
 .debug_aranges
                0x00000428       0x50 ./Project_Settings/Startup_Code/startup.o
 .debug_aranges
                0x00000478       0x38 ./Generated_Code/Cpu.o
 .debug_aranges
                0x000004b0       0x18 ./Generated_Code/Vectors.o
 .debug_aranges
                0x000004c8       0xc8 C:\Users\13115605\Documents\workspace\es18aut35\Project\Project\Library\libOS.a(OS.o)
 .debug_aranges
                0x00000590       0x38 C:\Users\13115605\Documents\workspace\es18aut35\Project\Project\Library\libAnalog.a(analog.o)
 .debug_aranges
                0x000005c8       0x58 C:\Users\13115605\Documents\workspace\es18aut35\Project\Project\Library\libAnalog.a(SPI.o)

.debug_ranges   0x00000000      0x4e8
 .debug_ranges  0x00000000       0x20 ./Sources/FIFO.o
 .debug_ranges  0x00000020       0x28 ./Sources/FTM.o
 .debug_ranges  0x00000048       0x58 ./Sources/Flash.o
 .debug_ranges  0x000000a0       0x20 ./Sources/Frequencie.o
 .debug_ranges  0x000000c0       0x28 ./Sources/LEDs.o
 .debug_ranges  0x000000e8       0x38 ./Sources/Output.o
 .debug_ranges  0x00000120       0x40 ./Sources/PIT.o
 .debug_ranges  0x00000160       0x30 ./Sources/RTC.o
 .debug_ranges  0x00000190       0x38 ./Sources/Regulation.o
 .debug_ranges  0x000001c8       0xe0 ./Sources/SCP.o
 .debug_ranges  0x000002a8       0x40 ./Sources/UART.o
 .debug_ranges  0x000002e8       0x40 ./Sources/main.o
 .debug_ranges  0x00000328       0x30 ./Sources/packet.o
 .debug_ranges  0x00000358       0x40 ./Project_Settings/Startup_Code/startup.o
 .debug_ranges  0x00000398       0x28 ./Generated_Code/Cpu.o
 .debug_ranges  0x000003c0       0xb8 C:\Users\13115605\Documents\workspace\es18aut35\Project\Project\Library\libOS.a(OS.o)
 .debug_ranges  0x00000478       0x28 C:\Users\13115605\Documents\workspace\es18aut35\Project\Project\Library\libAnalog.a(analog.o)
 .debug_ranges  0x000004a0       0x48 C:\Users\13115605\Documents\workspace\es18aut35\Project\Project\Library\libAnalog.a(SPI.o)

.debug_macro    0x00000000    0x3438b
 .debug_macro   0x00000000       0xab ./Sources/FIFO.o
 .debug_macro   0x000000ab      0x850 ./Sources/FIFO.o
 .debug_macro   0x000008fb       0x16 ./Sources/FIFO.o
 .debug_macro   0x00000911       0x44 ./Sources/FIFO.o
 .debug_macro   0x00000955      0x209 ./Sources/FIFO.o
 .debug_macro   0x00000b5e       0x22 ./Sources/FIFO.o
 .debug_macro   0x00000b80       0x36 ./Sources/FIFO.o
 .debug_macro   0x00000bb6     0x1800 ./Sources/FIFO.o
 .debug_macro   0x000023b6      0x14e ./Sources/FIFO.o
 .debug_macro   0x00002504       0x64 ./Sources/FIFO.o
 .debug_macro   0x00002568    0x174c1 ./Sources/FIFO.o
 .debug_macro   0x00019a29       0x9a ./Sources/FIFO.o
 .debug_macro   0x00019ac3       0xb3 ./Sources/FTM.o
 .debug_macro   0x00019b76       0x67 ./Sources/Flash.o
 .debug_macro   0x00019bdd       0x3a ./Sources/Flash.o
 .debug_macro   0x00019c17       0x68 ./Sources/Frequencie.o
 .debug_macro   0x00019c7f       0x4c ./Sources/Frequencie.o
 .debug_macro   0x00019ccb       0x96 ./Sources/LEDs.o
 .debug_macro   0x00019d61       0x76 ./Sources/Output.o
 .debug_macro   0x00019dd7       0x10 ./Sources/Output.o
 .debug_macro   0x00019de7       0x16 ./Sources/Output.o
 .debug_macro   0x00019dfd      0x158 ./Sources/PIT.o
 .debug_macro   0x00019f55       0x58 ./Sources/PIT.o
 .debug_macro   0x00019fad       0x35 ./Sources/PIT.o
 .debug_macro   0x00019fe2       0xa3 ./Sources/PIT.o
 .debug_macro   0x0001a085      0x166 ./Sources/PIT.o
 .debug_macro   0x0001a1eb       0x52 ./Sources/PIT.o
 .debug_macro   0x0001a23d       0x16 ./Sources/PIT.o
 .debug_macro   0x0001a253       0x43 ./Sources/PIT.o
 .debug_macro   0x0001a296      0x180 ./Sources/PIT.o
 .debug_macro   0x0001a416       0xde ./Sources/PIT.o
 .debug_macro   0x0001a4f4       0x58 ./Sources/PIT.o
 .debug_macro   0x0001a54c       0x10 ./Sources/PIT.o
 .debug_macro   0x0001a55c       0x8d ./Sources/RTC.o
 .debug_macro   0x0001a5e9      0x13f ./Sources/Regulation.o
 .debug_macro   0x0001a728       0x4a ./Sources/Regulation.o
 .debug_macro   0x0001a772      0x20f ./Sources/Regulation.o
 .debug_macro   0x0001a981       0x96 ./Sources/SCP.o
 .debug_macro   0x0001aa17       0x36 ./Sources/SCP.o
 .debug_macro   0x0001aa4d       0x34 ./Sources/SCP.o
 .debug_macro   0x0001aa81       0xc7 ./Sources/UART.o
 .debug_macro   0x0001ab48     0x17fa ./Sources/UART.o
 .debug_macro   0x0001c342       0x10 ./Sources/UART.o
 .debug_macro   0x0001c352      0x1ea ./Sources/main.o
 .debug_macro   0x0001c53c       0x30 ./Sources/main.o
 .debug_macro   0x0001c56c       0x7b ./Sources/packet.o
 .debug_macro   0x0001c5e7      0x121 ./Project_Settings/Startup_Code/startup.o
 .debug_macro   0x0001c708      0x2a6 ./Project_Settings/Startup_Code/startup.o
 .debug_macro   0x0001c9ae       0x10 ./Project_Settings/Startup_Code/startup.o
 .debug_macro   0x0001c9be       0x35 ./Project_Settings/Startup_Code/startup.o
 .debug_macro   0x0001c9f3       0x16 ./Project_Settings/Startup_Code/startup.o
 .debug_macro   0x0001ca09       0x22 ./Project_Settings/Startup_Code/startup.o
 .debug_macro   0x0001ca2b       0x16 ./Project_Settings/Startup_Code/startup.o
 .debug_macro   0x0001ca41    0x174af ./Project_Settings/Startup_Code/startup.o
 .debug_macro   0x00033ef0       0x84 ./Generated_Code/Cpu.o
 .debug_macro   0x00033f74       0xa0 ./Generated_Code/Cpu.o
 .debug_macro   0x00034014       0xd3 ./Generated_Code/Vectors.o
 .debug_macro   0x000340e7       0xa3 C:\Users\13115605\Documents\workspace\es18aut35\Project\Project\Library\libOS.a(OS.o)
 .debug_macro   0x0003418a       0x94 C:\Users\13115605\Documents\workspace\es18aut35\Project\Project\Library\libOS.a(OS.o)
 .debug_macro   0x0003421e       0xf5 C:\Users\13115605\Documents\workspace\es18aut35\Project\Project\Library\libAnalog.a(analog.o)
 .debug_macro   0x00034313       0x10 C:\Users\13115605\Documents\workspace\es18aut35\Project\Project\Library\libAnalog.a(analog.o)
 .debug_macro   0x00034323       0x68 C:\Users\13115605\Documents\workspace\es18aut35\Project\Project\Library\libAnalog.a(SPI.o)

.debug_line     0x00000000     0x3f51
 .debug_line    0x00000000      0x308 ./Sources/FIFO.o
 .debug_line    0x00000308      0x35c ./Sources/FTM.o
 .debug_line    0x00000664      0x313 ./Sources/Flash.o
 .debug_line    0x00000977      0x210 ./Sources/Frequencie.o
 .debug_line    0x00000b87      0x2ba ./Sources/LEDs.o
 .debug_line    0x00000e41      0x29c ./Sources/Output.o
 .debug_line    0x000010dd      0x45a ./Sources/PIT.o
 .debug_line    0x00001537      0x34b ./Sources/RTC.o
 .debug_line    0x00001882      0x42a ./Sources/Regulation.o
 .debug_line    0x00001cac      0x494 ./Sources/SCP.o
 .debug_line    0x00002140      0x39b ./Sources/UART.o
 .debug_line    0x000024db      0x52d ./Sources/main.o
 .debug_line    0x00002a08      0x26f ./Sources/packet.o
 .debug_line    0x00002c77      0x400 ./Project_Settings/Startup_Code/startup.o
 .debug_line    0x00003077      0x291 ./Generated_Code/Cpu.o
 .debug_line    0x00003308      0x2e0 ./Generated_Code/Vectors.o
 .debug_line    0x000035e8      0x496 C:\Users\13115605\Documents\workspace\es18aut35\Project\Project\Library\libOS.a(OS.o)
 .debug_line    0x00003a7e      0x200 C:\Users\13115605\Documents\workspace\es18aut35\Project\Project\Library\libAnalog.a(analog.o)
 .debug_line    0x00003c7e      0x2d3 C:\Users\13115605\Documents\workspace\es18aut35\Project\Project\Library\libAnalog.a(SPI.o)

.debug_str      0x00000000    0x8f94d
 .debug_str     0x00000000    0x8a696 ./Sources/FIFO.o
                              0x8a819 (size before relaxing)
 .debug_str     0x0008a696      0x3f2 ./Sources/FTM.o
                              0x8ab67 (size before relaxing)
 .debug_str     0x0008aa88      0x3c9 ./Sources/Flash.o
                              0x83150 (size before relaxing)
 .debug_str     0x0008ae51      0x184 ./Sources/Frequencie.o
                               0x3116 (size before relaxing)
 .debug_str     0x0008afd5       0xb8 ./Sources/LEDs.o
                              0x8a822 (size before relaxing)
 .debug_str     0x0008b08d       0xd9 ./Sources/Output.o
                               0x3143 (size before relaxing)
 .debug_str     0x0008b166     0x1def ./Sources/PIT.o
                              0x8c21e (size before relaxing)
 .debug_str     0x0008cf55       0xc9 ./Sources/RTC.o
                              0x8a261 (size before relaxing)
 .debug_str     0x0008d01e       0xae ./Sources/Regulation.o
                              0x85037 (size before relaxing)
 .debug_str     0x0008d0cc      0x41c ./Sources/SCP.o
                               0xa847 (size before relaxing)
 .debug_str     0x0008d4e8      0x153 ./Sources/UART.o
                              0x8ac9f (size before relaxing)
 .debug_str     0x0008d63b      0x26e ./Sources/main.o
                              0x8d0dd (size before relaxing)
 .debug_str     0x0008d8a9       0x82 ./Sources/packet.o
                               0x33d0 (size before relaxing)
 .debug_str     0x0008d92b     0x1141 ./Project_Settings/Startup_Code/startup.o
                              0x85406 (size before relaxing)
 .debug_str     0x0008ea6c      0x1f2 ./Generated_Code/Cpu.o
                              0x8aa37 (size before relaxing)
 .debug_str     0x0008ec5e       0x1c ./Generated_Code/Vectors.o
                              0x8a7e2 (size before relaxing)
 .debug_str     0x0008ec7a      0x3b8 C:\Users\13115605\Documents\workspace\es18aut35\Project\Project\Library\libOS.a(OS.o)
                              0x8ad2a (size before relaxing)
 .debug_str     0x0008f032      0x571 C:\Users\13115605\Documents\workspace\es18aut35\Project\Project\Library\libAnalog.a(analog.o)
                               0x3866 (size before relaxing)
 .debug_str     0x0008f5a3      0x3aa C:\Users\13115605\Documents\workspace\es18aut35\Project\Project\Library\libAnalog.a(SPI.o)
                              0x83389 (size before relaxing)

.comment        0x00000000       0x70
 .comment       0x00000000       0x70 ./Sources/FIFO.o
                                 0x71 (size before relaxing)
 .comment       0x00000000       0x71 ./Sources/FTM.o
 .comment       0x00000000       0x71 ./Sources/Flash.o
 .comment       0x00000000       0x71 ./Sources/Frequencie.o
 .comment       0x00000000       0x71 ./Sources/LEDs.o
 .comment       0x00000000       0x71 ./Sources/Output.o
 .comment       0x00000000       0x71 ./Sources/PIT.o
 .comment       0x00000000       0x71 ./Sources/RTC.o
 .comment       0x00000000       0x71 ./Sources/Regulation.o
 .comment       0x00000000       0x71 ./Sources/SCP.o
 .comment       0x00000000       0x71 ./Sources/UART.o
 .comment       0x00000000       0x71 ./Sources/main.o
 .comment       0x00000000       0x71 ./Sources/packet.o
 .comment       0x00000000       0x71 ./Project_Settings/Startup_Code/startup.o
 .comment       0x00000000       0x71 ./Generated_Code/Cpu.o
 .comment       0x00000000       0x71 ./Generated_Code/Vectors.o
 .comment       0x00000000       0x71 C:\Users\13115605\Documents\workspace\es18aut35\Project\Project\Library\libOS.a(OS.o)
 .comment       0x00000000       0x71 C:\Users\13115605\Documents\workspace\es18aut35\Project\Project\Library\libAnalog.a(analog.o)
 .comment       0x00000000       0x71 C:\Users\13115605\Documents\workspace\es18aut35\Project\Project\Library\libAnalog.a(SPI.o)

.debug_frame    0x00000000     0x12a4
 .debug_frame   0x00000000       0x70 ./Sources/FIFO.o
 .debug_frame   0x00000070       0x84 ./Sources/FTM.o
 .debug_frame   0x000000f4      0x13c ./Sources/Flash.o
 .debug_frame   0x00000230       0x68 ./Sources/Frequencie.o
 .debug_frame   0x00000298       0x7c ./Sources/LEDs.o
 .debug_frame   0x00000314       0xb8 ./Sources/Output.o
 .debug_frame   0x000003cc       0xf0 ./Sources/PIT.o
 .debug_frame   0x000004bc       0xac ./Sources/RTC.o
 .debug_frame   0x00000568       0xc4 ./Sources/Regulation.o
 .debug_frame   0x0000062c      0x30c ./Sources/SCP.o
 .debug_frame   0x00000938       0xf4 ./Sources/UART.o
 .debug_frame   0x00000a2c       0xf0 ./Sources/main.o
 .debug_frame   0x00000b1c       0xa8 ./Sources/packet.o
 .debug_frame   0x00000bc4       0xc0 ./Project_Settings/Startup_Code/startup.o
 .debug_frame   0x00000c84       0x80 ./Generated_Code/Cpu.o
 .debug_frame   0x00000d04      0x2a0 C:\Users\13115605\Documents\workspace\es18aut35\Project\Project\Library\libOS.a(OS.o)
 .debug_frame   0x00000fa4       0x90 C:\Users\13115605\Documents\workspace\es18aut35\Project\Project\Library\libAnalog.a(analog.o)
 .debug_frame   0x00001034      0x100 C:\Users\13115605\Documents\workspace\es18aut35\Project\Project\Library\libAnalog.a(SPI.o)
 .debug_frame   0x00001134       0x38 c:/freescale/kds_3.0.0/toolchain/bin/../lib/gcc/arm-none-eabi/4.8.4/../../../../arm-none-eabi/lib/armv7e-m/fpu\libm.a(lib_a-w_sqrt.o)
 .debug_frame   0x0000116c       0x3c c:/freescale/kds_3.0.0/toolchain/bin/../lib/gcc/arm-none-eabi/4.8.4/../../../../arm-none-eabi/lib/armv7e-m/fpu\libm.a(lib_a-e_sqrt.o)
 .debug_frame   0x000011a8       0x28 c:/freescale/kds_3.0.0/toolchain/bin/../lib/gcc/arm-none-eabi/4.8.4/../../../../arm-none-eabi/lib/armv7e-m/fpu\libm.a(lib_a-s_fpclassify.o)
 .debug_frame   0x000011d0       0x20 c:/freescale/kds_3.0.0/toolchain/bin/../lib/gcc/arm-none-eabi/4.8.4/../../../../arm-none-eabi/lib/armv7e-m/fpu\libm.a(lib_a-s_matherr.o)
 .debug_frame   0x000011f0       0x20 c:/freescale/kds_3.0.0/toolchain/bin/../lib/gcc/arm-none-eabi/4.8.4/../../../../arm-none-eabi/lib/armv7e-m/fpu\libg_s.a(lib_a-errno.o)
 .debug_frame   0x00001210       0x28 c:/freescale/kds_3.0.0/toolchain/bin/../lib/gcc/arm-none-eabi/4.8.4/../../../../arm-none-eabi/lib/armv7e-m/fpu\libg_s.a(lib_a-exit.o)
 .debug_frame   0x00001238       0x2c c:/freescale/kds_3.0.0/toolchain/bin/../lib/gcc/arm-none-eabi/4.8.4/../../../../arm-none-eabi/lib/armv7e-m/fpu\libg_s.a(lib_a-init.o)
 .debug_frame   0x00001264       0x20 c:/freescale/kds_3.0.0/toolchain/bin/../lib/gcc/arm-none-eabi/4.8.4/../../../../arm-none-eabi/lib/armv7e-m/fpu\libg_s.a(lib_a-memset.o)
 .debug_frame   0x00001284       0x20 c:/freescale/kds_3.0.0/toolchain/bin/../lib/gcc/arm-none-eabi/4.8.4/../../../../arm-none-eabi/lib/armv7e-m/fpu\libnosys.a(_exit.o)
